I0831 21:56:55.704575  855895 service.cc:154] XLA service 0x7a50440092e0 initialized for platform CUDA (this does not guarantee that XLA will be used). Devices:
I0831 21:56:55.704622  855895 service.cc:170]   StreamExecutor [0]: NVIDIA GeForce RTX 4060 Ti, Compute Capability 8.9 (Driver: 12.9.0[575.57.8]; Runtime: 12.9.0; Toolkit: 12.9.0; DNN: 9.23.2)
I0831 21:56:55.706101  855895 se_gpu_pjrt_client.cc:1342] Using BFC allocator.
I0831 21:56:55.706133  855895 gpu_helpers.cc:162] XLA backend allocating 11.68GiB (12543066112 bytes) on device 0 for BFCAllocator.
I0831 21:56:55.712894  855895 cuda_dnn.cc:440] Loaded cuDNN version 92302
[pjrt_ffi] XLA backend: PJRT 0.114, 1 device(s)
[pjrt_ffi] command buffers: enabled (CUDA default)
I0831 21:56:56.310932  855919 subprocess_compilation.cc:349] ptxas warning : Registers are spilled to local memory in function 'gemm_fusion_dot_15', 272 bytes spill stores, 272 bytes spill loads

I0831 21:56:56.387261  855911 subprocess_compilation.cc:349] ptxas warning : Registers are spilled to local memory in function 'gemm_fusion_dot_15', 364 bytes spill stores, 364 bytes spill loads

I0831 21:56:56.474006  855926 subprocess_compilation.cc:349] ptxas warning : Registers are spilled to local memory in function 'gemm_fusion_dot_1', 72 bytes spill stores, 72 bytes spill loads

I0831 21:56:56.605671  855933 subprocess_compilation.cc:349] ptxas warning : Registers are spilled to local memory in function 'gemm_fusion_dot_3', 712 bytes spill stores, 712 bytes spill loads

I0831 21:56:56.638588  855927 subprocess_compilation.cc:349] ptxas warning : Registers are spilled to local memory in function 'gemm_fusion_dot_14', 240 bytes spill stores, 240 bytes spill loads

I0831 21:56:56.734147  855915 subprocess_compilation.cc:349] ptxas warning : Registers are spilled to local memory in function 'gemm_fusion_dot_14', 296 bytes spill stores, 296 bytes spill loads

I0831 21:56:56.801008  855928 subprocess_compilation.cc:349] ptxas warning : Registers are spilled to local memory in function 'gemm_fusion_dot_14', 224 bytes spill stores, 224 bytes spill loads

I0831 21:56:56.801506  855922 subprocess_compilation.cc:349] ptxas warning : Registers are spilled to local memory in function 'gemm_fusion_dot_1', 628 bytes spill stores, 628 bytes spill loads

I0831 21:56:56.839348  855914 subprocess_compilation.cc:349] ptxas warning : Registers are spilled to local memory in function 'gemm_fusion_dot_3', 32 bytes spill stores, 32 bytes spill loads

I0831 21:56:56.870523  855920 subprocess_compilation.cc:349] ptxas warning : Registers are spilled to local memory in function 'gemm_fusion_dot_15', 428 bytes spill stores, 428 bytes spill loads

I0831 21:56:56.929331  855916 subprocess_compilation.cc:349] ptxas warning : Registers are spilled to local memory in function 'gemm_fusion_dot_15', 468 bytes spill stores, 468 bytes spill loads

I0831 21:56:56.956731  855926 subprocess_compilation.cc:349] ptxas warning : Registers are spilled to local memory in function 'gemm_fusion_dot_14', 360 bytes spill stores, 360 bytes spill loads

I0831 21:56:56.985979  855919 subprocess_compilation.cc:349] ptxas warning : Registers are spilled to local memory in function 'gemm_fusion_dot_14', 224 bytes spill stores, 224 bytes spill loads

I0831 21:56:57.020093  855935 subprocess_compilation.cc:349] ptxas warning : Registers are spilled to local memory in function 'gemm_fusion_dot_15', 464 bytes spill stores, 464 bytes spill loads

I0831 21:56:57.037194  855925 subprocess_compilation.cc:349] ptxas warning : Registers are spilled to local memory in function 'gemm_fusion_dot_15', 492 bytes spill stores, 492 bytes spill loads

I0831 21:56:57.065415  855910 subprocess_compilation.cc:349] ptxas warning : Registers are spilled to local memory in function 'gemm_fusion_dot_14', 224 bytes spill stores, 224 bytes spill loads

I0831 21:56:57.217032  855927 subprocess_compilation.cc:349] ptxas warning : Registers are spilled to local memory in function 'gemm_fusion_dot', 60 bytes spill stores, 60 bytes spill loads

I0831 21:56:57.369467  855934 subprocess_compilation.cc:349] ptxas warning : Registers are spilled to local memory in function 'gemm_fusion_dot_14', 208 bytes spill stores, 208 bytes spill loads

I0831 21:56:57.573390  855916 subprocess_compilation.cc:349] ptxas warning : Registers are spilled to local memory in function 'gemm_fusion_dot_15', 448 bytes spill stores, 448 bytes spill loads

I0831 21:56:57.877206  855936 subprocess_compilation.cc:349] ptxas warning : Registers are spilled to local memory in function 'gemm_fusion_dot_15', 44 bytes spill stores, 44 bytes spill loads

I0831 21:56:58.017258  855931 subprocess_compilation.cc:349] ptxas warning : Registers are spilled to local memory in function 'gemm_fusion_dot_14', 72 bytes spill stores, 72 bytes spill loads

[pjrt_ffi] compiled verified_mlir/mlp_train_step.mlir (@mlp_train_step, 7 outputs, 1 replica) in 2904 ms
[pjrt_ffi] compiled verified_mlir/mlp_fwd.mlir (@mlp_fwd, 1 outputs, 1 replica) in 218 ms
MNIST-MLP via the VERIFIED renderer (784→512→512→10) → XLA/PJRT → GPU
  xla/pjrt verified_mlir/mlp_train_step.mlir
  xla/pjrt verified_mlir/mlp_fwd.mlir
  train 60000, test 10000; bs 128, MNIST-MLP (6 params, 669706 floats), mean-loss SGD lr=0.100000, He init
[pjrt_ffi] RESIDENT: @mlp_train_step holds 6 parameter tensors (2.6 MB) on 1 device; they stop crossing PCIe from here
[pjrt_ffi] RESIDENT: @mlp_fwd holds 6 parameter tensors (2.6 MB) on 1 device; they stop crossing PCIe from here
  epoch 1: loss = 0.408220, test_acc = 9235/10000 = 92.350000%  [95% CI 91.81–92.85] (214ms)
[pjrt_ffi] RESIDENT: @mlp_fwd holds 6 parameter tensors (2.6 MB) on 1 device; they stop crossing PCIe from here
  epoch 2: loss = 0.192062, test_acc = 9501/10000 = 95.010000%  [95% CI 94.57–95.42] (179ms)
[pjrt_ffi] RESIDENT: @mlp_fwd holds 6 parameter tensors (2.6 MB) on 1 device; they stop crossing PCIe from here
  epoch 3: loss = 0.139805, test_acc = 9610/10000 = 96.100000%  [95% CI 95.70–96.46] (182ms)
[pjrt_ffi] RESIDENT: @mlp_fwd holds 6 parameter tensors (2.6 MB) on 1 device; they stop crossing PCIe from here
  epoch 4: loss = 0.109768, test_acc = 9669/10000 = 96.690000%  [95% CI 96.32–97.02] (198ms)
[pjrt_ffi] RESIDENT: @mlp_fwd holds 6 parameter tensors (2.6 MB) on 1 device; they stop crossing PCIe from here
  epoch 5: loss = 0.089511, test_acc = 9685/10000 = 96.850000%  [95% CI 96.49–97.17] (192ms)
[pjrt_ffi] RESIDENT: @mlp_fwd holds 6 parameter tensors (2.6 MB) on 1 device; they stop crossing PCIe from here
  epoch 6: loss = 0.074525, test_acc = 9708/10000 = 97.080000%  [95% CI 96.73–97.39] (300ms)
[pjrt_ffi] RESIDENT: @mlp_fwd holds 6 parameter tensors (2.6 MB) on 1 device; they stop crossing PCIe from here
  epoch 7: loss = 0.062943, test_acc = 9725/10000 = 97.250000%  [95% CI 96.91–97.55] (677ms)
[pjrt_ffi] RESIDENT: @mlp_fwd holds 6 parameter tensors (2.6 MB) on 1 device; they stop crossing PCIe from here
  epoch 8: loss = 0.053746, test_acc = 9742/10000 = 97.420000%  [95% CI 97.09–97.71] (181ms)
[pjrt_ffi] RESIDENT: @mlp_fwd holds 6 parameter tensors (2.6 MB) on 1 device; they stop crossing PCIe from here
  epoch 9: loss = 0.046226, test_acc = 9752/10000 = 97.520000%  [95% CI 97.20–97.81] (217ms)
[pjrt_ffi] RESIDENT: @mlp_fwd holds 6 parameter tensors (2.6 MB) on 1 device; they stop crossing PCIe from here
  epoch 10: loss = 0.039981, test_acc = 9759/10000 = 97.590000%  [95% CI 97.27–97.87] (224ms)
[pjrt_ffi] RESIDENT: @mlp_fwd holds 6 parameter tensors (2.6 MB) on 1 device; they stop crossing PCIe from here
  epoch 11: loss = 0.034680, test_acc = 9762/10000 = 97.620000%  [95% CI 97.30–97.90] (167ms)
[pjrt_ffi] RESIDENT: @mlp_fwd holds 6 parameter tensors (2.6 MB) on 1 device; they stop crossing PCIe from here
  epoch 12: loss = 0.030118, test_acc = 9770/10000 = 97.700000%  [95% CI 97.39–97.98] (166ms)
done (trained MNIST-MLP via the proof-rendered StableHLO).
