I0831 21:56:05.984953  852821 service.cc:154] XLA service 0x70eac40091d0 initialized for platform CUDA (this does not guarantee that XLA will be used). Devices:
I0831 21:56:05.985078  852821 service.cc:170]   StreamExecutor [0]: NVIDIA GeForce RTX 4060 Ti, Compute Capability 8.9 (Driver: 12.9.0[575.57.8]; Runtime: 12.9.0; Toolkit: 12.9.0; DNN: 9.23.2)
I0831 21:56:05.987334  852821 se_gpu_pjrt_client.cc:1342] Using BFC allocator.
I0831 21:56:05.987429  852821 gpu_helpers.cc:162] XLA backend allocating 11.68GiB (12543066112 bytes) on device 0 for BFCAllocator.
I0831 21:56:06.002876  852821 cuda_dnn.cc:440] Loaded cuDNN version 92302
[pjrt_ffi] XLA backend: PJRT 0.114, 1 device(s)
[pjrt_ffi] command buffers: enabled (CUDA default)
I0831 21:56:07.581959  852903 subprocess_compilation.cc:349] ptxas warning : Registers are spilled to local memory in function 'gemm_fusion_dot_1', 72 bytes spill stores, 72 bytes spill loads

I0831 21:56:07.703066  852931 subprocess_compilation.cc:349] ptxas warning : Registers are spilled to local memory in function 'gemm_fusion_dot_16', 360 bytes spill stores, 360 bytes spill loads

I0831 21:56:07.731443  852912 subprocess_compilation.cc:349] ptxas warning : Registers are spilled to local memory in function 'gemm_fusion_dot_16', 224 bytes spill stores, 224 bytes spill loads

I0831 21:56:07.860133  852927 subprocess_compilation.cc:349] ptxas warning : Registers are spilled to local memory in function 'gemm_fusion_dot_16', 296 bytes spill stores, 296 bytes spill loads

I0831 21:56:08.174746  852910 subprocess_compilation.cc:349] ptxas warning : Registers are spilled to local memory in function 'gemm_fusion_dot_16', 240 bytes spill stores, 240 bytes spill loads

I0831 21:56:08.240607  852926 subprocess_compilation.cc:349] ptxas warning : Registers are spilled to local memory in function 'gemm_fusion_dot_16', 224 bytes spill stores, 224 bytes spill loads

I0831 21:56:08.365238  852907 subprocess_compilation.cc:349] ptxas warning : Registers are spilled to local memory in function 'gemm_fusion_dot_1', 628 bytes spill stores, 628 bytes spill loads

I0831 21:56:08.405276  852927 subprocess_compilation.cc:349] ptxas warning : Registers are spilled to local memory in function 'gemm_fusion_dot_16', 208 bytes spill stores, 208 bytes spill loads

I0831 21:56:08.484306  852905 subprocess_compilation.cc:349] ptxas warning : Registers are spilled to local memory in function 'gemm_fusion_dot_15', 256 bytes spill stores, 256 bytes spill loads

I0831 21:56:08.490048  852903 subprocess_compilation.cc:349] ptxas warning : Registers are spilled to local memory in function 'gemm_fusion_dot_3', 32 bytes spill stores, 32 bytes spill loads

I0831 21:56:08.531171  852913 subprocess_compilation.cc:349] ptxas warning : Registers are spilled to local memory in function 'gemm_fusion_dot_16', 224 bytes spill stores, 224 bytes spill loads

I0831 21:56:08.537876  852916 subprocess_compilation.cc:349] ptxas warning : Registers are spilled to local memory in function 'gemm_fusion_dot_14', 56 bytes spill stores, 56 bytes spill loads

I0831 21:56:08.557638  852932 subprocess_compilation.cc:349] ptxas warning : Registers are spilled to local memory in function 'gemm_fusion_dot_14', 8332 bytes spill stores, 8508 bytes spill loads

I0831 21:56:08.559828  852922 subprocess_compilation.cc:349] ptxas warning : Registers are spilled to local memory in function 'gemm_fusion_dot_15', 444 bytes spill stores, 444 bytes spill loads

I0831 21:56:08.585569  852933 subprocess_compilation.cc:349] ptxas warning : Registers are spilled to local memory in function 'gemm_fusion_dot', 40 bytes spill stores, 40 bytes spill loads

I0831 21:56:08.625496  852906 subprocess_compilation.cc:349] ptxas warning : Registers are spilled to local memory in function 'gemm_fusion_dot_15', 344 bytes spill stores, 344 bytes spill loads

I0831 21:56:08.698421  852911 subprocess_compilation.cc:349] ptxas warning : Registers are spilled to local memory in function 'gemm_fusion_dot_15', 396 bytes spill stores, 396 bytes spill loads

I0831 21:56:08.808441  852918 subprocess_compilation.cc:349] ptxas warning : Registers are spilled to local memory in function 'gemm_fusion_dot_15', 424 bytes spill stores, 424 bytes spill loads

I0831 21:56:09.145406  852911 subprocess_compilation.cc:349] ptxas warning : Registers are spilled to local memory in function 'gemm_fusion_dot_3', 712 bytes spill stores, 712 bytes spill loads

I0831 21:56:09.239256  852932 subprocess_compilation.cc:349] ptxas warning : Registers are spilled to local memory in function 'gemm_fusion_dot_15', 412 bytes spill stores, 412 bytes spill loads

I0831 21:56:09.325999  852921 subprocess_compilation.cc:349] ptxas warning : Registers are spilled to local memory in function 'gemm_fusion_dot_15', 432 bytes spill stores, 432 bytes spill loads

I0831 21:56:09.654778  852919 subprocess_compilation.cc:349] ptxas warning : Registers are spilled to local memory in function 'gemm_fusion_dot_16', 72 bytes spill stores, 72 bytes spill loads

I0831 21:56:10.048552  852908 subprocess_compilation.cc:349] ptxas warning : Registers are spilled to local memory in function 'gemm_fusion_dot_15', 32 bytes spill stores, 32 bytes spill loads

[pjrt_ffi] compiled verified_mlir/cnn_train_step.mlir (@cnn_train_step, 11 outputs, 1 replica) in 4516 ms
[pjrt_ffi] compiled verified_mlir/cnn_fwd.mlir (@cnn_fwd, 1 outputs, 1 replica) in 493 ms
MNIST-CNN via the VERIFIED renderer (conv→conv→pool→512→512→10) → XLA/PJRT → GPU
  xla/pjrt verified_mlir/cnn_train_step.mlir
  xla/pjrt verified_mlir/cnn_fwd.mlir
  train 60000, test 10000; bs 128, MNIST-CNN (10 params, 3489130 floats), mean-loss SGD lr=0.100000, He init
[pjrt_ffi] RESIDENT: @cnn_train_step holds 10 parameter tensors (13.3 MB) on 1 device; they stop crossing PCIe from here
[pjrt_ffi] RESIDENT: @cnn_fwd holds 10 parameter tensors (13.3 MB) on 1 device; they stop crossing PCIe from here
  epoch 1: loss = 0.338941, test_acc = 9370/10000 = 93.700000%  [95% CI 93.21–94.16] (1100ms)
[pjrt_ffi] RESIDENT: @cnn_fwd holds 10 parameter tensors (13.3 MB) on 1 device; they stop crossing PCIe from here
  epoch 2: loss = 0.087487, test_acc = 9764/10000 = 97.640000%  [95% CI 97.32–97.92] (1053ms)
[pjrt_ffi] RESIDENT: @cnn_fwd holds 10 parameter tensors (13.3 MB) on 1 device; they stop crossing PCIe from here
  epoch 3: loss = 0.051392, test_acc = 9823/10000 = 98.230000%  [95% CI 97.95–98.47] (1051ms)
[pjrt_ffi] RESIDENT: @cnn_fwd holds 10 parameter tensors (13.3 MB) on 1 device; they stop crossing PCIe from here
  epoch 4: loss = 0.034438, test_acc = 9849/10000 = 98.490000%  [95% CI 98.23–98.71] (1063ms)
[pjrt_ffi] RESIDENT: @cnn_fwd holds 10 parameter tensors (13.3 MB) on 1 device; they stop crossing PCIe from here
  epoch 5: loss = 0.023704, test_acc = 9856/10000 = 98.560000%  [95% CI 98.31–98.78] (1085ms)
[pjrt_ffi] RESIDENT: @cnn_fwd holds 10 parameter tensors (13.3 MB) on 1 device; they stop crossing PCIe from here
  epoch 6: loss = 0.022057, test_acc = 9862/10000 = 98.620000%  [95% CI 98.37–98.83] (1059ms)
[pjrt_ffi] RESIDENT: @cnn_fwd holds 10 parameter tensors (13.3 MB) on 1 device; they stop crossing PCIe from here
  epoch 7: loss = 0.012182, test_acc = 9872/10000 = 98.720000%  [95% CI 98.48–98.92] (1052ms)
[pjrt_ffi] RESIDENT: @cnn_fwd holds 10 parameter tensors (13.3 MB) on 1 device; they stop crossing PCIe from here
  epoch 8: loss = 0.007642, test_acc = 9881/10000 = 98.810000%  [95% CI 98.58–99.00] (1076ms)
[pjrt_ffi] RESIDENT: @cnn_fwd holds 10 parameter tensors (13.3 MB) on 1 device; they stop crossing PCIe from here
  epoch 9: loss = 0.005300, test_acc = 9887/10000 = 98.870000%  [95% CI 98.64–99.06] (1064ms)
[pjrt_ffi] RESIDENT: @cnn_fwd holds 10 parameter tensors (13.3 MB) on 1 device; they stop crossing PCIe from here
  epoch 10: loss = 0.004239, test_acc = 9880/10000 = 98.800000%  [95% CI 98.57–99.00] (1045ms)
[pjrt_ffi] RESIDENT: @cnn_fwd holds 10 parameter tensors (13.3 MB) on 1 device; they stop crossing PCIe from here
  epoch 11: loss = 0.002657, test_acc = 9886/10000 = 98.860000%  [95% CI 98.63–99.05] (1065ms)
[pjrt_ffi] RESIDENT: @cnn_fwd holds 10 parameter tensors (13.3 MB) on 1 device; they stop crossing PCIe from here
  epoch 12: loss = 0.001808, test_acc = 9888/10000 = 98.880000%  [95% CI 98.65–99.07] (1063ms)
done (trained MNIST-CNN via the proof-rendered StableHLO).
