distogram r16x128-esm3b-orient-pair1: PairTile(L=96,2569→128+1pair) → Conv(129→128,1x1/1)+BN → Res16(128→128,s1) → Conv(128→132,1x1); 33 BN layers; list train_full, 100 epochs, batch 16, lr 0.001000, 1 crop(s) per chain per epoch, seed 1
I1003 17:18:58.492353 3806470 service.cc:154] XLA service 0x7b26a80084a0 initialized for platform CUDA (this does not guarantee that XLA will be used). Devices:
I1003 17:18:58.492392 3806470 service.cc:170]   StreamExecutor [0]: NVIDIA GeForce RTX 4060 Ti, Compute Capability 8.9 (Driver: 12.9.0[575.57.8]; Runtime: 12.9.0; Toolkit: 12.9.0; DNN: 9.23.2)
I1003 17:18:58.493911 3806470 se_gpu_pjrt_client.cc:1342] Using BFC allocator.
I1003 17:18:58.493943 3806470 gpu_helpers.cc:162] XLA backend allocating 11.68GiB (12543066112 bytes) on device 0 for BFCAllocator.
I1003 17:18:58.500821 3806470 cuda_dnn.cc:440] Loaded cuDNN version 92302
[pjrt_ffi] XLA backend: PJRT 0.114, 1 device(s)
[pjrt_ffi] command buffers: enabled (CUDA default)
[pjrt_ffi] residency: on — parameters stay on the device between steps (default)
I1003 17:19:00.814750 3806484 subprocess_compilation.cc:349] ptxas warning : Registers are spilled to local memory in function 'gemm_fusion_dot_10', 32 bytes spill stores, 32 bytes spill loads

I1003 17:19:00.864295 3806504 subprocess_compilation.cc:349] ptxas warning : Registers are spilled to local memory in function 'gemm_fusion_dot_8', 88 bytes spill stores, 56 bytes spill loads

I1003 17:19:01.306810 3806492 subprocess_compilation.cc:349] ptxas warning : Registers are spilled to local memory in function 'gemm_fusion_dot_10', 8700 bytes spill stores, 8616 bytes spill loads

[pjrt_ffi] compiled .lake/build/distogram_r16x128_esm3b_orient_pair1_train_step.mlir (@main, 376 outputs, 1 replica) in 4543 ms
[pjrt_ffi] compiled .lake/build/distogram_r16x128_esm3b_orient_pair1_fwd_eval.mlir (@forward_eval, 1 outputs, 1 replica) in 145 ms
  5418244 params (5418244 by NetSpec.totalParams), 8448 BN stat floats
  26310 train chains, 1380 val chains; features 33103 MB, labels 1888 MB (17822 ms)
    step 0: loss 42.245900 (547 ms so far)
    step 1: loss 40.225900 (977 ms so far)
    step 2: loss 42.117400 (1427 ms so far)
  epoch 1/100: loss 8.133100  val CE 2.270800  val top-L/5 LR precision 69.660000%  (733 s train, 17690 ms val, 446.400000 ms/step)
  epoch 2/100: loss 5.477400  val CE 2.144500  val top-L/5 LR precision 72.370000%  (736 s train, 17715 ms val, 447.700000 ms/step)
  epoch 3/100: loss 5.132000  val CE 2.079700  val top-L/5 LR precision 73.300000%  (736 s train, 17760 ms val, 447.900000 ms/step)
  epoch 4/100: loss 4.988900  val CE 2.061100  val top-L/5 LR precision 73.820000%  (737 s train, 17396 ms val, 448.500000 ms/step)
  epoch 5/100: loss 4.889300  val CE 2.060200  val top-L/5 LR precision 74.470000%  (736 s train, 17700 ms val, 448.000000 ms/step)
  epoch 6/100: loss 4.820800  val CE 2.034400  val top-L/5 LR precision 74.520000%  (736 s train, 17439 ms val, 447.700000 ms/step)
  epoch 7/100: loss 4.778900  val CE 1.994200  val top-L/5 LR precision 74.830000%  (734 s train, 17778 ms val, 446.900000 ms/step)
  epoch 8/100: loss 4.737600  val CE 2.005000  val top-L/5 LR precision 75.020000%  (732 s train, 17792 ms val, 445.800000 ms/step)
  epoch 9/100: loss 4.693800  val CE 2.013400  val top-L/5 LR precision 75.170000%  (736 s train, 17702 ms val, 448.200000 ms/step)
  epoch 10/100: loss 4.660500  val CE 1.984600  val top-L/5 LR precision 75.210000%  (734 s train, 17836 ms val, 446.800000 ms/step)
  epoch 11/100: loss 4.633000  val CE 1.982000  val top-L/5 LR precision 75.340000%  (735 s train, 17871 ms val, 447.600000 ms/step)
  epoch 12/100: loss 4.622100  val CE 2.034400  val top-L/5 LR precision 75.360000%  (735 s train, 17701 ms val, 447.300000 ms/step)
  epoch 13/100: loss 4.594800  val CE 1.954300  val top-L/5 LR precision 75.480000%  (733 s train, 17751 ms val, 446.000000 ms/step)
  epoch 14/100: loss 4.584300  val CE 1.957600  val top-L/5 LR precision 75.460000%  (739 s train, 18332 ms val, 450.000000 ms/step)
  epoch 15/100: loss 4.553300  val CE 1.965000  val top-L/5 LR precision 75.420000%  (743 s train, 18322 ms val, 452.300000 ms/step)
  epoch 16/100: loss 4.535400  val CE 1.977600  val top-L/5 LR precision 75.430000%  (745 s train, 18450 ms val, 453.600000 ms/step)
  epoch 17/100: loss 4.535100  val CE 1.963200  val top-L/5 LR precision 75.500000%  (743 s train, 17737 ms val, 452.200000 ms/step)
  epoch 18/100: loss 4.511500  val CE 1.947700  val top-L/5 LR precision 75.670000%  (736 s train, 17806 ms val, 448.200000 ms/step)
  epoch 19/100: loss 4.496900  val CE 1.947500  val top-L/5 LR precision 75.870000%  (738 s train, 17431 ms val, 449.300000 ms/step)
  epoch 20/100: loss 4.490300  val CE 1.998800  val top-L/5 LR precision 75.720000%  (737 s train, 17519 ms val, 448.500000 ms/step)
  epoch 21/100: loss 4.478100  val CE 1.951800  val top-L/5 LR precision 75.760000%  (736 s train, 17447 ms val, 448.300000 ms/step)
  epoch 22/100: loss 4.455000  val CE 1.971300  val top-L/5 LR precision 75.790000%  (736 s train, 17410 ms val, 448.000000 ms/step)
  epoch 23/100: loss 4.455800  val CE 1.954800  val top-L/5 LR precision 75.920000%  (739 s train, 17549 ms val, 449.800000 ms/step)
  epoch 24/100: loss 4.437500  val CE 1.949600  val top-L/5 LR precision 75.810000%  (737 s train, 17870 ms val, 448.800000 ms/step)
  epoch 25/100: loss 4.421000  val CE 1.950500  val top-L/5 LR precision 75.390000%  (737 s train, 17873 ms val, 448.700000 ms/step)
  epoch 26/100: loss 4.399500  val CE 1.967100  val top-L/5 LR precision 75.840000%  (736 s train, 17587 ms val, 448.300000 ms/step)
  epoch 27/100: loss 4.394500  val CE 1.942100  val top-L/5 LR precision 75.940000%  (736 s train, 17775 ms val, 447.900000 ms/step)
  epoch 28/100: loss 4.395300  val CE 1.943000  val top-L/5 LR precision 75.870000%  (736 s train, 17824 ms val, 448.200000 ms/step)
  epoch 29/100: loss 4.375100  val CE 1.937000  val top-L/5 LR precision 75.750000%  (737 s train, 17443 ms val, 448.600000 ms/step)
  epoch 30/100: loss 4.374000  val CE 1.941700  val top-L/5 LR precision 75.820000%  (737 s train, 17582 ms val, 448.800000 ms/step)
  epoch 31/100: loss 4.365100  val CE 1.934000  val top-L/5 LR precision 75.720000%  (737 s train, 17906 ms val, 448.400000 ms/step)
  epoch 32/100: loss 4.359300  val CE 1.953400  val top-L/5 LR precision 75.960000%  (737 s train, 17548 ms val, 448.700000 ms/step)
  epoch 33/100: loss 4.347300  val CE 1.935300  val top-L/5 LR precision 75.900000%  (736 s train, 17530 ms val, 447.900000 ms/step)
  epoch 34/100: loss 4.338300  val CE 1.945800  val top-L/5 LR precision 75.790000%  (735 s train, 17911 ms val, 447.600000 ms/step)
  epoch 35/100: loss 4.329000  val CE 1.940400  val top-L/5 LR precision 75.740000%  (736 s train, 17869 ms val, 448.100000 ms/step)
  epoch 36/100: loss 4.322900  val CE 1.947800  val top-L/5 LR precision 75.870000%  (736 s train, 17761 ms val, 448.100000 ms/step)
  epoch 37/100: loss 4.312400  val CE 1.954000  val top-L/5 LR precision 75.920000%  (736 s train, 17381 ms val, 447.800000 ms/step)
  epoch 38/100: loss 4.293500  val CE 1.933200  val top-L/5 LR precision 75.860000%  (737 s train, 17618 ms val, 448.400000 ms/step)
  epoch 39/100: loss 4.302800  val CE 1.939200  val top-L/5 LR precision 75.950000%  (736 s train, 17379 ms val, 447.900000 ms/step)
  epoch 40/100: loss 4.283400  val CE 1.939800  val top-L/5 LR precision 75.990000%  (736 s train, 17683 ms val, 447.700000 ms/step)
  epoch 41/100: loss 4.289000  val CE 1.932400  val top-L/5 LR precision 75.730000%  (736 s train, 17867 ms val, 448.100000 ms/step)
  epoch 42/100: loss 4.272900  val CE 1.938100  val top-L/5 LR precision 75.850000%  (736 s train, 17470 ms val, 448.100000 ms/step)
  epoch 43/100: loss 4.263000  val CE 1.935300  val top-L/5 LR precision 75.930000%  (736 s train, 17460 ms val, 447.800000 ms/step)
  epoch 44/100: loss 4.262700  val CE 1.934600  val top-L/5 LR precision 75.850000%  (737 s train, 17499 ms val, 448.500000 ms/step)
  epoch 45/100: loss 4.249600  val CE 1.943400  val top-L/5 LR precision 75.700000%  (738 s train, 17871 ms val, 449.300000 ms/step)
  epoch 46/100: loss 4.243200  val CE 1.939000  val top-L/5 LR precision 75.700000%  (736 s train, 17527 ms val, 447.900000 ms/step)
  epoch 47/100: loss 4.242000  val CE 1.939300  val top-L/5 LR precision 75.630000%  (739 s train, 17749 ms val, 449.700000 ms/step)
  epoch 48/100: loss 4.235800  val CE 1.936300  val top-L/5 LR precision 76.040000%  (737 s train, 17858 ms val, 448.400000 ms/step)
  epoch 49/100: loss 4.203600  val CE 1.943400  val top-L/5 LR precision 75.970000%  (738 s train, 17387 ms val, 449.300000 ms/step)
  epoch 50/100: loss 4.220600  val CE 1.946400  val top-L/5 LR precision 75.960000%  (738 s train, 17475 ms val, 449.200000 ms/step)
  epoch 51/100: loss 4.206600  val CE 1.945500  val top-L/5 LR precision 75.910000%  (736 s train, 17875 ms val, 447.900000 ms/step)
  epoch 52/100: loss 4.212100  val CE 1.937800  val top-L/5 LR precision 75.960000%  (738 s train, 17503 ms val, 449.500000 ms/step)
  epoch 53/100: loss 4.204600  val CE 1.935300  val top-L/5 LR precision 75.770000%  (736 s train, 17923 ms val, 448.200000 ms/step)
  epoch 54/100: loss 4.187000  val CE 1.971600  val top-L/5 LR precision 75.520000%  (737 s train, 17763 ms val, 448.700000 ms/step)
  epoch 55/100: loss 4.182500  val CE 1.942000  val top-L/5 LR precision 76.080000%  (738 s train, 17506 ms val, 449.500000 ms/step)
  epoch 56/100: loss 4.183900  val CE 1.947300  val top-L/5 LR precision 75.700000%  (735 s train, 17716 ms val, 447.700000 ms/step)
  epoch 57/100: loss 4.168800  val CE 1.946100  val top-L/5 LR precision 75.840000%  (739 s train, 17618 ms val, 449.600000 ms/step)
  epoch 58/100: loss 4.155700  val CE 1.944400  val top-L/5 LR precision 75.930000%  (738 s train, 17799 ms val, 448.900000 ms/step)
  epoch 59/100: loss 4.163000  val CE 1.952900  val top-L/5 LR precision 75.870000%  (739 s train, 17550 ms val, 450.000000 ms/step)
  epoch 60/100: loss 4.142100  val CE 1.953200  val top-L/5 LR precision 75.840000%  (737 s train, 17379 ms val, 448.800000 ms/step)
  epoch 61/100: loss 4.144000  val CE 1.953700  val top-L/5 LR precision 75.670000%  (736 s train, 17588 ms val, 448.100000 ms/step)
  epoch 62/100: loss 4.148200  val CE 1.940600  val top-L/5 LR precision 75.780000%  (737 s train, 17801 ms val, 448.500000 ms/step)
  epoch 63/100: loss 4.132200  val CE 1.941900  val top-L/5 LR precision 75.870000%  (736 s train, 17865 ms val, 447.700000 ms/step)
  epoch 64/100: loss 4.125700  val CE 1.945200  val top-L/5 LR precision 75.650000%  (738 s train, 17510 ms val, 448.900000 ms/step)
  epoch 65/100: loss 4.121500  val CE 1.956700  val top-L/5 LR precision 75.620000%  (736 s train, 17781 ms val, 448.200000 ms/step)
  epoch 66/100: loss 4.119200  val CE 1.958500  val top-L/5 LR precision 75.580000%  (736 s train, 17761 ms val, 447.900000 ms/step)
  epoch 67/100: loss 4.117100  val CE 1.962400  val top-L/5 LR precision 75.640000%  (736 s train, 17723 ms val, 448.100000 ms/step)
  epoch 68/100: loss 4.112800  val CE 1.964100  val top-L/5 LR precision 75.660000%  (737 s train, 17415 ms val, 448.800000 ms/step)
  epoch 69/100: loss 4.099600  val CE 1.958500  val top-L/5 LR precision 75.800000%  (737 s train, 17692 ms val, 448.800000 ms/step)
  epoch 70/100: loss 4.097900  val CE 1.957700  val top-L/5 LR precision 75.700000%  (736 s train, 17672 ms val, 447.900000 ms/step)
  epoch 71/100: loss 4.104000  val CE 1.956200  val top-L/5 LR precision 75.760000%  (738 s train, 17636 ms val, 449.100000 ms/step)
  epoch 72/100: loss 4.109000  val CE 1.957300  val top-L/5 LR precision 75.670000%  (736 s train, 17478 ms val, 447.900000 ms/step)
  epoch 73/100: loss 4.084100  val CE 1.965000  val top-L/5 LR precision 75.830000%  (737 s train, 17757 ms val, 448.300000 ms/step)
  epoch 74/100: loss 4.072500  val CE 1.960400  val top-L/5 LR precision 75.780000%  (736 s train, 17954 ms val, 448.200000 ms/step)
  epoch 75/100: loss 4.068600  val CE 1.978900  val top-L/5 LR precision 75.800000%  (735 s train, 17774 ms val, 447.300000 ms/step)
  epoch 76/100: loss 4.074200  val CE 1.959000  val top-L/5 LR precision 75.590000%  (738 s train, 17503 ms val, 448.900000 ms/step)
  epoch 77/100: loss 4.072300  val CE 1.970300  val top-L/5 LR precision 75.790000%  (738 s train, 17786 ms val, 449.000000 ms/step)
  epoch 78/100: loss 4.078600  val CE 1.964200  val top-L/5 LR precision 75.740000%  (736 s train, 17531 ms val, 448.200000 ms/step)
  epoch 79/100: loss 4.069700  val CE 1.964100  val top-L/5 LR precision 75.740000%  (736 s train, 17467 ms val, 448.200000 ms/step)
  epoch 80/100: loss 4.065000  val CE 1.969600  val top-L/5 LR precision 75.670000%  (736 s train, 17707 ms val, 448.100000 ms/step)
  epoch 81/100: loss 4.055400  val CE 1.968000  val top-L/5 LR precision 75.580000%  (738 s train, 17623 ms val, 449.300000 ms/step)
  epoch 82/100: loss 4.035400  val CE 1.968700  val top-L/5 LR precision 75.720000%  (738 s train, 17591 ms val, 449.000000 ms/step)
  epoch 83/100: loss 4.046200  val CE 1.968600  val top-L/5 LR precision 75.680000%  (736 s train, 17546 ms val, 448.300000 ms/step)
  epoch 84/100: loss 4.054200  val CE 1.970800  val top-L/5 LR precision 75.730000%  (736 s train, 17546 ms val, 448.100000 ms/step)
  epoch 85/100: loss 4.060200  val CE 1.973700  val top-L/5 LR precision 75.530000%  (738 s train, 17708 ms val, 449.000000 ms/step)
  epoch 86/100: loss 4.053100  val CE 1.970400  val top-L/5 LR precision 75.630000%  (737 s train, 17734 ms val, 448.500000 ms/step)
  epoch 87/100: loss 4.038600  val CE 1.966600  val top-L/5 LR precision 75.720000%  (737 s train, 17608 ms val, 448.400000 ms/step)
  epoch 88/100: loss 4.033300  val CE 1.970500  val top-L/5 LR precision 75.740000%  (737 s train, 17504 ms val, 448.300000 ms/step)
  epoch 89/100: loss 4.028800  val CE 1.971400  val top-L/5 LR precision 75.740000%  (738 s train, 17983 ms val, 449.000000 ms/step)
  epoch 90/100: loss 4.044000  val CE 1.964900  val top-L/5 LR precision 75.660000%  (736 s train, 17870 ms val, 447.900000 ms/step)
  epoch 91/100: loss 4.028000  val CE 1.971200  val top-L/5 LR precision 75.690000%  (737 s train, 17311 ms val, 448.600000 ms/step)
  epoch 92/100: loss 4.045800  val CE 1.971000  val top-L/5 LR precision 75.730000%  (737 s train, 17905 ms val, 448.900000 ms/step)
  epoch 93/100: loss 4.020800  val CE 1.973100  val top-L/5 LR precision 75.740000%  (736 s train, 17416 ms val, 448.000000 ms/step)
  epoch 94/100: loss 4.035200  val CE 1.969400  val top-L/5 LR precision 75.700000%  (737 s train, 17777 ms val, 448.600000 ms/step)
  epoch 95/100: loss 4.044700  val CE 1.971500  val top-L/5 LR precision 75.710000%  (738 s train, 17458 ms val, 449.000000 ms/step)
  epoch 96/100: loss 4.037500  val CE 1.970000  val top-L/5 LR precision 75.770000%  (738 s train, 17475 ms val, 449.100000 ms/step)
  epoch 97/100: loss 4.032200  val CE 1.973700  val top-L/5 LR precision 75.700000%  (737 s train, 17526 ms val, 448.600000 ms/step)
  epoch 98/100: loss 4.028200  val CE 1.969900  val top-L/5 LR precision 75.700000%  (737 s train, 17458 ms val, 448.800000 ms/step)
  epoch 99/100: loss 4.024800  val CE 1.968000  val top-L/5 LR precision 75.770000%  (737 s train, 17831 ms val, 448.600000 ms/step)
  epoch 100/100: loss 4.028800  val CE 1.967400  val top-L/5 LR precision 75.730000%  (737 s train, 17715 ms val, 448.600000 ms/step)
predict: lake exe distogram-casp predict list=train_full fs=esm3b dim=2569 ch=128 units=16 crop=96 pair=1 orient=1 tag=e100-esm3b-crop96-pair1-orient
trained: 164400 steps in 75501 s -> .lake/build/distogram_r16x128_esm3b_orient_pair1_train_full_e100-esm3b-crop96-pair1-orient_params.bin
