I0911 00:45:16.443723 1417624 service.cc:154] XLA service 0x76ced079ba30 initialized for platform CUDA (this does not guarantee that XLA will be used). Devices:
I0911 00:45:16.443810 1417624 service.cc:170]   StreamExecutor [0]: NVIDIA GeForce RTX 4060 Ti, Compute Capability 8.9 (Driver: 12.9.0[575.57.8]; Runtime: 12.9.0; Toolkit: 12.9.0; DNN: 9.23.2)
I0911 00:45:16.443819 1417624 service.cc:170]   StreamExecutor [1]: NVIDIA GeForce RTX 4060 Ti, Compute Capability 8.9 (Driver: 12.9.0[575.57.8]; Runtime: 12.9.0; Toolkit: 12.9.0; DNN: 9.23.2)
I0911 00:45:16.443824 1417624 service.cc:170]   StreamExecutor [2]: NVIDIA GeForce RTX 4060 Ti, Compute Capability 8.9 (Driver: 12.9.0[575.57.8]; Runtime: 12.9.0; Toolkit: 12.9.0; DNN: 9.23.2)
I0911 00:45:16.443828 1417624 service.cc:170]   StreamExecutor [3]: NVIDIA GeForce RTX 4060 Ti, Compute Capability 8.9 (Driver: 12.9.0[575.57.8]; Runtime: 12.9.0; Toolkit: 12.9.0; DNN: 9.23.2)
I0911 00:45:16.446843 1417624 se_gpu_pjrt_client.cc:1342] Using BFC allocator.
I0911 00:45:16.446877 1417624 gpu_helpers.cc:162] XLA backend allocating 11.68GiB (12543066112 bytes) on device 0 for BFCAllocator.
I0911 00:45:16.446917 1417624 gpu_helpers.cc:162] XLA backend allocating 11.68GiB (12543066112 bytes) on device 1 for BFCAllocator.
I0911 00:45:16.446930 1417624 gpu_helpers.cc:162] XLA backend allocating 11.68GiB (12543066112 bytes) on device 2 for BFCAllocator.
I0911 00:45:16.446944 1417624 gpu_helpers.cc:162] XLA backend allocating 11.68GiB (12543066112 bytes) on device 3 for BFCAllocator.
I0911 00:45:16.456675 1417624 cuda_dnn.cc:440] Loaded cuDNN version 92302
[pjrt_ffi] XLA backend: PJRT 0.114, 4 device(s)
[pjrt_ffi] command buffers: enabled (CUDA default)
I0911 00:45:22.308531 1417697 subprocess_compilation.cc:349] ptxas warning : Registers are spilled to local memory in function 'gemm_fusion_dot_5', 72 bytes spill stores, 40 bytes spill loads

I0911 00:45:22.440272 1417711 subprocess_compilation.cc:349] ptxas warning : Registers are spilled to local memory in function 'gemm_fusion_dot_216', 12 bytes spill stores, 12 bytes spill loads

I0911 00:45:22.522977 1417685 subprocess_compilation.cc:349] ptxas warning : Registers are spilled to local memory in function 'gemm_fusion_dot_74', 92 bytes spill stores, 56 bytes spill loads

I0911 00:45:22.583396 1417698 subprocess_compilation.cc:349] ptxas warning : Registers are spilled to local memory in function 'gemm_fusion_dot_74', 72 bytes spill stores, 72 bytes spill loads

I0911 00:45:22.714710 1417712 subprocess_compilation.cc:349] ptxas warning : Registers are spilled to local memory in function 'gemm_fusion_dot_5', 9108 bytes spill stores, 9020 bytes spill loads

I0911 00:45:23.097076 1417707 subprocess_compilation.cc:349] ptxas warning : Registers are spilled to local memory in function 'gemm_fusion_dot_3', 72 bytes spill stores, 40 bytes spill loads

I0911 00:45:23.346034 1417709 subprocess_compilation.cc:349] ptxas warning : Registers are spilled to local memory in function 'gemm_fusion_dot_579', 72 bytes spill stores, 40 bytes spill loads

I0911 00:45:23.684029 1417683 subprocess_compilation.cc:349] ptxas warning : Registers are spilled to local memory in function 'gemm_fusion_dot_438', 8 bytes spill stores, 8 bytes spill loads

I0911 00:45:23.696103 1417685 subprocess_compilation.cc:349] ptxas warning : Registers are spilled to local memory in function 'gemm_fusion_dot_579', 72 bytes spill stores, 40 bytes spill loads

I0911 00:45:23.742563 1417686 subprocess_compilation.cc:349] ptxas warning : Registers are spilled to local memory in function 'gemm_fusion_dot_3', 64 bytes spill stores, 32 bytes spill loads

I0911 00:45:24.041633 1417696 subprocess_compilation.cc:349] ptxas warning : Registers are spilled to local memory in function 'gemm_fusion_dot_951', 12 bytes spill stores, 4 bytes spill loads

I0911 00:45:24.203541 1417694 subprocess_compilation.cc:349] ptxas warning : Registers are spilled to local memory in function 'gemm_fusion_dot_73', 72 bytes spill stores, 72 bytes spill loads

I0911 00:45:24.291917 1417703 subprocess_compilation.cc:349] ptxas warning : Registers are spilled to local memory in function 'gemm_fusion_dot_72', 72 bytes spill stores, 72 bytes spill loads

I0911 00:45:24.438674 1417685 subprocess_compilation.cc:349] ptxas warning : Registers are spilled to local memory in function 'gemm_fusion_dot_964', 12 bytes spill stores, 4 bytes spill loads

I0911 00:45:24.542788 1417690 subprocess_compilation.cc:349] ptxas warning : Registers are spilled to local memory in function 'gemm_fusion_dot_4', 92 bytes spill stores, 92 bytes spill loads

I0911 00:45:24.836955 1417691 subprocess_compilation.cc:349] ptxas warning : Registers are spilled to local memory in function 'gemm_fusion_dot_4', 804 bytes spill stores, 548 bytes spill loads

I0911 00:45:24.964630 1417708 subprocess_compilation.cc:349] ptxas warning : Registers are spilled to local memory in function 'gemm_fusion_dot_589', 12 bytes spill stores, 12 bytes spill loads

I0911 00:45:25.129087 1417706 subprocess_compilation.cc:349] ptxas warning : Registers are spilled to local memory in function 'gemm_fusion_dot_966', 168 bytes spill stores, 92 bytes spill loads

I0911 00:45:25.166649 1417686 subprocess_compilation.cc:349] ptxas warning : Registers are spilled to local memory in function 'gemm_fusion_dot_72', 132 bytes spill stores, 72 bytes spill loads

I0911 00:45:25.306527 1417697 subprocess_compilation.cc:349] ptxas warning : Registers are spilled to local memory in function 'gemm_fusion_dot_73', 8556 bytes spill stores, 8448 bytes spill loads

I0911 00:45:25.519714 1417708 subprocess_compilation.cc:349] ptxas warning : Registers are spilled to local memory in function 'gemm_fusion_dot_963', 712 bytes spill stores, 712 bytes spill loads

I0911 00:45:25.765239 1417708 subprocess_compilation.cc:349] ptxas warning : Registers are spilled to local memory in function 'gemm_fusion_dot_963', 32 bytes spill stores, 32 bytes spill loads

I0911 00:45:25.891493 1417709 subprocess_compilation.cc:349] ptxas warning : Registers are spilled to local memory in function 'gemm_fusion_dot_967', 84 bytes spill stores, 68 bytes spill loads

I0911 00:45:25.967763 1417710 subprocess_compilation.cc:349] ptxas warning : Registers are spilled to local memory in function 'gemm_fusion_dot_965', 96 bytes spill stores, 64 bytes spill loads

I0911 00:45:28.335073 1417693 subprocess_compilation.cc:349] ptxas warning : Registers are spilled to local memory in function 'fusion_1286', 156 bytes spill stores, 156 bytes spill loads

I0911 00:45:28.335370 1417697 subprocess_compilation.cc:349] ptxas warning : Registers are spilled to local memory in function 'fusion_1284', 144 bytes spill stores, 144 bytes spill loads

I0911 00:45:29.360875 1417688 subprocess_compilation.cc:349] ptxas warning : Registers are spilled to local memory in function 'fusion_1328', 180 bytes spill stores, 180 bytes spill loads

I0911 00:45:29.579829 1417692 subprocess_compilation.cc:349] ptxas warning : Registers are spilled to local memory in function 'fusion_1326', 228 bytes spill stores, 228 bytes spill loads

I0911 00:45:32.862940 1417705 subprocess_compilation.cc:349] ptxas warning : Registers are spilled to local memory in function 'fusion_1330', 448 bytes spill stores, 448 bytes spill loads

[pjrt_ffi] compiled verified_mlir/vitin_adamdp128x4wxclipdrop_train_step.mlir (@vitin_adamdp128x4wxclipdrop_train_step, 627 outputs, 4 replicas) in 16596 ms
I0911 00:45:34.210664 1417697 subprocess_compilation.cc:349] ptxas warning : Registers are spilled to local memory in function 'gemm_fusion_dot_6', 88 bytes spill stores, 88 bytes spill loads

I0911 00:45:34.421772 1417709 subprocess_compilation.cc:349] ptxas warning : Registers are spilled to local memory in function 'gemm_fusion_dot_6', 804 bytes spill stores, 548 bytes spill loads

I0911 00:45:34.452977 1417694 subprocess_compilation.cc:349] ptxas warning : Registers are spilled to local memory in function 'gemm_fusion_dot_10', 804 bytes spill stores, 548 bytes spill loads

I0911 00:45:34.685224 1417683 subprocess_compilation.cc:349] ptxas warning : Registers are spilled to local memory in function 'gemm_fusion_dot_5', 72 bytes spill stores, 40 bytes spill loads

I0911 00:45:34.757582 1417690 subprocess_compilation.cc:349] ptxas warning : Registers are spilled to local memory in function 'gemm_fusion_dot_289', 72 bytes spill stores, 40 bytes spill loads

I0911 00:45:34.876648 1417706 subprocess_compilation.cc:349] ptxas warning : Registers are spilled to local memory in function 'gemm_fusion_dot_10', 92 bytes spill stores, 92 bytes spill loads

I0911 00:45:34.924642 1417703 subprocess_compilation.cc:349] ptxas warning : Registers are spilled to local memory in function 'gemm_fusion_dot_289', 72 bytes spill stores, 40 bytes spill loads

I0911 00:45:34.930633 1417687 subprocess_compilation.cc:349] ptxas warning : Registers are spilled to local memory in function 'gemm_fusion_dot_3', 72 bytes spill stores, 40 bytes spill loads

I0911 00:45:35.145364 1417702 subprocess_compilation.cc:349] ptxas warning : Registers are spilled to local memory in function 'gemm_fusion_dot_5', 9108 bytes spill stores, 9020 bytes spill loads

I0911 00:45:35.195565 1417692 subprocess_compilation.cc:349] ptxas warning : Registers are spilled to local memory in function 'gemm_fusion_dot_3', 64 bytes spill stores, 32 bytes spill loads

I0911 00:45:35.211239 1417697 subprocess_compilation.cc:349] ptxas warning : Registers are spilled to local memory in function 'gemm_fusion_dot_148', 8 bytes spill stores, 8 bytes spill loads

[pjrt_ffi] compiled verified_mlir/vitin_fwd.mlir (@vitin_fwd, 1 outputs, 1 replica) in 2951 ms
WARNING: All log messages before absl::InitializeLog() is called are written to STDERR
I0000 00:00:1789087536.377136 1418548 cpu_feature_guard.cc:227] This TensorFlow binary is optimized to use available CPU instructions in performance-critical operations.
To enable the following instructions: AVX2 FMA, in other operations, rebuild TensorFlow with the appropriate compiler flags.
I0000 00:00:1789087538.358482 1418692 tf_record_dataset_op.cc:396] The default buffer size is 262144, which is overridden by the user specified `buffer_size` of 8388608
ViT-Tiny on full 1000-class ImageNet via the VERIFIED renderer → XLA/PJRT → GPU, with the tfds batch shim supplying the same augmentation the Lean→JAX reference trainer uses
  xla/pjrt verified_mlir/vitin_adamdp128x4wxclipdrop_train_step.mlir
  xla/pjrt verified_mlir/vitin_fwd.mlir
  imagenet shim: jax/.lake/build/generated_vit_tiny_imagenet_shim.py — validation split, batch 256, 150528 floats/img (seed 0)
  imagenet: draining the val split into RAM (~30 GB, one time)…
  imagenet: val ready — 50000 images, 28710 MB
  ▸ val = all 50,000 (timm's denominator; drop_remainder=False on the val split)
  train 1281167, test 50000; bs 128, ViT-Tiny (ImageNet-1k) adamdp128x4wxclipdrop (cosine+warmup 5ep, baseLR 0.000500), He init
  ▸ STOCHASTIC DEPTH: 24 drop sites, keeps #[1.000000, 1.000000, 0.991000, 0.991000, 0.982000, 0.982000, 0.973000, 0.973000, 0.964000, 0.964000, 0.955000, 0.955000, 0.945000, 0.945000, 0.936000, 0.936000, 0.927000, 0.927000, 0.918000, 0.918000, 0.909000, 0.909000, 0.900000, 0.900000] — host-drawn per step, 1/keep folded in, NOT on the resident path. Eval is the identity (drop-free forward).
  eval batch 256 (the batch @vitin_fwd was RENDERED at) != train batch 128 — sound because eval is class-batch-independent
  DATA-PARALLEL: 4 replicas x bs 128 = global batch 512, 2502 steps/epoch
WARNING: All log messages before absl::InitializeLog() is called are written to STDERR
I0000 00:00:1789087584.156542 1418936 cpu_feature_guard.cc:227] This TensorFlow binary is optimized to use available CPU instructions in performance-critical operations.
To enable the following instructions: AVX2 FMA, in other operations, rebuild TensorFlow with the appropriate compiler flags.
E0000 00:00:1789087587.792647 1418936 node_def_util.cc:682] NodeDef mentions attribute use_unbounded_threadpool which is not in the op definition: Op<name=MapDataset; signature=input_dataset:variant, other_arguments: -> handle:variant; attr=f:func; attr=Targuments:list(type),min=0; attr=output_types:list(type),min=1; attr=output_shapes:list(shape),min=1; attr=use_inter_op_parallelism:bool,default=true; attr=preserve_cardinality:bool,default=false; attr=force_synchronous:bool,default=false; attr=metadata:string,default=""> This may be expected if your graph generating binary is newer  than this binary. Unknown attributes will be ignored. NodeDef: {{node ParallelMapDatasetV2/_16}}
I0000 00:00:1789087588.068330 1419092 tf_record_dataset_op.cc:396] The default buffer size is 262144, which is overridden by the user specified `buffer_size` of 8388608
WARNING: All log messages before absl::InitializeLog() is called are written to STDERR
I0000 00:00:1789087588.847204 1419099 cpu_feature_guard.cc:227] This TensorFlow binary is optimized to use available CPU instructions in performance-critical operations.
To enable the following instructions: AVX2 FMA, in other operations, rebuild TensorFlow with the appropriate compiler flags.
E0000 00:00:1789087592.483425 1419099 node_def_util.cc:682] NodeDef mentions attribute use_unbounded_threadpool which is not in the op definition: Op<name=MapDataset; signature=input_dataset:variant, other_arguments: -> handle:variant; attr=f:func; attr=Targuments:list(type),min=0; attr=output_types:list(type),min=1; attr=output_shapes:list(shape),min=1; attr=use_inter_op_parallelism:bool,default=true; attr=preserve_cardinality:bool,default=false; attr=force_synchronous:bool,default=false; attr=metadata:string,default=""> This may be expected if your graph generating binary is newer  than this binary. Unknown attributes will be ignored. NodeDef: {{node ParallelMapDatasetV2/_16}}
I0000 00:00:1789087592.754869 1419261 tf_record_dataset_op.cc:396] The default buffer size is 262144, which is overridden by the user specified `buffer_size` of 8388608
WARNING: All log messages before absl::InitializeLog() is called are written to STDERR
I0000 00:00:1789087593.569065 1419268 cpu_feature_guard.cc:227] This TensorFlow binary is optimized to use available CPU instructions in performance-critical operations.
To enable the following instructions: AVX2 FMA, in other operations, rebuild TensorFlow with the appropriate compiler flags.
E0000 00:00:1789087597.379119 1419268 node_def_util.cc:682] NodeDef mentions attribute use_unbounded_threadpool which is not in the op definition: Op<name=MapDataset; signature=input_dataset:variant, other_arguments: -> handle:variant; attr=f:func; attr=Targuments:list(type),min=0; attr=output_types:list(type),min=1; attr=output_shapes:list(shape),min=1; attr=use_inter_op_parallelism:bool,default=true; attr=preserve_cardinality:bool,default=false; attr=force_synchronous:bool,default=false; attr=metadata:string,default=""> This may be expected if your graph generating binary is newer  than this binary. Unknown attributes will be ignored. NodeDef: {{node ParallelMapDatasetV2/_16}}
I0000 00:00:1789087597.668915 1419423 tf_record_dataset_op.cc:396] The default buffer size is 262144, which is overridden by the user specified `buffer_size` of 8388608
WARNING: All log messages before absl::InitializeLog() is called are written to STDERR
I0000 00:00:1789087598.520242 1419430 cpu_feature_guard.cc:227] This TensorFlow binary is optimized to use available CPU instructions in performance-critical operations.
To enable the following instructions: AVX2 FMA, in other operations, rebuild TensorFlow with the appropriate compiler flags.
E0000 00:00:1789087602.346265 1419430 node_def_util.cc:682] NodeDef mentions attribute use_unbounded_threadpool which is not in the op definition: Op<name=MapDataset; signature=input_dataset:variant, other_arguments: -> handle:variant; attr=f:func; attr=Targuments:list(type),min=0; attr=output_types:list(type),min=1; attr=output_shapes:list(shape),min=1; attr=use_inter_op_parallelism:bool,default=true; attr=preserve_cardinality:bool,default=false; attr=force_synchronous:bool,default=false; attr=metadata:string,default=""> This may be expected if your graph generating binary is newer  than this binary. Unknown attributes will be ignored. NodeDef: {{node ParallelMapDatasetV2/_16}}
I0000 00:00:1789087602.620630 1419585 tf_record_dataset_op.cc:396] The default buffer size is 262144, which is overridden by the user specified `buffer_size` of 8388608
[pjrt_ffi] RESIDENT: @vitin_adamdp128x4wxclipdrop_train_step holds 600 parameter tensors (65.4 MB) on 4 devices; they stop crossing PCIe from here
I0911 00:46:44.434862 1417672 cuda_dnn.cc:440] Loaded cuDNN version 92302
I0911 00:46:44.435110 1417675 cuda_dnn.cc:440] Loaded cuDNN version 92302
I0911 00:46:44.435170 1417678 cuda_dnn.cc:440] Loaded cuDNN version 92302
  ▸ INIT: timm/DeiT (σ=0.02 weights, patch-embed on PyTorch Conv2d default)
  ▸ MIXUP/CUTMIX: this net's recipe declares SHIM_MIX=both; ON (wire v2, soft float32 targets — the reference recipe). ⚠ λ is drawn from numpy's Generator, not jax.random — agreement with the reference is DISTRIBUTIONAL, never per-step.
  imagenet shim: jax/.lake/build/generated_vit_tiny_imagenet_shim.py — train split, batch 512, 150528 floats/img (seed 1), wire v4 soft targets [512x1000]
  imagenet shim: jax/.lake/build/generated_vit_tiny_imagenet_shim.py — train split, batch 512, 150528 floats/img (seed 2), wire v4 soft targets [512x1000]
  imagenet shim: jax/.lake/build/generated_vit_tiny_imagenet_shim.py — train split, batch 512, 150528 floats/img (seed 3), wire v4 soft targets [512x1000]
  imagenet shim: jax/.lake/build/generated_vit_tiny_imagenet_shim.py — train split, batch 512, 150528 floats/img (seed 4), wire v4 soft targets [512x1000]
  imagenet shim: 4 sharded producers (round-robin over batches)
  ▸ SHIM PREFETCH: ON (depth 4 over 4 producer handle(s) — each step's read is issued before the previous step's invoke, one in flight PER HANDLE, so every producer drains during compute instead of blocking in write()). Measured 377 → 224 ms/step on R34/ImageNet 4×bs64 for depth 1.
  step 0/2502: loss=6.934167
  step 1/2502: loss=6.971297
  step 2/2502: loss=6.944285
  step 100/2502: loss=6.902103
  step 200/2502: loss=6.885542
  step 300/2502: loss=6.906159
  step 400/2502: loss=6.912013
  PROBE: 219 ms/step (median of 350 steps 51..400, ViT-Tiny (ImageNet-1k))
  PROBE-SPREAD: min=206 med=219 p90=2772 mean=847 ms/step (starvation wait = med-min = 13 ms)
