I0831 19:52:46.077475  799282 service.cc:154] XLA service 0x7c1b500092e0 initialized for platform CUDA (this does not guarantee that XLA will be used). Devices:
I0831 19:52:46.077505  799282 service.cc:170]   StreamExecutor [0]: NVIDIA GeForce RTX 4060 Ti, Compute Capability 8.9 (Driver: 12.9.0[575.57.8]; Runtime: 12.9.0; Toolkit: 12.9.0; DNN: 9.23.2)
I0831 19:52:46.078946  799282 se_gpu_pjrt_client.cc:1342] Using BFC allocator.
I0831 19:52:46.087486  799282 gpu_helpers.cc:162] XLA backend allocating 11.68GiB (12543066112 bytes) on device 0 for BFCAllocator.
I0831 19:52:46.098951  799282 cuda_dnn.cc:440] Loaded cuDNN version 92302
[pjrt_ffi] XLA backend: PJRT 0.114, 1 device(s)
[pjrt_ffi] command buffers: enabled (CUDA default)
I0831 19:52:48.280382  799465 subprocess_compilation.cc:349] ptxas warning : Registers are spilled to local memory in function 'gemm_fusion_dot_1', 72 bytes spill stores, 72 bytes spill loads

I0831 19:52:50.526410  799494 subprocess_compilation.cc:349] ptxas warning : Registers are spilled to local memory in function 'gemm_fusion_dot_16', 360 bytes spill stores, 360 bytes spill loads

I0831 19:52:50.919575  799476 subprocess_compilation.cc:349] ptxas warning : Registers are spilled to local memory in function 'gemm_fusion_dot_16', 224 bytes spill stores, 224 bytes spill loads

I0831 19:52:50.926437  799470 subprocess_compilation.cc:349] ptxas warning : Registers are spilled to local memory in function 'gemm_fusion_dot_1', 628 bytes spill stores, 628 bytes spill loads

I0831 19:52:51.078250  799475 subprocess_compilation.cc:349] ptxas warning : Registers are spilled to local memory in function 'gemm_fusion_dot_16', 224 bytes spill stores, 224 bytes spill loads

I0831 19:52:51.128117  799490 subprocess_compilation.cc:349] ptxas warning : Registers are spilled to local memory in function 'gemm_fusion_dot_16', 296 bytes spill stores, 296 bytes spill loads

I0831 19:52:51.164388  799489 subprocess_compilation.cc:349] ptxas warning : Registers are spilled to local memory in function 'gemm_fusion_dot_16', 224 bytes spill stores, 224 bytes spill loads

I0831 19:52:51.916066  799473 subprocess_compilation.cc:349] ptxas warning : Registers are spilled to local memory in function 'gemm_fusion_dot_16', 240 bytes spill stores, 240 bytes spill loads

I0831 19:52:52.471734  799479 subprocess_compilation.cc:349] ptxas warning : Registers are spilled to local memory in function 'gemm_fusion_dot_14', 56 bytes spill stores, 56 bytes spill loads

I0831 19:52:52.899447  799493 subprocess_compilation.cc:349] ptxas warning : Registers are spilled to local memory in function 'gemm_fusion_dot_15', 344 bytes spill stores, 344 bytes spill loads

I0831 19:52:53.028673  799468 subprocess_compilation.cc:349] ptxas warning : Registers are spilled to local memory in function 'gemm_fusion_dot_15', 256 bytes spill stores, 256 bytes spill loads

I0831 19:52:53.617852  799469 subprocess_compilation.cc:349] ptxas warning : Registers are spilled to local memory in function 'gemm_fusion_dot_3', 32 bytes spill stores, 32 bytes spill loads

I0831 19:52:53.629425  799474 subprocess_compilation.cc:349] ptxas warning : Registers are spilled to local memory in function 'gemm_fusion_dot_15', 396 bytes spill stores, 396 bytes spill loads

I0831 19:52:53.661900  799495 subprocess_compilation.cc:349] ptxas warning : Registers are spilled to local memory in function 'gemm_fusion_dot_14', 8332 bytes spill stores, 8508 bytes spill loads

I0831 19:52:53.845417  799490 subprocess_compilation.cc:349] ptxas warning : Registers are spilled to local memory in function 'gemm_fusion_dot_16', 208 bytes spill stores, 208 bytes spill loads

I0831 19:52:53.915443  799481 subprocess_compilation.cc:349] ptxas warning : Registers are spilled to local memory in function 'gemm_fusion_dot_15', 424 bytes spill stores, 424 bytes spill loads

I0831 19:52:54.218438  799485 subprocess_compilation.cc:349] ptxas warning : Registers are spilled to local memory in function 'gemm_fusion_dot_15', 444 bytes spill stores, 444 bytes spill loads

I0831 19:52:55.527790  799494 subprocess_compilation.cc:349] ptxas warning : Registers are spilled to local memory in function 'gemm_fusion_dot_3', 712 bytes spill stores, 712 bytes spill loads

I0831 19:52:55.588470  799496 subprocess_compilation.cc:349] ptxas warning : Registers are spilled to local memory in function 'gemm_fusion_dot', 40 bytes spill stores, 40 bytes spill loads

I0831 19:52:55.723528  799471 subprocess_compilation.cc:349] ptxas warning : Registers are spilled to local memory in function 'gemm_fusion_dot_15', 412 bytes spill stores, 412 bytes spill loads

I0831 19:52:55.849875  799478 subprocess_compilation.cc:349] ptxas warning : Registers are spilled to local memory in function 'gemm_fusion_dot_15', 432 bytes spill stores, 432 bytes spill loads

I0831 19:52:56.189518  799482 subprocess_compilation.cc:349] ptxas warning : Registers are spilled to local memory in function 'gemm_fusion_dot_16', 72 bytes spill stores, 72 bytes spill loads

I0831 19:52:56.335586  799466 subprocess_compilation.cc:349] ptxas warning : Registers are spilled to local memory in function 'gemm_fusion_dot_15', 32 bytes spill stores, 32 bytes spill loads

[pjrt_ffi] compiled verified_mlir/cnn_train_step.mlir (@cnn_train_step, 11 outputs, 1 replica) in 10938 ms
[pjrt_ffi] compiled verified_mlir/cnn_fwd.mlir (@cnn_fwd, 1 outputs, 1 replica) in 440 ms
MNIST-CNN via the VERIFIED renderer (conv→conv→pool→512→512→10) → XLA/PJRT → GPU
  xla/pjrt verified_mlir/cnn_train_step.mlir
  xla/pjrt verified_mlir/cnn_fwd.mlir
  train 60000, test 10000; bs 128, MNIST-CNN (10 params, 3489130 floats), mean-loss SGD lr=0.100000, He init
[pjrt_ffi] RESIDENT: @cnn_train_step holds 10 parameter tensors (13.3 MB) on 1 device; they stop crossing PCIe from here
[pjrt_ffi] RESIDENT: @cnn_fwd holds 10 parameter tensors (13.3 MB) on 1 device; they stop crossing PCIe from here
  epoch 1: loss = 0.341010, test_acc = 9300/10000 = 93.000000% (1137ms)
[pjrt_ffi] RESIDENT: @cnn_fwd holds 10 parameter tensors (13.3 MB) on 1 device; they stop crossing PCIe from here
  epoch 2: loss = 0.097560, test_acc = 9761/10000 = 97.610000% (1166ms)
[pjrt_ffi] RESIDENT: @cnn_fwd holds 10 parameter tensors (13.3 MB) on 1 device; they stop crossing PCIe from here
  epoch 3: loss = 0.057977, test_acc = 9794/10000 = 97.940000% (1374ms)
[pjrt_ffi] RESIDENT: @cnn_fwd holds 10 parameter tensors (13.3 MB) on 1 device; they stop crossing PCIe from here
  epoch 4: loss = 0.039075, test_acc = 9821/10000 = 98.210000% (1021ms)
[pjrt_ffi] RESIDENT: @cnn_fwd holds 10 parameter tensors (13.3 MB) on 1 device; they stop crossing PCIe from here
  epoch 5: loss = 0.026940, test_acc = 9835/10000 = 98.350000% (1097ms)
[pjrt_ffi] RESIDENT: @cnn_fwd holds 10 parameter tensors (13.3 MB) on 1 device; they stop crossing PCIe from here
  epoch 6: loss = 0.027961, test_acc = 9851/10000 = 98.510000% (1145ms)
[pjrt_ffi] RESIDENT: @cnn_fwd holds 10 parameter tensors (13.3 MB) on 1 device; they stop crossing PCIe from here
  epoch 7: loss = 0.014672, test_acc = 9847/10000 = 98.470000% (1092ms)
[pjrt_ffi] RESIDENT: @cnn_fwd holds 10 parameter tensors (13.3 MB) on 1 device; they stop crossing PCIe from here
  epoch 8: loss = 0.009798, test_acc = 9849/10000 = 98.490000% (1482ms)
[pjrt_ffi] RESIDENT: @cnn_fwd holds 10 parameter tensors (13.3 MB) on 1 device; they stop crossing PCIe from here
  epoch 9: loss = 0.006496, test_acc = 9856/10000 = 98.560000% (1054ms)
[pjrt_ffi] RESIDENT: @cnn_fwd holds 10 parameter tensors (13.3 MB) on 1 device; they stop crossing PCIe from here
  epoch 10: loss = 0.042711, test_acc = 9848/10000 = 98.480000% (1147ms)
[pjrt_ffi] RESIDENT: @cnn_fwd holds 10 parameter tensors (13.3 MB) on 1 device; they stop crossing PCIe from here
  epoch 11: loss = 0.007710, test_acc = 9873/10000 = 98.730000% (1123ms)
[pjrt_ffi] RESIDENT: @cnn_fwd holds 10 parameter tensors (13.3 MB) on 1 device; they stop crossing PCIe from here
  epoch 12: loss = 0.004238, test_acc = 9873/10000 = 98.730000% (1113ms)
done (trained MNIST-CNN via the proof-rendered StableHLO).
