I0831 19:52:46.095052  799256 service.cc:154] XLA service 0x75d730009330 initialized for platform CUDA (this does not guarantee that XLA will be used). Devices:
I0831 19:52:46.095079  799256 service.cc:170]   StreamExecutor [0]: NVIDIA GeForce RTX 4060 Ti, Compute Capability 8.9 (Driver: 12.9.0[575.57.8]; Runtime: 12.9.0; Toolkit: 12.9.0; DNN: 9.23.2)
I0831 19:52:46.096483  799256 se_gpu_pjrt_client.cc:1342] Using BFC allocator.
I0831 19:52:46.096514  799256 gpu_helpers.cc:162] XLA backend allocating 11.68GiB (12536774656 bytes) on device 0 for BFCAllocator.
I0831 19:52:46.103811  799256 cuda_dnn.cc:440] Loaded cuDNN version 92302
[pjrt_ffi] XLA backend: PJRT 0.114, 1 device(s)
[pjrt_ffi] command buffers: enabled (CUDA default)
I0831 19:52:48.325957  799497 subprocess_compilation.cc:349] ptxas warning : Registers are spilled to local memory in function 'gemm_fusion_dot_1', 72 bytes spill stores, 72 bytes spill loads

I0831 19:52:48.330244  799522 subprocess_compilation.cc:349] ptxas warning : Registers are spilled to local memory in function 'gemm_fusion_dot_16', 296 bytes spill stores, 296 bytes spill loads

I0831 19:52:49.213385  799526 subprocess_compilation.cc:349] ptxas warning : Registers are spilled to local memory in function 'gemm_fusion_dot_16', 360 bytes spill stores, 360 bytes spill loads

I0831 19:52:49.684532  799499 subprocess_compilation.cc:349] ptxas warning : Registers are spilled to local memory in function 'gemm_fusion_dot_16', 240 bytes spill stores, 240 bytes spill loads

I0831 19:52:50.587416  799511 subprocess_compilation.cc:349] ptxas warning : Registers are spilled to local memory in function 'gemm_fusion_dot_14', 56 bytes spill stores, 56 bytes spill loads

I0831 19:52:50.770847  799507 subprocess_compilation.cc:349] ptxas warning : Registers are spilled to local memory in function 'gemm_fusion_dot_16', 224 bytes spill stores, 224 bytes spill loads

I0831 19:52:51.030007  799521 subprocess_compilation.cc:349] ptxas warning : Registers are spilled to local memory in function 'gemm_fusion_dot_16', 224 bytes spill stores, 224 bytes spill loads

I0831 19:52:51.276524  799528 subprocess_compilation.cc:349] ptxas warning : Registers are spilled to local memory in function 'gemm_fusion_dot', 40 bytes spill stores, 40 bytes spill loads

I0831 19:52:51.328443  799522 subprocess_compilation.cc:349] ptxas warning : Registers are spilled to local memory in function 'gemm_fusion_dot_16', 208 bytes spill stores, 208 bytes spill loads

I0831 19:52:51.934910  799502 subprocess_compilation.cc:349] ptxas warning : Registers are spilled to local memory in function 'gemm_fusion_dot_1', 628 bytes spill stores, 628 bytes spill loads

I0831 19:52:52.219179  799498 subprocess_compilation.cc:349] ptxas warning : Registers are spilled to local memory in function 'gemm_fusion_dot_3', 32 bytes spill stores, 32 bytes spill loads

I0831 19:52:52.285735  799527 subprocess_compilation.cc:349] ptxas warning : Registers are spilled to local memory in function 'gemm_fusion_dot_14', 8332 bytes spill stores, 8508 bytes spill loads

I0831 19:52:52.319476  799508 subprocess_compilation.cc:349] ptxas warning : Registers are spilled to local memory in function 'gemm_fusion_dot_16', 224 bytes spill stores, 224 bytes spill loads

I0831 19:52:53.048380  799524 subprocess_compilation.cc:349] ptxas warning : Registers are spilled to local memory in function 'gemm_fusion_dot_15', 344 bytes spill stores, 344 bytes spill loads

I0831 19:52:53.232420  799506 subprocess_compilation.cc:349] ptxas warning : Registers are spilled to local memory in function 'gemm_fusion_dot_15', 396 bytes spill stores, 396 bytes spill loads

I0831 19:52:53.807431  799513 subprocess_compilation.cc:349] ptxas warning : Registers are spilled to local memory in function 'gemm_fusion_dot_15', 424 bytes spill stores, 424 bytes spill loads

I0831 19:52:53.902385  799517 subprocess_compilation.cc:349] ptxas warning : Registers are spilled to local memory in function 'gemm_fusion_dot_15', 444 bytes spill stores, 444 bytes spill loads

I0831 19:52:54.590377  799500 subprocess_compilation.cc:349] ptxas warning : Registers are spilled to local memory in function 'gemm_fusion_dot_15', 256 bytes spill stores, 256 bytes spill loads

I0831 19:52:55.503279  799498 subprocess_compilation.cc:349] ptxas warning : Registers are spilled to local memory in function 'gemm_fusion_dot_3', 712 bytes spill stores, 712 bytes spill loads

I0831 19:52:55.662733  799527 subprocess_compilation.cc:349] ptxas warning : Registers are spilled to local memory in function 'gemm_fusion_dot_15', 412 bytes spill stores, 412 bytes spill loads

I0831 19:52:55.741011  799512 subprocess_compilation.cc:349] ptxas warning : Registers are spilled to local memory in function 'gemm_fusion_dot_15', 432 bytes spill stores, 432 bytes spill loads

I0831 19:52:56.181675  799514 subprocess_compilation.cc:349] ptxas warning : Registers are spilled to local memory in function 'gemm_fusion_dot_16', 72 bytes spill stores, 72 bytes spill loads

I0831 19:52:56.248395  799507 subprocess_compilation.cc:349] ptxas warning : Registers are spilled to local memory in function 'gemm_fusion_dot_15', 32 bytes spill stores, 32 bytes spill loads

[pjrt_ffi] compiled verified_mlir/cnn_train_step.mlir (@cnn_train_step, 11 outputs, 1 replica) in 10760 ms
[pjrt_ffi] compiled verified_mlir/cnn_fwd.mlir (@cnn_fwd, 1 outputs, 1 replica) in 498 ms
MNIST-CNN via the VERIFIED renderer (conv→conv→pool→512→512→10) → XLA/PJRT → GPU
  xla/pjrt verified_mlir/cnn_train_step.mlir
  xla/pjrt verified_mlir/cnn_fwd.mlir
  train 60000, test 10000; bs 128, MNIST-CNN (10 params, 3489130 floats), mean-loss SGD lr=0.100000, He init
[pjrt_ffi] RESIDENT: @cnn_train_step holds 10 parameter tensors (13.3 MB) on 1 device; they stop crossing PCIe from here
[pjrt_ffi] RESIDENT: @cnn_fwd holds 10 parameter tensors (13.3 MB) on 1 device; they stop crossing PCIe from here
  epoch 1: loss = 0.348450, test_acc = 9417/10000 = 94.170000% (1142ms)
[pjrt_ffi] RESIDENT: @cnn_fwd holds 10 parameter tensors (13.3 MB) on 1 device; they stop crossing PCIe from here
  epoch 2: loss = 0.094260, test_acc = 9736/10000 = 97.360000% (1147ms)
[pjrt_ffi] RESIDENT: @cnn_fwd holds 10 parameter tensors (13.3 MB) on 1 device; they stop crossing PCIe from here
  epoch 3: loss = 0.055955, test_acc = 9803/10000 = 98.030000% (1406ms)
[pjrt_ffi] RESIDENT: @cnn_fwd holds 10 parameter tensors (13.3 MB) on 1 device; they stop crossing PCIe from here
  epoch 4: loss = 0.037393, test_acc = 9834/10000 = 98.340000% (1072ms)
[pjrt_ffi] RESIDENT: @cnn_fwd holds 10 parameter tensors (13.3 MB) on 1 device; they stop crossing PCIe from here
  epoch 5: loss = 0.025684, test_acc = 9855/10000 = 98.550000% (1132ms)
[pjrt_ffi] RESIDENT: @cnn_fwd holds 10 parameter tensors (13.3 MB) on 1 device; they stop crossing PCIe from here
  epoch 6: loss = 0.017399, test_acc = 9852/10000 = 98.520000% (1158ms)
[pjrt_ffi] RESIDENT: @cnn_fwd holds 10 parameter tensors (13.3 MB) on 1 device; they stop crossing PCIe from here
  epoch 7: loss = 0.070530, test_acc = 9745/10000 = 97.450000% (1099ms)
[pjrt_ffi] RESIDENT: @cnn_fwd holds 10 parameter tensors (13.3 MB) on 1 device; they stop crossing PCIe from here
  epoch 8: loss = 0.026297, test_acc = 9862/10000 = 98.620000% (1476ms)
[pjrt_ffi] RESIDENT: @cnn_fwd holds 10 parameter tensors (13.3 MB) on 1 device; they stop crossing PCIe from here
  epoch 9: loss = 0.013313, test_acc = 9857/10000 = 98.570000% (1066ms)
[pjrt_ffi] RESIDENT: @cnn_fwd holds 10 parameter tensors (13.3 MB) on 1 device; they stop crossing PCIe from here
  epoch 10: loss = 0.008662, test_acc = 9873/10000 = 98.730000% (1153ms)
[pjrt_ffi] RESIDENT: @cnn_fwd holds 10 parameter tensors (13.3 MB) on 1 device; they stop crossing PCIe from here
  epoch 11: loss = 0.005364, test_acc = 9860/10000 = 98.600000% (1115ms)
[pjrt_ffi] RESIDENT: @cnn_fwd holds 10 parameter tensors (13.3 MB) on 1 device; they stop crossing PCIe from here
  epoch 12: loss = 0.038420, test_acc = 9835/10000 = 98.350000% (1091ms)
done (trained MNIST-CNN via the proof-rendered StableHLO).
