rs cifar8w ms10: 10 planes #[1, 2, 3, 4, 5, 6, 7, 12, 10, 11], 8 BN layers, train on brazil_all fold 3, 80 epochs, batch 64, lr 0.001000, label smoothing 0.000000, seed 1, dihedral augmentation
I0929 16:42:50.638407 1558780 service.cc:154] XLA service 0x77db20033910 initialized for platform CUDA (this does not guarantee that XLA will be used). Devices:
I0929 16:42:50.638458 1558780 service.cc:170]   StreamExecutor [0]: NVIDIA GeForce RTX 4060 Ti, Compute Capability 8.9 (Driver: 12.9.0[575.57.8]; Runtime: 12.9.0; Toolkit: 12.9.0; DNN: 9.23.2)
I0929 16:42:50.640002 1558780 se_gpu_pjrt_client.cc:1342] Using BFC allocator.
I0929 16:42:50.640042 1558780 gpu_helpers.cc:162] XLA backend allocating 11.68GiB (12543066112 bytes) on device 0 for BFCAllocator.
I0929 16:42:50.648248 1558780 cuda_dnn.cc:440] Loaded cuDNN version 92302
[pjrt_ffi] XLA backend: PJRT 0.114, 1 device(s)
[pjrt_ffi] command buffers: enabled (CUDA default)
I0929 16:42:51.300756 1558807 subprocess_compilation.cc:349] ptxas warning : Registers are spilled to local memory in function 'gemm_fusion_dot_1', 64 bytes spill stores, 64 bytes spill loads

I0929 16:42:51.419953 1558815 subprocess_compilation.cc:349] ptxas warning : Registers are spilled to local memory in function 'gemm_fusion_dot', 32 bytes spill stores, 32 bytes spill loads

I0929 16:42:51.482295 1558825 subprocess_compilation.cc:349] ptxas warning : Registers are spilled to local memory in function 'gemm_fusion_dot', 812 bytes spill stores, 812 bytes spill loads

I0929 16:42:51.830049 1558824 subprocess_compilation.cc:349] ptxas warning : Registers are spilled to local memory in function 'gemm_fusion_dot_1', 628 bytes spill stores, 628 bytes spill loads

[pjrt_ffi] compiled .lake/build/rs_cifar8w_ms10_fwd_eval.mlir (@forward_eval, 1 outputs, 1 replica) in 1439 ms
  569895 params (569895 by NetSpec.totalParams), 384 BN stat floats
  val brazil_all: 1399 chips × 10 planes (1148 ms)
  train brazil_all: 5665 chips (1239 ms)
I0929 16:42:55.309655 1558812 subprocess_compilation.cc:349] ptxas warning : Registers are spilled to local memory in function 'gemm_fusion_dot_2', 32 bytes spill stores, 32 bytes spill loads

I0929 16:42:55.473319 1558827 subprocess_compilation.cc:349] ptxas warning : Registers are spilled to local memory in function 'gemm_fusion_dot_2', 712 bytes spill stores, 712 bytes spill loads

[pjrt_ffi] compiled .lake/build/rs_cifar8w_ms10_train_step.mlir (@main, 107 outputs, 1 replica) in 1577 ms
    step 0: loss 3.311900 (58 ms so far)
    step 1: loss 3.018900 (73 ms so far)
    step 2: loss 2.785200 (90 ms so far)
  epoch 1/80: loss 0.710600  val acc 85.130000%  (1455 ms train, 144 ms eval)
  epoch 2/80: loss 0.331900  val acc 90.490000%  (1411 ms train, 141 ms eval)
  epoch 3/80: loss 0.270300  val acc 91.710000%  (1415 ms train, 146 ms eval)
  epoch 4/80: loss 0.234300  val acc 91.420000%  (1437 ms train, 139 ms eval)
  epoch 5/80: loss 0.215900  val acc 90.990000%  (1458 ms train, 136 ms eval)
  epoch 6/80: loss 0.225400  val acc 92.210000%  (1393 ms train, 137 ms eval)
  epoch 7/80: loss 0.192500  val acc 93.920000%  (1397 ms train, 143 ms eval)
  epoch 8/80: loss 0.186600  val acc 92.920000%  (1411 ms train, 133 ms eval)
  epoch 9/80: loss 0.187400  val acc 84.920000%  (1408 ms train, 143 ms eval)
  epoch 10/80: loss 0.183700  val acc 94.420000%  (1407 ms train, 133 ms eval)
  epoch 11/80: loss 0.174900  val acc 92.210000%  (1399 ms train, 130 ms eval)
  epoch 12/80: loss 0.177800  val acc 93.850000%  (1391 ms train, 135 ms eval)
  epoch 13/80: loss 0.157900  val acc 91.920000%  (1399 ms train, 135 ms eval)
  epoch 14/80: loss 0.159000  val acc 93.210000%  (1389 ms train, 130 ms eval)
  epoch 15/80: loss 0.166300  val acc 92.850000%  (1403 ms train, 146 ms eval)
  epoch 16/80: loss 0.154200  val acc 94.000000%  (1387 ms train, 137 ms eval)
  epoch 17/80: loss 0.144800  val acc 93.640000%  (1397 ms train, 140 ms eval)
  epoch 18/80: loss 0.142300  val acc 93.640000%  (1390 ms train, 123 ms eval)
  epoch 19/80: loss 0.140000  val acc 94.500000%  (1420 ms train, 140 ms eval)
  epoch 20/80: loss 0.137100  val acc 94.850000%  (1422 ms train, 123 ms eval)
  epoch 21/80: loss 0.141100  val acc 94.210000%  (1442 ms train, 144 ms eval)
  epoch 22/80: loss 0.132200  val acc 95.140000%  (1395 ms train, 137 ms eval)
  epoch 23/80: loss 0.134700  val acc 94.710000%  (1383 ms train, 145 ms eval)
  epoch 24/80: loss 0.127600  val acc 94.780000%  (1395 ms train, 140 ms eval)
  epoch 25/80: loss 0.126400  val acc 95.140000%  (1408 ms train, 133 ms eval)
  epoch 26/80: loss 0.141000  val acc 94.710000%  (1415 ms train, 131 ms eval)
  epoch 27/80: loss 0.134600  val acc 94.570000%  (1447 ms train, 202 ms eval)
  epoch 28/80: loss 0.123900  val acc 94.500000%  (1353 ms train, 131 ms eval)
  epoch 29/80: loss 0.127500  val acc 92.420000%  (1277 ms train, 122 ms eval)
  epoch 30/80: loss 0.117100  val acc 94.920000%  (1629 ms train, 129 ms eval)
  epoch 31/80: loss 0.120100  val acc 94.570000%  (1435 ms train, 132 ms eval)
  epoch 32/80: loss 0.119900  val acc 94.420000%  (1385 ms train, 141 ms eval)
  epoch 33/80: loss 0.112400  val acc 94.780000%  (1387 ms train, 133 ms eval)
  epoch 34/80: loss 0.109900  val acc 94.280000%  (1413 ms train, 140 ms eval)
  epoch 35/80: loss 0.113600  val acc 94.710000%  (1415 ms train, 135 ms eval)
  epoch 36/80: loss 0.109200  val acc 95.070000%  (1423 ms train, 138 ms eval)
  epoch 37/80: loss 0.106000  val acc 94.920000%  (1425 ms train, 140 ms eval)
  epoch 38/80: loss 0.099100  val acc 95.210000%  (1428 ms train, 142 ms eval)
  epoch 39/80: loss 0.105300  val acc 95.140000%  (1426 ms train, 131 ms eval)
  epoch 40/80: loss 0.095100  val acc 94.920000%  (1416 ms train, 136 ms eval)
  epoch 41/80: loss 0.098600  val acc 94.640000%  (1410 ms train, 136 ms eval)
  epoch 42/80: loss 0.092500  val acc 94.500000%  (1396 ms train, 135 ms eval)
  epoch 43/80: loss 0.094600  val acc 94.000000%  (1393 ms train, 143 ms eval)
  epoch 44/80: loss 0.089600  val acc 95.070000%  (1450 ms train, 138 ms eval)
  epoch 45/80: loss 0.090000  val acc 94.920000%  (1423 ms train, 149 ms eval)
  epoch 46/80: loss 0.088000  val acc 94.780000%  (1419 ms train, 148 ms eval)
  epoch 47/80: loss 0.083500  val acc 95.000000%  (1406 ms train, 142 ms eval)
  epoch 48/80: loss 0.086500  val acc 94.780000%  (1395 ms train, 131 ms eval)
  epoch 49/80: loss 0.083500  val acc 95.280000%  (1426 ms train, 128 ms eval)
  epoch 50/80: loss 0.085600  val acc 95.140000%  (1384 ms train, 130 ms eval)
  epoch 51/80: loss 0.083900  val acc 94.920000%  (1422 ms train, 138 ms eval)
  epoch 52/80: loss 0.081500  val acc 94.350000%  (1370 ms train, 125 ms eval)
  epoch 53/80: loss 0.071400  val acc 95.280000%  (1402 ms train, 126 ms eval)
  epoch 54/80: loss 0.074000  val acc 94.850000%  (1378 ms train, 138 ms eval)
  epoch 55/80: loss 0.076900  val acc 94.710000%  (1403 ms train, 129 ms eval)
  epoch 56/80: loss 0.070000  val acc 94.850000%  (1396 ms train, 139 ms eval)
  epoch 57/80: loss 0.070200  val acc 93.350000%  (1397 ms train, 136 ms eval)
  epoch 58/80: loss 0.066300  val acc 94.920000%  (1401 ms train, 143 ms eval)
  epoch 59/80: loss 0.063200  val acc 94.920000%  (1374 ms train, 138 ms eval)
  epoch 60/80: loss 0.064900  val acc 94.780000%  (1391 ms train, 137 ms eval)
  epoch 61/80: loss 0.057600  val acc 94.570000%  (1407 ms train, 132 ms eval)
  epoch 62/80: loss 0.060700  val acc 94.500000%  (1387 ms train, 143 ms eval)
  epoch 63/80: loss 0.060900  val acc 94.780000%  (1403 ms train, 136 ms eval)
  epoch 64/80: loss 0.056800  val acc 94.420000%  (1399 ms train, 143 ms eval)
  epoch 65/80: loss 0.055200  val acc 94.780000%  (1409 ms train, 133 ms eval)
  epoch 66/80: loss 0.055600  val acc 94.640000%  (1393 ms train, 131 ms eval)
  epoch 67/80: loss 0.056400  val acc 95.070000%  (1395 ms train, 136 ms eval)
  epoch 68/80: loss 0.055800  val acc 95.000000%  (1386 ms train, 132 ms eval)
  epoch 69/80: loss 0.053700  val acc 94.920000%  (1394 ms train, 136 ms eval)
  epoch 70/80: loss 0.052900  val acc 94.710000%  (1423 ms train, 130 ms eval)
  epoch 71/80: loss 0.050700  val acc 94.710000%  (1390 ms train, 142 ms eval)
  epoch 72/80: loss 0.051400  val acc 94.780000%  (1434 ms train, 138 ms eval)
  epoch 73/80: loss 0.051900  val acc 94.640000%  (1376 ms train, 124 ms eval)
  epoch 74/80: loss 0.048100  val acc 94.350000%  (1394 ms train, 137 ms eval)
  epoch 75/80: loss 0.046400  val acc 94.420000%  (1382 ms train, 137 ms eval)
  epoch 76/80: loss 0.048600  val acc 94.420000%  (1422 ms train, 130 ms eval)
  epoch 77/80: loss 0.049700  val acc 94.640000%  (1387 ms train, 130 ms eval)
  epoch 78/80: loss 0.047200  val acc 94.570000%  (1389 ms train, 133 ms eval)
  epoch 79/80: loss 0.047000  val acc 94.500000%  (1397 ms train, 137 ms eval)
  epoch 80/80: loss 0.048600  val acc 94.640000%  (1391 ms train, 144 ms eval)
trained: 7040 steps in 123 s
score: .venv-rs/bin/python scripts/demos/rs_score.py runs/2026-09-29-rs-phase3/rs_cifar8w_ms10_ceil_fold3_logits_<part>.bin --part <part>
rs cifar8w ms10 on brazil_all: 1399 chips, 7-way argmax accuracy 94.640000%  -> runs/2026-09-29-rs-phase3/rs_cifar8w_ms10_ceil_fold3_logits_brazil_all.bin
rs cifar8w ms10 on brazil_all: 1399 chips, 7-way argmax accuracy 94.640000%  -> runs/2026-09-29-rs-phase3/rs_cifar8w_ms10_ceil_fold3_logits_brazil_all.bin
