rs cifar8w rgb: 3 planes #[3, 2, 1], 8 BN layers, train on brazil_all fold 3, 80 epochs, batch 64, lr 0.001000, label smoothing 0.000000, seed 1, dihedral augmentation
I0929 16:30:47.736619 1542523 service.cc:154] XLA service 0x703268033910 initialized for platform CUDA (this does not guarantee that XLA will be used). Devices:
I0929 16:30:47.736666 1542523 service.cc:170]   StreamExecutor [0]: NVIDIA GeForce RTX 4060 Ti, Compute Capability 8.9 (Driver: 12.9.0[575.57.8]; Runtime: 12.9.0; Toolkit: 12.9.0; DNN: 9.23.2)
I0929 16:30:47.738985 1542523 se_gpu_pjrt_client.cc:1342] Using BFC allocator.
I0929 16:30:47.739043 1542523 gpu_helpers.cc:162] XLA backend allocating 11.68GiB (12543066112 bytes) on device 0 for BFCAllocator.
I0929 16:30:47.746273 1542523 cuda_dnn.cc:440] Loaded cuDNN version 92302
[pjrt_ffi] XLA backend: PJRT 0.114, 1 device(s)
[pjrt_ffi] command buffers: enabled (CUDA default)
I0929 16:30:48.444050 1542563 subprocess_compilation.cc:349] ptxas warning : Registers are spilled to local memory in function 'gemm_fusion_dot_1', 64 bytes spill stores, 64 bytes spill loads

I0929 16:30:48.512026 1542555 subprocess_compilation.cc:349] ptxas warning : Registers are spilled to local memory in function 'gemm_fusion_dot', 32 bytes spill stores, 32 bytes spill loads

I0929 16:30:48.745123 1542550 subprocess_compilation.cc:349] ptxas warning : Registers are spilled to local memory in function 'gemm_fusion_dot', 812 bytes spill stores, 812 bytes spill loads

I0929 16:30:48.857867 1542549 subprocess_compilation.cc:349] ptxas warning : Registers are spilled to local memory in function 'gemm_fusion_dot_1', 628 bytes spill stores, 628 bytes spill loads

[pjrt_ffi] compiled .lake/build/rs_cifar8w_rgb_fwd_eval.mlir (@forward_eval, 1 outputs, 1 replica) in 1398 ms
  568887 params (568887 by NetSpec.totalParams), 384 BN stat floats
  val brazil_all: 1399 chips × 3 planes (1235 ms)
  train brazil_all: 5665 chips (1149 ms)
I0929 16:30:52.363543 1542561 subprocess_compilation.cc:349] ptxas warning : Registers are spilled to local memory in function 'gemm_fusion_dot_2', 32 bytes spill stores, 32 bytes spill loads

I0929 16:30:52.598565 1542558 subprocess_compilation.cc:349] ptxas warning : Registers are spilled to local memory in function 'gemm_fusion_dot_2', 712 bytes spill stores, 712 bytes spill loads

[pjrt_ffi] compiled .lake/build/rs_cifar8w_rgb_train_step.mlir (@main, 107 outputs, 1 replica) in 1719 ms
    step 0: loss 2.908400 (102 ms so far)
    step 1: loss 2.722500 (141 ms so far)
    step 2: loss 2.654500 (160 ms so far)
  epoch 1/80: loss 0.663400  val acc 83.420000%  (1213 ms train, 75 ms eval)
  epoch 2/80: loss 0.328300  val acc 90.060000%  (1103 ms train, 68 ms eval)
  epoch 3/80: loss 0.277500  val acc 89.780000%  (1108 ms train, 68 ms eval)
  epoch 4/80: loss 0.271400  val acc 90.710000%  (1073 ms train, 67 ms eval)
  epoch 5/80: loss 0.260600  val acc 91.210000%  (1072 ms train, 73 ms eval)
  epoch 6/80: loss 0.242900  val acc 90.920000%  (1068 ms train, 74 ms eval)
  epoch 7/80: loss 0.231600  val acc 91.350000%  (1071 ms train, 71 ms eval)
  epoch 8/80: loss 0.235500  val acc 91.350000%  (1077 ms train, 68 ms eval)
  epoch 9/80: loss 0.222200  val acc 90.490000%  (1067 ms train, 73 ms eval)
  epoch 10/80: loss 0.241100  val acc 92.070000%  (1056 ms train, 68 ms eval)
  epoch 11/80: loss 0.212300  val acc 90.140000%  (1087 ms train, 73 ms eval)
  epoch 12/80: loss 0.222300  val acc 91.350000%  (1077 ms train, 71 ms eval)
  epoch 13/80: loss 0.207300  val acc 90.850000%  (1075 ms train, 67 ms eval)
  epoch 14/80: loss 0.203200  val acc 91.920000%  (1107 ms train, 68 ms eval)
  epoch 15/80: loss 0.200300  val acc 91.420000%  (1080 ms train, 73 ms eval)
  epoch 16/80: loss 0.200000  val acc 92.490000%  (1096 ms train, 69 ms eval)
  epoch 17/80: loss 0.185200  val acc 90.710000%  (1077 ms train, 75 ms eval)
  epoch 18/80: loss 0.186700  val acc 92.570000%  (1078 ms train, 70 ms eval)
  epoch 19/80: loss 0.185700  val acc 92.210000%  (1081 ms train, 69 ms eval)
  epoch 20/80: loss 0.177800  val acc 93.210000%  (1068 ms train, 71 ms eval)
  epoch 21/80: loss 0.170800  val acc 92.350000%  (1082 ms train, 71 ms eval)
  epoch 22/80: loss 0.180800  val acc 90.850000%  (1059 ms train, 69 ms eval)
  epoch 23/80: loss 0.174700  val acc 93.500000%  (1067 ms train, 68 ms eval)
  epoch 24/80: loss 0.168300  val acc 92.490000%  (1083 ms train, 65 ms eval)
  epoch 25/80: loss 0.155200  val acc 91.640000%  (1070 ms train, 65 ms eval)
  epoch 26/80: loss 0.165400  val acc 92.570000%  (1052 ms train, 69 ms eval)
  epoch 27/80: loss 0.159000  val acc 89.780000%  (1077 ms train, 72 ms eval)
  epoch 28/80: loss 0.152500  val acc 93.210000%  (1057 ms train, 62 ms eval)
  epoch 29/80: loss 0.156500  val acc 90.920000%  (1052 ms train, 69 ms eval)
  epoch 30/80: loss 0.151500  val acc 93.210000%  (1064 ms train, 71 ms eval)
  epoch 31/80: loss 0.146700  val acc 92.490000%  (1085 ms train, 74 ms eval)
  epoch 32/80: loss 0.148700  val acc 92.280000%  (1096 ms train, 65 ms eval)
  epoch 33/80: loss 0.145900  val acc 92.850000%  (1073 ms train, 70 ms eval)
  epoch 34/80: loss 0.148200  val acc 93.350000%  (1106 ms train, 69 ms eval)
  epoch 35/80: loss 0.145400  val acc 93.140000%  (1078 ms train, 69 ms eval)
  epoch 36/80: loss 0.138300  val acc 93.780000%  (1116 ms train, 77 ms eval)
  epoch 37/80: loss 0.133300  val acc 93.640000%  (1068 ms train, 69 ms eval)
  epoch 38/80: loss 0.130000  val acc 92.850000%  (1091 ms train, 67 ms eval)
  epoch 39/80: loss 0.121900  val acc 92.640000%  (1078 ms train, 68 ms eval)
  epoch 40/80: loss 0.124400  val acc 92.710000%  (1065 ms train, 72 ms eval)
  epoch 41/80: loss 0.120900  val acc 92.280000%  (1088 ms train, 70 ms eval)
  epoch 42/80: loss 0.124600  val acc 92.990000%  (1078 ms train, 70 ms eval)
  epoch 43/80: loss 0.113100  val acc 92.280000%  (11261 ms train, 911 ms eval)
  epoch 44/80: loss 0.115200  val acc 93.710000%  (21209 ms train, 966 ms eval)
  epoch 45/80: loss 0.113700  val acc 92.920000%  (6937 ms train, 68 ms eval)
  epoch 46/80: loss 0.112200  val acc 92.920000%  (1065 ms train, 69 ms eval)
  epoch 47/80: loss 0.104600  val acc 93.280000%  (1072 ms train, 70 ms eval)
  epoch 48/80: loss 0.102400  val acc 93.280000%  (1059 ms train, 68 ms eval)
  epoch 49/80: loss 0.102300  val acc 93.350000%  (1038 ms train, 111 ms eval)
  epoch 50/80: loss 0.108000  val acc 93.070000%  (1222 ms train, 64 ms eval)
  epoch 51/80: loss 0.099900  val acc 93.350000%  (1011 ms train, 66 ms eval)
  epoch 52/80: loss 0.091200  val acc 92.780000%  (990 ms train, 68 ms eval)
  epoch 53/80: loss 0.092700  val acc 93.210000%  (1133 ms train, 150 ms eval)
  epoch 54/80: loss 0.092700  val acc 92.780000%  (1164 ms train, 62 ms eval)
  epoch 55/80: loss 0.087300  val acc 93.420000%  (1072 ms train, 68 ms eval)
  epoch 56/80: loss 0.075600  val acc 91.640000%  (1083 ms train, 68 ms eval)
  epoch 57/80: loss 0.083100  val acc 90.920000%  (1087 ms train, 71 ms eval)
  epoch 58/80: loss 0.086100  val acc 92.920000%  (1085 ms train, 66 ms eval)
  epoch 59/80: loss 0.075800  val acc 92.280000%  (1075 ms train, 74 ms eval)
  epoch 60/80: loss 0.071300  val acc 93.350000%  (1091 ms train, 69 ms eval)
  epoch 61/80: loss 0.064900  val acc 93.780000%  (1098 ms train, 69 ms eval)
  epoch 62/80: loss 0.071100  val acc 92.490000%  (1063 ms train, 72 ms eval)
  epoch 63/80: loss 0.068700  val acc 93.280000%  (1044 ms train, 70 ms eval)
  epoch 64/80: loss 0.070900  val acc 93.920000%  (1057 ms train, 73 ms eval)
  epoch 65/80: loss 0.068400  val acc 93.570000%  (1051 ms train, 64 ms eval)
  epoch 66/80: loss 0.061300  val acc 93.420000%  (1052 ms train, 62 ms eval)
  epoch 67/80: loss 0.061100  val acc 93.640000%  (1086 ms train, 69 ms eval)
  epoch 68/80: loss 0.057500  val acc 93.570000%  (1073 ms train, 69 ms eval)
  epoch 69/80: loss 0.057400  val acc 93.640000%  (1039 ms train, 70 ms eval)
  epoch 70/80: loss 0.053100  val acc 93.210000%  (1068 ms train, 69 ms eval)
  epoch 71/80: loss 0.053300  val acc 93.570000%  (1060 ms train, 68 ms eval)
  epoch 72/80: loss 0.058500  val acc 93.280000%  (1075 ms train, 71 ms eval)
  epoch 73/80: loss 0.056800  val acc 93.640000%  (1094 ms train, 69 ms eval)
  epoch 74/80: loss 0.052500  val acc 93.780000%  (1057 ms train, 67 ms eval)
  epoch 75/80: loss 0.051000  val acc 93.350000%  (1070 ms train, 72 ms eval)
  epoch 76/80: loss 0.047200  val acc 93.500000%  (1066 ms train, 69 ms eval)
  epoch 77/80: loss 0.052200  val acc 93.500000%  (1037 ms train, 74 ms eval)
  epoch 78/80: loss 0.050500  val acc 93.350000%  (1069 ms train, 72 ms eval)
  epoch 79/80: loss 0.055200  val acc 93.500000%  (1042 ms train, 69 ms eval)
  epoch 80/80: loss 0.054000  val acc 93.280000%  (1061 ms train, 69 ms eval)
trained: 7040 steps in 129 s
score: .venv-rs/bin/python scripts/demos/rs_score.py runs/2026-09-29-rs-phase3/rs_cifar8w_rgb_ceil_fold3_logits_<part>.bin --part <part>
rs cifar8w rgb on brazil_all: 1399 chips, 7-way argmax accuracy 93.280000%  -> runs/2026-09-29-rs-phase3/rs_cifar8w_rgb_ceil_fold3_logits_brazil_all.bin
rs cifar8w rgb on brazil_all: 1399 chips, 7-way argmax accuracy 93.280000%  -> runs/2026-09-29-rs-phase3/rs_cifar8w_rgb_ceil_fold3_logits_brazil_all.bin
