rs cifar8w rgb: 3 planes #[3, 2, 1], 8 BN layers, train on brazil_all fold 3, 80 epochs, batch 64, lr 0.000100, label smoothing 0.000000, seed 1, dihedral augmentation, init runs/2026-09-29-rs-phase1/rs_cifar8w_rgb_s1
I0929 16:22:39.165184 1530981 service.cc:154] XLA service 0x7430b0033910 initialized for platform CUDA (this does not guarantee that XLA will be used). Devices:
I0929 16:22:39.165247 1530981 service.cc:170]   StreamExecutor [0]: NVIDIA GeForce RTX 4060 Ti, Compute Capability 8.9 (Driver: 12.9.0[575.57.8]; Runtime: 12.9.0; Toolkit: 12.9.0; DNN: 9.23.2)
I0929 16:22:39.166945 1530981 se_gpu_pjrt_client.cc:1342] Using BFC allocator.
I0929 16:22:39.167007 1530981 gpu_helpers.cc:162] XLA backend allocating 11.68GiB (12543066112 bytes) on device 0 for BFCAllocator.
I0929 16:22:39.174363 1530981 cuda_dnn.cc:440] Loaded cuDNN version 92302
[pjrt_ffi] XLA backend: PJRT 0.114, 1 device(s)
[pjrt_ffi] command buffers: enabled (CUDA default)
I0929 16:22:39.965530 1531030 subprocess_compilation.cc:349] ptxas warning : Registers are spilled to local memory in function 'gemm_fusion_dot_1', 64 bytes spill stores, 64 bytes spill loads

I0929 16:22:39.993734 1531024 subprocess_compilation.cc:349] ptxas warning : Registers are spilled to local memory in function 'gemm_fusion_dot', 32 bytes spill stores, 32 bytes spill loads

I0929 16:22:40.172968 1531028 subprocess_compilation.cc:349] ptxas warning : Registers are spilled to local memory in function 'gemm_fusion_dot', 812 bytes spill stores, 812 bytes spill loads

I0929 16:22:40.251077 1531009 subprocess_compilation.cc:349] ptxas warning : Registers are spilled to local memory in function 'gemm_fusion_dot_1', 628 bytes spill stores, 628 bytes spill loads

[pjrt_ffi] compiled .lake/build/rs_cifar8w_rgb_fwd_eval.mlir (@forward_eval, 1 outputs, 1 replica) in 1400 ms
  570426 params (570426 by NetSpec.totalParams), 384 BN stat floats
  val brazil_all: 1399 chips × 3 planes (1127 ms)
  init from runs/2026-09-29-rs-phase1/rs_cifar8w_rgb_s1_params.bin
  train brazil_all: 5665 chips (1174 ms)
I0929 16:22:43.897653 1531020 subprocess_compilation.cc:349] ptxas warning : Registers are spilled to local memory in function 'gemm_fusion_dot_2', 32 bytes spill stores, 32 bytes spill loads

I0929 16:22:43.952862 1531008 subprocess_compilation.cc:349] ptxas warning : Registers are spilled to local memory in function 'gemm_fusion_dot_2', 712 bytes spill stores, 712 bytes spill loads

[pjrt_ffi] compiled .lake/build/rs_cifar8w_rgb_train_step.mlir (@main, 107 outputs, 1 replica) in 1723 ms
    step 0: loss 9.729500 (43 ms so far)
    step 1: loss 9.295400 (66 ms so far)
    step 2: loss 8.498300 (79 ms so far)
  epoch 1/80: loss 5.118300  val acc 74.270000%  (1147 ms train, 69 ms eval)
  epoch 2/80: loss 0.851300  val acc 86.920000%  (1069 ms train, 69 ms eval)
  epoch 3/80: loss 0.484600  val acc 88.210000%  (1089 ms train, 68 ms eval)
  epoch 4/80: loss 0.358700  val acc 89.920000%  (1083 ms train, 67 ms eval)
  epoch 5/80: loss 0.297400  val acc 90.280000%  (1077 ms train, 68 ms eval)
  epoch 6/80: loss 0.264600  val acc 90.210000%  (1057 ms train, 72 ms eval)
  epoch 7/80: loss 0.240700  val acc 90.920000%  (1058 ms train, 69 ms eval)
  epoch 8/80: loss 0.229200  val acc 91.070000%  (1064 ms train, 71 ms eval)
  epoch 9/80: loss 0.222900  val acc 91.420000%  (1081 ms train, 74 ms eval)
  epoch 10/80: loss 0.219400  val acc 92.070000%  (1081 ms train, 73 ms eval)
  epoch 11/80: loss 0.210700  val acc 91.850000%  (1062 ms train, 72 ms eval)
  epoch 12/80: loss 0.205100  val acc 92.350000%  (1019 ms train, 66 ms eval)
  epoch 13/80: loss 0.191000  val acc 91.990000%  (1070 ms train, 67 ms eval)
  epoch 14/80: loss 0.192400  val acc 92.420000%  (1050 ms train, 67 ms eval)
  epoch 15/80: loss 0.190300  val acc 93.140000%  (1047 ms train, 70 ms eval)
  epoch 16/80: loss 0.179400  val acc 92.780000%  (1095 ms train, 71 ms eval)
  epoch 17/80: loss 0.186600  val acc 92.920000%  (1069 ms train, 75 ms eval)
  epoch 18/80: loss 0.172800  val acc 93.210000%  (1061 ms train, 72 ms eval)
  epoch 19/80: loss 0.169300  val acc 93.070000%  (1058 ms train, 70 ms eval)
  epoch 20/80: loss 0.165700  val acc 93.280000%  (1052 ms train, 68 ms eval)
  epoch 21/80: loss 0.166400  val acc 93.420000%  (1065 ms train, 75 ms eval)
  epoch 22/80: loss 0.171500  val acc 93.640000%  (1039 ms train, 68 ms eval)
  epoch 23/80: loss 0.160900  val acc 93.350000%  (1046 ms train, 68 ms eval)
  epoch 24/80: loss 0.157700  val acc 93.710000%  (1077 ms train, 68 ms eval)
  epoch 25/80: loss 0.152500  val acc 93.570000%  (1063 ms train, 71 ms eval)
  epoch 26/80: loss 0.156200  val acc 93.640000%  (1068 ms train, 70 ms eval)
  epoch 27/80: loss 0.155000  val acc 93.570000%  (1060 ms train, 69 ms eval)
  epoch 28/80: loss 0.148500  val acc 93.350000%  (1046 ms train, 68 ms eval)
  epoch 29/80: loss 0.151400  val acc 93.210000%  (1057 ms train, 71 ms eval)
  epoch 30/80: loss 0.147500  val acc 93.210000%  (1069 ms train, 73 ms eval)
  epoch 31/80: loss 0.145800  val acc 93.350000%  (1043 ms train, 69 ms eval)
  epoch 32/80: loss 0.147200  val acc 93.210000%  (1050 ms train, 76 ms eval)
  epoch 33/80: loss 0.147500  val acc 93.570000%  (1044 ms train, 62 ms eval)
  epoch 34/80: loss 0.145500  val acc 93.640000%  (1036 ms train, 73 ms eval)
  epoch 35/80: loss 0.145500  val acc 93.640000%  (1032 ms train, 72 ms eval)
  epoch 36/80: loss 0.140300  val acc 93.780000%  (1068 ms train, 68 ms eval)
  epoch 37/80: loss 0.134800  val acc 93.780000%  (1041 ms train, 70 ms eval)
  epoch 38/80: loss 0.139800  val acc 93.420000%  (1062 ms train, 71 ms eval)
  epoch 39/80: loss 0.134400  val acc 93.500000%  (1055 ms train, 76 ms eval)
  epoch 40/80: loss 0.139600  val acc 93.420000%  (1053 ms train, 70 ms eval)
  epoch 41/80: loss 0.132300  val acc 93.420000%  (1062 ms train, 71 ms eval)
  epoch 42/80: loss 0.126600  val acc 93.500000%  (1076 ms train, 68 ms eval)
  epoch 43/80: loss 0.132000  val acc 93.500000%  (1053 ms train, 69 ms eval)
  epoch 44/80: loss 0.129200  val acc 93.350000%  (1037 ms train, 67 ms eval)
  epoch 45/80: loss 0.124600  val acc 93.710000%  (1052 ms train, 68 ms eval)
  epoch 46/80: loss 0.130200  val acc 93.640000%  (991 ms train, 67 ms eval)
  epoch 47/80: loss 0.129200  val acc 93.640000%  (1026 ms train, 74 ms eval)
  epoch 48/80: loss 0.130900  val acc 93.570000%  (1074 ms train, 70 ms eval)
  epoch 49/80: loss 0.127500  val acc 93.350000%  (997 ms train, 71 ms eval)
  epoch 50/80: loss 0.127400  val acc 93.500000%  (1053 ms train, 66 ms eval)
  epoch 51/80: loss 0.125800  val acc 93.570000%  (1039 ms train, 70 ms eval)
  epoch 52/80: loss 0.123200  val acc 93.570000%  (1058 ms train, 66 ms eval)
  epoch 53/80: loss 0.126000  val acc 93.350000%  (1026 ms train, 69 ms eval)
  epoch 54/80: loss 0.125800  val acc 93.500000%  (1061 ms train, 68 ms eval)
  epoch 55/80: loss 0.124700  val acc 93.280000%  (1043 ms train, 70 ms eval)
  epoch 56/80: loss 0.117500  val acc 93.710000%  (1061 ms train, 76 ms eval)
  epoch 57/80: loss 0.125300  val acc 93.570000%  (1051 ms train, 69 ms eval)
  epoch 58/80: loss 0.123200  val acc 93.640000%  (1033 ms train, 69 ms eval)
  epoch 59/80: loss 0.120800  val acc 93.420000%  (1087 ms train, 73 ms eval)
  epoch 60/80: loss 0.121300  val acc 93.420000%  (1046 ms train, 69 ms eval)
  epoch 61/80: loss 0.122100  val acc 93.500000%  (1085 ms train, 74 ms eval)
  epoch 62/80: loss 0.122400  val acc 93.570000%  (1055 ms train, 68 ms eval)
  epoch 63/80: loss 0.117600  val acc 93.350000%  (1030 ms train, 69 ms eval)
  epoch 64/80: loss 0.122900  val acc 93.500000%  (1050 ms train, 71 ms eval)
  epoch 65/80: loss 0.119000  val acc 93.500000%  (1043 ms train, 66 ms eval)
  epoch 66/80: loss 0.116000  val acc 93.500000%  (1057 ms train, 74 ms eval)
  epoch 67/80: loss 0.117100  val acc 93.570000%  (1050 ms train, 70 ms eval)
  epoch 68/80: loss 0.119700  val acc 93.570000%  (1072 ms train, 74 ms eval)
  epoch 69/80: loss 0.120000  val acc 93.500000%  (17679 ms train, 888 ms eval)
  epoch 70/80: loss 0.120000  val acc 93.570000%  (20457 ms train, 70 ms eval)
  epoch 71/80: loss 0.122100  val acc 93.500000%  (1056 ms train, 68 ms eval)
  epoch 72/80: loss 0.123700  val acc 93.500000%  (1030 ms train, 70 ms eval)
  epoch 73/80: loss 0.122000  val acc 93.570000%  (1047 ms train, 66 ms eval)
  epoch 74/80: loss 0.119800  val acc 93.500000%  (1064 ms train, 70 ms eval)
  epoch 75/80: loss 0.115900  val acc 93.500000%  (1049 ms train, 68 ms eval)
  epoch 76/80: loss 0.115400  val acc 93.500000%  (1055 ms train, 70 ms eval)
  epoch 77/80: loss 0.123500  val acc 93.640000%  (1064 ms train, 68 ms eval)
  epoch 78/80: loss 0.120500  val acc 93.570000%  (1044 ms train, 71 ms eval)
  epoch 79/80: loss 0.121300  val acc 93.570000%  (1049 ms train, 71 ms eval)
  epoch 80/80: loss 0.120800  val acc 93.500000%  (1068 ms train, 77 ms eval)
trained: 7040 steps in 126 s
score: .venv-rs/bin/python scripts/demos/rs_score.py runs/2026-09-29-rs-phase3/rs_cifar8w_rgb_ft_fold3_logits_<part>.bin --part <part>
rs cifar8w rgb on brazil_all: 1399 chips, 10-way argmax accuracy 93.500000%  -> runs/2026-09-29-rs-phase3/rs_cifar8w_rgb_ft_fold3_logits_brazil_all.bin
rs cifar8w rgb on brazil_all: 1399 chips, 10-way argmax accuracy 93.500000%  -> runs/2026-09-29-rs-phase3/rs_cifar8w_rgb_ft_fold3_logits_brazil_all.bin
