rs cifar8w rgb: 3 planes #[3, 2, 1], 8 BN layers, train on brazil_all fold 3 (300 labels), 200 epochs, batch 64, lr 0.000100, label smoothing 0.000000, seed 1, dihedral augmentation, init runs/2026-09-29-rs-phase1/rs_cifar8w_rgb_s1
I0929 16:16:09.416812 1519951 service.cc:154] XLA service 0x749870033910 initialized for platform CUDA (this does not guarantee that XLA will be used). Devices:
I0929 16:16:09.416866 1519951 service.cc:170]   StreamExecutor [0]: NVIDIA GeForce RTX 4060 Ti, Compute Capability 8.9 (Driver: 12.9.0[575.57.8]; Runtime: 12.9.0; Toolkit: 12.9.0; DNN: 9.23.2)
I0929 16:16:09.418466 1519951 se_gpu_pjrt_client.cc:1342] Using BFC allocator.
I0929 16:16:09.418513 1519951 gpu_helpers.cc:162] XLA backend allocating 11.68GiB (12543066112 bytes) on device 0 for BFCAllocator.
I0929 16:16:09.425579 1519951 cuda_dnn.cc:440] Loaded cuDNN version 92302
[pjrt_ffi] XLA backend: PJRT 0.114, 1 device(s)
[pjrt_ffi] command buffers: enabled (CUDA default)
I0929 16:16:10.238540 1519987 subprocess_compilation.cc:349] ptxas warning : Registers are spilled to local memory in function 'gemm_fusion_dot_1', 64 bytes spill stores, 64 bytes spill loads

I0929 16:16:10.306426 1519976 subprocess_compilation.cc:349] ptxas warning : Registers are spilled to local memory in function 'gemm_fusion_dot', 32 bytes spill stores, 32 bytes spill loads

I0929 16:16:10.392822 1519994 subprocess_compilation.cc:349] ptxas warning : Registers are spilled to local memory in function 'gemm_fusion_dot', 812 bytes spill stores, 812 bytes spill loads

I0929 16:16:10.480906 1519964 subprocess_compilation.cc:349] ptxas warning : Registers are spilled to local memory in function 'gemm_fusion_dot_1', 628 bytes spill stores, 628 bytes spill loads

[pjrt_ffi] compiled .lake/build/rs_cifar8w_rgb_fwd_eval.mlir (@forward_eval, 1 outputs, 1 replica) in 1435 ms
  570426 params (570426 by NetSpec.totalParams), 384 BN stat floats
  val brazil_all: 1399 chips × 3 planes (1114 ms)
  init from runs/2026-09-29-rs-phase1/rs_cifar8w_rgb_s1_params.bin
  train brazil_all: 300 chips (945 ms)
I0929 16:16:13.953590 1519976 subprocess_compilation.cc:349] ptxas warning : Registers are spilled to local memory in function 'gemm_fusion_dot_2', 32 bytes spill stores, 32 bytes spill loads

I0929 16:16:14.038905 1519969 subprocess_compilation.cc:349] ptxas warning : Registers are spilled to local memory in function 'gemm_fusion_dot_2', 712 bytes spill stores, 712 bytes spill loads

[pjrt_ffi] compiled .lake/build/rs_cifar8w_rgb_train_step.mlir (@main, 107 outputs, 1 replica) in 1668 ms
    step 0: loss 8.469300 (39 ms so far)
    step 1: loss 8.281900 (62 ms so far)
    step 2: loss 7.735500 (73 ms so far)
  epoch 1/200: loss 7.989600  val acc 16.510000%  (86 ms train, 73 ms eval)
  epoch 2/200: loss 6.871600  val acc 16.800000%  (50 ms train, 64 ms eval)
  epoch 3/200: loss 5.822400  val acc 17.580000%  (46 ms train, 67 ms eval)
  epoch 4/200: loss 4.593400  val acc 23.230000%  (49 ms train, 67 ms eval)
  epoch 5/200: loss 3.534200  val acc 32.880000%  (50 ms train, 71 ms eval)
  epoch 6/200: loss 2.854200  val acc 42.390000%  (47 ms train, 66 ms eval)
  epoch 7/200: loss 2.389700  val acc 49.610000%  (47 ms train, 70 ms eval)
  epoch 8/200: loss 2.020700  val acc 55.470000%  (47 ms train, 68 ms eval)
  epoch 9/200: loss 1.542900  val acc 61.760000%  (56 ms train, 68 ms eval)
  epoch 10/200: loss 1.347700  val acc 68.330000%  (46 ms train, 73 ms eval)
  epoch 11/200: loss 1.281400  val acc 70.760000%  (47 ms train, 71 ms eval)
  epoch 12/200: loss 1.100100  val acc 74.910000%  (49 ms train, 71 ms eval)
  epoch 13/200: loss 0.989400  val acc 77.410000%  (45 ms train, 70 ms eval)
  epoch 14/200: loss 0.757000  val acc 78.770000%  (47 ms train, 66 ms eval)
  epoch 15/200: loss 0.808400  val acc 80.410000%  (45 ms train, 71 ms eval)
  epoch 16/200: loss 0.724700  val acc 81.560000%  (46 ms train, 65 ms eval)
  epoch 17/200: loss 0.786300  val acc 82.490000%  (47 ms train, 69 ms eval)
  epoch 18/200: loss 0.725300  val acc 82.990000%  (51 ms train, 67 ms eval)
  epoch 19/200: loss 0.630700  val acc 83.350000%  (48 ms train, 69 ms eval)
  epoch 20/200: loss 0.490200  val acc 83.850000%  (43 ms train, 65 ms eval)
  epoch 21/200: loss 0.497300  val acc 84.490000%  (47 ms train, 67 ms eval)
  epoch 22/200: loss 0.571500  val acc 84.700000%  (44 ms train, 64 ms eval)
  epoch 23/200: loss 0.455800  val acc 84.770000%  (47 ms train, 68 ms eval)
  epoch 24/200: loss 0.448700  val acc 84.990000%  (46 ms train, 71 ms eval)
  epoch 25/200: loss 0.441900  val acc 85.130000%  (48 ms train, 72 ms eval)
  epoch 26/200: loss 0.404300  val acc 85.280000%  (53 ms train, 68 ms eval)
  epoch 27/200: loss 0.453700  val acc 85.490000%  (46 ms train, 62 ms eval)
  epoch 28/200: loss 0.358600  val acc 85.780000%  (48 ms train, 70 ms eval)
  epoch 29/200: loss 0.284900  val acc 85.920000%  (46 ms train, 71 ms eval)
  epoch 30/200: loss 0.299400  val acc 85.920000%  (50 ms train, 69 ms eval)
  epoch 31/200: loss 0.388400  val acc 86.200000%  (44 ms train, 66 ms eval)
  epoch 32/200: loss 0.370000  val acc 86.420000%  (48 ms train, 68 ms eval)
  epoch 33/200: loss 0.332500  val acc 86.630000%  (48 ms train, 68 ms eval)
  epoch 34/200: loss 0.366200  val acc 86.700000%  (50 ms train, 67 ms eval)
  epoch 35/200: loss 0.312200  val acc 86.700000%  (50 ms train, 71 ms eval)
  epoch 36/200: loss 0.259200  val acc 86.920000%  (50 ms train, 69 ms eval)
  epoch 37/200: loss 0.298900  val acc 86.990000%  (47 ms train, 69 ms eval)
  epoch 38/200: loss 0.258000  val acc 87.130000%  (52 ms train, 74 ms eval)
  epoch 39/200: loss 0.273900  val acc 87.280000%  (51 ms train, 68 ms eval)
  epoch 40/200: loss 0.231300  val acc 87.280000%  (52 ms train, 72 ms eval)
  epoch 41/200: loss 0.206200  val acc 87.420000%  (49 ms train, 71 ms eval)
  epoch 42/200: loss 0.276800  val acc 87.490000%  (47 ms train, 68 ms eval)
  epoch 43/200: loss 0.207500  val acc 87.780000%  (45 ms train, 69 ms eval)
  epoch 44/200: loss 0.209900  val acc 87.920000%  (52 ms train, 66 ms eval)
  epoch 45/200: loss 0.257000  val acc 87.920000%  (46 ms train, 66 ms eval)
  epoch 46/200: loss 0.168200  val acc 87.850000%  (54 ms train, 72 ms eval)
  epoch 47/200: loss 0.246900  val acc 87.990000%  (51 ms train, 69 ms eval)
  epoch 48/200: loss 0.211400  val acc 87.920000%  (47 ms train, 68 ms eval)
  epoch 49/200: loss 0.215300  val acc 88.060000%  (50 ms train, 68 ms eval)
  epoch 50/200: loss 0.200500  val acc 88.210000%  (50 ms train, 68 ms eval)
  epoch 51/200: loss 0.177500  val acc 87.990000%  (48 ms train, 69 ms eval)
  epoch 52/200: loss 0.136300  val acc 87.990000%  (52 ms train, 70 ms eval)
  epoch 53/200: loss 0.155100  val acc 88.060000%  (51 ms train, 68 ms eval)
  epoch 54/200: loss 0.157000  val acc 87.990000%  (52 ms train, 73 ms eval)
  epoch 55/200: loss 0.194900  val acc 87.990000%  (46 ms train, 70 ms eval)
  epoch 56/200: loss 0.142500  val acc 87.850000%  (49 ms train, 71 ms eval)
  epoch 57/200: loss 0.127800  val acc 87.920000%  (51 ms train, 64 ms eval)
  epoch 58/200: loss 0.149800  val acc 88.060000%  (46 ms train, 65 ms eval)
  epoch 59/200: loss 0.222700  val acc 88.060000%  (49 ms train, 63 ms eval)
  epoch 60/200: loss 0.136200  val acc 88.350000%  (48 ms train, 70 ms eval)
  epoch 61/200: loss 0.171100  val acc 88.490000%  (50 ms train, 67 ms eval)
  epoch 62/200: loss 0.185100  val acc 88.350000%  (49 ms train, 64 ms eval)
  epoch 63/200: loss 0.148600  val acc 88.420000%  (46 ms train, 68 ms eval)
  epoch 64/200: loss 0.163900  val acc 88.350000%  (47 ms train, 69 ms eval)
  epoch 65/200: loss 0.164400  val acc 88.560000%  (49 ms train, 66 ms eval)
  epoch 66/200: loss 0.135600  val acc 88.630000%  (47 ms train, 65 ms eval)
  epoch 67/200: loss 0.137000  val acc 88.920000%  (46 ms train, 67 ms eval)
  epoch 68/200: loss 0.184900  val acc 88.780000%  (52 ms train, 67 ms eval)
  epoch 69/200: loss 0.136200  val acc 88.780000%  (45 ms train, 69 ms eval)
  epoch 70/200: loss 0.141000  val acc 88.780000%  (47 ms train, 69 ms eval)
  epoch 71/200: loss 0.161400  val acc 88.780000%  (49 ms train, 67 ms eval)
  epoch 72/200: loss 0.156100  val acc 88.780000%  (48 ms train, 72 ms eval)
  epoch 73/200: loss 0.105500  val acc 88.780000%  (49 ms train, 62 ms eval)
  epoch 74/200: loss 0.145900  val acc 88.560000%  (49 ms train, 68 ms eval)
  epoch 75/200: loss 0.138100  val acc 88.490000%  (46 ms train, 69 ms eval)
  epoch 76/200: loss 0.118500  val acc 88.560000%  (51 ms train, 70 ms eval)
  epoch 77/200: loss 0.130700  val acc 88.560000%  (49 ms train, 64 ms eval)
  epoch 78/200: loss 0.161600  val acc 88.490000%  (56 ms train, 66 ms eval)
  epoch 79/200: loss 0.121900  val acc 88.420000%  (47 ms train, 72 ms eval)
  epoch 80/200: loss 0.141100  val acc 88.420000%  (48 ms train, 72 ms eval)
  epoch 81/200: loss 0.102600  val acc 88.420000%  (51 ms train, 71 ms eval)
  epoch 82/200: loss 0.105300  val acc 88.490000%  (47 ms train, 69 ms eval)
  epoch 83/200: loss 0.133600  val acc 88.490000%  (46 ms train, 64 ms eval)
  epoch 84/200: loss 0.129300  val acc 88.420000%  (49 ms train, 65 ms eval)
  epoch 85/200: loss 0.140600  val acc 88.630000%  (45 ms train, 68 ms eval)
  epoch 86/200: loss 0.084400  val acc 88.560000%  (46 ms train, 73 ms eval)
  epoch 87/200: loss 0.123900  val acc 88.630000%  (47 ms train, 71 ms eval)
  epoch 88/200: loss 0.107200  val acc 88.630000%  (54 ms train, 67 ms eval)
  epoch 89/200: loss 0.155200  val acc 88.350000%  (53 ms train, 67 ms eval)
  epoch 90/200: loss 0.134800  val acc 88.560000%  (47 ms train, 69 ms eval)
  epoch 91/200: loss 0.122200  val acc 88.920000%  (47 ms train, 69 ms eval)
  epoch 92/200: loss 0.117700  val acc 88.630000%  (47 ms train, 71 ms eval)
  epoch 93/200: loss 0.115800  val acc 88.560000%  (52 ms train, 71 ms eval)
  epoch 94/200: loss 0.073300  val acc 88.630000%  (47 ms train, 67 ms eval)
  epoch 95/200: loss 0.127100  val acc 88.780000%  (54 ms train, 66 ms eval)
  epoch 96/200: loss 0.100300  val acc 88.780000%  (48 ms train, 67 ms eval)
  epoch 97/200: loss 0.075500  val acc 88.850000%  (48 ms train, 67 ms eval)
  epoch 98/200: loss 0.084100  val acc 89.060000%  (51 ms train, 72 ms eval)
  epoch 99/200: loss 0.087700  val acc 88.990000%  (50 ms train, 69 ms eval)
  epoch 100/200: loss 0.147200  val acc 89.350000%  (48 ms train, 69 ms eval)
  epoch 101/200: loss 0.081700  val acc 88.990000%  (48 ms train, 71 ms eval)
  epoch 102/200: loss 0.090300  val acc 89.140000%  (50 ms train, 73 ms eval)
  epoch 103/200: loss 0.147000  val acc 89.280000%  (49 ms train, 74 ms eval)
  epoch 104/200: loss 0.118400  val acc 89.210000%  (50 ms train, 69 ms eval)
  epoch 105/200: loss 0.101300  val acc 89.060000%  (46 ms train, 67 ms eval)
  epoch 106/200: loss 0.088400  val acc 89.140000%  (45 ms train, 67 ms eval)
  epoch 107/200: loss 0.114900  val acc 89.140000%  (47 ms train, 68 ms eval)
  epoch 108/200: loss 0.103900  val acc 89.140000%  (51 ms train, 77 ms eval)
  epoch 109/200: loss 0.094900  val acc 88.920000%  (47 ms train, 65 ms eval)
  epoch 110/200: loss 0.091500  val acc 89.060000%  (51 ms train, 70 ms eval)
  epoch 111/200: loss 0.124400  val acc 88.780000%  (45 ms train, 70 ms eval)
  epoch 112/200: loss 0.079200  val acc 89.140000%  (55 ms train, 68 ms eval)
  epoch 113/200: loss 0.093500  val acc 89.210000%  (48 ms train, 69 ms eval)
  epoch 114/200: loss 0.123600  val acc 89.140000%  (49 ms train, 68 ms eval)
  epoch 115/200: loss 0.113500  val acc 89.350000%  (50 ms train, 68 ms eval)
  epoch 116/200: loss 0.076800  val acc 89.560000%  (49 ms train, 65 ms eval)
  epoch 117/200: loss 0.092700  val acc 89.280000%  (46 ms train, 68 ms eval)
  epoch 118/200: loss 0.099200  val acc 89.280000%  (47 ms train, 66 ms eval)
  epoch 119/200: loss 0.099400  val acc 89.350000%  (45 ms train, 68 ms eval)
  epoch 120/200: loss 0.093000  val acc 89.640000%  (45 ms train, 73 ms eval)
  epoch 121/200: loss 0.126200  val acc 89.710000%  (50 ms train, 71 ms eval)
  epoch 122/200: loss 0.094900  val acc 89.780000%  (46 ms train, 72 ms eval)
  epoch 123/200: loss 0.107200  val acc 89.560000%  (46 ms train, 67 ms eval)
  epoch 124/200: loss 0.075400  val acc 89.640000%  (49 ms train, 70 ms eval)
  epoch 125/200: loss 0.131500  val acc 89.490000%  (45 ms train, 69 ms eval)
  epoch 126/200: loss 0.100700  val acc 89.560000%  (51 ms train, 70 ms eval)
  epoch 127/200: loss 0.093900  val acc 89.560000%  (49 ms train, 71 ms eval)
  epoch 128/200: loss 0.065700  val acc 89.420000%  (45 ms train, 73 ms eval)
  epoch 129/200: loss 0.075100  val acc 89.490000%  (51 ms train, 120 ms eval)
  epoch 130/200: loss 0.064400  val acc 89.420000%  (50 ms train, 73 ms eval)
  epoch 131/200: loss 0.086600  val acc 89.490000%  (52 ms train, 72 ms eval)
  epoch 132/200: loss 0.078500  val acc 89.560000%  (51 ms train, 68 ms eval)
  epoch 133/200: loss 0.099000  val acc 89.710000%  (59 ms train, 75 ms eval)
  epoch 134/200: loss 0.075700  val acc 89.640000%  (56 ms train, 80 ms eval)
  epoch 135/200: loss 0.096200  val acc 89.490000%  (51 ms train, 65 ms eval)
  epoch 136/200: loss 0.074300  val acc 89.780000%  (49 ms train, 72 ms eval)
  epoch 137/200: loss 0.066700  val acc 89.640000%  (63 ms train, 72 ms eval)
  epoch 138/200: loss 0.089200  val acc 89.710000%  (55 ms train, 69 ms eval)
  epoch 139/200: loss 0.067400  val acc 89.560000%  (48 ms train, 67 ms eval)
  epoch 140/200: loss 0.104400  val acc 89.350000%  (45 ms train, 62 ms eval)
  epoch 141/200: loss 0.101500  val acc 89.490000%  (47 ms train, 75 ms eval)
  epoch 142/200: loss 0.092600  val acc 89.640000%  (47 ms train, 70 ms eval)
  epoch 143/200: loss 0.084000  val acc 89.850000%  (44 ms train, 69 ms eval)
  epoch 144/200: loss 0.092400  val acc 89.710000%  (50 ms train, 66 ms eval)
  epoch 145/200: loss 0.142100  val acc 89.640000%  (49 ms train, 70 ms eval)
  epoch 146/200: loss 0.109500  val acc 89.850000%  (51 ms train, 71 ms eval)
  epoch 147/200: loss 0.090800  val acc 89.490000%  (51 ms train, 70 ms eval)
  epoch 148/200: loss 0.104800  val acc 89.420000%  (53 ms train, 69 ms eval)
  epoch 149/200: loss 0.104400  val acc 89.560000%  (52 ms train, 67 ms eval)
  epoch 150/200: loss 0.083500  val acc 89.490000%  (46 ms train, 72 ms eval)
  epoch 151/200: loss 0.103300  val acc 89.640000%  (49 ms train, 72 ms eval)
  epoch 152/200: loss 0.070400  val acc 89.560000%  (48 ms train, 70 ms eval)
  epoch 153/200: loss 0.079500  val acc 89.560000%  (49 ms train, 71 ms eval)
  epoch 154/200: loss 0.091000  val acc 89.560000%  (49 ms train, 69 ms eval)
  epoch 155/200: loss 0.144200  val acc 89.710000%  (48 ms train, 70 ms eval)
  epoch 156/200: loss 0.108800  val acc 89.640000%  (47 ms train, 68 ms eval)
  epoch 157/200: loss 0.080600  val acc 89.640000%  (46 ms train, 69 ms eval)
  epoch 158/200: loss 0.053800  val acc 89.710000%  (48 ms train, 68 ms eval)
  epoch 159/200: loss 0.068800  val acc 89.710000%  (49 ms train, 75 ms eval)
  epoch 160/200: loss 0.076700  val acc 89.710000%  (50 ms train, 71 ms eval)
  epoch 161/200: loss 0.084100  val acc 89.710000%  (48 ms train, 67 ms eval)
  epoch 162/200: loss 0.097300  val acc 89.640000%  (48 ms train, 71 ms eval)
  epoch 163/200: loss 0.080100  val acc 89.780000%  (51 ms train, 69 ms eval)
  epoch 164/200: loss 0.065400  val acc 89.850000%  (48 ms train, 70 ms eval)
  epoch 165/200: loss 0.122400  val acc 89.560000%  (51 ms train, 71 ms eval)
  epoch 166/200: loss 0.082600  val acc 89.640000%  (48 ms train, 74 ms eval)
  epoch 167/200: loss 0.088400  val acc 89.710000%  (50 ms train, 71 ms eval)
  epoch 168/200: loss 0.075000  val acc 89.780000%  (49 ms train, 71 ms eval)
  epoch 169/200: loss 0.059600  val acc 89.560000%  (50 ms train, 68 ms eval)
  epoch 170/200: loss 0.087900  val acc 89.560000%  (46 ms train, 69 ms eval)
  epoch 171/200: loss 0.077900  val acc 89.560000%  (48 ms train, 69 ms eval)
  epoch 172/200: loss 0.069200  val acc 89.490000%  (47 ms train, 69 ms eval)
  epoch 173/200: loss 0.108800  val acc 89.490000%  (50 ms train, 68 ms eval)
  epoch 174/200: loss 0.069600  val acc 89.490000%  (47 ms train, 67 ms eval)
  epoch 175/200: loss 0.057000  val acc 89.350000%  (48 ms train, 72 ms eval)
  epoch 176/200: loss 0.072000  val acc 89.350000%  (50 ms train, 66 ms eval)
  epoch 177/200: loss 0.055900  val acc 89.560000%  (51 ms train, 71 ms eval)
  epoch 178/200: loss 0.095200  val acc 89.490000%  (47 ms train, 69 ms eval)
  epoch 179/200: loss 0.059300  val acc 89.490000%  (47 ms train, 73 ms eval)
  epoch 180/200: loss 0.070800  val acc 89.560000%  (47 ms train, 71 ms eval)
  epoch 181/200: loss 0.107500  val acc 89.640000%  (50 ms train, 70 ms eval)
  epoch 182/200: loss 0.098900  val acc 89.640000%  (50 ms train, 65 ms eval)
  epoch 183/200: loss 0.127400  val acc 89.560000%  (46 ms train, 69 ms eval)
  epoch 184/200: loss 0.090400  val acc 89.490000%  (52 ms train, 67 ms eval)
  epoch 185/200: loss 0.090200  val acc 89.350000%  (50 ms train, 66 ms eval)
  epoch 186/200: loss 0.108600  val acc 89.560000%  (47 ms train, 73 ms eval)
  epoch 187/200: loss 0.084900  val acc 89.640000%  (51 ms train, 70 ms eval)
  epoch 188/200: loss 0.097400  val acc 89.490000%  (51 ms train, 67 ms eval)
  epoch 189/200: loss 0.084300  val acc 89.640000%  (50 ms train, 75 ms eval)
  epoch 190/200: loss 0.069000  val acc 89.490000%  (49 ms train, 69 ms eval)
  epoch 191/200: loss 0.076100  val acc 89.350000%  (47 ms train, 67 ms eval)
  epoch 192/200: loss 0.112900  val acc 89.350000%  (50 ms train, 68 ms eval)
  epoch 193/200: loss 0.115100  val acc 89.140000%  (49 ms train, 69 ms eval)
  epoch 194/200: loss 0.083200  val acc 89.210000%  (50 ms train, 68 ms eval)
  epoch 195/200: loss 0.100000  val acc 89.420000%  (48 ms train, 65 ms eval)
  epoch 196/200: loss 0.070200  val acc 89.280000%  (44 ms train, 69 ms eval)
  epoch 197/200: loss 0.090000  val acc 89.350000%  (49 ms train, 69 ms eval)
  epoch 198/200: loss 0.110900  val acc 89.420000%  (46 ms train, 65 ms eval)
  epoch 199/200: loss 0.066100  val acc 89.280000%  (49 ms train, 69 ms eval)
  epoch 200/200: loss 0.078900  val acc 89.350000%  (48 ms train, 63 ms eval)
trained: 800 steps in 23 s
score: .venv-rs/bin/python scripts/demos/rs_score.py runs/2026-09-29-rs-phase3/rs_cifar8w_rgb_ft_fold3_n300_logits_<part>.bin --part <part>
rs cifar8w rgb on brazil_all: 1399 chips, 10-way argmax accuracy 89.350000%  -> runs/2026-09-29-rs-phase3/rs_cifar8w_rgb_ft_fold3_n300_logits_brazil_all.bin
rs cifar8w rgb on brazil_all: 1399 chips, 10-way argmax accuracy 89.350000%  -> runs/2026-09-29-rs-phase3/rs_cifar8w_rgb_ft_fold3_n300_logits_brazil_all.bin
