1791307139.786761437	box=3060 plugin=/home/skoonce/.venv-cuda/lib/python3.12/site-packages/jax_plugins/xla_cuda13/xla_cuda_plugin.so python=/home/skoonce/.venv-cuda/bin/python3
1791307141.190247114	[sup] 2026-10-06 17:19:01 START job=cnxs-default-emabf16-4gpu devs=0,1,2,3 epochs=300 rest_after=[none] temp_max=78 stall=3600s logs=runs/2026-10-06-cnxs-default-emabf16-4gpu
1791307141.192618842	[sup] 2026-10-06 17:19:01 cmd: .lake/build/bin/convnext-s-imagenet-verified data
1791307141.194233197	[sup] 2026-10-06 17:19:01 eta: bf16 ~156 h for 300 ep on 4x 4060 Ti (mean 373 / median 372 ms/step; measured 2026-10-05, runs/2026-10-04-dimm-fan-thermal); peak 6.80 GiB of the 11.68 default (compile probe 2026-09-29)
1791307141.196250933	[sup] 2026-10-06 17:19:01 ONCE — one foreground run, no restart policy
1791307142.001808135	I1006 17:19:01.999686 2210373 service.cc:154] XLA service 0x7ab088052930 initialized for platform CUDA (this does not guarantee that XLA will be used). Devices:
1791307142.002896021	I1006 17:19:01.999710 2210373 service.cc:170]   StreamExecutor [0]: NVIDIA GeForce RTX 3060, Compute Capability 8.6 (Driver: 13.3.0[610.57.4]; Runtime: 13.3.0; Toolkit: 13.0.0; DNN: 9.24.0)
1791307142.003711015	I1006 17:19:01.999713 2210373 service.cc:170]   StreamExecutor [1]: NVIDIA GeForce RTX 3060, Compute Capability 8.6 (Driver: 13.3.0[610.57.4]; Runtime: 13.3.0; Toolkit: 13.0.0; DNN: 9.24.0)
1791307142.004502881	I1006 17:19:01.999715 2210373 service.cc:170]   StreamExecutor [2]: NVIDIA GeForce RTX 3060, Compute Capability 8.6 (Driver: 13.3.0[610.57.4]; Runtime: 13.3.0; Toolkit: 13.0.0; DNN: 9.24.0)
1791307142.006748540	I1006 17:19:01.999716 2210373 service.cc:170]   StreamExecutor [3]: NVIDIA GeForce RTX 3060, Compute Capability 8.6 (Driver: 13.3.0[610.57.4]; Runtime: 13.3.0; Toolkit: 13.0.0; DNN: 9.24.0)
1791307142.008370348	I1006 17:19:02.001591 2210373 se_gpu_pjrt_client.cc:1450] Using BFC allocator.
1791307142.009653090	I1006 17:19:02.001627 2210373 gpu_helpers.cc:162] XLA backend allocating 8.72GiB (9365880832 bytes) on device 0 for BFCAllocator.
1791307142.010449971	I1006 17:19:02.001661 2210373 gpu_helpers.cc:162] XLA backend allocating 8.72GiB (9365880832 bytes) on device 1 for BFCAllocator.
1791307142.011081108	I1006 17:19:02.001668 2210373 gpu_helpers.cc:162] XLA backend allocating 8.72GiB (9365880832 bytes) on device 2 for BFCAllocator.
1791307142.011704727	I1006 17:19:02.001675 2210373 gpu_helpers.cc:162] XLA backend allocating 8.72GiB (9365880832 bytes) on device 3 for BFCAllocator.
1791307142.012419165	[pjrt_ffi] XLA backend: PJRT 0.114, 4 device(s)
1791307142.013294825	[pjrt_ffi] command buffers: enabled (CUDA default)
1791307142.014283993	[pjrt_ffi] residency: on — parameters stay on the device between steps (default)
1791307142.177865201	I1006 17:19:02.175184 2210373 se_gpu_pjrt_compiler.cc:382] Found GPU target config and a PjRtClient with matching configuration. Performing a JIT compilation.
1791307151.524746945	I1006 17:19:11.523725 2210373 cuda_dnn.cc:442] Loaded cuDNN version 92400
1791307152.044739885	W1006 17:19:12.043597 2210437 cuda_timer.cc:88] Delay kernel timed out: measured time has sub-optimal accuracy. There may be a missing warmup execution, please investigate in Nsight Systems.
1791307153.915851590	W1006 17:19:13.913056 2210434 cuda_timer.cc:88] Delay kernel timed out: measured time has sub-optimal accuracy. There may be a missing warmup execution, please investigate in Nsight Systems.
1791307154.744633553	W1006 17:19:14.741829 2210434 cuda_timer.cc:88] Delay kernel timed out: measured time has sub-optimal accuracy. There may be a missing warmup execution, please investigate in Nsight Systems.
1791307155.743982535	I1006 17:19:15.742463 2210442 subprocess_compilation.cc:349] ptxas warning : Registers are spilled to local memory in function 'gemm_fusion_dot', 128 bytes spill stores, 128 bytes spill loads
1791307155.745073123	
1791307157.031080328	I1006 17:19:17.028198 2210423 subprocess_compilation.cc:349] ptxas warning : Registers are spilled to local memory in function 'gemm_fusion_dot_1', 124 bytes spill stores, 72 bytes spill loads
1791307157.033372972	
1791307162.047484989	I1006 17:19:22.044626 2210426 subprocess_compilation.cc:349] ptxas warning : Registers are spilled to local memory in function 'gemm_fusion_dot', 804 bytes spill stores, 548 bytes spill loads
1791307162.049913921	
1791307167.521277295	I1006 17:19:27.518550 2210436 subprocess_compilation.cc:349] ptxas warning : Registers are spilled to local memory in function 'fusion_1905', 8 bytes spill stores, 8 bytes spill loads
1791307167.525770358	
1791307167.834915834	I1006 17:19:27.833809 2210432 subprocess_compilation.cc:349] ptxas warning : Registers are spilled to local memory in function 'fusion_857', 88 bytes spill stores, 88 bytes spill loads
1791307167.835700137	
1791307168.530043613	[pjrt_ffi] compiled verified_mlir/convnextsin_emadpwxclipdropbf16_train_step.mlir (@convnextsin_emadpwxclipdropbf16_train_step, 1417 outputs, 4 replicas) in 26517 ms
1791307170.277783298	W1006 17:19:30.274973 2210432 cuda_timer.cc:88] Delay kernel timed out: measured time has sub-optimal accuracy. There may be a missing warmup execution, please investigate in Nsight Systems.
1791307170.439113395	W1006 17:19:30.436449 2210433 cuda_timer.cc:88] Delay kernel timed out: measured time has sub-optimal accuracy. There may be a missing warmup execution, please investigate in Nsight Systems.
1791307172.126164577	[pjrt_ffi] compiled verified_mlir/convnextsin_fwd.mlir (@convnextsin_fwd, 1 outputs, 4 replicas, SHARDED — outputs gathered from every replica) in 3595 ms
1791307172.152312190	ConvNeXt-Small on full 1000-class ImageNet via the VERIFIED renderer → XLA/PJRT → GPU (ConvNeXt-T deepened: stage 3 goes 9 → 27 blocks, dims unchanged at [96,192,384,768], 50.2M params)
1791307172.154247578	  xla/pjrt verified_mlir/convnextsin_emadpwxclipdropbf16_train_step.mlir
1791307172.155890306	  xla/pjrt verified_mlir/convnextsin_fwd.mlir  (eval, SHARDED over 4 replicas)
1791307172.158217156	  imagenet: val streams per pass (50,000 images at eval width 150528) — nothing is held
1791307172.159116944	  train 1281167, test 50000; bs 64, ConvNeXt-S (ImageNet-1k) emadpwxclipdropbf16 (cosine+warmup 20ep, baseLR 0.000250), He init
1791307172.159947646	  ▸ STOCHASTIC DEPTH: 36 drop sites, keeps #[1.000000, 0.989000, 0.977000, 0.966000, 0.954000, 0.943000, 0.931000, 0.920000, 0.909000, 0.897000, 0.886000, 0.874000, 0.863000, 0.851000, 0.840000, 0.829000, 0.817000, 0.806000, 0.794000, 0.783000, 0.771000, 0.760000, 0.749000, 0.737000, 0.726000, 0.714000, 0.703000, 0.691000, 0.680000, 0.669000, 0.657000, 0.646000, 0.634000, 0.623000, 0.611000, 0.600000] — host-drawn per step, 1/keep folded in, NOT on the resident path. Eval is the identity (drop-free forward).
1791307172.162198028	  ▸ EMA: region 3 of 4 [θ|m|v|ema], shadow starts AT the weights, decay min(0.999900, (1+t)/(10+t)) — TF warmup-corrected. EVAL AND CHECKPOINT SCORE THE SHADOW.
1791307172.163101871	  DATA-PARALLEL: 4 replicas x bs 64 = global batch 256, 5004 steps/epoch
1791307172.163816542	  EVAL SHARDED: 4 replicas x 64 = 256 test images per invoke, 196 invokes, last one 80 real + 176 pad
1791307173.469552043	WARNING: All log messages before absl::InitializeLog() is called are written to STDERR
1791307173.472179497	I0000 00:00:1791307173.467046 2211731 port.cc:153] oneDNN custom operations are on. You may see slightly different numerical results due to floating-point round-off errors from different computation orders. To turn them off, set the environment variable `TF_ENABLE_ONEDNN_OPTS=0`.
1791307173.498404258	I0000 00:00:1791307173.496469 2211731 cpu_feature_guard.cc:227] This TensorFlow binary is optimized to use available CPU instructions in performance-critical operations.
1791307173.501124361	To enable the following instructions: AVX2 AVX512F AVX512_VNNI AVX512_BF16 AVX512_FP16 AVX_VNNI AMX_TILE AMX_INT8 AMX_BF16 FMA, in other operations, rebuild TensorFlow with the appropriate compiler flags.
1791307174.525756764	WARNING: All log messages before absl::InitializeLog() is called are written to STDERR
1791307174.528399001	I0000 00:00:1791307174.523456 2211731 port.cc:153] oneDNN custom operations are on. You may see slightly different numerical results due to floating-point round-off errors from different computation orders. To turn them off, set the environment variable `TF_ENABLE_ONEDNN_OPTS=0`.
1791307177.157917711	WARNING: All log messages before absl::InitializeLog() is called are written to STDERR
1791307177.160480309	I0000 00:00:1791307177.155109 2211847 port.cc:153] oneDNN custom operations are on. You may see slightly different numerical results due to floating-point round-off errors from different computation orders. To turn them off, set the environment variable `TF_ENABLE_ONEDNN_OPTS=0`.
1791307177.185878338	I0000 00:00:1791307177.183408 2211847 cpu_feature_guard.cc:227] This TensorFlow binary is optimized to use available CPU instructions in performance-critical operations.
1791307177.188795471	To enable the following instructions: AVX2 AVX512F AVX512_VNNI AVX512_BF16 AVX512_FP16 AVX_VNNI AMX_TILE AMX_INT8 AMX_BF16 FMA, in other operations, rebuild TensorFlow with the appropriate compiler flags.
1791307177.802708380	I0000 00:00:1791307177.800418 2211889 tf_record_dataset_op.cc:396] The default buffer size is 262144, which is overridden by the user specified `buffer_size` of 8388608
1791307178.619092576	WARNING: All log messages before absl::InitializeLog() is called are written to STDERR
1791307178.620988961	I0000 00:00:1791307178.614671 2211847 port.cc:153] oneDNN custom operations are on. You may see slightly different numerical results due to floating-point round-off errors from different computation orders. To turn them off, set the environment variable `TF_ENABLE_ONEDNN_OPTS=0`.
1791307181.762764049	WARNING: All log messages before absl::InitializeLog() is called are written to STDERR
1791307181.764970843	I0000 00:00:1791307181.760273 2212093 port.cc:153] oneDNN custom operations are on. You may see slightly different numerical results due to floating-point round-off errors from different computation orders. To turn them off, set the environment variable `TF_ENABLE_ONEDNN_OPTS=0`.
1791307181.790571679	I0000 00:00:1791307181.788463 2212093 cpu_feature_guard.cc:227] This TensorFlow binary is optimized to use available CPU instructions in performance-critical operations.
1791307181.792939996	To enable the following instructions: AVX2 AVX512F AVX512_VNNI AVX512_BF16 AVX512_FP16 AVX_VNNI AMX_TILE AMX_INT8 AMX_BF16 FMA, in other operations, rebuild TensorFlow with the appropriate compiler flags.
1791307182.419371182	I0000 00:00:1791307182.416990 2212138 tf_record_dataset_op.cc:396] The default buffer size is 262144, which is overridden by the user specified `buffer_size` of 8388608
1791307183.228888026	WARNING: All log messages before absl::InitializeLog() is called are written to STDERR
1791307183.238362818	I0000 00:00:1791307183.224767 2212093 port.cc:153] oneDNN custom operations are on. You may see slightly different numerical results due to floating-point round-off errors from different computation orders. To turn them off, set the environment variable `TF_ENABLE_ONEDNN_OPTS=0`.
1791307186.255971832	WARNING: All log messages before absl::InitializeLog() is called are written to STDERR
1791307186.257955976	I0000 00:00:1791307186.253169 2212309 port.cc:153] oneDNN custom operations are on. You may see slightly different numerical results due to floating-point round-off errors from different computation orders. To turn them off, set the environment variable `TF_ENABLE_ONEDNN_OPTS=0`.
1791307186.282277591	I0000 00:00:1791307186.280246 2212309 cpu_feature_guard.cc:227] This TensorFlow binary is optimized to use available CPU instructions in performance-critical operations.
1791307186.284239769	To enable the following instructions: AVX2 AVX512F AVX512_VNNI AVX512_BF16 AVX512_FP16 AVX_VNNI AMX_TILE AMX_INT8 AMX_BF16 FMA, in other operations, rebuild TensorFlow with the appropriate compiler flags.
1791307186.877912608	I0000 00:00:1791307186.875733 2212351 tf_record_dataset_op.cc:396] The default buffer size is 262144, which is overridden by the user specified `buffer_size` of 8388608
1791307187.719938480	WARNING: All log messages before absl::InitializeLog() is called are written to STDERR
1791307187.723959919	I0000 00:00:1791307187.717154 2212309 port.cc:153] oneDNN custom operations are on. You may see slightly different numerical results due to floating-point round-off errors from different computation orders. To turn them off, set the environment variable `TF_ENABLE_ONEDNN_OPTS=0`.
1791307191.772262868	[pjrt_ffi] RESIDENT: @convnextsin_emadpwxclipdropbf16_train_step holds 1376 parameter tensors (766.4 MB) on 4 devices; they stop crossing PCIe from here
1791307191.833927659	I0000 00:00:1791307191.832890 2212561 tf_record_dataset_op.cc:396] The default buffer size is 262144, which is overridden by the user specified `buffer_size` of 8388608
1791307192.609511895	I1006 17:19:52.605436 2210413 cuda_dnn.cc:442] Loaded cuDNN version 92400
1791307192.612201321	I1006 17:19:52.608239 2210416 cuda_dnn.cc:442] Loaded cuDNN version 92400
1791307192.615361258	I1006 17:19:52.611055 2210409 cuda_dnn.cc:442] Loaded cuDNN version 92400
1791307195.333342195	  ▸ INIT: ConvNeXt _init_weights (σ=0.02 on every conv AND the head; biases 0, LN γ 1, LayerScale γ 1e-6)
1791307195.335827441	  ▸ MIXUP/CUTMIX: this net's recipe declares SHIM_MIX=both; ON (wire v2, soft float32 targets — the reference recipe). ⚠ λ is drawn from numpy's Generator, not jax.random — agreement with the reference is DISTRIBUTIONAL, never per-step.
1791307195.337974802	  imagenet shim: jax/.lake/build/generated_convnext_tiny_imagenet_shim.py — train split, batch 256, 150528 floats/img (seed 1), wire v4 soft targets [256x1000]
1791307195.339054481	  imagenet shim: jax/.lake/build/generated_convnext_tiny_imagenet_shim.py — train split, batch 256, 150528 floats/img (seed 2), wire v4 soft targets [256x1000]
1791307195.340005330	  imagenet shim: jax/.lake/build/generated_convnext_tiny_imagenet_shim.py — train split, batch 256, 150528 floats/img (seed 3), wire v4 soft targets [256x1000]
1791307195.341271373	  imagenet shim: jax/.lake/build/generated_convnext_tiny_imagenet_shim.py — train split, batch 256, 150528 floats/img (seed 4), wire v4 soft targets [256x1000]
1791307195.341991761	  imagenet shim: 4 sharded producers (round-robin over batches)
1791307195.342788413	  ▸ SHIM RESPAWN: one producer every 10 epoch(s), round-robin over 4 — no loader lives past 40 epochs.
1791307195.343644698	  ▸ SHIM PREFETCH: ON (depth 4 over 4 producer handle(s) — each step's read is issued before the previous step's invoke, one in flight PER HANDLE, so every producer drains during compute instead of blocking in write()). Measured 377 → 224 ms/step on R34/ImageNet 4×bs64 for depth 1. Batch buffers are allocated and freed on the main thread; the pool only fills them.
1791307195.344337589	  step 0/5004: loss=7.037853
1791307195.679558649	  step 1/5004: loss=7.128492
1791307196.028395320	  step 2/5004: loss=7.055290
1791307230.101049409	  step 100/5004: loss=7.074990
1791307264.943174705	  step 200/5004: loss=7.151201
1791307299.816677008	  step 300/5004: loss=7.103903
1791307334.659302164	  step 400/5004: loss=7.091677
1791307369.511540356	  step 500/5004: loss=7.064965
1791307404.356705656	  step 600/5004: loss=7.029606
1791307404.357886495	  PROBE: 349 ms/step (median of 400 steps 201..600, ConvNeXt-S (ImageNet-1k))
1791307404.358754300	  PROBE-SPREAD: min=345 med=349 p90=350 mean=348 ms/step (starvation wait = med-min = 4 ms)
