nqs-ising-vit-n12-w64: 100801 params, N = 12, h = 0.800000, J = 1.000000, 4000 steps, enumeration of 4096 configurations, mean-field reference, seed 1
  mean field: φ = 0.4115, E_MF = -13.920000
[pjrt_ffi] allocator: 1 create option(s), memory_fraction=0.100
I0911 23:45:14.778841 2034435 service.cc:154] XLA service 0x78c8a0028880 initialized for platform CUDA (this does not guarantee that XLA will be used). Devices:
I0911 23:45:14.778859 2034435 service.cc:170]   StreamExecutor [0]: NVIDIA GeForce RTX 4060 Ti, Compute Capability 8.9 (Driver: 12.9.0[575.57.8]; Runtime: 12.9.0; Toolkit: 12.9.0; DNN: 9.23.2)
I0911 23:45:14.781244 2034435 se_gpu_pjrt_client.cc:1342] Using BFC allocator.
I0911 23:45:14.781275 2034435 gpu_helpers.cc:162] XLA backend allocating 1.56GiB (1673527296 bytes) on device 0 for BFCAllocator.
I0911 23:45:14.789831 2034435 cuda_dnn.cc:440] Loaded cuDNN version 92302
[pjrt_ffi] XLA backend: PJRT 0.114, 1 device(s)
[pjrt_ffi] command buffers: enabled (CUDA default)
I0911 23:45:19.758922 2034774 subprocess_compilation.cc:349] ptxas warning : Registers are spilled to local memory in function 'gemm_fusion_dot_128', 8 bytes spill stores, 8 bytes spill loads

I0911 23:45:20.170858 2034765 subprocess_compilation.cc:349] ptxas warning : Registers are spilled to local memory in function 'gemm_fusion_dot_129', 112 bytes spill stores, 112 bytes spill loads

I0911 23:45:21.360695 2034791 subprocess_compilation.cc:349] ptxas warning : Registers are spilled to local memory in function 'gemm_fusion_dot_129', 876 bytes spill stores, 876 bytes spill loads

I0911 23:45:23.417598 2034791 subprocess_compilation.cc:349] ptxas warning : Registers are spilled to local memory in function 'fusion_245', 432 bytes spill stores, 440 bytes spill loads

I0911 23:45:23.575498 2034764 subprocess_compilation.cc:349] ptxas warning : Registers are spilled to local memory in function 'fusion_246', 432 bytes spill stores, 440 bytes spill loads

I0911 23:45:24.228747 2034765 subprocess_compilation.cc:349] ptxas warning : Registers are spilled to local memory in function 'fusion_248', 404 bytes spill stores, 504 bytes spill loads

I0911 23:45:24.514635 2034792 subprocess_compilation.cc:349] ptxas warning : Registers are spilled to local memory in function 'fusion_247', 404 bytes spill stores, 500 bytes spill loads

[pjrt_ffi] compiled .lake/build/nqs_ising_vit_n12_w64_train_step.mlir (@main, 115 outputs, 1 replica) in 9744 ms
[pjrt_ffi] compiled .lake/build/nqs_ising_vit_n12_w64_fwd_eval.mlir (@forward_eval, 1 outputs, 1 replica) in 502 ms
  sessions loaded
  step 0  E = -13.920000  E/N = -1.160000  Var(E_loc) = 3.07e-1  (13 ms)
  step 1000  E = -14.013434  E/N = -1.167786  Var(E_loc) = 1.08e-3  (24956 ms)
  step 2000  E = -14.013652  E/N = -1.167804  Var(E_loc) = 3.57e-4  (49976 ms)
  step 3000  E = -14.013685  E/N = -1.167807  Var(E_loc) = 2.40e-4  (74963 ms)
  step 4000  E = -14.013691  E/N = -1.167808  Var(E_loc) = 2.28e-4  (99102 ms)
trained: 4000 steps, 99108 ms
wrote .lake/build/nqs_ising_vit_n12_w64_h80_metrics.json, _curve.csv, _samples.bin, _params.bin
vit N=12 h=0.800000: E = -14.013691  E/N = -1.167808  Var(E_loc) = 2.28e-4  <sx> = 0.44401  C(N/2) = 0.77571  (4096 samples, 100801 params, 99 s)
