=== 11:29:46 [gpu2] cifar8bn fc4096 (25 ep) ===
=== 11:29:46 [gpu1] cifar8bn fc8 (25 ep) ===
=== 11:29:46 [gpu3] cifar8bn fc16 (25 ep) ===
    [gpu3] -> fc16 acc=72.060000% n=10000 CI=[71.17,72.93]
=== 11:31:20 [gpu3] cifar8bn fc1024 (25 ep) ===
    [gpu1] -> fc8 acc=70.380000% n=10000 CI=[69.48,71.27]
=== 11:31:24 [gpu1] cifar8bn fc2048 (25 ep) ===
    [gpu3] -> fc1024 acc=73.340000% n=10000 CI=[72.46,74.20]
=== 11:34:51 [gpu3] cifar8bn fc128 (25 ep) ===
    [gpu3] -> fc128 acc=73.600000% n=10000 CI=[72.73,74.45]
    [gpu1] -> fc2048 acc=73.380000% n=10000 CI=[72.50,74.24]
=== 11:38:23 [gpu1] cifar8bn fc64 (25 ep) ===
    [gpu1] -> fc64 acc=73.130000% n=10000 CI=[72.25,73.99]
=== 11:40:19 [gpu1] cifar8bn fc256 (25 ep) ===
    [gpu1] -> fc256 acc=73.660000% n=10000 CI=[72.79,74.51]
    [gpu2] -> fc4096 acc=73.070000% n=10000 CI=[72.19,73.93]
=== 11:47:48 [gpu2] cifar8bn fc32 (25 ep) ===
    [gpu2] -> fc32 acc=73.610000% n=10000 CI=[72.74,74.46]
=== 11:49:40 [gpu2] cifar8bn fc512 (25 ep) ===
    [gpu2] -> fc512 acc=74.090000% n=10000 CI=[73.22,74.94]
=== sweep done 11:52:05 ===
d	acc	n_eval	ci_lo	ci_hi	floats	ms_per_ep
8	70.380000	10000	69.48	71.27	NA	NA
16	72.060000	10000	71.17	72.93	NA	NA
32	73.610000	10000	72.74	74.46	NA	NA
64	73.130000	10000	72.25	73.99	NA	NA
128	73.600000	10000	72.73	74.45	NA	NA
256	73.660000	10000	72.79	74.51	NA	NA
512	74.090000	10000	73.22	74.94	NA	NA
1024	73.340000	10000	72.46	74.20	NA	NA
2048	73.380000	10000	72.50	74.24	NA	NA
4096	73.070000	10000	72.19	73.93	NA	NA
