  arm: scratch_noskip  (He-init control)
  artifacts: .lake/build/resnet_34___unet__brats__224_224_4_modality_mri___4_class_tumour__scratch_noskip_*
ResNet-34 → UNet (BraTS, 224×224 4-modality MRI → 4-class tumour): 22864900 params
Generating train step MLIR...
  1838490 chars
Compiling vmfbs...
  forward (cached)
  eval forward (cached)
  train step (cached)
[pjrt_ffi] XLA backend: PJRT 0.114, 1 device(s)
[pjrt_ffi] command buffers: enabled (CUDA default)
  session loaded
  train: 14415 images (200704 floats/image)
  22864900 params + m + v (261 MB)
training: 900 batches/epoch, batch=16, Adam, lr=0.001000, cosine warmup=1, label_smooth=0.000000, wd=0.000100
  BN layers: 41, BN stat floats: 18048
  step 0/900: loss=1.762749 (489ms)
  step 1/900: loss=1.746332 (225ms)
  step 2/900: loss=1.739449 (215ms)
  step 100/900: loss=0.572411 (213ms)
  step 200/900: loss=0.391505 (223ms)
  step 300/900: loss=0.287746 (212ms)
  step 400/900: loss=0.201166 (213ms)
  step 500/900: loss=0.126867 (208ms)
  step 600/900: loss=0.103791 (213ms)
  step 700/900: loss=0.073964 (208ms)
  step 800/900: loss=0.071727 (220ms)
Epoch 1/10: loss=0.287306 lr=0.001000 (213563ms)
  val mIoU: 0.477331  (per-class: c0=0.988202 c1=0.429285 c2=0.191861 c3=0.299975)
  val Dice WT: 0.795243  (inter=2876918 gt=3891438 pred=3343884)
  val Dice TC: 0.621731  (inter=729879 gt=1455542 pred=892353)
  val Dice ET: 0.461509  (inter=308927 gt=768149 pred=570621)
  ✓ new best (score 0.626161) — saved .lake/build/resnet_34___unet__brats__224_224_4_modality_mri___4_class_tumour__scratch_noskip_best_*
  step 0/900: loss=0.049443 (270ms)
  step 1/900: loss=0.056046 (210ms)
  step 2/900: loss=0.060385 (212ms)
  step 100/900: loss=0.044388 (234ms)
  step 200/900: loss=0.042946 (246ms)
  step 300/900: loss=0.041252 (272ms)
  step 400/900: loss=0.030736 (253ms)
  step 500/900: loss=0.043545 (256ms)
  step 600/900: loss=0.039677 (245ms)
  step 700/900: loss=0.039058 (232ms)
  step 800/900: loss=0.037634 (239ms)
Epoch 2/10: loss=0.044039 lr=0.000970 (213189ms)
  checkpoint: wrote .lake/build/resnet_34___unet__brats__224_224_4_modality_mri___4_class_tumour__scratch_noskip_params_e2.bin + bn_stats_e2.bin
  val mIoU: 0.569423  (per-class: c0=0.990616 c1=0.534039 c2=0.329274 c3=0.423763)
  val Dice WT: 0.847535  (inter=3264986 gt=3891438 pred=3813223)
  val Dice TC: 0.753275  (inter=996620 gt=1455542 pred=1190557)
  val Dice ET: 0.595271  (inter=426498 gt=768149 pred=664804)
  ✓ new best (score 0.732027) — saved .lake/build/resnet_34___unet__brats__224_224_4_modality_mri___4_class_tumour__scratch_noskip_best_*
  step 0/900: loss=0.035400 (256ms)
  step 1/900: loss=0.031276 (203ms)
  step 2/900: loss=0.028618 (209ms)
  step 100/900: loss=0.036712 (243ms)
  step 200/900: loss=0.029766 (234ms)
  step 300/900: loss=0.028053 (241ms)
  step 400/900: loss=0.034368 (237ms)
  step 500/900: loss=0.025437 (255ms)
  step 600/900: loss=0.048697 (234ms)
  step 700/900: loss=0.034259 (252ms)
  step 800/900: loss=0.031407 (232ms)
Epoch 3/10: loss=0.033451 lr=0.000883 (213748ms)
  val mIoU: 0.541529  (per-class: c0=0.990844 c1=0.543749 c2=0.159710 c3=0.471815)
  val Dice WT: 0.850345  (inter=3256742 gt=3891438 pred=3768372)
  val Dice TC: 0.696813  (inter=816942 gt=1455542 pred=889254)
  val Dice ET: 0.641134  (inter=486689 gt=768149 pred=750065)
  step 0/900: loss=0.031981 (258ms)
  step 1/900: loss=0.023053 (208ms)
  step 2/900: loss=0.036700 (211ms)
  step 100/900: loss=0.029199 (249ms)
  step 200/900: loss=0.038242 (253ms)
  step 300/900: loss=0.026767 (244ms)
  step 400/900: loss=0.033697 (249ms)
  step 500/900: loss=0.032847 (245ms)
  step 600/900: loss=0.029234 (231ms)
  step 700/900: loss=0.027910 (257ms)
  step 800/900: loss=0.031305 (239ms)
Epoch 4/10: loss=0.029689 lr=0.000750 (213473ms)
  checkpoint: wrote .lake/build/resnet_34___unet__brats__224_224_4_modality_mri___4_class_tumour__scratch_noskip_params_e4.bin + bn_stats_e4.bin
  val mIoU: 0.604758  (per-class: c0=0.991165 c1=0.564978 c2=0.361902 c3=0.500987)
  val Dice WT: 0.853233  (inter=3216296 gt=3891438 pred=3647641)
  val Dice TC: 0.791548  (inter=1073904 gt=1455542 pred=1257884)
  val Dice ET: 0.667544  (inter=524005 gt=768149 pred=801801)
  ✓ new best (score 0.770775) — saved .lake/build/resnet_34___unet__brats__224_224_4_modality_mri___4_class_tumour__scratch_noskip_best_*
  step 0/900: loss=0.022896 (255ms)
  step 1/900: loss=0.022834 (209ms)
  step 2/900: loss=0.029843 (207ms)
  step 100/900: loss=0.029052 (253ms)
  step 200/900: loss=0.028139 (245ms)
  step 300/900: loss=0.026719 (237ms)
  step 400/900: loss=0.027310 (232ms)
  step 500/900: loss=0.023303 (259ms)
  step 600/900: loss=0.020371 (211ms)
  step 700/900: loss=0.021601 (247ms)
  step 800/900: loss=0.022040 (234ms)
Epoch 5/10: loss=0.027323 lr=0.000587 (213655ms)
  val mIoU: 0.596902  (per-class: c0=0.991363 c1=0.548817 c2=0.324944 c3=0.522482)
  val Dice WT: 0.852876  (inter=3136961 gt=3891438 pred=3464760)
  val Dice TC: 0.808843  (inter=1161723 gt=1455542 pred=1417013)
  val Dice ET: 0.686355  (inter=618715 gt=768149 pred=1034751)
  ✓ new best (score 0.782691) — saved .lake/build/resnet_34___unet__brats__224_224_4_modality_mri___4_class_tumour__scratch_noskip_best_*
  step 0/900: loss=0.023081 (271ms)
  step 1/900: loss=0.024040 (205ms)
  step 2/900: loss=0.026712 (212ms)
  step 100/900: loss=0.028194 (244ms)
  step 200/900: loss=0.022996 (241ms)
  step 300/900: loss=0.028860 (253ms)
  step 400/900: loss=0.032694 (250ms)
  step 500/900: loss=0.026668 (239ms)
  step 600/900: loss=0.026961 (238ms)
  step 700/900: loss=0.024240 (248ms)
  step 800/900: loss=0.025580 (237ms)
Epoch 6/10: loss=0.025221 lr=0.000413 (213926ms)
  checkpoint: wrote .lake/build/resnet_34___unet__brats__224_224_4_modality_mri___4_class_tumour__scratch_noskip_params_e6.bin + bn_stats_e6.bin
  val mIoU: 0.603740  (per-class: c0=0.991524 c1=0.566471 c2=0.298598 c3=0.558370)
  val Dice WT: 0.855282  (inter=3138770 gt=3891438 pred=3448290)
  val Dice TC: 0.800263  (inter=1085152 gt=1455542 pred=1256448)
  val Dice ET: 0.716608  (inter=620374 gt=768149 pred=963270)
  ✓ new best (score 0.790718) — saved .lake/build/resnet_34___unet__brats__224_224_4_modality_mri___4_class_tumour__scratch_noskip_best_*
  step 0/900: loss=0.029614 (263ms)
  step 1/900: loss=0.022073 (211ms)
  step 2/900: loss=0.028581 (210ms)
  step 100/900: loss=0.020952 (211ms)
  step 200/900: loss=0.017978 (261ms)
  step 300/900: loss=0.015671 (218ms)
  step 400/900: loss=0.023297 (238ms)
  step 500/900: loss=0.023752 (248ms)
  step 600/900: loss=0.026543 (240ms)
  step 700/900: loss=0.020328 (234ms)
  step 800/900: loss=0.024896 (253ms)
Epoch 7/10: loss=0.023239 lr=0.000250 (214939ms)
  val mIoU: 0.626196  (per-class: c0=0.991625 c1=0.574036 c2=0.392247 c3=0.546875)
  val Dice WT: 0.857237  (inter=3150491 gt=3891438 pred=3458900)
  val Dice TC: 0.817144  (inter=1138609 gt=1455542 pred=1331261)
  val Dice ET: 0.707071  (inter=568066 gt=768149 pred=838666)
  ✓ new best (score 0.793817) — saved .lake/build/resnet_34___unet__brats__224_224_4_modality_mri___4_class_tumour__scratch_noskip_best_*
  step 0/900: loss=0.022515 (264ms)
  step 1/900: loss=0.021601 (207ms)
  step 2/900: loss=0.020251 (210ms)
  step 100/900: loss=0.026569 (204ms)
  step 200/900: loss=0.026916 (239ms)
  step 300/900: loss=0.019624 (242ms)
  step 400/900: loss=0.025475 (245ms)
  step 500/900: loss=0.027746 (216ms)
  step 600/900: loss=0.026063 (263ms)
  step 700/900: loss=0.026313 (239ms)
  step 800/900: loss=0.018830 (236ms)
Epoch 8/10: loss=0.021127 lr=0.000117 (214585ms)
  checkpoint: wrote .lake/build/resnet_34___unet__brats__224_224_4_modality_mri___4_class_tumour__scratch_noskip_params_e8.bin + bn_stats_e8.bin
  val mIoU: 0.610301  (per-class: c0=0.992060 c1=0.595440 c2=0.279566 c3=0.574136)
  val Dice WT: 0.869666  (inter=3314778 gt=3891438 pred=3731672)
  val Dice TC: 0.796270  (inter=1056637 gt=1455542 pred=1198426)
  val Dice ET: 0.729462  (inter=620553 gt=768149 pred=933251)
  ✓ new best (score 0.798466) — saved .lake/build/resnet_34___unet__brats__224_224_4_modality_mri___4_class_tumour__scratch_noskip_best_*
  step 0/900: loss=0.014586 (268ms)
  step 1/900: loss=0.020191 (217ms)
  step 2/900: loss=0.017513 (213ms)
  step 100/900: loss=0.022374 (253ms)
  step 200/900: loss=0.022992 (206ms)
  step 300/900: loss=0.019901 (259ms)
  step 400/900: loss=0.019220 (258ms)
  step 500/900: loss=0.016062 (247ms)
  step 600/900: loss=0.022062 (207ms)
  step 700/900: loss=0.020661 (254ms)
  step 800/900: loss=0.021369 (251ms)
Epoch 9/10: loss=0.019389 lr=0.000030 (214603ms)
  val mIoU: 0.629224  (per-class: c0=0.992193 c1=0.602401 c2=0.343695 c3=0.578608)
  val Dice WT: 0.871380  (inter=3309451 gt=3891438 pred=3704444)
  val Dice TC: 0.811276  (inter=1100685 gt=1455542 pred=1257923)
  val Dice ET: 0.733061  (inter=602541 gt=768149 pred=875755)
  ✓ new best (score 0.805239) — saved .lake/build/resnet_34___unet__brats__224_224_4_modality_mri___4_class_tumour__scratch_noskip_best_*
  step 0/900: loss=0.017788 (248ms)
  step 1/900: loss=0.020924 (204ms)
  step 2/900: loss=0.014446 (209ms)
  step 100/900: loss=0.016876 (212ms)
  step 200/900: loss=0.020230 (202ms)
  step 300/900: loss=0.013950 (215ms)
  step 400/900: loss=0.024008 (210ms)
  step 500/900: loss=0.018184 (222ms)
  step 600/900: loss=0.016980 (207ms)
  step 700/900: loss=0.028318 (212ms)
  step 800/900: loss=0.024726 (212ms)
Epoch 10/10: loss=0.018195 lr=0.000000 (214347ms)
  checkpoint: wrote .lake/build/resnet_34___unet__brats__224_224_4_modality_mri___4_class_tumour__scratch_noskip_params_e10.bin + bn_stats_e10.bin
  val mIoU: 0.633072  (per-class: c0=0.992192 c1=0.603277 c2=0.357910 c3=0.578910)
  val Dice WT: 0.870887  (inter=3295639 gt=3891438 pred=3677028)
  val Dice TC: 0.814034  (inter=1104817 gt=1455542 pred=1258884)
  val Dice ET: 0.733303  (inter=591476 gt=768149 pred=845034)
  ✓ new best (score 0.806075) — saved .lake/build/resnet_34___unet__brats__224_224_4_modality_mri___4_class_tumour__scratch_noskip_best_*
Saved params + BN stats.
