I0911 07:03:11.357345 1796256 service.cc:154] XLA service 0x76d540009c90 initialized for platform CUDA (this does not guarantee that XLA will be used). Devices:
I0911 07:03:11.357382 1796256 service.cc:170]   StreamExecutor [0]: NVIDIA GeForce RTX 4060 Ti, Compute Capability 8.9 (Driver: 12.9.0[575.57.8]; Runtime: 12.9.0; Toolkit: 12.9.0; DNN: 9.23.2)
I0911 07:03:11.360893 1796256 se_gpu_pjrt_client.cc:1342] Using BFC allocator.
I0911 07:03:11.360926 1796256 gpu_helpers.cc:162] XLA backend allocating 11.68GiB (12543066112 bytes) on device 0 for BFCAllocator.
I0911 07:03:11.367492 1796256 cuda_dnn.cc:440] Loaded cuDNN version 92302
[pjrt_ffi] XLA backend: PJRT 0.114, 1 device(s)
[pjrt_ffi] command buffers: enabled (CUDA default)
E0911 07:03:13.432842 1796430 cuda_timer.cc:88] Delay kernel timed out: measured time has sub-optimal accuracy. There may be a missing warmup execution, please investigate in Nsight Systems.
E0911 07:03:13.929789 1796430 cuda_timer.cc:88] Delay kernel timed out: measured time has sub-optimal accuracy. There may be a missing warmup execution, please investigate in Nsight Systems.
I0911 07:03:18.192743 1796436 subprocess_compilation.cc:349] ptxas warning : Registers are spilled to local memory in function 'gemm_fusion_dot_3', 4 bytes spill stores, 4 bytes spill loads

I0911 07:03:18.267876 1796409 subprocess_compilation.cc:349] ptxas warning : Registers are spilled to local memory in function 'gemm_fusion_dot_3', 8 bytes spill stores, 8 bytes spill loads

I0911 07:03:23.294397 1796425 subprocess_compilation.cc:349] ptxas warning : Registers are spilled to local memory in function 'input_reduce_select_fusion_12', 4 bytes spill stores, 4 bytes spill loads

I0911 07:03:23.382046 1796407 subprocess_compilation.cc:349] ptxas warning : Registers are spilled to local memory in function 'input_reduce_select_fusion_11', 28 bytes spill stores, 12 bytes spill loads

[pjrt_ffi] compiled verified_mlir/resnet34_adambf16_train_step.mlir (@resnet34_adambf16_train_step, 405 outputs, 1 replica) in 12328 ms
I0911 07:03:24.147720 1796425 subprocess_compilation.cc:349] ptxas warning : Registers are spilled to local memory in function 'gemm_fusion_dot_1', 4 bytes spill stores, 4 bytes spill loads

I0911 07:03:24.187849 1796433 subprocess_compilation.cc:349] ptxas warning : Registers are spilled to local memory in function 'gemm_fusion_dot_1', 8 bytes spill stores, 8 bytes spill loads

[pjrt_ffi] compiled verified_mlir/resnet34_fwd.mlir (@resnet34_fwd, 1 outputs, 1 replica) in 2150 ms
[pjrt_ffi] compiled verified_mlir/resnet34_fwd_eval.mlir (@resnet34_fwd_eval, 1 outputs, 1 replica) in 235 ms
════════ resnet34 ablation — arm `nocos` (bf16) ════════
Real ResNet-34 on Imagenette 224² (7×7-s2 stem→3×3-s2 overlapping max pool→[3,4,6,3] blocks w/ batch-norm, He et al. option-B 1×1 projection shortcuts, no conv biases; 56→28→14→7→GAP→dense) via the VERIFIED renderer → XLA/PJRT → GPU
  xla/pjrt verified_mlir/resnet34_adambf16_train_step.mlir
  xla/pjrt verified_mlir/resnet34_fwd.mlir
  xla/pjrt verified_mlir/resnet34_fwd_eval.mlir
  train 9469, val 3925; bs 32, ResNet-34 adambf16 (constant lr 0.001000), He init
  running-stats BN: 36 layers, 17024 stat floats → eval via @resnet34_fwd_eval
     decay 0.990000 (TF sense; = PyTorch/timm momentum 0.010000), new-batch weight 0.010000
  ▸ resuming from checkpoint at epoch 3
[pjrt_ffi] RESIDENT: @resnet34_adambf16_train_step holds 330 parameter tensors (243.6 MB) on 1 device; they stop crossing PCIe from here
  step 0/295: loss=1.228706
  step 1/295: loss=1.426608
  step 2/295: loss=1.229093
  step 100/295: loss=1.205696
  step 200/295: loss=0.970271
[pjrt_ffi] RESIDENT: @resnet34_fwd_eval holds 182 parameter tensors (81.3 MB) on 1 device; they stop crossing PCIe from here
Epoch 4/80: loss=1.270136 lr=0.001000
  epoch 4: val_acc = 2278/3925 = 58.038217%  top5 = 3590/3925 = 91.464968%  [95% CI 56.49–59.57]
  step 0/295: loss=1.110307
  step 1/295: loss=1.126415
  step 2/295: loss=0.863868
  step 100/295: loss=0.905916
  step 200/295: loss=1.487264
[pjrt_ffi] RESIDENT: @resnet34_fwd_eval holds 182 parameter tensors (81.3 MB) on 1 device; they stop crossing PCIe from here
Epoch 5/80: loss=1.185060 lr=0.001000
  epoch 5: val_acc = 2558/3925 = 65.171975%  top5 = 3649/3925 = 92.968153%  [95% CI 63.67–66.65]
  step 0/295: loss=1.025176
  step 1/295: loss=1.016641
  step 2/295: loss=1.153129
  step 100/295: loss=1.239890
  step 200/295: loss=1.061679
[pjrt_ffi] RESIDENT: @resnet34_fwd_eval holds 182 parameter tensors (81.3 MB) on 1 device; they stop crossing PCIe from here
Epoch 6/80: loss=1.132832 lr=0.001000
  epoch 6: val_acc = 1972/3925 = 50.242038%  top5 = 3600/3925 = 91.719745%  [95% CI 48.68–51.81]
  step 0/295: loss=1.195304
  step 1/295: loss=0.942591
  step 2/295: loss=1.007527
  step 100/295: loss=1.263757
  step 200/295: loss=1.197910
[pjrt_ffi] RESIDENT: @resnet34_fwd_eval holds 182 parameter tensors (81.3 MB) on 1 device; they stop crossing PCIe from here
Epoch 7/80: loss=1.075438 lr=0.001000
  epoch 7: val_acc = 2291/3925 = 58.369427%  top5 = 3503/3925 = 89.248408%  [95% CI 56.82–59.90]
  step 0/295: loss=0.936894
  step 1/295: loss=0.858005
  step 2/295: loss=0.876863
  step 100/295: loss=1.194086
  step 200/295: loss=1.089184
[pjrt_ffi] RESIDENT: @resnet34_fwd_eval holds 182 parameter tensors (81.3 MB) on 1 device; they stop crossing PCIe from here
Epoch 8/80: loss=1.053286 lr=0.001000
  epoch 8: val_acc = 2108/3925 = 53.707006%  top5 = 3431/3925 = 87.414013%  [95% CI 52.14–55.26]
  step 0/295: loss=0.957040
  step 1/295: loss=1.037939
  step 2/295: loss=0.859995
  step 100/295: loss=0.833241
  step 200/295: loss=1.036458
[pjrt_ffi] RESIDENT: @resnet34_fwd_eval holds 182 parameter tensors (81.3 MB) on 1 device; they stop crossing PCIe from here
Epoch 9/80: loss=1.018508 lr=0.001000
  epoch 9: val_acc = 2463/3925 = 62.751592%  top5 = 3636/3925 = 92.636943%  [95% CI 61.23–64.25]
  step 0/295: loss=0.974635
  step 1/295: loss=0.994893
  step 2/295: loss=0.848795
  step 100/295: loss=0.889240
  step 200/295: loss=0.699859
[pjrt_ffi] RESIDENT: @resnet34_fwd_eval holds 182 parameter tensors (81.3 MB) on 1 device; they stop crossing PCIe from here
Epoch 10/80: loss=0.992642 lr=0.001000
  epoch 10: val_acc = 2600/3925 = 66.242038%  top5 = 3720/3925 = 94.777070%  [95% CI 64.75–67.70]
  step 0/295: loss=0.715795
  step 1/295: loss=0.863717
  step 2/295: loss=1.218639
  step 100/295: loss=1.172461
  step 200/295: loss=1.165337
[pjrt_ffi] RESIDENT: @resnet34_fwd_eval holds 182 parameter tensors (81.3 MB) on 1 device; they stop crossing PCIe from here
Epoch 11/80: loss=0.971206 lr=0.001000
  epoch 11: val_acc = 2588/3925 = 65.936306%  top5 = 3708/3925 = 94.471338%  [95% CI 64.44–67.40]
  step 0/295: loss=0.899150
  step 1/295: loss=0.963258
  step 2/295: loss=0.988851
  step 100/295: loss=1.163974
  step 200/295: loss=0.925966
[pjrt_ffi] RESIDENT: @resnet34_fwd_eval holds 182 parameter tensors (81.3 MB) on 1 device; they stop crossing PCIe from here
Epoch 12/80: loss=0.939333 lr=0.001000
  epoch 12: val_acc = 2685/3925 = 68.407643%  top5 = 3715/3925 = 94.649682%  [95% CI 66.94–69.84]
  step 0/295: loss=0.881117
  step 1/295: loss=0.889931
  step 2/295: loss=0.995865
  step 100/295: loss=0.734074
  step 200/295: loss=0.886082
[pjrt_ffi] RESIDENT: @resnet34_fwd_eval holds 182 parameter tensors (81.3 MB) on 1 device; they stop crossing PCIe from here
Epoch 13/80: loss=0.919460 lr=0.001000
  epoch 13: val_acc = 2990/3925 = 76.178344%  top5 = 3801/3925 = 96.840764%  [95% CI 74.82–77.49]
  step 0/295: loss=0.852129
  step 1/295: loss=0.810587
  step 2/295: loss=0.673524
  step 100/295: loss=0.926857
  step 200/295: loss=0.933597
[pjrt_ffi] RESIDENT: @resnet34_fwd_eval holds 182 parameter tensors (81.3 MB) on 1 device; they stop crossing PCIe from here
Epoch 14/80: loss=0.911899 lr=0.001000
  epoch 14: val_acc = 3037/3925 = 77.375796%  top5 = 3804/3925 = 96.917197%  [95% CI 76.04–78.66]
  step 0/295: loss=0.949951
  step 1/295: loss=0.788892
  step 2/295: loss=0.834601
  step 100/295: loss=0.888570
  step 200/295: loss=0.911672
[pjrt_ffi] RESIDENT: @resnet34_fwd_eval holds 182 parameter tensors (81.3 MB) on 1 device; they stop crossing PCIe from here
Epoch 15/80: loss=0.885347 lr=0.001000
  epoch 15: val_acc = 2953/3925 = 75.235669%  top5 = 3767/3925 = 95.974522%  [95% CI 73.86–76.56]
  step 0/295: loss=0.884531
  step 1/295: loss=0.706897
  step 2/295: loss=0.724576
  step 100/295: loss=0.848551
  step 200/295: loss=0.885594
[pjrt_ffi] RESIDENT: @resnet34_fwd_eval holds 182 parameter tensors (81.3 MB) on 1 device; they stop crossing PCIe from here
Epoch 16/80: loss=0.869526 lr=0.001000
  epoch 16: val_acc = 2906/3925 = 74.038217%  top5 = 3787/3925 = 96.484076%  [95% CI 72.64–75.39]
  step 0/295: loss=0.987977
  step 1/295: loss=0.997735
  step 2/295: loss=0.998321
  step 100/295: loss=0.946765
  step 200/295: loss=0.696362
[pjrt_ffi] RESIDENT: @resnet34_fwd_eval holds 182 parameter tensors (81.3 MB) on 1 device; they stop crossing PCIe from here
Epoch 17/80: loss=0.862507 lr=0.001000
  epoch 17: val_acc = 2870/3925 = 73.121019%  top5 = 3788/3925 = 96.509554%  [95% CI 71.71–74.48]
  step 0/295: loss=0.874094
  step 1/295: loss=0.876955
  step 2/295: loss=0.904945
  step 100/295: loss=0.837802
  step 200/295: loss=0.947565
[pjrt_ffi] RESIDENT: @resnet34_fwd_eval holds 182 parameter tensors (81.3 MB) on 1 device; they stop crossing PCIe from here
Epoch 18/80: loss=0.842830 lr=0.001000
  epoch 18: val_acc = 2683/3925 = 68.356688%  top5 = 3677/3925 = 93.681529%  [95% CI 66.88–69.79]
  step 0/295: loss=0.999732
  step 1/295: loss=0.677373
  step 2/295: loss=0.744200
  step 100/295: loss=0.851242
  step 200/295: loss=0.705369
[pjrt_ffi] RESIDENT: @resnet34_fwd_eval holds 182 parameter tensors (81.3 MB) on 1 device; they stop crossing PCIe from here
Epoch 19/80: loss=0.835372 lr=0.001000
  epoch 19: val_acc = 3054/3925 = 77.808917%  top5 = 3805/3925 = 96.942675%  [95% CI 76.48–79.08]
  step 0/295: loss=0.862327
  step 1/295: loss=0.687755
  step 2/295: loss=0.683621
  step 100/295: loss=0.820702
  step 200/295: loss=0.723808
[pjrt_ffi] RESIDENT: @resnet34_fwd_eval holds 182 parameter tensors (81.3 MB) on 1 device; they stop crossing PCIe from here
Epoch 20/80: loss=0.799899 lr=0.001000
  epoch 20: val_acc = 2918/3925 = 74.343949%  top5 = 3800/3925 = 96.815287%  [95% CI 72.95–75.69]
  step 0/295: loss=0.631111
  step 1/295: loss=0.735050
  step 2/295: loss=0.804269
  step 100/295: loss=0.985569
  step 200/295: loss=0.743801
[pjrt_ffi] RESIDENT: @resnet34_fwd_eval holds 182 parameter tensors (81.3 MB) on 1 device; they stop crossing PCIe from here
Epoch 21/80: loss=0.793349 lr=0.001000
  epoch 21: val_acc = 2833/3925 = 72.178344%  top5 = 3755/3925 = 95.668790%  [95% CI 70.76–73.56]
  step 0/295: loss=0.832717
  step 1/295: loss=0.867301
  step 2/295: loss=0.789467
  step 100/295: loss=0.905000
  step 200/295: loss=0.901175
[pjrt_ffi] RESIDENT: @resnet34_fwd_eval holds 182 parameter tensors (81.3 MB) on 1 device; they stop crossing PCIe from here
Epoch 22/80: loss=0.781701 lr=0.001000
  epoch 22: val_acc = 3189/3925 = 81.248408%  top5 = 3832/3925 = 97.630573%  [95% CI 80.00–82.44]
  step 0/295: loss=0.595151
  step 1/295: loss=0.763523
  step 2/295: loss=0.739419
  step 100/295: loss=0.838425
  step 200/295: loss=0.854662
[pjrt_ffi] RESIDENT: @resnet34_fwd_eval holds 182 parameter tensors (81.3 MB) on 1 device; they stop crossing PCIe from here
Epoch 23/80: loss=0.757492 lr=0.001000
  epoch 23: val_acc = 3120/3925 = 79.490446%  top5 = 3806/3925 = 96.968153%  [95% CI 78.20–80.72]
  step 0/295: loss=0.779933
  step 1/295: loss=0.769803
  step 2/295: loss=0.752275
  step 100/295: loss=0.793097
  step 200/295: loss=0.781872
[pjrt_ffi] RESIDENT: @resnet34_fwd_eval holds 182 parameter tensors (81.3 MB) on 1 device; they stop crossing PCIe from here
Epoch 24/80: loss=0.755186 lr=0.001000
  epoch 24: val_acc = 3158/3925 = 80.458599%  top5 = 3836/3925 = 97.732484%  [95% CI 79.19–81.67]
  step 0/295: loss=0.726930
  step 1/295: loss=0.682358
  step 2/295: loss=0.846616
  step 100/295: loss=0.682087
  step 200/295: loss=0.590246
[pjrt_ffi] RESIDENT: @resnet34_fwd_eval holds 182 parameter tensors (81.3 MB) on 1 device; they stop crossing PCIe from here
Epoch 25/80: loss=0.743704 lr=0.001000
  epoch 25: val_acc = 3136/3925 = 79.898089%  top5 = 3837/3925 = 97.757962%  [95% CI 78.62–81.12]
  step 0/295: loss=0.811429
  step 1/295: loss=0.675708
  step 2/295: loss=0.647339
  step 100/295: loss=0.623894
  step 200/295: loss=0.627715
[pjrt_ffi] RESIDENT: @resnet34_fwd_eval holds 182 parameter tensors (81.3 MB) on 1 device; they stop crossing PCIe from here
Epoch 26/80: loss=0.732407 lr=0.001000
  epoch 26: val_acc = 3267/3925 = 83.235669%  top5 = 3838/3925 = 97.783439%  [95% CI 82.03–84.37]
  step 0/295: loss=0.656321
  step 1/295: loss=0.712400
  step 2/295: loss=0.759517
  step 100/295: loss=0.646772
  step 200/295: loss=0.673367
[pjrt_ffi] RESIDENT: @resnet34_fwd_eval holds 182 parameter tensors (81.3 MB) on 1 device; they stop crossing PCIe from here
Epoch 27/80: loss=0.709884 lr=0.001000
  epoch 27: val_acc = 3250/3925 = 82.802548%  top5 = 3838/3925 = 97.783439%  [95% CI 81.59–83.95]
  step 0/295: loss=0.641649
  step 1/295: loss=0.615694
  step 2/295: loss=0.660696
  step 100/295: loss=0.729002
  step 200/295: loss=0.679516
[pjrt_ffi] RESIDENT: @resnet34_fwd_eval holds 182 parameter tensors (81.3 MB) on 1 device; they stop crossing PCIe from here
Epoch 28/80: loss=0.703149 lr=0.001000
  epoch 28: val_acc = 3303/3925 = 84.152866%  top5 = 3821/3925 = 97.350318%  [95% CI 82.98–85.26]
  step 0/295: loss=0.610469
  step 1/295: loss=0.710206
  step 2/295: loss=0.705366
  step 100/295: loss=0.663373
  step 200/295: loss=0.636077
[pjrt_ffi] RESIDENT: @resnet34_fwd_eval holds 182 parameter tensors (81.3 MB) on 1 device; they stop crossing PCIe from here
Epoch 29/80: loss=0.703294 lr=0.001000
  epoch 29: val_acc = 3290/3925 = 83.821656%  top5 = 3835/3925 = 97.707006%  [95% CI 82.64–84.94]
  step 0/295: loss=0.654106
  step 1/295: loss=0.605471
  step 2/295: loss=0.628686
  step 100/295: loss=0.631015
  step 200/295: loss=0.799812
[pjrt_ffi] RESIDENT: @resnet34_fwd_eval holds 182 parameter tensors (81.3 MB) on 1 device; they stop crossing PCIe from here
Epoch 30/80: loss=0.673620 lr=0.001000
  epoch 30: val_acc = 3225/3925 = 82.165605%  top5 = 3814/3925 = 97.171975%  [95% CI 80.94–83.33]
  step 0/295: loss=0.706729
  step 1/295: loss=0.791798
  step 2/295: loss=0.597480
  step 100/295: loss=0.581890
  step 200/295: loss=0.668451
[pjrt_ffi] RESIDENT: @resnet34_fwd_eval holds 182 parameter tensors (81.3 MB) on 1 device; they stop crossing PCIe from here
Epoch 31/80: loss=0.665060 lr=0.001000
  epoch 31: val_acc = 3043/3925 = 77.528662%  top5 = 3771/3925 = 96.076433%  [95% CI 76.20–78.81]
  step 0/295: loss=0.658865
  step 1/295: loss=0.592302
  step 2/295: loss=0.634267
  step 100/295: loss=0.600615
  step 200/295: loss=0.666072
[pjrt_ffi] RESIDENT: @resnet34_fwd_eval holds 182 parameter tensors (81.3 MB) on 1 device; they stop crossing PCIe from here
Epoch 32/80: loss=0.662754 lr=0.001000
  epoch 32: val_acc = 3290/3925 = 83.821656%  top5 = 3819/3925 = 97.299363%  [95% CI 82.64–84.94]
  step 0/295: loss=0.583331
  step 1/295: loss=0.585442
  step 2/295: loss=0.585417
  step 100/295: loss=0.576021
  step 200/295: loss=0.618978
[pjrt_ffi] RESIDENT: @resnet34_fwd_eval holds 182 parameter tensors (81.3 MB) on 1 device; they stop crossing PCIe from here
Epoch 33/80: loss=0.655921 lr=0.001000
  epoch 33: val_acc = 3227/3925 = 82.216561%  top5 = 3811/3925 = 97.095541%  [95% CI 80.99–83.38]
  step 0/295: loss=0.701189
  step 1/295: loss=0.583003
  step 2/295: loss=0.665904
  step 100/295: loss=0.574333
  step 200/295: loss=0.609594
[pjrt_ffi] RESIDENT: @resnet34_fwd_eval holds 182 parameter tensors (81.3 MB) on 1 device; they stop crossing PCIe from here
Epoch 34/80: loss=0.638738 lr=0.001000
  epoch 34: val_acc = 3052/3925 = 77.757962%  top5 = 3799/3925 = 96.789809%  [95% CI 76.43–79.03]
  step 0/295: loss=0.620566
  step 1/295: loss=0.646791
  step 2/295: loss=0.575341
  step 100/295: loss=0.660084
  step 200/295: loss=0.608295
[pjrt_ffi] RESIDENT: @resnet34_fwd_eval holds 182 parameter tensors (81.3 MB) on 1 device; they stop crossing PCIe from here
Epoch 35/80: loss=0.635579 lr=0.001000
  epoch 35: val_acc = 3332/3925 = 84.891720%  top5 = 3843/3925 = 97.910828%  [95% CI 83.74–85.98]
  step 0/295: loss=0.724985
  step 1/295: loss=0.526203
  step 2/295: loss=0.627491
  step 100/295: loss=0.569493
  step 200/295: loss=0.696318
[pjrt_ffi] RESIDENT: @resnet34_fwd_eval holds 182 parameter tensors (81.3 MB) on 1 device; they stop crossing PCIe from here
Epoch 36/80: loss=0.624980 lr=0.001000
  epoch 36: val_acc = 3201/3925 = 81.554140%  top5 = 3810/3925 = 97.070064%  [95% CI 80.31–82.74]
  step 0/295: loss=0.664923
  step 1/295: loss=0.555770
  step 2/295: loss=0.635174
  step 100/295: loss=0.582792
  step 200/295: loss=0.564032
[pjrt_ffi] RESIDENT: @resnet34_fwd_eval holds 182 parameter tensors (81.3 MB) on 1 device; they stop crossing PCIe from here
Epoch 37/80: loss=0.616980 lr=0.001000
  epoch 37: val_acc = 3314/3925 = 84.433121%  top5 = 3835/3925 = 97.707006%  [95% CI 83.27–85.53]
  step 0/295: loss=0.555439
  step 1/295: loss=0.637698
  step 2/295: loss=0.661791
  step 100/295: loss=0.535639
  step 200/295: loss=0.531070
[pjrt_ffi] RESIDENT: @resnet34_fwd_eval holds 182 parameter tensors (81.3 MB) on 1 device; they stop crossing PCIe from here
Epoch 38/80: loss=0.613471 lr=0.001000
  epoch 38: val_acc = 3351/3925 = 85.375796%  top5 = 3846/3925 = 97.987261%  [95% CI 84.24–86.45]
  step 0/295: loss=0.575635
  step 1/295: loss=0.605847
  step 2/295: loss=0.540269
  step 100/295: loss=0.535020
  step 200/295: loss=0.660048
[pjrt_ffi] RESIDENT: @resnet34_fwd_eval holds 182 parameter tensors (81.3 MB) on 1 device; they stop crossing PCIe from here
Epoch 39/80: loss=0.604658 lr=0.001000
  epoch 39: val_acc = 3299/3925 = 84.050955%  top5 = 3849/3925 = 98.063694%  [95% CI 82.87–85.16]
  step 0/295: loss=0.607959
  step 1/295: loss=0.622116
  step 2/295: loss=0.547318
  step 100/295: loss=0.611035
  step 200/295: loss=0.587975
[pjrt_ffi] RESIDENT: @resnet34_fwd_eval holds 182 parameter tensors (81.3 MB) on 1 device; they stop crossing PCIe from here
Epoch 40/80: loss=0.599291 lr=0.001000
  epoch 40: val_acc = 3196/3925 = 81.426752%  top5 = 3805/3925 = 96.942675%  [95% CI 80.18–82.61]
  step 0/295: loss=0.541800
  step 1/295: loss=0.568574
  step 2/295: loss=0.631669
  step 100/295: loss=0.562520
  step 200/295: loss=0.563559
[pjrt_ffi] RESIDENT: @resnet34_fwd_eval holds 182 parameter tensors (81.3 MB) on 1 device; they stop crossing PCIe from here
Epoch 41/80: loss=0.599511 lr=0.001000
  epoch 41: val_acc = 3139/3925 = 79.974522%  top5 = 3801/3925 = 96.840764%  [95% CI 78.69–81.20]
  step 0/295: loss=0.573976
  step 1/295: loss=0.580626
  step 2/295: loss=0.570284
  step 100/295: loss=0.603491
  step 200/295: loss=0.622627
[pjrt_ffi] RESIDENT: @resnet34_fwd_eval holds 182 parameter tensors (81.3 MB) on 1 device; they stop crossing PCIe from here
Epoch 42/80: loss=0.599370 lr=0.001000
  epoch 42: val_acc = 3229/3925 = 82.267516%  top5 = 3834/3925 = 97.681529%  [95% CI 81.04–83.43]
  step 0/295: loss=0.624404
  step 1/295: loss=0.556889
  step 2/295: loss=0.589131
  step 100/295: loss=0.569119
  step 200/295: loss=0.635377
[pjrt_ffi] RESIDENT: @resnet34_fwd_eval holds 182 parameter tensors (81.3 MB) on 1 device; they stop crossing PCIe from here
Epoch 43/80: loss=0.578215 lr=0.001000
  epoch 43: val_acc = 3214/3925 = 81.885350%  top5 = 3812/3925 = 97.121019%  [95% CI 80.65–83.06]
  step 0/295: loss=0.560298
  step 1/295: loss=0.580088
  step 2/295: loss=0.582555
  step 100/295: loss=0.622600
  step 200/295: loss=0.595835
[pjrt_ffi] RESIDENT: @resnet34_fwd_eval holds 182 parameter tensors (81.3 MB) on 1 device; they stop crossing PCIe from here
Epoch 44/80: loss=0.586275 lr=0.001000
  epoch 44: val_acc = 3311/3925 = 84.356688%  top5 = 3819/3925 = 97.299363%  [95% CI 83.19–85.46]
  step 0/295: loss=0.641438
  step 1/295: loss=0.612162
  step 2/295: loss=0.551183
  step 100/295: loss=0.548550
  step 200/295: loss=0.547239
[pjrt_ffi] RESIDENT: @resnet34_fwd_eval holds 182 parameter tensors (81.3 MB) on 1 device; they stop crossing PCIe from here
Epoch 45/80: loss=0.568725 lr=0.001000
  epoch 45: val_acc = 3352/3925 = 85.401274%  top5 = 3823/3925 = 97.401274%  [95% CI 84.26–86.47]
  step 0/295: loss=0.597833
  step 1/295: loss=0.545882
  step 2/295: loss=0.519385
  step 100/295: loss=0.564657
  step 200/295: loss=0.619017
[pjrt_ffi] RESIDENT: @resnet34_fwd_eval holds 182 parameter tensors (81.3 MB) on 1 device; they stop crossing PCIe from here
Epoch 46/80: loss=0.574266 lr=0.001000
  epoch 46: val_acc = 3313/3925 = 84.407643%  top5 = 3826/3925 = 97.477707%  [95% CI 83.24–85.51]
  step 0/295: loss=0.575276
  step 1/295: loss=0.531118
  step 2/295: loss=0.540720
  step 100/295: loss=0.521047
  step 200/295: loss=0.558297
[pjrt_ffi] RESIDENT: @resnet34_fwd_eval holds 182 parameter tensors (81.3 MB) on 1 device; they stop crossing PCIe from here
Epoch 47/80: loss=0.575791 lr=0.001000
  epoch 47: val_acc = 3168/3925 = 80.713376%  top5 = 3812/3925 = 97.121019%  [95% CI 79.45–81.92]
  step 0/295: loss=0.534563
  step 1/295: loss=0.523599
  step 2/295: loss=0.546481
  step 100/295: loss=0.560026
  step 200/295: loss=0.543848
[pjrt_ffi] RESIDENT: @resnet34_fwd_eval holds 182 parameter tensors (81.3 MB) on 1 device; they stop crossing PCIe from here
Epoch 48/80: loss=0.574595 lr=0.001000
  epoch 48: val_acc = 3291/3925 = 83.847134%  top5 = 3849/3925 = 98.063694%  [95% CI 82.66–84.97]
  step 0/295: loss=0.543076
  step 1/295: loss=0.569784
  step 2/295: loss=0.557820
  step 100/295: loss=0.619727
  step 200/295: loss=0.535088
[pjrt_ffi] RESIDENT: @resnet34_fwd_eval holds 182 parameter tensors (81.3 MB) on 1 device; they stop crossing PCIe from here
Epoch 49/80: loss=0.568729 lr=0.001000
  epoch 49: val_acc = 3353/3925 = 85.426752%  top5 = 3832/3925 = 97.630573%  [95% CI 84.29–86.50]
  step 0/295: loss=0.522566
  step 1/295: loss=0.609742
  step 2/295: loss=0.522526
  step 100/295: loss=0.528015
  step 200/295: loss=0.615224
[pjrt_ffi] RESIDENT: @resnet34_fwd_eval holds 182 parameter tensors (81.3 MB) on 1 device; they stop crossing PCIe from here
Epoch 50/80: loss=0.555989 lr=0.001000
  epoch 50: val_acc = 3373/3925 = 85.936306%  top5 = 3829/3925 = 97.554140%  [95% CI 84.81–86.99]
  step 0/295: loss=0.560219
  step 1/295: loss=0.546132
  step 2/295: loss=0.528204
  step 100/295: loss=0.561784
  step 200/295: loss=0.559655
[pjrt_ffi] RESIDENT: @resnet34_fwd_eval holds 182 parameter tensors (81.3 MB) on 1 device; they stop crossing PCIe from here
Epoch 51/80: loss=0.563500 lr=0.001000
  epoch 51: val_acc = 3423/3925 = 87.210191%  top5 = 3849/3925 = 98.063694%  [95% CI 86.13–88.22]
  step 0/295: loss=0.522019
  step 1/295: loss=0.518354
  step 2/295: loss=0.518872
  step 100/295: loss=0.516462
  step 200/295: loss=0.531663
[pjrt_ffi] RESIDENT: @resnet34_fwd_eval holds 182 parameter tensors (81.3 MB) on 1 device; they stop crossing PCIe from here
Epoch 52/80: loss=0.551733 lr=0.001000
  epoch 52: val_acc = 3335/3925 = 84.968153%  top5 = 3819/3925 = 97.299363%  [95% CI 83.82–86.05]
  step 0/295: loss=0.557604
  step 1/295: loss=0.521591
  step 2/295: loss=0.582027
  step 100/295: loss=0.520396
  step 200/295: loss=0.569391
[pjrt_ffi] RESIDENT: @resnet34_fwd_eval holds 182 parameter tensors (81.3 MB) on 1 device; they stop crossing PCIe from here
Epoch 53/80: loss=0.548390 lr=0.001000
  epoch 53: val_acc = 3375/3925 = 85.987261%  top5 = 3826/3925 = 97.477707%  [95% CI 84.87–87.04]
  step 0/295: loss=0.539115
  step 1/295: loss=0.537647
  step 2/295: loss=0.590772
  step 100/295: loss=0.515657
  step 200/295: loss=0.573460
[pjrt_ffi] RESIDENT: @resnet34_fwd_eval holds 182 parameter tensors (81.3 MB) on 1 device; they stop crossing PCIe from here
Epoch 54/80: loss=0.558369 lr=0.001000
  epoch 54: val_acc = 3353/3925 = 85.426752%  top5 = 3813/3925 = 97.146497%  [95% CI 84.29–86.50]
  step 0/295: loss=0.572034
  step 1/295: loss=0.606700
  step 2/295: loss=0.542331
  step 100/295: loss=0.571713
  step 200/295: loss=0.535107
[pjrt_ffi] RESIDENT: @resnet34_fwd_eval holds 182 parameter tensors (81.3 MB) on 1 device; they stop crossing PCIe from here
Epoch 55/80: loss=0.563810 lr=0.001000
  epoch 55: val_acc = 3295/3925 = 83.949045%  top5 = 3815/3925 = 97.197452%  [95% CI 82.77–85.06]
  step 0/295: loss=0.554631
  step 1/295: loss=0.515869
  step 2/295: loss=0.520192
  step 100/295: loss=0.523512
  step 200/295: loss=0.536237
[pjrt_ffi] RESIDENT: @resnet34_fwd_eval holds 182 parameter tensors (81.3 MB) on 1 device; they stop crossing PCIe from here
Epoch 56/80: loss=0.548577 lr=0.001000
  epoch 56: val_acc = 3263/3925 = 83.133758%  top5 = 3806/3925 = 96.968153%  [95% CI 81.93–84.27]
  step 0/295: loss=0.518724
  step 1/295: loss=0.530439
  step 2/295: loss=0.526597
  step 100/295: loss=0.583029
  step 200/295: loss=0.638739
[pjrt_ffi] RESIDENT: @resnet34_fwd_eval holds 182 parameter tensors (81.3 MB) on 1 device; they stop crossing PCIe from here
Epoch 57/80: loss=0.548774 lr=0.001000
  epoch 57: val_acc = 3364/3925 = 85.707006%  top5 = 3848/3925 = 98.038217%  [95% CI 84.58–86.77]
  step 0/295: loss=0.553808
  step 1/295: loss=0.516916
  step 2/295: loss=0.519684
  step 100/295: loss=0.515969
  step 200/295: loss=0.511228
[pjrt_ffi] RESIDENT: @resnet34_fwd_eval holds 182 parameter tensors (81.3 MB) on 1 device; they stop crossing PCIe from here
Epoch 58/80: loss=0.546773 lr=0.001000
  epoch 58: val_acc = 3096/3925 = 78.878981%  top5 = 3800/3925 = 96.815287%  [95% CI 77.57–80.13]
  step 0/295: loss=0.512112
  step 1/295: loss=0.516511
  step 2/295: loss=0.568024
  step 100/295: loss=0.514570
  step 200/295: loss=0.545291
[pjrt_ffi] RESIDENT: @resnet34_fwd_eval holds 182 parameter tensors (81.3 MB) on 1 device; they stop crossing PCIe from here
Epoch 59/80: loss=0.552681 lr=0.001000
  epoch 59: val_acc = 3308/3925 = 84.280255%  top5 = 3826/3925 = 97.477707%  [95% CI 83.11–85.39]
  step 0/295: loss=0.543292
  step 1/295: loss=0.538599
  step 2/295: loss=0.539319
  step 100/295: loss=0.599603
  step 200/295: loss=0.518933
[pjrt_ffi] RESIDENT: @resnet34_fwd_eval holds 182 parameter tensors (81.3 MB) on 1 device; they stop crossing PCIe from here
Epoch 60/80: loss=0.548332 lr=0.001000
  epoch 60: val_acc = 3324/3925 = 84.687898%  top5 = 3833/3925 = 97.656051%  [95% CI 83.53–85.78]
  step 0/295: loss=0.516835
  step 1/295: loss=0.510916
  step 2/295: loss=0.578222
  step 100/295: loss=0.509024
  step 200/295: loss=0.523470
[pjrt_ffi] RESIDENT: @resnet34_fwd_eval holds 182 parameter tensors (81.3 MB) on 1 device; they stop crossing PCIe from here
Epoch 61/80: loss=0.533735 lr=0.001000
  epoch 61: val_acc = 3312/3925 = 84.382166%  top5 = 3804/3925 = 96.917197%  [95% CI 83.21–85.48]
  step 0/295: loss=0.559412
  step 1/295: loss=0.513462
  step 2/295: loss=0.513212
  step 100/295: loss=0.549298
  step 200/295: loss=0.559109
[pjrt_ffi] RESIDENT: @resnet34_fwd_eval holds 182 parameter tensors (81.3 MB) on 1 device; they stop crossing PCIe from here
Epoch 62/80: loss=0.543769 lr=0.001000
  epoch 62: val_acc = 3356/3925 = 85.503185%  top5 = 3818/3925 = 97.273885%  [95% CI 84.37–86.57]
  step 0/295: loss=0.512036
  step 1/295: loss=0.516347
  step 2/295: loss=0.549399
  step 100/295: loss=0.518450
  step 200/295: loss=0.552538
[pjrt_ffi] RESIDENT: @resnet34_fwd_eval holds 182 parameter tensors (81.3 MB) on 1 device; they stop crossing PCIe from here
Epoch 63/80: loss=0.554718 lr=0.001000
  epoch 63: val_acc = 3383/3925 = 86.191083%  top5 = 3817/3925 = 97.248408%  [95% CI 85.08–87.24]
  step 0/295: loss=0.518353
  step 1/295: loss=0.565527
  step 2/295: loss=0.539843
  step 100/295: loss=0.520075
  step 200/295: loss=0.519667
[pjrt_ffi] RESIDENT: @resnet34_fwd_eval holds 182 parameter tensors (81.3 MB) on 1 device; they stop crossing PCIe from here
Epoch 64/80: loss=0.541410 lr=0.001000
  epoch 64: val_acc = 3434/3925 = 87.490446%  top5 = 3851/3925 = 98.114650%  [95% CI 86.42–88.49]
  step 0/295: loss=0.528029
  step 1/295: loss=0.512065
  step 2/295: loss=0.539932
  step 100/295: loss=0.536538
  step 200/295: loss=0.544671
[pjrt_ffi] RESIDENT: @resnet34_fwd_eval holds 182 parameter tensors (81.3 MB) on 1 device; they stop crossing PCIe from here
Epoch 65/80: loss=0.529141 lr=0.001000
  epoch 65: val_acc = 3232/3925 = 82.343949%  top5 = 3788/3925 = 96.509554%  [95% CI 81.12–83.51]
  step 0/295: loss=0.598166
  step 1/295: loss=0.521313
  step 2/295: loss=0.610757
  step 100/295: loss=0.523648
  step 200/295: loss=0.512007
[pjrt_ffi] RESIDENT: @resnet34_fwd_eval holds 182 parameter tensors (81.3 MB) on 1 device; they stop crossing PCIe from here
Epoch 66/80: loss=0.538974 lr=0.001000
  epoch 66: val_acc = 3369/3925 = 85.834395%  top5 = 3822/3925 = 97.375796%  [95% CI 84.71–86.89]
  step 0/295: loss=0.518795
  step 1/295: loss=0.516121
  step 2/295: loss=0.511716
  step 100/295: loss=0.528066
  step 200/295: loss=0.514904
[pjrt_ffi] RESIDENT: @resnet34_fwd_eval holds 182 parameter tensors (81.3 MB) on 1 device; they stop crossing PCIe from here
Epoch 67/80: loss=0.535314 lr=0.001000
  epoch 67: val_acc = 3428/3925 = 87.337580%  top5 = 3838/3925 = 97.783439%  [95% CI 86.26–88.34]
  step 0/295: loss=0.511405
  step 1/295: loss=0.516864
  step 2/295: loss=0.533903
  step 100/295: loss=0.575507
  step 200/295: loss=0.522039
[pjrt_ffi] RESIDENT: @resnet34_fwd_eval holds 182 parameter tensors (81.3 MB) on 1 device; they stop crossing PCIe from here
Epoch 68/80: loss=0.536790 lr=0.001000
  epoch 68: val_acc = 3346/3925 = 85.248408%  top5 = 3824/3925 = 97.426752%  [95% CI 84.10–86.32]
  step 0/295: loss=0.609988
  step 1/295: loss=0.519892
  step 2/295: loss=0.575052
  step 100/295: loss=0.517475
  step 200/295: loss=0.580591
[pjrt_ffi] RESIDENT: @resnet34_fwd_eval holds 182 parameter tensors (81.3 MB) on 1 device; they stop crossing PCIe from here
Epoch 69/80: loss=0.534815 lr=0.001000
  epoch 69: val_acc = 3307/3925 = 84.254777%  top5 = 3778/3925 = 96.254777%  [95% CI 83.08–85.36]
  step 0/295: loss=0.517808
  step 1/295: loss=0.571765
  step 2/295: loss=0.510855
  step 100/295: loss=0.536645
  step 200/295: loss=0.517264
[pjrt_ffi] RESIDENT: @resnet34_fwd_eval holds 182 parameter tensors (81.3 MB) on 1 device; they stop crossing PCIe from here
Epoch 70/80: loss=0.538417 lr=0.001000
  epoch 70: val_acc = 3405/3925 = 86.751592%  top5 = 3826/3925 = 97.477707%  [95% CI 85.65–87.78]
  step 0/295: loss=0.536758
  step 1/295: loss=0.649522
  step 2/295: loss=0.522392
  step 100/295: loss=0.509717
  step 200/295: loss=0.532892
[pjrt_ffi] RESIDENT: @resnet34_fwd_eval holds 182 parameter tensors (81.3 MB) on 1 device; they stop crossing PCIe from here
Epoch 71/80: loss=0.529774 lr=0.001000
  epoch 71: val_acc = 3176/3925 = 80.917197%  top5 = 3803/3925 = 96.891720%  [95% CI 79.66–82.12]
  step 0/295: loss=0.539839
  step 1/295: loss=0.515227
  step 2/295: loss=0.609726
  step 100/295: loss=0.521634
  step 200/295: loss=0.512517
[pjrt_ffi] RESIDENT: @resnet34_fwd_eval holds 182 parameter tensors (81.3 MB) on 1 device; they stop crossing PCIe from here
Epoch 72/80: loss=0.535017 lr=0.001000
  epoch 72: val_acc = 3282/3925 = 83.617834%  top5 = 3823/3925 = 97.401274%  [95% CI 82.43–84.74]
  step 0/295: loss=0.513838
  step 1/295: loss=0.508600
  step 2/295: loss=0.511470
  step 100/295: loss=0.552141
  step 200/295: loss=0.558372
[pjrt_ffi] RESIDENT: @resnet34_fwd_eval holds 182 parameter tensors (81.3 MB) on 1 device; they stop crossing PCIe from here
Epoch 73/80: loss=0.536595 lr=0.001000
  epoch 73: val_acc = 3364/3925 = 85.707006%  top5 = 3816/3925 = 97.222930%  [95% CI 84.58–86.77]
  step 0/295: loss=0.518114
  step 1/295: loss=0.516927
  step 2/295: loss=0.533309
  step 100/295: loss=0.516493
  step 200/295: loss=0.508511
[pjrt_ffi] RESIDENT: @resnet34_fwd_eval holds 182 parameter tensors (81.3 MB) on 1 device; they stop crossing PCIe from here
Epoch 74/80: loss=0.531593 lr=0.001000
  epoch 74: val_acc = 3427/3925 = 87.312102%  top5 = 3852/3925 = 98.140127%  [95% CI 86.23–88.32]
  step 0/295: loss=0.519177
  step 1/295: loss=0.512727
  step 2/295: loss=0.531012
  step 100/295: loss=0.517976
  step 200/295: loss=0.554970
[pjrt_ffi] RESIDENT: @resnet34_fwd_eval holds 182 parameter tensors (81.3 MB) on 1 device; they stop crossing PCIe from here
Epoch 75/80: loss=0.528145 lr=0.001000
  epoch 75: val_acc = 3293/3925 = 83.898089%  top5 = 3799/3925 = 96.789809%  [95% CI 82.72–85.01]
  step 0/295: loss=0.514165
  step 1/295: loss=0.539110
  step 2/295: loss=0.510592
  step 100/295: loss=0.506015
  step 200/295: loss=0.632149
[pjrt_ffi] RESIDENT: @resnet34_fwd_eval holds 182 parameter tensors (81.3 MB) on 1 device; they stop crossing PCIe from here
Epoch 76/80: loss=0.530919 lr=0.001000
  epoch 76: val_acc = 3319/3925 = 84.560510%  top5 = 3844/3925 = 97.936306%  [95% CI 83.40–85.66]
  step 0/295: loss=0.602807
  step 1/295: loss=0.515365
  step 2/295: loss=0.511895
  step 100/295: loss=0.544871
  step 200/295: loss=0.515407
[pjrt_ffi] RESIDENT: @resnet34_fwd_eval holds 182 parameter tensors (81.3 MB) on 1 device; they stop crossing PCIe from here
Epoch 77/80: loss=0.528755 lr=0.001000
  epoch 77: val_acc = 3417/3925 = 87.057325%  top5 = 3844/3925 = 97.936306%  [95% CI 85.97–88.07]
  step 0/295: loss=0.521662
  step 1/295: loss=0.516577
  step 2/295: loss=0.573918
  step 100/295: loss=0.516474
  step 200/295: loss=0.601371
[pjrt_ffi] RESIDENT: @resnet34_fwd_eval holds 182 parameter tensors (81.3 MB) on 1 device; they stop crossing PCIe from here
Epoch 78/80: loss=0.536980 lr=0.001000
  epoch 78: val_acc = 3319/3925 = 84.560510%  top5 = 3836/3925 = 97.732484%  [95% CI 83.40–85.66]
  step 0/295: loss=0.659711
  step 1/295: loss=0.551078
  step 2/295: loss=0.537586
  step 100/295: loss=0.528856
  step 200/295: loss=0.514635
[pjrt_ffi] RESIDENT: @resnet34_fwd_eval holds 182 parameter tensors (81.3 MB) on 1 device; they stop crossing PCIe from here
Epoch 79/80: loss=0.532663 lr=0.001000
  epoch 79: val_acc = 3287/3925 = 83.745223%  top5 = 3830/3925 = 97.579618%  [95% CI 82.56–84.87]
  step 0/295: loss=0.643666
  step 1/295: loss=0.533043
  step 2/295: loss=0.519511
  step 100/295: loss=0.505778
  step 200/295: loss=0.526120
[pjrt_ffi] RESIDENT: @resnet34_fwd_eval holds 182 parameter tensors (81.3 MB) on 1 device; they stop crossing PCIe from here
Epoch 80/80: loss=0.527998 lr=0.001000
  epoch 80: val_acc = 3349/3925 = 85.324841%  top5 = 3822/3925 = 97.375796%  [95% CI 84.18–86.40]
done (trained ResNet-34 adambf16 + constant lr via packed threading).
