I0911 11:13:32.788724 1858579 service.cc:154] XLA service 0x72cb6c009da0 initialized for platform CUDA (this does not guarantee that XLA will be used). Devices:
I0911 11:13:32.788792 1858579 service.cc:170]   StreamExecutor [0]: NVIDIA GeForce RTX 4060 Ti, Compute Capability 8.9 (Driver: 12.9.0[575.57.8]; Runtime: 12.9.0; Toolkit: 12.9.0; DNN: 9.23.2)
I0911 11:13:32.790489 1858579 se_gpu_pjrt_client.cc:1342] Using BFC allocator.
I0911 11:13:32.790527 1858579 gpu_helpers.cc:162] XLA backend allocating 11.68GiB (12543066112 bytes) on device 0 for BFCAllocator.
I0911 11:13:32.797064 1858579 cuda_dnn.cc:440] Loaded cuDNN version 92302
[pjrt_ffi] XLA backend: PJRT 0.114, 1 device(s)
[pjrt_ffi] command buffers: enabled (CUDA default)
E0911 11:13:35.292928 1858611 cuda_timer.cc:88] Delay kernel timed out: measured time has sub-optimal accuracy. There may be a missing warmup execution, please investigate in Nsight Systems.
E0911 11:13:35.860194 1858611 cuda_timer.cc:88] Delay kernel timed out: measured time has sub-optimal accuracy. There may be a missing warmup execution, please investigate in Nsight Systems.
E0911 11:13:36.927960 1858595 cuda_timer.cc:88] Delay kernel timed out: measured time has sub-optimal accuracy. There may be a missing warmup execution, please investigate in Nsight Systems.
I0911 11:13:37.180008 1858616 subprocess_compilation.cc:349] ptxas warning : Registers are spilled to local memory in function 'gemm_fusion_dot_3', 4 bytes spill stores, 4 bytes spill loads

E0911 11:13:37.862951 1858595 cuda_timer.cc:88] Delay kernel timed out: measured time has sub-optimal accuracy. There may be a missing warmup execution, please investigate in Nsight Systems.
I0911 11:13:40.159980 1858609 subprocess_compilation.cc:349] ptxas warning : Registers are spilled to local memory in function 'gemm_fusion_dot_3', 8 bytes spill stores, 8 bytes spill loads

I0911 11:13:43.961790 1858623 subprocess_compilation.cc:349] ptxas warning : Registers are spilled to local memory in function 'input_reduce_select_fusion_12', 4 bytes spill stores, 4 bytes spill loads

I0911 11:13:43.993028 1858594 subprocess_compilation.cc:349] ptxas warning : Registers are spilled to local memory in function 'input_reduce_select_fusion_11', 28 bytes spill stores, 12 bytes spill loads

[pjrt_ffi] compiled verified_mlir/resnet34_adambf16_train_step.mlir (@resnet34_adambf16_train_step, 405 outputs, 1 replica) in 11402 ms
I0911 11:13:44.433708 1858623 subprocess_compilation.cc:349] ptxas warning : Registers are spilled to local memory in function 'gemm_fusion_dot_1', 8 bytes spill stores, 8 bytes spill loads

I0911 11:13:44.477704 1858622 subprocess_compilation.cc:349] ptxas warning : Registers are spilled to local memory in function 'gemm_fusion_dot_1', 4 bytes spill stores, 4 bytes spill loads

[pjrt_ffi] compiled verified_mlir/resnet34_fwd.mlir (@resnet34_fwd, 1 outputs, 1 replica) in 1487 ms
[pjrt_ffi] compiled verified_mlir/resnet34_fwd_eval.mlir (@resnet34_fwd_eval, 1 outputs, 1 replica) in 222 ms
════════ resnet34 ablation — arm `nowarm` (bf16) ════════
Real ResNet-34 on Imagenette 224² (7×7-s2 stem→3×3-s2 overlapping max pool→[3,4,6,3] blocks w/ batch-norm, He et al. option-B 1×1 projection shortcuts, no conv biases; 56→28→14→7→GAP→dense) via the VERIFIED renderer → XLA/PJRT → GPU
  xla/pjrt verified_mlir/resnet34_adambf16_train_step.mlir
  xla/pjrt verified_mlir/resnet34_fwd.mlir
  xla/pjrt verified_mlir/resnet34_fwd_eval.mlir
  train 9469, val 3925; bs 32, ResNet-34 adambf16 (cosine+warmup 0ep, baseLR 0.001000), He init
  running-stats BN: 36 layers, 17024 stat floats → eval via @resnet34_fwd_eval
     decay 0.990000 (TF sense; = PyTorch/timm momentum 0.010000), new-batch weight 0.010000
[pjrt_ffi] RESIDENT: @resnet34_adambf16_train_step holds 330 parameter tensors (243.6 MB) on 1 device; they stop crossing PCIe from here
  step 0/295: loss=3.117491
  step 1/295: loss=7.350389
  step 2/295: loss=4.979562
  step 100/295: loss=2.537128
  step 200/295: loss=1.752120
[pjrt_ffi] RESIDENT: @resnet34_fwd_eval holds 182 parameter tensors (81.3 MB) on 1 device; they stop crossing PCIe from here
Epoch 1/80: loss=2.013237 lr=0.001000
  epoch 1: val_acc = 1273/3925 = 32.433121%  top5 = 2891/3925 = 73.656051%  [95% CI 30.99–33.91]
  step 0/295: loss=1.931739
  step 1/295: loss=1.627757
  step 2/295: loss=1.458000
  step 100/295: loss=1.487928
  step 200/295: loss=1.346908
[pjrt_ffi] RESIDENT: @resnet34_fwd_eval holds 182 parameter tensors (81.3 MB) on 1 device; they stop crossing PCIe from here
Epoch 2/80: loss=1.585852 lr=0.000998
  epoch 2: val_acc = 1580/3925 = 40.254777%  top5 = 3112/3925 = 79.286624%  [95% CI 38.73–41.80]
  step 0/295: loss=1.364526
  step 1/295: loss=1.762059
  step 2/295: loss=1.575802
  step 100/295: loss=1.300046
  step 200/295: loss=1.142099
[pjrt_ffi] RESIDENT: @resnet34_fwd_eval holds 182 parameter tensors (81.3 MB) on 1 device; they stop crossing PCIe from here
Epoch 3/80: loss=1.397965 lr=0.000997
  epoch 3: val_acc = 2080/3925 = 52.993631%  top5 = 3644/3925 = 92.840764%  [95% CI 51.43–54.55]
  step 0/295: loss=1.297540
  step 1/295: loss=1.031662
  step 2/295: loss=1.190657
  step 100/295: loss=1.396835
  step 200/295: loss=1.363295
[pjrt_ffi] RESIDENT: @resnet34_fwd_eval holds 182 parameter tensors (81.3 MB) on 1 device; they stop crossing PCIe from here
Epoch 4/80: loss=1.295708 lr=0.000994
  epoch 4: val_acc = 2135/3925 = 54.394904%  top5 = 3631/3925 = 92.509554%  [95% CI 52.83–55.95]
  step 0/295: loss=1.077530
  step 1/295: loss=1.285048
  step 2/295: loss=1.203008
  step 100/295: loss=1.475047
  step 200/295: loss=1.147658
[pjrt_ffi] RESIDENT: @resnet34_fwd_eval holds 182 parameter tensors (81.3 MB) on 1 device; they stop crossing PCIe from here
Epoch 5/80: loss=1.218983 lr=0.000990
  epoch 5: val_acc = 2182/3925 = 55.592357%  top5 = 3605/3925 = 91.847134%  [95% CI 54.03–57.14]
  step 0/295: loss=1.160129
  step 1/295: loss=1.186693
  step 2/295: loss=1.140658
  step 100/295: loss=1.289246
  step 200/295: loss=1.067349
[pjrt_ffi] RESIDENT: @resnet34_fwd_eval holds 182 parameter tensors (81.3 MB) on 1 device; they stop crossing PCIe from here
Epoch 6/80: loss=1.150643 lr=0.000986
  epoch 6: val_acc = 2622/3925 = 66.802548%  top5 = 3674/3925 = 93.605096%  [95% CI 65.31–68.26]
  step 0/295: loss=1.191720
  step 1/295: loss=1.112707
  step 2/295: loss=1.162504
  step 100/295: loss=1.014432
  step 200/295: loss=1.198298
[pjrt_ffi] RESIDENT: @resnet34_fwd_eval holds 182 parameter tensors (81.3 MB) on 1 device; they stop crossing PCIe from here
Epoch 7/80: loss=1.115531 lr=0.000981
  epoch 7: val_acc = 2355/3925 = 60.000000%  top5 = 3710/3925 = 94.522293%  [95% CI 58.46–61.52]
  step 0/295: loss=1.076279
  step 1/295: loss=1.175599
  step 2/295: loss=1.349070
  step 100/295: loss=1.001059
  step 200/295: loss=1.000627
[pjrt_ffi] RESIDENT: @resnet34_fwd_eval holds 182 parameter tensors (81.3 MB) on 1 device; they stop crossing PCIe from here
Epoch 8/80: loss=1.078506 lr=0.000976
  epoch 8: val_acc = 2245/3925 = 57.197452%  top5 = 3649/3925 = 92.968153%  [95% CI 55.64–58.74]
  step 0/295: loss=1.006306
  step 1/295: loss=0.965020
  step 2/295: loss=1.164506
  step 100/295: loss=0.938785
  step 200/295: loss=0.947911
[pjrt_ffi] RESIDENT: @resnet34_fwd_eval holds 182 parameter tensors (81.3 MB) on 1 device; they stop crossing PCIe from here
Epoch 9/80: loss=1.049487 lr=0.000969
  epoch 9: val_acc = 2823/3925 = 71.923567%  top5 = 3770/3925 = 96.050955%  [95% CI 70.50–73.31]
  step 0/295: loss=1.006401
  step 1/295: loss=0.966424
  step 2/295: loss=0.887144
  step 100/295: loss=1.268770
  step 200/295: loss=0.836555
[pjrt_ffi] RESIDENT: @resnet34_fwd_eval holds 182 parameter tensors (81.3 MB) on 1 device; they stop crossing PCIe from here
Epoch 10/80: loss=1.015631 lr=0.000962
  epoch 10: val_acc = 2683/3925 = 68.356688%  top5 = 3754/3925 = 95.643312%  [95% CI 66.88–69.79]
  step 0/295: loss=0.915286
  step 1/295: loss=0.881541
  step 2/295: loss=0.891710
  step 100/295: loss=1.293351
  step 200/295: loss=0.881069
[pjrt_ffi] RESIDENT: @resnet34_fwd_eval holds 182 parameter tensors (81.3 MB) on 1 device; they stop crossing PCIe from here
Epoch 11/80: loss=0.992304 lr=0.000954
  epoch 11: val_acc = 3012/3925 = 76.738854%  top5 = 3793/3925 = 96.636943%  [95% CI 75.39–78.03]
  step 0/295: loss=0.955892
  step 1/295: loss=0.941940
  step 2/295: loss=0.956159
  step 100/295: loss=0.849724
  step 200/295: loss=0.857634
[pjrt_ffi] RESIDENT: @resnet34_fwd_eval holds 182 parameter tensors (81.3 MB) on 1 device; they stop crossing PCIe from here
Epoch 12/80: loss=0.956269 lr=0.000946
  epoch 12: val_acc = 2966/3925 = 75.566879%  top5 = 3808/3925 = 97.019108%  [95% CI 74.20–76.89]
  step 0/295: loss=1.228958
  step 1/295: loss=1.019805
  step 2/295: loss=0.993631
  step 100/295: loss=0.941866
  step 200/295: loss=0.977888
[pjrt_ffi] RESIDENT: @resnet34_fwd_eval holds 182 parameter tensors (81.3 MB) on 1 device; they stop crossing PCIe from here
Epoch 13/80: loss=0.927144 lr=0.000936
  epoch 13: val_acc = 3049/3925 = 77.681529%  top5 = 3808/3925 = 97.019108%  [95% CI 76.35–78.96]
  step 0/295: loss=0.726782
  step 1/295: loss=0.813328
  step 2/295: loss=0.867738
  step 100/295: loss=0.942038
  step 200/295: loss=0.933202
[pjrt_ffi] RESIDENT: @resnet34_fwd_eval holds 182 parameter tensors (81.3 MB) on 1 device; they stop crossing PCIe from here
Epoch 14/80: loss=0.917709 lr=0.000926
  epoch 14: val_acc = 2920/3925 = 74.394904%  top5 = 3745/3925 = 95.414013%  [95% CI 73.01–75.74]
  step 0/295: loss=1.064214
  step 1/295: loss=0.956538
  step 2/295: loss=0.813680
  step 100/295: loss=0.932430
  step 200/295: loss=0.831010
[pjrt_ffi] RESIDENT: @resnet34_fwd_eval holds 182 parameter tensors (81.3 MB) on 1 device; they stop crossing PCIe from here
Epoch 15/80: loss=0.883710 lr=0.000916
  epoch 15: val_acc = 2729/3925 = 69.528662%  top5 = 3777/3925 = 96.229299%  [95% CI 68.07–70.95]
  step 0/295: loss=1.089875
  step 1/295: loss=0.953267
  step 2/295: loss=0.660654
  step 100/295: loss=0.774677
  step 200/295: loss=0.710459
[pjrt_ffi] RESIDENT: @resnet34_fwd_eval holds 182 parameter tensors (81.3 MB) on 1 device; they stop crossing PCIe from here
Epoch 16/80: loss=0.867140 lr=0.000905
  epoch 16: val_acc = 3089/3925 = 78.700637%  top5 = 3829/3925 = 97.554140%  [95% CI 77.39–79.95]
  step 0/295: loss=0.724767
  step 1/295: loss=0.903660
  step 2/295: loss=0.875661
  step 100/295: loss=0.737693
  step 200/295: loss=0.959639
[pjrt_ffi] RESIDENT: @resnet34_fwd_eval holds 182 parameter tensors (81.3 MB) on 1 device; they stop crossing PCIe from here
Epoch 17/80: loss=0.853009 lr=0.000893
  epoch 17: val_acc = 2795/3925 = 71.210191%  top5 = 3753/3925 = 95.617834%  [95% CI 69.77–72.61]
  step 0/295: loss=0.752236
  step 1/295: loss=0.707262
  step 2/295: loss=0.784360
  step 100/295: loss=0.922239
  step 200/295: loss=0.699612
[pjrt_ffi] RESIDENT: @resnet34_fwd_eval holds 182 parameter tensors (81.3 MB) on 1 device; they stop crossing PCIe from here
Epoch 18/80: loss=0.822865 lr=0.000880
  epoch 18: val_acc = 3079/3925 = 78.445860%  top5 = 3817/3925 = 97.248408%  [95% CI 77.13–79.70]
  step 0/295: loss=0.747257
  step 1/295: loss=0.628981
  step 2/295: loss=0.819148
  step 100/295: loss=0.665797
  step 200/295: loss=0.791274
[pjrt_ffi] RESIDENT: @resnet34_fwd_eval holds 182 parameter tensors (81.3 MB) on 1 device; they stop crossing PCIe from here
Epoch 19/80: loss=0.811509 lr=0.000867
  epoch 19: val_acc = 2969/3925 = 75.643312%  top5 = 3812/3925 = 97.121019%  [95% CI 74.28–76.96]
  step 0/295: loss=0.855157
  step 1/295: loss=0.874306
  step 2/295: loss=0.925094
  step 100/295: loss=0.783671
  step 200/295: loss=0.622668
[pjrt_ffi] RESIDENT: @resnet34_fwd_eval holds 182 parameter tensors (81.3 MB) on 1 device; they stop crossing PCIe from here
Epoch 20/80: loss=0.794811 lr=0.000854
  epoch 20: val_acc = 3010/3925 = 76.687898%  top5 = 3787/3925 = 96.484076%  [95% CI 75.34–77.98]
  step 0/295: loss=0.717471
  step 1/295: loss=0.739106
  step 2/295: loss=0.718993
  step 100/295: loss=0.656441
  step 200/295: loss=0.693470
[pjrt_ffi] RESIDENT: @resnet34_fwd_eval holds 182 parameter tensors (81.3 MB) on 1 device; they stop crossing PCIe from here
Epoch 21/80: loss=0.778003 lr=0.000839
  epoch 21: val_acc = 3136/3925 = 79.898089%  top5 = 3808/3925 = 97.019108%  [95% CI 78.62–81.12]
  step 0/295: loss=0.657251
  step 1/295: loss=0.799602
  step 2/295: loss=0.795036
  step 100/295: loss=0.903768
  step 200/295: loss=0.759720
[pjrt_ffi] RESIDENT: @resnet34_fwd_eval holds 182 parameter tensors (81.3 MB) on 1 device; they stop crossing PCIe from here
Epoch 22/80: loss=0.761920 lr=0.000825
  epoch 22: val_acc = 3198/3925 = 81.477707%  top5 = 3856/3925 = 98.242038%  [95% CI 80.23–82.66]
  step 0/295: loss=0.864159
  step 1/295: loss=0.615623
  step 2/295: loss=0.689452
  step 100/295: loss=0.798494
  step 200/295: loss=0.788530
[pjrt_ffi] RESIDENT: @resnet34_fwd_eval holds 182 parameter tensors (81.3 MB) on 1 device; they stop crossing PCIe from here
Epoch 23/80: loss=0.744390 lr=0.000810
  epoch 23: val_acc = 3239/3925 = 82.522293%  top5 = 3844/3925 = 97.936306%  [95% CI 81.30–83.68]
  step 0/295: loss=0.959044
  step 1/295: loss=0.835586
  step 2/295: loss=0.688962
  step 100/295: loss=0.790338
  step 200/295: loss=0.706067
[pjrt_ffi] RESIDENT: @resnet34_fwd_eval holds 182 parameter tensors (81.3 MB) on 1 device; they stop crossing PCIe from here
Epoch 24/80: loss=0.734613 lr=0.000794
  epoch 24: val_acc = 3076/3925 = 78.369427%  top5 = 3818/3925 = 97.273885%  [95% CI 77.05–79.63]
  step 0/295: loss=0.689457
  step 1/295: loss=0.753091
  step 2/295: loss=0.720281
  step 100/295: loss=0.626406
  step 200/295: loss=0.701115
[pjrt_ffi] RESIDENT: @resnet34_fwd_eval holds 182 parameter tensors (81.3 MB) on 1 device; they stop crossing PCIe from here
Epoch 25/80: loss=0.710609 lr=0.000778
  epoch 25: val_acc = 3115/3925 = 79.363057%  top5 = 3830/3925 = 97.579618%  [95% CI 78.07–80.60]
  step 0/295: loss=0.630615
  step 1/295: loss=0.653083
  step 2/295: loss=0.724918
  step 100/295: loss=0.630740
  step 200/295: loss=0.759017
[pjrt_ffi] RESIDENT: @resnet34_fwd_eval holds 182 parameter tensors (81.3 MB) on 1 device; they stop crossing PCIe from here
Epoch 26/80: loss=0.697666 lr=0.000761
  epoch 26: val_acc = 3307/3925 = 84.254777%  top5 = 3854/3925 = 98.191083%  [95% CI 83.08–85.36]
  step 0/295: loss=0.694796
  step 1/295: loss=0.621527
  step 2/295: loss=0.612399
  step 100/295: loss=0.685549
  step 200/295: loss=0.801991
[pjrt_ffi] RESIDENT: @resnet34_fwd_eval holds 182 parameter tensors (81.3 MB) on 1 device; they stop crossing PCIe from here
Epoch 27/80: loss=0.689336 lr=0.000744
  epoch 27: val_acc = 3248/3925 = 82.751592%  top5 = 3861/3925 = 98.369427%  [95% CI 81.54–83.90]
  step 0/295: loss=0.585912
  step 1/295: loss=0.657645
  step 2/295: loss=0.703826
  step 100/295: loss=0.710040
  step 200/295: loss=0.729830
[pjrt_ffi] RESIDENT: @resnet34_fwd_eval holds 182 parameter tensors (81.3 MB) on 1 device; they stop crossing PCIe from here
Epoch 28/80: loss=0.668791 lr=0.000727
  epoch 28: val_acc = 3278/3925 = 83.515924%  top5 = 3849/3925 = 98.063694%  [95% CI 82.32–84.64]
  step 0/295: loss=0.578892
  step 1/295: loss=0.563010
  step 2/295: loss=0.620027
  step 100/295: loss=0.591898
  step 200/295: loss=0.591224
[pjrt_ffi] RESIDENT: @resnet34_fwd_eval holds 182 parameter tensors (81.3 MB) on 1 device; they stop crossing PCIe from here
Epoch 29/80: loss=0.660940 lr=0.000709
  epoch 29: val_acc = 3277/3925 = 83.490446%  top5 = 3841/3925 = 97.859873%  [95% CI 82.30–84.62]
  step 0/295: loss=0.637461
  step 1/295: loss=0.695813
  step 2/295: loss=0.668348
  step 100/295: loss=0.589621
  step 200/295: loss=0.671378
[pjrt_ffi] RESIDENT: @resnet34_fwd_eval holds 182 parameter tensors (81.3 MB) on 1 device; they stop crossing PCIe from here
Epoch 30/80: loss=0.645792 lr=0.000691
  epoch 30: val_acc = 3313/3925 = 84.407643%  top5 = 3865/3925 = 98.471338%  [95% CI 83.24–85.51]
  step 0/295: loss=0.578572
  step 1/295: loss=0.701095
  step 2/295: loss=0.593293
  step 100/295: loss=0.797428
  step 200/295: loss=0.698656
[pjrt_ffi] RESIDENT: @resnet34_fwd_eval holds 182 parameter tensors (81.3 MB) on 1 device; they stop crossing PCIe from here
Epoch 31/80: loss=0.636183 lr=0.000673
  epoch 31: val_acc = 3256/3925 = 82.955414%  top5 = 3849/3925 = 98.063694%  [95% CI 81.75–84.10]
  step 0/295: loss=0.598999
  step 1/295: loss=0.591959
  step 2/295: loss=0.679724
  step 100/295: loss=0.586482
  step 200/295: loss=0.612297
[pjrt_ffi] RESIDENT: @resnet34_fwd_eval holds 182 parameter tensors (81.3 MB) on 1 device; they stop crossing PCIe from here
Epoch 32/80: loss=0.624430 lr=0.000655
  epoch 32: val_acc = 3343/3925 = 85.171975%  top5 = 3854/3925 = 98.191083%  [95% CI 84.03–86.25]
  step 0/295: loss=0.535704
  step 1/295: loss=0.621600
  step 2/295: loss=0.581029
  step 100/295: loss=0.645695
  step 200/295: loss=0.752896
[pjrt_ffi] RESIDENT: @resnet34_fwd_eval holds 182 parameter tensors (81.3 MB) on 1 device; they stop crossing PCIe from here
Epoch 33/80: loss=0.611393 lr=0.000636
  epoch 33: val_acc = 3129/3925 = 79.719745%  top5 = 3837/3925 = 97.757962%  [95% CI 78.43–80.95]
  step 0/295: loss=0.593450
  step 1/295: loss=0.632632
  step 2/295: loss=0.553872
  step 100/295: loss=0.595325
  step 200/295: loss=0.579805
[pjrt_ffi] RESIDENT: @resnet34_fwd_eval holds 182 parameter tensors (81.3 MB) on 1 device; they stop crossing PCIe from here
Epoch 34/80: loss=0.607442 lr=0.000617
  epoch 34: val_acc = 3298/3925 = 84.025478%  top5 = 3831/3925 = 97.605096%  [95% CI 82.85–85.14]
  step 0/295: loss=0.575655
  step 1/295: loss=0.626126
  step 2/295: loss=0.536922
  step 100/295: loss=0.626860
  step 200/295: loss=0.530519
[pjrt_ffi] RESIDENT: @resnet34_fwd_eval holds 182 parameter tensors (81.3 MB) on 1 device; they stop crossing PCIe from here
Epoch 35/80: loss=0.602702 lr=0.000598
  epoch 35: val_acc = 3331/3925 = 84.866242%  top5 = 3858/3925 = 98.292994%  [95% CI 83.71–85.95]
  step 0/295: loss=0.557941
  step 1/295: loss=0.617762
  step 2/295: loss=0.552158
  step 100/295: loss=0.573763
  step 200/295: loss=0.558648
[pjrt_ffi] RESIDENT: @resnet34_fwd_eval holds 182 parameter tensors (81.3 MB) on 1 device; they stop crossing PCIe from here
Epoch 36/80: loss=0.585096 lr=0.000578
  epoch 36: val_acc = 3391/3925 = 86.394904%  top5 = 3860/3925 = 98.343949%  [95% CI 85.29–87.43]
  step 0/295: loss=0.516405
  step 1/295: loss=0.533822
  step 2/295: loss=0.583344
  step 100/295: loss=0.566477
  step 200/295: loss=0.540082
[pjrt_ffi] RESIDENT: @resnet34_fwd_eval holds 182 parameter tensors (81.3 MB) on 1 device; they stop crossing PCIe from here
Epoch 37/80: loss=0.579690 lr=0.000559
  epoch 37: val_acc = 3401/3925 = 86.649682%  top5 = 3859/3925 = 98.318471%  [95% CI 85.55–87.68]
  step 0/295: loss=0.609679
  step 1/295: loss=0.533598
  step 2/295: loss=0.521283
  step 100/295: loss=0.576945
  step 200/295: loss=0.547763
[pjrt_ffi] RESIDENT: @resnet34_fwd_eval holds 182 parameter tensors (81.3 MB) on 1 device; they stop crossing PCIe from here
Epoch 38/80: loss=0.576662 lr=0.000539
  epoch 38: val_acc = 3332/3925 = 84.891720%  top5 = 3862/3925 = 98.394904%  [95% CI 83.74–85.98]
  step 0/295: loss=0.532848
  step 1/295: loss=0.613923
  step 2/295: loss=0.531922
  step 100/295: loss=0.545282
  step 200/295: loss=0.537809
[pjrt_ffi] RESIDENT: @resnet34_fwd_eval holds 182 parameter tensors (81.3 MB) on 1 device; they stop crossing PCIe from here
Epoch 39/80: loss=0.564650 lr=0.000520
  epoch 39: val_acc = 3401/3925 = 86.649682%  top5 = 3869/3925 = 98.573248%  [95% CI 85.55–87.68]
  step 0/295: loss=0.561056
  step 1/295: loss=0.522293
  step 2/295: loss=0.590846
  step 100/295: loss=0.614398
  step 200/295: loss=0.524519
[pjrt_ffi] RESIDENT: @resnet34_fwd_eval holds 182 parameter tensors (81.3 MB) on 1 device; they stop crossing PCIe from here
Epoch 40/80: loss=0.560685 lr=0.000500
  epoch 40: val_acc = 3270/3925 = 83.312102%  top5 = 3825/3925 = 97.452229%  [95% CI 82.11–84.45]
  step 0/295: loss=0.566710
  step 1/295: loss=0.525844
  step 2/295: loss=0.538053
  step 100/295: loss=0.516005
  step 200/295: loss=0.537704
[pjrt_ffi] RESIDENT: @resnet34_fwd_eval holds 182 parameter tensors (81.3 MB) on 1 device; they stop crossing PCIe from here
Epoch 41/80: loss=0.554402 lr=0.000480
  epoch 41: val_acc = 3321/3925 = 84.611465%  top5 = 3843/3925 = 97.910828%  [95% CI 83.45–85.71]
  step 0/295: loss=0.535173
  step 1/295: loss=0.543047
  step 2/295: loss=0.526396
  step 100/295: loss=0.536341
  step 200/295: loss=0.545870
[pjrt_ffi] RESIDENT: @resnet34_fwd_eval holds 182 parameter tensors (81.3 MB) on 1 device; they stop crossing PCIe from here
Epoch 42/80: loss=0.557711 lr=0.000461
  epoch 42: val_acc = 3422/3925 = 87.184713%  top5 = 3855/3925 = 98.216561%  [95% CI 86.10–88.19]
  step 0/295: loss=0.561796
  step 1/295: loss=0.528954
  step 2/295: loss=0.532386
  step 100/295: loss=0.516957
  step 200/295: loss=0.547082
[pjrt_ffi] RESIDENT: @resnet34_fwd_eval holds 182 parameter tensors (81.3 MB) on 1 device; they stop crossing PCIe from here
Epoch 43/80: loss=0.545036 lr=0.000441
  epoch 43: val_acc = 3385/3925 = 86.242038%  top5 = 3854/3925 = 98.191083%  [95% CI 85.13–87.28]
  step 0/295: loss=0.522864
  step 1/295: loss=0.522000
  step 2/295: loss=0.549427
  step 100/295: loss=0.600240
  step 200/295: loss=0.519789
[pjrt_ffi] RESIDENT: @resnet34_fwd_eval holds 182 parameter tensors (81.3 MB) on 1 device; they stop crossing PCIe from here
Epoch 44/80: loss=0.539202 lr=0.000422
  epoch 44: val_acc = 3359/3925 = 85.579618%  top5 = 3851/3925 = 98.114650%  [95% CI 84.45–86.64]
  step 0/295: loss=0.511783
  step 1/295: loss=0.518630
  step 2/295: loss=0.524772
  step 100/295: loss=0.532530
  step 200/295: loss=0.531337
[pjrt_ffi] RESIDENT: @resnet34_fwd_eval holds 182 parameter tensors (81.3 MB) on 1 device; they stop crossing PCIe from here
Epoch 45/80: loss=0.536959 lr=0.000402
  epoch 45: val_acc = 3381/3925 = 86.140127%  top5 = 3853/3925 = 98.165605%  [95% CI 85.02–87.19]
  step 0/295: loss=0.517757
  step 1/295: loss=0.512020
  step 2/295: loss=0.514423
  step 100/295: loss=0.546000
  step 200/295: loss=0.568189
[pjrt_ffi] RESIDENT: @resnet34_fwd_eval holds 182 parameter tensors (81.3 MB) on 1 device; they stop crossing PCIe from here
Epoch 46/80: loss=0.534789 lr=0.000383
  epoch 46: val_acc = 3349/3925 = 85.324841%  top5 = 3836/3925 = 97.732484%  [95% CI 84.18–86.40]
  step 0/295: loss=0.513217
  step 1/295: loss=0.510631
  step 2/295: loss=0.522670
  step 100/295: loss=0.520558
  step 200/295: loss=0.510545
[pjrt_ffi] RESIDENT: @resnet34_fwd_eval holds 182 parameter tensors (81.3 MB) on 1 device; they stop crossing PCIe from here
Epoch 47/80: loss=0.530504 lr=0.000364
  epoch 47: val_acc = 3320/3925 = 84.585987%  top5 = 3822/3925 = 97.375796%  [95% CI 83.42–85.68]
  step 0/295: loss=0.527830
  step 1/295: loss=0.530979
  step 2/295: loss=0.517377
  step 100/295: loss=0.535880
  step 200/295: loss=0.529573
[pjrt_ffi] RESIDENT: @resnet34_fwd_eval holds 182 parameter tensors (81.3 MB) on 1 device; they stop crossing PCIe from here
Epoch 48/80: loss=0.533119 lr=0.000345
  epoch 48: val_acc = 3432/3925 = 87.439490%  top5 = 3859/3925 = 98.318471%  [95% CI 86.37–88.44]
  step 0/295: loss=0.510886
  step 1/295: loss=0.546971
  step 2/295: loss=0.529887
  step 100/295: loss=0.535779
  step 200/295: loss=0.506279
[pjrt_ffi] RESIDENT: @resnet34_fwd_eval holds 182 parameter tensors (81.3 MB) on 1 device; they stop crossing PCIe from here
Epoch 49/80: loss=0.528379 lr=0.000327
  epoch 49: val_acc = 3465/3925 = 88.280255%  top5 = 3851/3925 = 98.114650%  [95% CI 87.24–89.25]
  step 0/295: loss=0.508189
  step 1/295: loss=0.512629
  step 2/295: loss=0.512083
  step 100/295: loss=0.511759
  step 200/295: loss=0.530600
[pjrt_ffi] RESIDENT: @resnet34_fwd_eval holds 182 parameter tensors (81.3 MB) on 1 device; they stop crossing PCIe from here
Epoch 50/80: loss=0.520614 lr=0.000309
  epoch 50: val_acc = 3429/3925 = 87.363057%  top5 = 3855/3925 = 98.216561%  [95% CI 86.29–88.37]
  step 0/295: loss=0.506840
  step 1/295: loss=0.510154
  step 2/295: loss=0.509956
  step 100/295: loss=0.514874
  step 200/295: loss=0.576659
[pjrt_ffi] RESIDENT: @resnet34_fwd_eval holds 182 parameter tensors (81.3 MB) on 1 device; they stop crossing PCIe from here
Epoch 51/80: loss=0.516222 lr=0.000291
  epoch 51: val_acc = 3446/3925 = 87.796178%  top5 = 3840/3925 = 97.834395%  [95% CI 86.74–88.78]
  step 0/295: loss=0.513276
  step 1/295: loss=0.510481
  step 2/295: loss=0.530116
  step 100/295: loss=0.517172
  step 200/295: loss=0.511379
[pjrt_ffi] RESIDENT: @resnet34_fwd_eval holds 182 parameter tensors (81.3 MB) on 1 device; they stop crossing PCIe from here
Epoch 52/80: loss=0.520053 lr=0.000273
  epoch 52: val_acc = 3446/3925 = 87.796178%  top5 = 3848/3925 = 98.038217%  [95% CI 86.74–88.78]
  step 0/295: loss=0.513669
  step 1/295: loss=0.532342
  step 2/295: loss=0.508010
  step 100/295: loss=0.515861
  step 200/295: loss=0.512457
[pjrt_ffi] RESIDENT: @resnet34_fwd_eval holds 182 parameter tensors (81.3 MB) on 1 device; they stop crossing PCIe from here
Epoch 53/80: loss=0.521150 lr=0.000256
  epoch 53: val_acc = 3416/3925 = 87.031847%  top5 = 3844/3925 = 97.936306%  [95% CI 85.94–88.05]
  step 0/295: loss=0.507339
  step 1/295: loss=0.527735
  step 2/295: loss=0.513704
  step 100/295: loss=0.506543
  step 200/295: loss=0.521274
[pjrt_ffi] RESIDENT: @resnet34_fwd_eval holds 182 parameter tensors (81.3 MB) on 1 device; they stop crossing PCIe from here
Epoch 54/80: loss=0.516796 lr=0.000239
  epoch 54: val_acc = 3422/3925 = 87.184713%  top5 = 3842/3925 = 97.885350%  [95% CI 86.10–88.19]
  step 0/295: loss=0.563329
  step 1/295: loss=0.535760
  step 2/295: loss=0.522665
  step 100/295: loss=0.515338
  step 200/295: loss=0.505316
[pjrt_ffi] RESIDENT: @resnet34_fwd_eval holds 182 parameter tensors (81.3 MB) on 1 device; they stop crossing PCIe from here
Epoch 55/80: loss=0.517161 lr=0.000222
  epoch 55: val_acc = 3462/3925 = 88.203822%  top5 = 3851/3925 = 98.114650%  [95% CI 87.16–89.18]
  step 0/295: loss=0.508254
  step 1/295: loss=0.505926
  step 2/295: loss=0.504144
  step 100/295: loss=0.507118
  step 200/295: loss=0.507772
[pjrt_ffi] RESIDENT: @resnet34_fwd_eval holds 182 parameter tensors (81.3 MB) on 1 device; they stop crossing PCIe from here
Epoch 56/80: loss=0.511788 lr=0.000206
  epoch 56: val_acc = 3496/3925 = 89.070064%  top5 = 3864/3925 = 98.445860%  [95% CI 88.06–90.01]
  step 0/295: loss=0.504091
  step 1/295: loss=0.504247
  step 2/295: loss=0.505510
  step 100/295: loss=0.521759
  step 200/295: loss=0.517849
[pjrt_ffi] RESIDENT: @resnet34_fwd_eval holds 182 parameter tensors (81.3 MB) on 1 device; they stop crossing PCIe from here
Epoch 57/80: loss=0.511074 lr=0.000190
  epoch 57: val_acc = 3490/3925 = 88.917197%  top5 = 3854/3925 = 98.191083%  [95% CI 87.90–89.86]
  step 0/295: loss=0.513971
  step 1/295: loss=0.512069
  step 2/295: loss=0.528393
  step 100/295: loss=0.508909
  step 200/295: loss=0.503928
[pjrt_ffi] RESIDENT: @resnet34_fwd_eval holds 182 parameter tensors (81.3 MB) on 1 device; they stop crossing PCIe from here
Epoch 58/80: loss=0.511490 lr=0.000175
  epoch 58: val_acc = 3506/3925 = 89.324841%  top5 = 3850/3925 = 98.089172%  [95% CI 88.32–90.25]
  step 0/295: loss=0.503187
  step 1/295: loss=0.507669
  step 2/295: loss=0.506978
  step 100/295: loss=0.504711
  step 200/295: loss=0.506504
[pjrt_ffi] RESIDENT: @resnet34_fwd_eval holds 182 parameter tensors (81.3 MB) on 1 device; they stop crossing PCIe from here
Epoch 59/80: loss=0.509081 lr=0.000161
  epoch 59: val_acc = 3498/3925 = 89.121019%  top5 = 3855/3925 = 98.216561%  [95% CI 88.11–90.06]
  step 0/295: loss=0.504970
  step 1/295: loss=0.507368
  step 2/295: loss=0.520180
  step 100/295: loss=0.505058
  step 200/295: loss=0.506061
[pjrt_ffi] RESIDENT: @resnet34_fwd_eval holds 182 parameter tensors (81.3 MB) on 1 device; they stop crossing PCIe from here
Epoch 60/80: loss=0.508979 lr=0.000146
  epoch 60: val_acc = 3494/3925 = 89.019108%  top5 = 3867/3925 = 98.522293%  [95% CI 88.00–89.96]
  step 0/295: loss=0.511311
  step 1/295: loss=0.505515
  step 2/295: loss=0.505401
  step 100/295: loss=0.505582
  step 200/295: loss=0.541380
[pjrt_ffi] RESIDENT: @resnet34_fwd_eval holds 182 parameter tensors (81.3 MB) on 1 device; they stop crossing PCIe from here
Epoch 61/80: loss=0.509634 lr=0.000133
  epoch 61: val_acc = 3479/3925 = 88.636943%  top5 = 3859/3925 = 98.318471%  [95% CI 87.61–89.59]
  step 0/295: loss=0.505481
  step 1/295: loss=0.505132
  step 2/295: loss=0.503970
  step 100/295: loss=0.504709
  step 200/295: loss=0.504869
[pjrt_ffi] RESIDENT: @resnet34_fwd_eval holds 182 parameter tensors (81.3 MB) on 1 device; they stop crossing PCIe from here
Epoch 62/80: loss=0.507220 lr=0.000120
  epoch 62: val_acc = 3526/3925 = 89.834395%  top5 = 3857/3925 = 98.267516%  [95% CI 88.85–90.74]
  step 0/295: loss=0.503249
  step 1/295: loss=0.504777
  step 2/295: loss=0.505328
  step 100/295: loss=0.504770
  step 200/295: loss=0.503001
[pjrt_ffi] RESIDENT: @resnet34_fwd_eval holds 182 parameter tensors (81.3 MB) on 1 device; they stop crossing PCIe from here
Epoch 63/80: loss=0.506327 lr=0.000107
  epoch 63: val_acc = 3505/3925 = 89.299363%  top5 = 3860/3925 = 98.343949%  [95% CI 88.29–90.23]
  step 0/295: loss=0.506140
  step 1/295: loss=0.505397
  step 2/295: loss=0.503851
  step 100/295: loss=0.504644
  step 200/295: loss=0.515914
[pjrt_ffi] RESIDENT: @resnet34_fwd_eval holds 182 parameter tensors (81.3 MB) on 1 device; they stop crossing PCIe from here
Epoch 64/80: loss=0.504969 lr=0.000095
  epoch 64: val_acc = 3516/3925 = 89.579618%  top5 = 3859/3925 = 98.318471%  [95% CI 88.58–90.50]
  step 0/295: loss=0.503205
  step 1/295: loss=0.504188
  step 2/295: loss=0.503607
  step 100/295: loss=0.504045
  step 200/295: loss=0.504210
[pjrt_ffi] RESIDENT: @resnet34_fwd_eval holds 182 parameter tensors (81.3 MB) on 1 device; they stop crossing PCIe from here
Epoch 65/80: loss=0.505945 lr=0.000084
  epoch 65: val_acc = 3503/3925 = 89.248408%  top5 = 3860/3925 = 98.343949%  [95% CI 88.24–90.18]
  step 0/295: loss=0.502621
  step 1/295: loss=0.503124
  step 2/295: loss=0.501889
  step 100/295: loss=0.503699
  step 200/295: loss=0.503043
[pjrt_ffi] RESIDENT: @resnet34_fwd_eval holds 182 parameter tensors (81.3 MB) on 1 device; they stop crossing PCIe from here
Epoch 66/80: loss=0.505599 lr=0.000074
  epoch 66: val_acc = 3492/3925 = 88.968153%  top5 = 3846/3925 = 97.987261%  [95% CI 87.95–89.91]
  step 0/295: loss=0.503095
  step 1/295: loss=0.503272
  step 2/295: loss=0.503532
  step 100/295: loss=0.510087
  step 200/295: loss=0.505094
[pjrt_ffi] RESIDENT: @resnet34_fwd_eval holds 182 parameter tensors (81.3 MB) on 1 device; they stop crossing PCIe from here
Epoch 67/80: loss=0.504375 lr=0.000064
  epoch 67: val_acc = 3506/3925 = 89.324841%  top5 = 3848/3925 = 98.038217%  [95% CI 88.32–90.25]
  step 0/295: loss=0.507998
  step 1/295: loss=0.504507
  step 2/295: loss=0.502886
  step 100/295: loss=0.504110
  step 200/295: loss=0.505071
[pjrt_ffi] RESIDENT: @resnet34_fwd_eval holds 182 parameter tensors (81.3 MB) on 1 device; they stop crossing PCIe from here
Epoch 68/80: loss=0.504502 lr=0.000054
  epoch 68: val_acc = 3498/3925 = 89.121019%  top5 = 3856/3925 = 98.242038%  [95% CI 88.11–90.06]
  step 0/295: loss=0.503806
  step 1/295: loss=0.504664
  step 2/295: loss=0.502652
  step 100/295: loss=0.502592
  step 200/295: loss=0.502596
[pjrt_ffi] RESIDENT: @resnet34_fwd_eval holds 182 parameter tensors (81.3 MB) on 1 device; they stop crossing PCIe from here
Epoch 69/80: loss=0.503936 lr=0.000046
  epoch 69: val_acc = 3522/3925 = 89.732484%  top5 = 3853/3925 = 98.165605%  [95% CI 88.74–90.64]
  step 0/295: loss=0.504495
  step 1/295: loss=0.502062
  step 2/295: loss=0.502458
  step 100/295: loss=0.503313
  step 200/295: loss=0.502697
[pjrt_ffi] RESIDENT: @resnet34_fwd_eval holds 182 parameter tensors (81.3 MB) on 1 device; they stop crossing PCIe from here
Epoch 70/80: loss=0.503752 lr=0.000038
  epoch 70: val_acc = 3526/3925 = 89.834395%  top5 = 3853/3925 = 98.165605%  [95% CI 88.85–90.74]
  step 0/295: loss=0.502113
  step 1/295: loss=0.501986
  step 2/295: loss=0.503569
  step 100/295: loss=0.503928
  step 200/295: loss=0.502888
[pjrt_ffi] RESIDENT: @resnet34_fwd_eval holds 182 parameter tensors (81.3 MB) on 1 device; they stop crossing PCIe from here
Epoch 71/80: loss=0.503688 lr=0.000031
  epoch 71: val_acc = 3513/3925 = 89.503185%  top5 = 3854/3925 = 98.191083%  [95% CI 88.51–90.42]
  step 0/295: loss=0.502104
  step 1/295: loss=0.504680
  step 2/295: loss=0.506372
  step 100/295: loss=0.504500
  step 200/295: loss=0.505818
[pjrt_ffi] RESIDENT: @resnet34_fwd_eval holds 182 parameter tensors (81.3 MB) on 1 device; they stop crossing PCIe from here
Epoch 72/80: loss=0.503726 lr=0.000024
  epoch 72: val_acc = 3507/3925 = 89.350318%  top5 = 3846/3925 = 97.987261%  [95% CI 88.35–90.28]
  step 0/295: loss=0.506084
  step 1/295: loss=0.501993
  step 2/295: loss=0.503581
  step 100/295: loss=0.503011
  step 200/295: loss=0.502123
[pjrt_ffi] RESIDENT: @resnet34_fwd_eval holds 182 parameter tensors (81.3 MB) on 1 device; they stop crossing PCIe from here
Epoch 73/80: loss=0.503507 lr=0.000019
  epoch 73: val_acc = 3511/3925 = 89.452229%  top5 = 3849/3925 = 98.063694%  [95% CI 88.45–90.37]
  step 0/295: loss=0.503103
  step 1/295: loss=0.502317
  step 2/295: loss=0.501568
  step 100/295: loss=0.502377
  step 200/295: loss=0.502132
[pjrt_ffi] RESIDENT: @resnet34_fwd_eval holds 182 parameter tensors (81.3 MB) on 1 device; they stop crossing PCIe from here
Epoch 74/80: loss=0.503376 lr=0.000014
  epoch 74: val_acc = 3504/3925 = 89.273885%  top5 = 3852/3925 = 98.140127%  [95% CI 88.27–90.20]
  step 0/295: loss=0.502247
  step 1/295: loss=0.501333
  step 2/295: loss=0.501590
  step 100/295: loss=0.501855
  step 200/295: loss=0.503391
[pjrt_ffi] RESIDENT: @resnet34_fwd_eval holds 182 parameter tensors (81.3 MB) on 1 device; they stop crossing PCIe from here
Epoch 75/80: loss=0.503210 lr=0.000010
  epoch 75: val_acc = 3513/3925 = 89.503185%  top5 = 3852/3925 = 98.140127%  [95% CI 88.51–90.42]
  step 0/295: loss=0.501356
  step 1/295: loss=0.503959
  step 2/295: loss=0.502179
  step 100/295: loss=0.507713
  step 200/295: loss=0.502128
[pjrt_ffi] RESIDENT: @resnet34_fwd_eval holds 182 parameter tensors (81.3 MB) on 1 device; they stop crossing PCIe from here
Epoch 76/80: loss=0.502792 lr=0.000006
  epoch 76: val_acc = 3512/3925 = 89.477707%  top5 = 3851/3925 = 98.114650%  [95% CI 88.48–90.40]
  step 0/295: loss=0.502590
  step 1/295: loss=0.502929
  step 2/295: loss=0.502586
  step 100/295: loss=0.505937
  step 200/295: loss=0.502662
[pjrt_ffi] RESIDENT: @resnet34_fwd_eval holds 182 parameter tensors (81.3 MB) on 1 device; they stop crossing PCIe from here
Epoch 77/80: loss=0.502698 lr=0.000003
  epoch 77: val_acc = 3516/3925 = 89.579618%  top5 = 3854/3925 = 98.191083%  [95% CI 88.58–90.50]
  step 0/295: loss=0.502046
  step 1/295: loss=0.506815
  step 2/295: loss=0.503606
  step 100/295: loss=0.501854
  step 200/295: loss=0.505805
[pjrt_ffi] RESIDENT: @resnet34_fwd_eval holds 182 parameter tensors (81.3 MB) on 1 device; they stop crossing PCIe from here
Epoch 78/80: loss=0.502830 lr=0.000002
  epoch 78: val_acc = 3515/3925 = 89.554140%  top5 = 3854/3925 = 98.191083%  [95% CI 88.56–90.47]
  step 0/295: loss=0.501673
  step 1/295: loss=0.504129
  step 2/295: loss=0.501974
  step 100/295: loss=0.501783
  step 200/295: loss=0.502547
[pjrt_ffi] RESIDENT: @resnet34_fwd_eval holds 182 parameter tensors (81.3 MB) on 1 device; they stop crossing PCIe from here
Epoch 79/80: loss=0.502880 lr=0.000000
  epoch 79: val_acc = 3515/3925 = 89.554140%  top5 = 3856/3925 = 98.242038%  [95% CI 88.56–90.47]
  step 0/295: loss=0.502664
  step 1/295: loss=0.501992
  step 2/295: loss=0.503841
  step 100/295: loss=0.502574
  step 200/295: loss=0.502875
[pjrt_ffi] RESIDENT: @resnet34_fwd_eval holds 182 parameter tensors (81.3 MB) on 1 device; they stop crossing PCIe from here
Epoch 80/80: loss=0.502742 lr=0.000000
  epoch 80: val_acc = 3517/3925 = 89.605096%  top5 = 3857/3925 = 98.267516%  [95% CI 88.61–90.52]
done (trained ResNet-34 adambf16 + cosine/warmup via packed threading).
