plant resnet34: 36 BN layers, 38 classes, split grouped, train base, init runs/2026-09-17-plant-grouped-base-imagenet/plant_resnet34_grouped_base_imagenet_s1, field 2, 5 epochs, batch 64, lr 0.000100, seed 1
I0917 18:08:26.326908 3163907 service.cc:154] XLA service 0x7671e8028880 initialized for platform CUDA (this does not guarantee that XLA will be used). Devices:
I0917 18:08:26.326974 3163907 service.cc:170]   StreamExecutor [0]: NVIDIA GeForce RTX 4060 Ti, Compute Capability 8.9 (Driver: 12.9.0[575.57.8]; Runtime: 12.9.0; Toolkit: 12.9.0; DNN: 9.23.2)
I0917 18:08:26.328847 3163907 se_gpu_pjrt_client.cc:1342] Using BFC allocator.
I0917 18:08:26.328900 3163907 gpu_helpers.cc:162] XLA backend allocating 11.68GiB (12543066112 bytes) on device 0 for BFCAllocator.
I0917 18:08:26.335987 3163907 cuda_dnn.cc:440] Loaded cuDNN version 92302
[pjrt_ffi] XLA backend: PJRT 0.114, 1 device(s)
[pjrt_ffi] command buffers: enabled (CUDA default)
[pjrt_ffi] compiled .lake/build/plant_resnet34_fwd_eval.mlir (@forward_eval, 1 outputs, 1 replica) in 2227 ms
  21304166 params (21304166 by NetSpec.totalParams), 17024 BN stat floats, head 19494
  init: runs/2026-09-17-plant-grouped-base-imagenet/plant_resnet34_grouped_base_imagenet_s1_params.bin + _bn_stats.bin
  val 5484; eval parts #[pvg_test 10709, pvg_test_seg 10709, pvg_test_bg 10709, pvg_test_leaf 10709, pvg_test_none 10709, pd_fold2_test 514] (7053 ms)
  train 2064 images from #[pd_fold2_train] (205 ms)
[pjrt_ffi] compiled .lake/build/plant_resnet34_train_step.mlir (@main, 403 outputs, 1 replica) in 3859 ms
    step 0: loss 7.484400 (690 ms so far)
    step 1: loss 7.375500 (1072 ms so far)
    step 2: loss 6.885800 (1466 ms so far)
  epoch 1/5: loss 6.472800  val acc 91.050000%  pd_fold2_test acc 23.150000%  (11 s train, 6 s eval)
  epoch 2/5: loss 3.780000  val acc 91.740000%  pd_fold2_test acc 35.990000%  (11 s train, 6 s eval)
  epoch 3/5: loss 2.454700  val acc 91.300000%  pd_fold2_test acc 40.470000%  (11 s train, 7 s eval)
  epoch 4/5: loss 1.992700  val acc 90.740000%  pd_fold2_test acc 44.160000%  (11 s train, 7 s eval)
  epoch 5/5: loss 1.871600  val acc 90.810000%  pd_fold2_test acc 43.970000%  (11 s train, 6 s eval)
trained: 160 steps in 90 s; fixed schedule, last epoch kept
score: .venv/bin/python scripts/plant_score.py runs/2026-09-17-plant-grouped-field-imagenet/plant_resnet34_grouped_base_ckpt_field2_s1_logits_pd_fold2_test.bin --part pd_fold2_test --restrict
plant resnet34 [grouped/base/ckpt/field2] pvg_test: accuracy 91.020000%  -> runs/2026-09-17-plant-grouped-field-imagenet/plant_resnet34_grouped_base_ckpt_field2_s1_logits_pvg_test.bin
plant resnet34 [grouped/base/ckpt/field2] pvg_test_seg: accuracy 79.060000%  -> runs/2026-09-17-plant-grouped-field-imagenet/plant_resnet34_grouped_base_ckpt_field2_s1_logits_pvg_test_seg.bin
plant resnet34 [grouped/base/ckpt/field2] pvg_test_bg: accuracy 12.600000%  -> runs/2026-09-17-plant-grouped-field-imagenet/plant_resnet34_grouped_base_ckpt_field2_s1_logits_pvg_test_bg.bin
plant resnet34 [grouped/base/ckpt/field2] pvg_test_leaf: accuracy 75.210000%  -> runs/2026-09-17-plant-grouped-field-imagenet/plant_resnet34_grouped_base_ckpt_field2_s1_logits_pvg_test_leaf.bin
plant resnet34 [grouped/base/ckpt/field2] pvg_test_none: accuracy 5.140000%  -> runs/2026-09-17-plant-grouped-field-imagenet/plant_resnet34_grouped_base_ckpt_field2_s1_logits_pvg_test_none.bin
plant resnet34 [grouped/base/ckpt/field2] pd_fold2_test: accuracy 43.970000%  -> runs/2026-09-17-plant-grouped-field-imagenet/plant_resnet34_grouped_base_ckpt_field2_s1_logits_pd_fold2_test.bin
