alphazero ttt 4x4: 154777 params, 4 in a row, 1 iterations of 256 games at 100 sims, batch 64 × 10 epochs over the last 20 iterations, lr 0.001000, cpuct 1.500000, Dir(1.000000) at 0.250000, seed 1
  table 43046721 bytes, 9062619 decision positions (857 ms)
I0929 22:17:45.485545 1752583 service.cc:154] XLA service 0x767988033920 initialized for platform CUDA (this does not guarantee that XLA will be used). Devices:
I0929 22:17:45.485610 1752583 service.cc:170]   StreamExecutor [0]: NVIDIA GeForce RTX 4060 Ti, Compute Capability 8.9 (Driver: 12.9.0[575.57.8]; Runtime: 12.9.0; Toolkit: 12.9.0; DNN: 9.23.2)
I0929 22:17:45.487131 1752583 se_gpu_pjrt_client.cc:1342] Using BFC allocator.
I0929 22:17:45.487173 1752583 gpu_helpers.cc:162] XLA backend allocating 11.68GiB (12543066112 bytes) on device 0 for BFCAllocator.
I0929 22:17:45.494598 1752583 cuda_dnn.cc:440] Loaded cuDNN version 92302
[pjrt_ffi] XLA backend: PJRT 0.114, 1 device(s)
[pjrt_ffi] command buffers: enabled (CUDA default)
[pjrt_ffi] residency: on — parameters stay on the device between steps (default)
I0929 22:17:46.143468 1752634 subprocess_compilation.cc:349] ptxas warning : Registers are spilled to local memory in function 'gemm_fusion_dot_6', 4 bytes spill stores, 4 bytes spill loads

[pjrt_ffi] compiled .lake/build/alphazero_ttt_4x4_probe_train_step.mlir (@main, 79 outputs, 1 replica) in 1257 ms
[pjrt_ffi] compiled .lake/build/alphazero_ttt_4x4_probe_fwd_eval.mlir (@forward_eval, 1 outputs, 1 replica) in 431 ms
[pjrt_ffi] compiled .lake/build/alphazero_ttt_4x4_probe_fwd_eval.mlir (@forward_eval, 1 outputs, 1 replica) in 94 ms
  sessions loaded
[pjrt_ffi] RESIDENT: @forward_eval holds 34 parameter tensors (0.6 MB) on 1 device; they stop crossing PCIe from here
  iter 0: sweep agree 58.64% value mse 0.7940 sign 39.80%  net alone vs perfect X 0/179/77 O 0/85/171  +MCTS X 0/239/17 O 0/198/58  root value 0.000
  first step: alphazero loss 3.8418, block loss 13030.0283
[pjrt_ffi] RESIDENT: @forward_eval holds 34 parameter tensors (0.6 MB) on 1 device; they stop crossing PCIe from here
  iter 1: sweep agree 73.71% value mse 0.3336 sign 66.28%  net alone vs perfect X 0/170/86 O 0/135/121  +MCTS X 0/252/4 O 0/236/20  root value 0.022
    self-play 3419 positions (X 79 / draw 122 / O 55), 534 steps over 3419 samples, loss 2.7335  (play 17683 train 2286 score 18266 ms)
trained: 1 iterations, 534 steps, 59843 ms
full sweep, 9062619 decision positions: agree 73.63% value mse 0.3318 sign 66.32% mae 0.4195 (14189 ms)
wrote .lake/build/alphazero_ttt_4x4_probe_curve.csv, .lake/build/alphazero_ttt_4x4_probe_sweep.csv, .lake/build/alphazero_ttt_4x4_probe_policy.csv, .lake/build/alphazero_ttt_4x4_probe_params.bin
