⚠ [13/470] Replayed LeanMlir.Verified.Train
warning: LeanMlir/Verified/Train.lean:1421:6: Variable name `emaOn` is not explicitly referenced.

Hint: The binding can be removed (if unused) or named `_` (if used implicitly). Alternatively, prefix the name with `_` to silence this warning:
  [apply] _emaOn

Note: This linter can be disabled with `set_option linter.unusedVariables false`
distogram r16x64-esm650: PairTile(L=96,1289→64) → Conv(64→64,1x1/1)+BN → Res16(64→64,s1) → Conv(64→66,1x1); 33 BN layers; list train_full, 30 epochs, batch 16, lr 0.001000, 1 crop(s) per chain per epoch, seed 1
I1002 08:00:28.384029 3145964 service.cc:154] XLA service 0x7472c4008390 initialized for platform CUDA (this does not guarantee that XLA will be used). Devices:
I1002 08:00:28.384084 3145964 service.cc:170]   StreamExecutor [0]: NVIDIA GeForce RTX 4060 Ti, Compute Capability 8.9 (Driver: 12.9.0[575.57.8]; Runtime: 12.9.0; Toolkit: 12.9.0; DNN: 9.23.2)
I1002 08:00:28.385763 3145964 se_gpu_pjrt_client.cc:1342] Using BFC allocator.
I1002 08:00:28.385801 3145964 gpu_helpers.cc:162] XLA backend allocating 11.68GiB (12543066112 bytes) on device 0 for BFCAllocator.
I1002 08:00:28.392828 3145964 cuda_dnn.cc:440] Loaded cuDNN version 92302
[pjrt_ffi] XLA backend: PJRT 0.114, 1 device(s)
[pjrt_ffi] command buffers: enabled (CUDA default)
[pjrt_ffi] residency: on — parameters stay on the device between steps (default)
[pjrt_ffi] compiled .lake/build/distogram_r16x64_esm650_train_step.mlir (@main, 376 outputs, 1 replica) in 3981 ms
[pjrt_ffi] compiled .lake/build/distogram_r16x64_esm650_fwd_eval.mlir (@forward_eval, 1 outputs, 1 replica) in 216 ms
  1357250 params (1357250 by NetSpec.totalParams), 4224 BN stat floats
  26310 train chains, 1380 val chains; features 16609 MB, labels 1888 MB (7999 ms)
    step 0: loss 12.096300 (235 ms so far)
    step 1: loss 11.826400 (421 ms so far)
    step 2: loss 12.072300 (596 ms so far)
  epoch 1/30: loss 3.020200  val CE 2.548900  val top-L/5 LR precision 41.850000%  (296 s train, 9982 ms val, 180.500000 ms/step)
  epoch 2/30: loss 2.113500  val CE 2.359400  val top-L/5 LR precision 57.700000%  (292 s train, 9926 ms val, 177.900000 ms/step)
  epoch 3/30: loss 1.991300  val CE 2.271600  val top-L/5 LR precision 64.060000%  (291 s train, 10005 ms val, 177.600000 ms/step)
  epoch 4/30: loss 1.936700  val CE 2.222800  val top-L/5 LR precision 66.220000%  (292 s train, 10078 ms val, 178.100000 ms/step)
  epoch 5/30: loss 1.895700  val CE 2.201400  val top-L/5 LR precision 67.380000%  (293 s train, 10216 ms val, 178.500000 ms/step)
  epoch 6/30: loss 1.872000  val CE 2.179900  val top-L/5 LR precision 67.430000%  (309 s train, 10103 ms val, 188.000000 ms/step)
  epoch 7/30: loss 1.854700  val CE 2.158600  val top-L/5 LR precision 68.600000%  (310 s train, 10210 ms val, 189.100000 ms/step)
  epoch 8/30: loss 1.840200  val CE 2.144200  val top-L/5 LR precision 68.840000%  (311 s train, 10190 ms val, 189.300000 ms/step)
  epoch 9/30: loss 1.824600  val CE 2.141000  val top-L/5 LR precision 69.060000%  (310 s train, 10226 ms val, 188.800000 ms/step)
  epoch 10/30: loss 1.812400  val CE 2.124800  val top-L/5 LR precision 69.770000%  (311 s train, 10180 ms val, 189.600000 ms/step)
  epoch 11/30: loss 1.803400  val CE 2.111400  val top-L/5 LR precision 69.970000%  (310 s train, 10111 ms val, 188.800000 ms/step)
  epoch 12/30: loss 1.799900  val CE 2.146600  val top-L/5 LR precision 70.300000%  (311 s train, 10221 ms val, 189.200000 ms/step)
  epoch 13/30: loss 1.789200  val CE 2.101300  val top-L/5 LR precision 70.490000%  (310 s train, 10048 ms val, 189.100000 ms/step)
  epoch 14/30: loss 1.786100  val CE 2.096100  val top-L/5 LR precision 70.540000%  (311 s train, 10086 ms val, 189.400000 ms/step)
  epoch 15/30: loss 1.775100  val CE 2.086300  val top-L/5 LR precision 70.980000%  (310 s train, 10200 ms val, 189.000000 ms/step)
  epoch 16/30: loss 1.769500  val CE 2.081200  val top-L/5 LR precision 70.840000%  (310 s train, 10223 ms val, 189.100000 ms/step)
  epoch 17/30: loss 1.768800  val CE 2.077100  val top-L/5 LR precision 71.170000%  (305 s train, 9972 ms val, 185.800000 ms/step)
  epoch 18/30: loss 1.761500  val CE 2.073400  val top-L/5 LR precision 71.220000%  (291 s train, 9997 ms val, 177.600000 ms/step)
  epoch 19/30: loss 1.756000  val CE 2.072500  val top-L/5 LR precision 71.220000%  (291 s train, 9985 ms val, 177.100000 ms/step)
  epoch 20/30: loss 1.753500  val CE 2.071600  val top-L/5 LR precision 71.260000%  (291 s train, 10080 ms val, 177.000000 ms/step)
  epoch 21/30: loss 1.750700  val CE 2.063700  val top-L/5 LR precision 71.400000%  (291 s train, 9995 ms val, 177.100000 ms/step)
  epoch 22/30: loss 1.743100  val CE 2.063000  val top-L/5 LR precision 71.560000%  (291 s train, 10000 ms val, 177.100000 ms/step)
  epoch 23/30: loss 1.742800  val CE 2.059000  val top-L/5 LR precision 71.470000%  (291 s train, 9955 ms val, 177.100000 ms/step)
  epoch 24/30: loss 1.738600  val CE 2.057800  val top-L/5 LR precision 71.510000%  (291 s train, 10050 ms val, 177.100000 ms/step)
  epoch 25/30: loss 1.733400  val CE 2.056700  val top-L/5 LR precision 71.510000%  (291 s train, 9993 ms val, 177.000000 ms/step)
  epoch 26/30: loss 1.728500  val CE 2.054900  val top-L/5 LR precision 71.570000%  (291 s train, 9978 ms val, 177.300000 ms/step)
  epoch 27/30: loss 1.728100  val CE 2.054000  val top-L/5 LR precision 71.600000%  (291 s train, 10008 ms val, 177.300000 ms/step)
  epoch 28/30: loss 1.731000  val CE 2.054100  val top-L/5 LR precision 71.630000%  (291 s train, 9969 ms val, 177.200000 ms/step)
  epoch 29/30: loss 1.726200  val CE 2.054400  val top-L/5 LR precision 71.650000%  (291 s train, 9961 ms val, 177.400000 ms/step)
  epoch 30/30: loss 1.729200  val CE 2.053700  val top-L/5 LR precision 71.620000%  (301 s train, 10353 ms val, 183.500000 ms/step)
predict: lake exe distogram-casp predict list=train_full fs=esm650 dim=1289 ch=64 units=16 crop=96 tag=e30-esm650-crop96
trained: 49320 steps in 9291 s -> .lake/build/distogram_r16x64_esm650_train_full_e30-esm650-crop96_params.bin
