SF: qacc=0.9238 B1=2.227 B2=2.224 L=4.953 cert@0.1=92 cert@0.3=72 PGD@0.1=93 PGD@0.3=92
TF: qacc=0.9508 B1=5.641 B2=5.291 L=29.847 cert@0.1=76 cert@0.3=2 PGD@0.1=94 PGD@0.3=86
wrote 4 files, 8407 lines total; images with theorems: 11
	Command being timed: "python3 scripts/certs/lipschitz_cert_scorecard_full.py"
	User time (seconds): 4.82
	System time (seconds): 0.16
	Percent of CPU this job got: 1206%
	Elapsed (wall clock) time (h:mm:ss or m:ss): 0:00.41
	Average shared text size (kbytes): 0
	Average unshared data size (kbytes): 0
	Average stack size (kbytes): 0
	Average total size (kbytes): 0
	Maximum resident set size (kbytes): 537348
	Average resident set size (kbytes): 0
	Major (requiring I/O) page faults: 1
	Minor (reclaiming a frame) page faults: 39701
	Voluntary context switches: 78
	Involuntary context switches: 930
	Swaps: 0
	File system inputs: 0
	File system outputs: 1328
	Socket messages sent: 0
	Socket messages received: 0
	Signals delivered: 0
	Page size (bytes): 4096
	Exit status: 0
exit 0
