[sup] 2026-10-07 17:39:03 START job=r50-a3-jax-4gpu devs=0,1,2,3 epochs=100 rest_after=[none] temp_max=0 stall=1800s logs=runs/2026-10-07-r50-a3-jax-bf16-100ep
[sup] 2026-10-07 17:39:03 cmd: bash -c 
  set -u
  base=/home/skoonce/r50_a3_jax_2610/resnet50_imagenet_rsbfaithful
  last=""; n=0
  for f in "${base}"_e*.state.npz; do
    [ -e "$f" ] || continue
    k="${f##*_e}"; k="${k%.state.npz}"
    [ "$k" -gt "$n" ] && { n="$k"; last="$f"; }
  done
  resume=()
  if [ -n "$last" ]; then echo "[jax] resuming from epoch $n ($last)"; resume=(LEAN_MLIR_RESUME="$last")
  else echo "[jax] fresh start"; fi
  cd jax || exit 1
  exec env JAX_COMPILATION_CACHE_DIR=/home/skoonce/.jax_cache \
    LEAN_MLIR_PARAMS_OUT="$base" LEAN_MLIR_CKPT_EVERY=1 \
    TFDS_DATA_DIR="${TFDS_DATA_DIR:-/home/skoonce/tensorflow_datasets}" \
    "${resume[@]}" /home/skoonce/.venv-cuda/bin/python3 -u .lake/build/generated_resnet50_imagenet_rsbfaithful.py

[sup] 2026-10-07 17:39:03 eta: ~13.5 h for 100 ep on 4x 4060 Ti (median 486 s/epoch incl. eval; the 2026-08 run, /home/skoonce/r50_a3_jax_100ep)
[sup] 2026-10-07 17:39:03 attempt 1: resuming at epoch 0/100 (next rest: 999)
[sup] 2026-10-07 17:39:03   launched PID=2605907 PGID=2605907
[sup]   last line: Done. Total time: 53113.6s
[sup] 2026-10-08 08:24:34 ✅ COMPLETE — 100/100 epochs
