gw cifarbn: 4 BN layers, train on gauss, 6 epochs, batch 64, lr 0.001000, label smoothing 0.100000, seed 1
I0911 21:15:10.012038 1981749 service.cc:154] XLA service 0x71ff74028880 initialized for platform CUDA (this does not guarantee that XLA will be used). Devices:
I0911 21:15:10.012119 1981749 service.cc:170]   StreamExecutor [0]: NVIDIA GeForce RTX 4060 Ti, Compute Capability 8.9 (Driver: 12.9.0[575.57.8]; Runtime: 12.9.0; Toolkit: 12.9.0; DNN: 9.23.2)
I0911 21:15:10.013905 1981749 se_gpu_pjrt_client.cc:1342] Using BFC allocator.
I0911 21:15:10.013944 1981749 gpu_helpers.cc:162] XLA backend allocating 11.68GiB (12543066112 bytes) on device 0 for BFCAllocator.
I0911 21:15:10.020943 1981749 cuda_dnn.cc:440] Loaded cuDNN version 92302
[pjrt_ffi] XLA backend: PJRT 0.114, 1 device(s)
[pjrt_ffi] command buffers: enabled (CUDA default)
I0911 21:15:10.611589 1981781 subprocess_compilation.cc:349] ptxas warning : Registers are spilled to local memory in function 'gemm_fusion_dot_1', 64 bytes spill stores, 64 bytes spill loads

I0911 21:15:10.637157 1981788 subprocess_compilation.cc:349] ptxas warning : Registers are spilled to local memory in function 'gemm_fusion_dot', 56 bytes spill stores, 56 bytes spill loads

I0911 21:15:10.910471 1981764 subprocess_compilation.cc:349] ptxas warning : Registers are spilled to local memory in function 'gemm_fusion_dot', 8416 bytes spill stores, 8424 bytes spill loads

I0911 21:15:10.946886 1981763 subprocess_compilation.cc:349] ptxas warning : Registers are spilled to local memory in function 'gemm_fusion_dot_1', 628 bytes spill stores, 628 bytes spill loads

[pjrt_ffi] compiled .lake/build/gw_cifarbn_fwd_eval.mlir (@forward_eval, 1 outputs, 1 replica) in 1616 ms
  17106882 params (17106882 by NetSpec.totalParams), 384 BN stat floats
  val: 12228 windows × 2 sets (578 ms)
  train: 40760 windows of gauss (1917 ms)
I0911 21:15:14.815814 1981777 subprocess_compilation.cc:349] ptxas warning : Registers are spilled to local memory in function 'gemm_fusion_dot_17', 56 bytes spill stores, 56 bytes spill loads

I0911 21:15:14.816168 1981769 subprocess_compilation.cc:349] ptxas warning : Registers are spilled to local memory in function 'gemm_fusion_dot_2', 32 bytes spill stores, 32 bytes spill loads

I0911 21:15:15.309979 1981785 subprocess_compilation.cc:349] ptxas warning : Registers are spilled to local memory in function 'gemm_fusion_dot_2', 712 bytes spill stores, 712 bytes spill loads

I0911 21:15:15.325620 1981772 subprocess_compilation.cc:349] ptxas warning : Registers are spilled to local memory in function 'gemm_fusion_dot_17', 8244 bytes spill stores, 8296 bytes spill loads

[pjrt_ffi] compiled .lake/build/gw_cifarbn_train_step.mlir (@main, 63 outputs, 1 replica) in 2177 ms
    step 0: loss 1.112000 (322 ms so far)
    step 1: loss 0.853100 (478 ms so far)
    step 2: loss 0.837900 (623 ms so far)
  epoch 1/6: loss 0.526500  val acc gauss 90.260000%  real 89.440000%  (97768 ms train, 16982 ms eval)
  epoch 2/6: loss 0.393800  val acc gauss 92.890000%  real 92.100000%  (104641 ms train, 16457 ms eval)
  epoch 3/6: loss 0.367600  val acc gauss 86.290000%  real 84.760000%  (105775 ms train, 16745 ms eval)
  epoch 4/6: loss 0.348400  val acc gauss 91.180000%  real 90.390000%  (105966 ms train, 16012 ms eval)
  epoch 5/6: loss 0.319900  val acc gauss 92.090000%  real 91.180000%  (94092 ms train, 15088 ms eval)
  epoch 6/6: loss 0.289000  val acc gauss 91.470000%  real 90.450000%  (92585 ms train, 14933 ms eval)
trained: 3816 steps in 697 s
score: .venv-gw/bin/python scripts/gw_metrics.py table --logits=gauss:runs/2026-09-11-gw-cifarbn-gauss-ls/gw_cifarbn_gauss_logits_gauss_val.bin,real:runs/2026-09-11-gw-cifarbn-gauss-ls/gw_cifarbn_gauss_logits_real_val.bin
gw cifarbn trained on gauss, scored on gauss val: accuracy 91.470000%  -> runs/2026-09-11-gw-cifarbn-gauss-ls/gw_cifarbn_gauss_logits_gauss_val.bin
gw cifarbn trained on gauss, scored on real val: accuracy 90.450000%  -> runs/2026-09-11-gw-cifarbn-gauss-ls/gw_cifarbn_gauss_logits_real_val.bin
