amazon/dry: 351 scenes under 5% cloud, 20 tiles
   20LPQ: dry 2023-06-16 0.0% / 2023-06-21 0.0% / 2023-06-21 0.0% (05.10)
   20LPP: dry 2023-06-16 0.0% / 2023-06-19 0.0% / 2023-06-21 0.0% (05.10)
   20LMP: dry 2023-07-04 0.0% / 2023-07-24 0.0% / 2023-07-24 0.0% (05.10)
   20LMQ: dry 2023-06-17 0.0% / 2023-06-19 0.0% / 2023-06-29 0.0% (05.11)
   20LNQ: dry 2023-06-19 0.0% / 2023-06-29 0.0% / 2023-07-04 0.0% (05.10)
   20LLP: dry 2023-06-19 0.0% / 2023-07-04 0.0% / 2023-07-09 0.0% (05.10)
cerrado/dry: 260 scenes under 5% cloud, 12 tiles
cerrado/wet: 152 scenes under 30% cloud, 12 tiles
   23LKF: dry 2023-09-11 0.0% / 2023-09-09 0.0% / 2023-08-17 0.0% (05.10)  wet 2023-03-25 0.0% / 2023-04-29 0.0% / 2023-03-10 1.2% (05.10)
   23LNF: dry 2023-09-13 0.0% / 2023-09-11 0.0% / 2023-09-08 0.0% (05.10)  wet 2023-04-01 0.0% / 2023-04-26 0.0% / 2023-03-25 0.0% (05.10)
   23LNG: dry 2023-09-13 0.0% / 2023-09-11 0.0% / 2023-09-08 0.0% (05.10)  wet 2023-02-10 0.0% / 2023-03-10 0.0% / 2023-04-26 0.0% (05.10)
   23LKG: dry 2023-09-11 0.0% / 2023-09-09 0.0% / 2023-09-06 0.0% (05.10)  wet 2023-04-27 0.0% / 2023-04-29 1.0% / 2023-03-30 1.7% (05.10)
   23LNH: dry 2023-09-13 0.0% / 2023-09-11 0.0% / 2023-09-08 0.0% (05.10)  wet 2023-01-31 0.0% / 2023-02-10 0.0% / 2023-02-13 0.0% (05.10)
   23LLF: dry 2023-09-11 0.0% / 2023-08-17 0.0% / 2023-08-07 0.0% (05.10)  wet 2023-03-10 0.0% / 2023-03-25 3.2% / 2023-02-23 3.5% (05.10)
fetch route: s3; labels: data/rs/mapbiomas/brazil_coverage-col4_10m_2023.tif
  amazon_dry 20LPQ 2023-06-16: fetched in 19 s, loaded in 88 s; offset -1000, baseline 05.10; 1500 windows, 0 nodata, 45 cloudy (s2cloudless mean prob median 0.01)
  20LPQ: 1455 windows clear in every season, 1283 labelled and pure  (197 s)
  amazon_dry 20LPP 2023-06-16: fetched in 18 s, loaded in 92 s; offset -1000, baseline 05.10; 1500 windows, 0 nodata, 72 cloudy (s2cloudless mean prob median 0.01)
  20LPP: 1428 windows clear in every season, 1174 labelled and pure  (314 s)
  amazon_dry 20LMP 2023-07-04: fetched in 21 s, loaded in 98 s; offset -1000, baseline 05.10; 1500 windows, 0 nodata, 101 cloudy (s2cloudless mean prob median 0.01)
  20LMP: 1399 windows clear in every season, 1033 labelled and pure  (473 s)
  amazon_dry 20LMQ 2023-06-17: fetched in 7 s, loaded in 85 s; offset -1000, baseline 05.11; 524 windows, 0 nodata, 159 cloudy (s2cloudless mean prob median 0.01)
  20LMQ: 365 windows clear in every season, 269 labelled and pure  (567 s)
  amazon_dry 20LNQ 2023-06-19: fetched in 22 s, loaded in 88 s; offset -1000, baseline 05.10; 1500 windows, 0 nodata, 146 cloudy (s2cloudless mean prob median 0.01)
  20LNQ: 1354 windows clear in every season, 835 labelled and pure  (682 s)
  amazon_dry 20LLP 2023-06-19: fetched in 15 s, loaded in 85 s; offset -1000, baseline 05.10; 1500 windows, 0 nodata, 120 cloudy (s2cloudless mean prob median 0.01)
  20LLP: 1380 windows clear in every season, 1121 labelled and pure  (787 s)
  cerrado_dry 23LKF 2023-09-11: fetched in 0 s, loaded in 83 s; offset -1000, baseline 05.10; 1500 windows, 0 nodata, 209 cloudy (s2cloudless mean prob median 0.01)
  cerrado_wet 23LKF 2023-03-25: fetched in 19 s, loaded in 83 s; offset -1000, baseline 05.10; 1500 windows, 0 nodata, 129 cloudy (s2cloudless mean prob median 0.01)
  23LKF: 1175 windows clear in every season, 251 labelled and pure  (975 s)
  cerrado_dry 23LNF 2023-09-13: fetched in 21 s, loaded in 83 s; offset -1000, baseline 05.10; 1500 windows, 0 nodata, 78 cloudy (s2cloudless mean prob median 0.01)
  cerrado_wet 23LNF 2023-04-01: fetched in 19 s, loaded in 84 s; offset -1000, baseline 05.10; 1500 windows, 0 nodata, 69 cloudy (s2cloudless mean prob median 0.01)
  23LNF: 1372 windows clear in every season, 813 labelled and pure  (1188 s)
  cerrado_dry 23LNG 2023-09-13: fetched in 18 s, loaded in 87 s; offset -1000, baseline 05.10; 1500 windows, 0 nodata, 111 cloudy (s2cloudless mean prob median 0.01)
  cerrado_wet 23LNG 2023-02-10: fetched in 15 s, loaded in 84 s; offset -1000, baseline 05.10; 1500 windows, 0 nodata, 108 cloudy (s2cloudless mean prob median 0.01)
  23LNG: 1307 windows clear in every season, 822 labelled and pure  (1396 s)
  cerrado_dry 23LKG 2023-09-11: fetched in 13 s, loaded in 83 s; offset -1000, baseline 05.10; 1500 windows, 0 nodata, 158 cloudy (s2cloudless mean prob median 0.01)
  cerrado_wet 23LKG 2023-04-27: fetched in 21 s, loaded in 85 s; offset -1000, baseline 05.10; 1500 windows, 0 nodata, 100 cloudy (s2cloudless mean prob median 0.00)
  23LKG: 1249 windows clear in every season, 374 labelled and pure  (1603 s)
  cerrado_dry 23LNH 2023-09-13: fetched in 13 s, loaded in 84 s; offset -1000, baseline 05.10; 1500 windows, 0 nodata, 83 cloudy (s2cloudless mean prob median 0.01)
  cerrado_wet 23LNH 2023-01-31: fetched in 13 s, loaded in 83 s; offset -1000, baseline 05.10; 1500 windows, 0 nodata, 94 cloudy (s2cloudless mean prob median 0.01)
  23LNH: 1341 windows clear in every season, 1093 labelled and pure  (1801 s)
  cerrado_dry 23LLF 2023-09-11: fetched in 22 s, loaded in 84 s; offset -1000, baseline 05.10; 1500 windows, 0 nodata, 73 cloudy (s2cloudless mean prob median 0.01)
  cerrado_wet 23LLF 2023-03-10: fetched in 22 s, loaded in 83 s; offset -1000, baseline 05.10; 1500 windows, 0 nodata, 64 cloudy (s2cloudless mean prob median 0.01)
  23LLF: 1401 windows clear in every season, 787 labelled and pure  (2016 s)
amazon_dry: 3826 chips (5715 before caps) {'annual crop': 41, 'perennial crop': 0, 'forest': 2000, 'herbaceous': 7, 'pasture': 1775, 'built': 2, 'water': 1, 'savanna formation': 0, 'forest plantation': 0}  -> amazon_dry.bin (0.81 GB)
cerrado_dry: 3620 chips (4140 before caps) {'annual crop': 520, 'perennial crop': 0, 'forest': 198, 'herbaceous': 17, 'pasture': 884, 'built': 0, 'water': 0, 'savanna formation': 2000, 'forest plantation': 1}  -> cerrado_dry.bin (0.77 GB)
cerrado_wet: 3620 chips (4140 before caps) {'annual crop': 520, 'perennial crop': 0, 'forest': 198, 'herbaceous': 17, 'pasture': 884, 'built': 0, 'water': 0, 'savanna formation': 2000, 'forest plantation': 1}  -> cerrado_wet.bin (0.77 GB)
done (2020 s)
PHASE2_EXIT 0
