I0930 17:23:33.831726 2145013 service.cc:154] XLA service 0x7a5954009300 initialized for platform CUDA (this does not guarantee that XLA will be used). Devices:
I0930 17:23:33.835705 2145013 service.cc:170]   StreamExecutor [0]: NVIDIA GeForce RTX 4060 Ti, Compute Capability 8.9 (Driver: 12.9.0[575.57.8]; Runtime: 12.9.0; Toolkit: 12.9.0; DNN: 9.23.2)
I0930 17:23:33.838188 2145013 se_gpu_pjrt_client.cc:1342] Using BFC allocator.
I0930 17:23:33.838436 2145013 gpu_helpers.cc:162] XLA backend allocating 11.68GiB (12543066112 bytes) on device 0 for BFCAllocator.
I0930 17:23:33.860477 2145013 cuda_dnn.cc:440] Loaded cuDNN version 92302
[pjrt_ffi] XLA backend: PJRT 0.114, 1 device(s)
[pjrt_ffi] command buffers: enabled (CUDA default)
[pjrt_ffi] residency: on — parameters stay on the device between steps (default)
[pjrt_ffi] compiled verified_mlir/linear_train_step.mlir (@linear_train_step, 2 outputs, 1 replica) in 2648 ms
[pjrt_ffi] compiled verified_mlir/linear_fwd.mlir (@linear_fwd, 1 outputs, 1 replica) in 321 ms
[pjrt_ffi] compiled .lake/build/linear_pgd_step.mlir (@linear_pgd_step, 1 outputs, 1 replica) in 632 ms
[pjrt_ffi] compiled .lake/build/linear_pgd_step.mlir (@linear_pgd_step, 1 outputs, 1 replica) in 331 ms
[pjrt_ffi] compiled .lake/build/linear_pgd_step.mlir (@linear_pgd_step, 1 outputs, 1 replica) in 281 ms
[pjrt_ffi] compiled .lake/build/linear_pgd_step.mlir (@linear_pgd_step, 1 outputs, 1 replica) in 265 ms
[pjrt_ffi] compiled .lake/build/linear_pgd_step.mlir (@linear_pgd_step, 1 outputs, 1 replica) in 195 ms
[pjrt_ffi] compiled .lake/build/linear_pgd_step.mlir (@linear_pgd_step, 1 outputs, 1 replica) in 200 ms
Phase-3 PGD attack on MNIST-Linear (verified codegen → GPU)
  xla/pjrt verified_mlir/linear_train_step.mlir
  xla/pjrt verified_mlir/linear_fwd.mlir
  training MNIST-Linear (12 epochs, bs 128) ...
clean test acc = 9210/10000 = 92.100000%
  xla/pjrt .lake/build/linear_pgd_step.mlir
L∞ PGD eps=0.100000: adv acc = 2404/10000 = 24.040000%
  xla/pjrt .lake/build/linear_pgd_step.mlir
L∞ PGD eps=0.200000: adv acc = 35/10000 = 0.350000%
  xla/pjrt .lake/build/linear_pgd_step.mlir
L∞ PGD eps=0.300000: adv acc = 0/10000 = 0.000000%

global Lipschitz bound ‖W‖₂ ≤ 5.743998  (Schatten-8; power-iteration estimate of the exact ‖W‖₂ = 5.293465)
certified-robust acc (L2): ε=0.5 → 48.100000%, ε=1.0 → 5.170000%, ε=1.5 → 0.170000%
  xla/pjrt .lake/build/linear_pgd_step.mlir
L2 PGD eps=0.500000: adv acc = 79.380000%  (sandwich: cert ≤ true ≤ this)
  xla/pjrt .lake/build/linear_pgd_step.mlir
L2 PGD eps=1.000000: adv acc = 52.270000%  (sandwich: cert ≤ true ≤ this)
  xla/pjrt .lake/build/linear_pgd_step.mlir
L2 PGD eps=1.500000: adv acc = 20.140000%  (sandwich: cert ≤ true ≤ this)
done (PGD: input gradient from the hand-typed PgdGen kernel, the input-VJP formula).
