I0831 12:37:06.253906  641046 service.cc:154] XLA service 0x7c735c0517d0 initialized for platform CUDA (this does not guarantee that XLA will be used). Devices:
I0831 12:37:06.253967  641046 service.cc:170]   StreamExecutor [0]: NVIDIA GeForce RTX 4060 Ti, Compute Capability 8.9 (Driver: 12.9.0[575.57.8]; Runtime: 12.9.0; Toolkit: 12.9.0; DNN: 9.23.2)
I0831 12:37:06.255803  641046 se_gpu_pjrt_client.cc:1342] Using BFC allocator.
I0831 12:37:06.255875  641046 gpu_helpers.cc:162] XLA backend allocating 11.68GiB (12543066112 bytes) on device 0 for BFCAllocator.
I0831 12:37:06.288593  641046 cuda_dnn.cc:440] Loaded cuDNN version 92302
[pjrt_ffi] XLA backend: PJRT 0.114, 1 device(s)
[pjrt_ffi] command buffers: enabled (CUDA default)
E0831 12:37:11.113134  641138 cuda_timer.cc:88] Delay kernel timed out: measured time has sub-optimal accuracy. There may be a missing warmup execution, please investigate in Nsight Systems.
E0831 12:37:13.025857  641120 cuda_timer.cc:88] Delay kernel timed out: measured time has sub-optimal accuracy. There may be a missing warmup execution, please investigate in Nsight Systems.
[pjrt_ffi] compiled verified_mlir/convnext_adam_train_step.mlir (@convnext_adam_train_step, 549 outputs, 1 replica) in 8670 ms
[pjrt_ffi] compiled verified_mlir/convnext_fwd.mlir (@convnext_fwd, 1 outputs, 1 replica) in 714 ms
ConvNeXt-T on Imagenette 224² (patchify /4 → stem channel-LN → [3,3,9,3] blocks @ [96,192,384,768] depthwise-7×7 + channel-LN + GELU + layerScale + 3 downsamples 56→7 → GAP → LN → dense) via the VERIFIED renderer → XLA/PJRT → GPU. LayerNorm is ConvNeXt's REAL channel LN — statistics over the c channels at each spatial position, per-channel [c] affine — on all 22 of those sites (§2m), plus a 23rd over the [768] GAP output — the paper's head LN, restored 2026-08-30; the count matches timm at 28,589,128 for K=1000
  xla/pjrt verified_mlir/convnext_adam_train_step.mlir
  xla/pjrt verified_mlir/convnext_fwd.mlir
  train 9469, val 3925; bs 32, ConvNeXt-T adam (cosine+warmup 3ep, baseLR 0.001000), He init
[pjrt_ffi] RESIDENT: @convnext_adam_train_step holds 546 parameter tensors (318.5 MB) on 1 device; they stop crossing PCIe from here
  step 0/295: loss=2.919844
  step 1/295: loss=2.852849
  step 2/295: loss=2.635375
  step 100/295: loss=2.429672
  step 200/295: loss=1.930025
[pjrt_ffi] RESIDENT: @convnext_fwd holds 182 parameter tensors (106.2 MB) on 1 device; they stop crossing PCIe from here
Epoch 1/80: loss=2.077230 lr=0.000333
  epoch 1: val_acc = 1515/3925 = 38.598726%  top5 = 3212/3925 = 81.834395%  [95% CI 37.09–40.13]
    per-example top-1 bitmap -> runs/2026-08-31-imagenette-n3/bitmaps/convnext_s4_e1.bin (3925 bytes)
  step 0/295: loss=1.814126
  step 1/295: loss=1.779447
  step 2/295: loss=1.771554
  step 100/295: loss=1.905022
  step 200/295: loss=1.786623
[pjrt_ffi] RESIDENT: @convnext_fwd holds 182 parameter tensors (106.2 MB) on 1 device; they stop crossing PCIe from here
Epoch 2/80: loss=1.778611 lr=0.000667
  epoch 2: val_acc = 1941/3925 = 49.452229%  top5 = 3484/3925 = 88.764331%  [95% CI 47.89–51.02]
    per-example top-1 bitmap -> runs/2026-08-31-imagenette-n3/bitmaps/convnext_s4_e2.bin (3925 bytes)
  step 0/295: loss=1.688070
  step 1/295: loss=1.888162
  step 2/295: loss=1.684941
  step 100/295: loss=1.581981
  step 200/295: loss=1.613711
[pjrt_ffi] RESIDENT: @convnext_fwd holds 182 parameter tensors (106.2 MB) on 1 device; they stop crossing PCIe from here
Epoch 3/80: loss=1.623599 lr=0.001000
  epoch 3: val_acc = 2209/3925 = 56.280255%  top5 = 3601/3925 = 91.745223%  [95% CI 54.72–57.83]
    per-example top-1 bitmap -> runs/2026-08-31-imagenette-n3/bitmaps/convnext_s4_e3.bin (3925 bytes)
  step 0/295: loss=1.575244
  step 1/295: loss=1.285935
  step 2/295: loss=1.648389
  step 100/295: loss=1.522303
  step 200/295: loss=1.457452
[pjrt_ffi] RESIDENT: @convnext_fwd holds 182 parameter tensors (106.2 MB) on 1 device; they stop crossing PCIe from here
Epoch 4/80: loss=1.479804 lr=0.001000
  epoch 4: val_acc = 2124/3925 = 54.114650%  top5 = 3635/3925 = 92.611465%  [95% CI 52.55–55.67]
    per-example top-1 bitmap -> runs/2026-08-31-imagenette-n3/bitmaps/convnext_s4_e4.bin (3925 bytes)
  step 0/295: loss=1.465124
  step 1/295: loss=1.595887
  step 2/295: loss=1.453368
  step 100/295: loss=1.494666
  step 200/295: loss=1.182742
[pjrt_ffi] RESIDENT: @convnext_fwd holds 182 parameter tensors (106.2 MB) on 1 device; they stop crossing PCIe from here
Epoch 5/80: loss=1.362122 lr=0.000998
  epoch 5: val_acc = 2571/3925 = 65.503185%  top5 = 3692/3925 = 94.063694%  [95% CI 64.00–66.97]
    per-example top-1 bitmap -> runs/2026-08-31-imagenette-n3/bitmaps/convnext_s4_e5.bin (3925 bytes)
  step 0/295: loss=1.245001
  step 1/295: loss=1.163753
  step 2/295: loss=1.262800
  step 100/295: loss=1.158064
  step 200/295: loss=1.366388
[pjrt_ffi] RESIDENT: @convnext_fwd holds 182 parameter tensors (106.2 MB) on 1 device; they stop crossing PCIe from here
Epoch 6/80: loss=1.251509 lr=0.000996
  epoch 6: val_acc = 2676/3925 = 68.178344%  top5 = 3749/3925 = 95.515924%  [95% CI 66.70–69.62]
    per-example top-1 bitmap -> runs/2026-08-31-imagenette-n3/bitmaps/convnext_s4_e6.bin (3925 bytes)
  step 0/295: loss=1.087850
  step 1/295: loss=1.269344
  step 2/295: loss=1.037451
  step 100/295: loss=1.320767
  step 200/295: loss=1.296943
[pjrt_ffi] RESIDENT: @convnext_fwd holds 182 parameter tensors (106.2 MB) on 1 device; they stop crossing PCIe from here
Epoch 7/80: loss=1.177960 lr=0.000993
  epoch 7: val_acc = 2644/3925 = 67.363057%  top5 = 3734/3925 = 95.133758%  [95% CI 65.88–68.81]
    per-example top-1 bitmap -> runs/2026-08-31-imagenette-n3/bitmaps/convnext_s4_e7.bin (3925 bytes)
  step 0/295: loss=1.100444
  step 1/295: loss=1.284913
  step 2/295: loss=1.436518
  step 100/295: loss=1.369631
  step 200/295: loss=1.183138
[pjrt_ffi] RESIDENT: @convnext_fwd holds 182 parameter tensors (106.2 MB) on 1 device; they stop crossing PCIe from here
Epoch 8/80: loss=1.128690 lr=0.000990
  epoch 8: val_acc = 2660/3925 = 67.770701%  top5 = 3751/3925 = 95.566879%  [95% CI 66.29–69.21]
    per-example top-1 bitmap -> runs/2026-08-31-imagenette-n3/bitmaps/convnext_s4_e8.bin (3925 bytes)
  step 0/295: loss=1.146100
  step 1/295: loss=0.874207
  step 2/295: loss=1.318366
  step 100/295: loss=1.145621
  step 200/295: loss=0.897490
[pjrt_ffi] RESIDENT: @convnext_fwd holds 182 parameter tensors (106.2 MB) on 1 device; they stop crossing PCIe from here
Epoch 9/80: loss=1.072071 lr=0.000985
  epoch 9: val_acc = 2903/3925 = 73.961783%  top5 = 3762/3925 = 95.847134%  [95% CI 72.57–75.31]
    per-example top-1 bitmap -> runs/2026-08-31-imagenette-n3/bitmaps/convnext_s4_e9.bin (3925 bytes)
  step 0/295: loss=1.170669
  step 1/295: loss=0.913532
  step 2/295: loss=1.065626
  step 100/295: loss=1.076855
  step 200/295: loss=0.895404
[pjrt_ffi] RESIDENT: @convnext_fwd holds 182 parameter tensors (106.2 MB) on 1 device; they stop crossing PCIe from here
Epoch 10/80: loss=1.024458 lr=0.000980
  epoch 10: val_acc = 2857/3925 = 72.789809%  top5 = 3764/3925 = 95.898089%  [95% CI 71.38–74.16]
    per-example top-1 bitmap -> runs/2026-08-31-imagenette-n3/bitmaps/convnext_s4_e10.bin (3925 bytes)
  step 0/295: loss=1.192772
  step 1/295: loss=0.712115
  step 2/295: loss=0.859498
  step 100/295: loss=1.032024
  step 200/295: loss=0.807718
[pjrt_ffi] RESIDENT: @convnext_fwd holds 182 parameter tensors (106.2 MB) on 1 device; they stop crossing PCIe from here
Epoch 11/80: loss=0.979067 lr=0.000974
  epoch 11: val_acc = 2994/3925 = 76.280255%  top5 = 3805/3925 = 96.942675%  [95% CI 74.92–77.58]
    per-example top-1 bitmap -> runs/2026-08-31-imagenette-n3/bitmaps/convnext_s4_e11.bin (3925 bytes)
  step 0/295: loss=1.021087
  step 1/295: loss=0.904914
  step 2/295: loss=0.770122
  step 100/295: loss=0.973609
  step 200/295: loss=0.688362
[pjrt_ffi] RESIDENT: @convnext_fwd holds 182 parameter tensors (106.2 MB) on 1 device; they stop crossing PCIe from here
Epoch 12/80: loss=0.952388 lr=0.000967
  epoch 12: val_acc = 3083/3925 = 78.547771%  top5 = 3801/3925 = 96.840764%  [95% CI 77.24–79.80]
    per-example top-1 bitmap -> runs/2026-08-31-imagenette-n3/bitmaps/convnext_s4_e12.bin (3925 bytes)
  step 0/295: loss=0.877432
  step 1/295: loss=0.960569
  step 2/295: loss=0.957317
  step 100/295: loss=0.864784
  step 200/295: loss=1.032981
[pjrt_ffi] RESIDENT: @convnext_fwd holds 182 parameter tensors (106.2 MB) on 1 device; they stop crossing PCIe from here
Epoch 13/80: loss=0.922816 lr=0.000959
  epoch 13: val_acc = 3079/3925 = 78.445860%  top5 = 3794/3925 = 96.662420%  [95% CI 77.13–79.70]
    per-example top-1 bitmap -> runs/2026-08-31-imagenette-n3/bitmaps/convnext_s4_e13.bin (3925 bytes)
  step 0/295: loss=0.779600
  step 1/295: loss=0.684145
  step 2/295: loss=0.673656
  step 100/295: loss=0.802518
  step 200/295: loss=0.937376
[pjrt_ffi] RESIDENT: @convnext_fwd holds 182 parameter tensors (106.2 MB) on 1 device; they stop crossing PCIe from here
Epoch 14/80: loss=0.879163 lr=0.000950
  epoch 14: val_acc = 3107/3925 = 79.159236%  top5 = 3805/3925 = 96.942675%  [95% CI 77.86–80.40]
    per-example top-1 bitmap -> runs/2026-08-31-imagenette-n3/bitmaps/convnext_s4_e14.bin (3925 bytes)
  step 0/295: loss=0.929216
  step 1/295: loss=1.005105
  step 2/295: loss=0.748973
  step 100/295: loss=0.815335
  step 200/295: loss=0.788419
[pjrt_ffi] RESIDENT: @convnext_fwd holds 182 parameter tensors (106.2 MB) on 1 device; they stop crossing PCIe from here
Epoch 15/80: loss=0.846672 lr=0.000941
  epoch 15: val_acc = 3166/3925 = 80.662420%  top5 = 3807/3925 = 96.993631%  [95% CI 79.40–81.87]
    per-example top-1 bitmap -> runs/2026-08-31-imagenette-n3/bitmaps/convnext_s4_e15.bin (3925 bytes)
  step 0/295: loss=0.873918
  step 1/295: loss=0.711771
  step 2/295: loss=0.855664
  step 100/295: loss=0.652117
  step 200/295: loss=0.764145
[pjrt_ffi] RESIDENT: @convnext_fwd holds 182 parameter tensors (106.2 MB) on 1 device; they stop crossing PCIe from here
Epoch 16/80: loss=0.823038 lr=0.000931
  epoch 16: val_acc = 3163/3925 = 80.585987%  top5 = 3813/3925 = 97.146497%  [95% CI 79.32–81.79]
    per-example top-1 bitmap -> runs/2026-08-31-imagenette-n3/bitmaps/convnext_s4_e16.bin (3925 bytes)
  step 0/295: loss=0.672129
  step 1/295: loss=0.822949
  step 2/295: loss=0.805245
  step 100/295: loss=0.597690
  step 200/295: loss=0.999119
[pjrt_ffi] RESIDENT: @convnext_fwd holds 182 parameter tensors (106.2 MB) on 1 device; they stop crossing PCIe from here
Epoch 17/80: loss=0.796889 lr=0.000921
  epoch 17: val_acc = 3028/3925 = 77.146497%  top5 = 3813/3925 = 97.146497%  [95% CI 75.81–78.43]
    per-example top-1 bitmap -> runs/2026-08-31-imagenette-n3/bitmaps/convnext_s4_e17.bin (3925 bytes)
  step 0/295: loss=0.762002
  step 1/295: loss=0.701738
  step 2/295: loss=0.695324
  step 100/295: loss=0.841182
  step 200/295: loss=0.717879
[pjrt_ffi] RESIDENT: @convnext_fwd holds 182 parameter tensors (106.2 MB) on 1 device; they stop crossing PCIe from here
Epoch 18/80: loss=0.778370 lr=0.000909
  epoch 18: val_acc = 3167/3925 = 80.687898%  top5 = 3807/3925 = 96.993631%  [95% CI 79.42–81.89]
    per-example top-1 bitmap -> runs/2026-08-31-imagenette-n3/bitmaps/convnext_s4_e18.bin (3925 bytes)
  step 0/295: loss=0.607857
  step 1/295: loss=0.571129
  step 2/295: loss=0.858550
  step 100/295: loss=0.811954
  step 200/295: loss=0.683266
[pjrt_ffi] RESIDENT: @convnext_fwd holds 182 parameter tensors (106.2 MB) on 1 device; they stop crossing PCIe from here
Epoch 19/80: loss=0.740600 lr=0.000897
  epoch 19: val_acc = 3133/3925 = 79.821656%  top5 = 3819/3925 = 97.299363%  [95% CI 78.54–81.05]
    per-example top-1 bitmap -> runs/2026-08-31-imagenette-n3/bitmaps/convnext_s4_e19.bin (3925 bytes)
  step 0/295: loss=0.723105
  step 1/295: loss=0.807611
  step 2/295: loss=0.889617
  step 100/295: loss=0.770175
  step 200/295: loss=0.760143
[pjrt_ffi] RESIDENT: @convnext_fwd holds 182 parameter tensors (106.2 MB) on 1 device; they stop crossing PCIe from here
Epoch 20/80: loss=0.715385 lr=0.000884
  epoch 20: val_acc = 3186/3925 = 81.171975%  top5 = 3821/3925 = 97.350318%  [95% CI 79.92–82.36]
    per-example top-1 bitmap -> runs/2026-08-31-imagenette-n3/bitmaps/convnext_s4_e20.bin (3925 bytes)
  step 0/295: loss=0.758589
  step 1/295: loss=0.646891
  step 2/295: loss=0.725366
  step 100/295: loss=0.744900
  step 200/295: loss=0.574465
[pjrt_ffi] RESIDENT: @convnext_fwd holds 182 parameter tensors (106.2 MB) on 1 device; they stop crossing PCIe from here
Epoch 21/80: loss=0.698588 lr=0.000871
  epoch 21: val_acc = 3168/3925 = 80.713376%  top5 = 3798/3925 = 96.764331%  [95% CI 79.45–81.92]
    per-example top-1 bitmap -> runs/2026-08-31-imagenette-n3/bitmaps/convnext_s4_e21.bin (3925 bytes)
  step 0/295: loss=0.785803
  step 1/295: loss=0.566912
  step 2/295: loss=0.601603
  step 100/295: loss=0.766049
  step 200/295: loss=0.843581
[pjrt_ffi] RESIDENT: @convnext_fwd holds 182 parameter tensors (106.2 MB) on 1 device; they stop crossing PCIe from here
Epoch 22/80: loss=0.672507 lr=0.000857
  epoch 22: val_acc = 3180/3925 = 81.019108%  top5 = 3819/3925 = 97.299363%  [95% CI 79.76–82.22]
    per-example top-1 bitmap -> runs/2026-08-31-imagenette-n3/bitmaps/convnext_s4_e22.bin (3925 bytes)
  step 0/295: loss=0.597809
  step 1/295: loss=0.554054
  step 2/295: loss=0.623055
  step 100/295: loss=0.635038
  step 200/295: loss=0.852016
[pjrt_ffi] RESIDENT: @convnext_fwd holds 182 parameter tensors (106.2 MB) on 1 device; they stop crossing PCIe from here
Epoch 23/80: loss=0.666243 lr=0.000843
  epoch 23: val_acc = 3173/3925 = 80.840764%  top5 = 3796/3925 = 96.713376%  [95% CI 79.58–82.04]
    per-example top-1 bitmap -> runs/2026-08-31-imagenette-n3/bitmaps/convnext_s4_e23.bin (3925 bytes)
  step 0/295: loss=0.605109
  step 1/295: loss=0.613842
  step 2/295: loss=0.656362
  step 100/295: loss=0.783501
  step 200/295: loss=0.554436
[pjrt_ffi] RESIDENT: @convnext_fwd holds 182 parameter tensors (106.2 MB) on 1 device; they stop crossing PCIe from here
Epoch 24/80: loss=0.641993 lr=0.000827
  epoch 24: val_acc = 3189/3925 = 81.248408%  top5 = 3818/3925 = 97.273885%  [95% CI 80.00–82.44]
    per-example top-1 bitmap -> runs/2026-08-31-imagenette-n3/bitmaps/convnext_s4_e24.bin (3925 bytes)
  step 0/295: loss=0.584172
  step 1/295: loss=0.700677
  step 2/295: loss=0.590976
  step 100/295: loss=0.603409
  step 200/295: loss=0.711463
[pjrt_ffi] RESIDENT: @convnext_fwd holds 182 parameter tensors (106.2 MB) on 1 device; they stop crossing PCIe from here
Epoch 25/80: loss=0.639803 lr=0.000812
  epoch 25: val_acc = 3224/3925 = 82.140127%  top5 = 3805/3925 = 96.942675%  [95% CI 80.91–83.31]
    per-example top-1 bitmap -> runs/2026-08-31-imagenette-n3/bitmaps/convnext_s4_e25.bin (3925 bytes)
  step 0/295: loss=0.560781
  step 1/295: loss=0.563278
  step 2/295: loss=0.561101
  step 100/295: loss=0.662708
  step 200/295: loss=0.798831
[pjrt_ffi] RESIDENT: @convnext_fwd holds 182 parameter tensors (106.2 MB) on 1 device; they stop crossing PCIe from here
Epoch 26/80: loss=0.624076 lr=0.000796
  epoch 26: val_acc = 3263/3925 = 83.133758%  top5 = 3817/3925 = 97.248408%  [95% CI 81.93–84.27]
    per-example top-1 bitmap -> runs/2026-08-31-imagenette-n3/bitmaps/convnext_s4_e26.bin (3925 bytes)
  step 0/295: loss=0.672322
  step 1/295: loss=0.537211
  step 2/295: loss=0.589275
  step 100/295: loss=0.594702
  step 200/295: loss=0.558079
[pjrt_ffi] RESIDENT: @convnext_fwd holds 182 parameter tensors (106.2 MB) on 1 device; they stop crossing PCIe from here
Epoch 27/80: loss=0.607078 lr=0.000779
  epoch 27: val_acc = 3209/3925 = 81.757962%  top5 = 3810/3925 = 97.070064%  [95% CI 80.52–82.93]
    per-example top-1 bitmap -> runs/2026-08-31-imagenette-n3/bitmaps/convnext_s4_e27.bin (3925 bytes)
  step 0/295: loss=0.626281
  step 1/295: loss=0.624501
  step 2/295: loss=0.684533
  step 100/295: loss=0.613833
  step 200/295: loss=0.750284
[pjrt_ffi] RESIDENT: @convnext_fwd holds 182 parameter tensors (106.2 MB) on 1 device; they stop crossing PCIe from here
Epoch 28/80: loss=0.612205 lr=0.000762
  epoch 28: val_acc = 3170/3925 = 80.764331%  top5 = 3793/3925 = 96.636943%  [95% CI 79.50–81.97]
    per-example top-1 bitmap -> runs/2026-08-31-imagenette-n3/bitmaps/convnext_s4_e28.bin (3925 bytes)
  step 0/295: loss=0.545221
  step 1/295: loss=0.574059
  step 2/295: loss=0.541305
  step 100/295: loss=0.558835
  step 200/295: loss=0.579681
[pjrt_ffi] RESIDENT: @convnext_fwd holds 182 parameter tensors (106.2 MB) on 1 device; they stop crossing PCIe from here
Epoch 29/80: loss=0.592854 lr=0.000744
  epoch 29: val_acc = 3210/3925 = 81.783439%  top5 = 3804/3925 = 96.917197%  [95% CI 80.55–82.96]
    per-example top-1 bitmap -> runs/2026-08-31-imagenette-n3/bitmaps/convnext_s4_e29.bin (3925 bytes)
  step 0/295: loss=0.565550
  step 1/295: loss=0.556688
  step 2/295: loss=0.573966
  step 100/295: loss=0.566296
  step 200/295: loss=0.546684
[pjrt_ffi] RESIDENT: @convnext_fwd holds 182 parameter tensors (106.2 MB) on 1 device; they stop crossing PCIe from here
Epoch 30/80: loss=0.583962 lr=0.000726
  epoch 30: val_acc = 3223/3925 = 82.114650%  top5 = 3815/3925 = 97.197452%  [95% CI 80.88–83.28]
    per-example top-1 bitmap -> runs/2026-08-31-imagenette-n3/bitmaps/convnext_s4_e30.bin (3925 bytes)
  step 0/295: loss=0.529952
  step 1/295: loss=0.569687
  step 2/295: loss=0.534655
  step 100/295: loss=0.529236
  step 200/295: loss=0.614373
[pjrt_ffi] RESIDENT: @convnext_fwd holds 182 parameter tensors (106.2 MB) on 1 device; they stop crossing PCIe from here
Epoch 31/80: loss=0.575135 lr=0.000708
  epoch 31: val_acc = 3234/3925 = 82.394904%  top5 = 3818/3925 = 97.273885%  [95% CI 81.17–83.55]
    per-example top-1 bitmap -> runs/2026-08-31-imagenette-n3/bitmaps/convnext_s4_e31.bin (3925 bytes)
  step 0/295: loss=0.532661
  step 1/295: loss=0.559839
  step 2/295: loss=0.687628
  step 100/295: loss=0.542071
  step 200/295: loss=0.583680
[pjrt_ffi] RESIDENT: @convnext_fwd holds 182 parameter tensors (106.2 MB) on 1 device; they stop crossing PCIe from here
Epoch 32/80: loss=0.564472 lr=0.000689
  epoch 32: val_acc = 3196/3925 = 81.426752%  top5 = 3825/3925 = 97.452229%  [95% CI 80.18–82.61]
    per-example top-1 bitmap -> runs/2026-08-31-imagenette-n3/bitmaps/convnext_s4_e32.bin (3925 bytes)
  step 0/295: loss=0.526309
  step 1/295: loss=0.530418
  step 2/295: loss=0.526461
  step 100/295: loss=0.510630
  step 200/295: loss=0.664774
[pjrt_ffi] RESIDENT: @convnext_fwd holds 182 parameter tensors (106.2 MB) on 1 device; they stop crossing PCIe from here
Epoch 33/80: loss=0.572001 lr=0.000670
  epoch 33: val_acc = 3119/3925 = 79.464968%  top5 = 3758/3925 = 95.745223%  [95% CI 78.17–80.70]
    per-example top-1 bitmap -> runs/2026-08-31-imagenette-n3/bitmaps/convnext_s4_e33.bin (3925 bytes)
  step 0/295: loss=0.635500
  step 1/295: loss=0.670228
  step 2/295: loss=0.515131
  step 100/295: loss=0.514022
  step 200/295: loss=0.516210
[pjrt_ffi] RESIDENT: @convnext_fwd holds 182 parameter tensors (106.2 MB) on 1 device; they stop crossing PCIe from here
Epoch 34/80: loss=0.563609 lr=0.000651
  epoch 34: val_acc = 3271/3925 = 83.337580%  top5 = 3809/3925 = 97.044586%  [95% CI 82.14–84.47]
    per-example top-1 bitmap -> runs/2026-08-31-imagenette-n3/bitmaps/convnext_s4_e34.bin (3925 bytes)
  step 0/295: loss=0.516958
  step 1/295: loss=0.546214
  step 2/295: loss=0.558545
  step 100/295: loss=0.620373
  step 200/295: loss=0.517064
[pjrt_ffi] RESIDENT: @convnext_fwd holds 182 parameter tensors (106.2 MB) on 1 device; they stop crossing PCIe from here
Epoch 35/80: loss=0.565050 lr=0.000631
  epoch 35: val_acc = 3302/3925 = 84.127389%  top5 = 3803/3925 = 96.891720%  [95% CI 82.95–85.24]
    per-example top-1 bitmap -> runs/2026-08-31-imagenette-n3/bitmaps/convnext_s4_e35.bin (3925 bytes)
  step 0/295: loss=0.580431
  step 1/295: loss=0.515715
  step 2/295: loss=0.576827
  step 100/295: loss=0.586805
  step 200/295: loss=0.533279
[pjrt_ffi] RESIDENT: @convnext_fwd holds 182 parameter tensors (106.2 MB) on 1 device; they stop crossing PCIe from here
Epoch 36/80: loss=0.552101 lr=0.000611
  epoch 36: val_acc = 3272/3925 = 83.363057%  top5 = 3828/3925 = 97.528662%  [95% CI 82.17–84.50]
    per-example top-1 bitmap -> runs/2026-08-31-imagenette-n3/bitmaps/convnext_s4_e36.bin (3925 bytes)
  step 0/295: loss=0.510949
  step 1/295: loss=0.547949
  step 2/295: loss=0.508326
  step 100/295: loss=0.525013
  step 200/295: loss=0.510748
[pjrt_ffi] RESIDENT: @convnext_fwd holds 182 parameter tensors (106.2 MB) on 1 device; they stop crossing PCIe from here
Epoch 37/80: loss=0.540836 lr=0.000591
  epoch 37: val_acc = 3236/3925 = 82.445860%  top5 = 3796/3925 = 96.713376%  [95% CI 81.22–83.60]
    per-example top-1 bitmap -> runs/2026-08-31-imagenette-n3/bitmaps/convnext_s4_e37.bin (3925 bytes)
  step 0/295: loss=0.506871
  step 1/295: loss=0.514802
  step 2/295: loss=0.508158
  step 100/295: loss=0.526147
  step 200/295: loss=0.506307
[pjrt_ffi] RESIDENT: @convnext_fwd holds 182 parameter tensors (106.2 MB) on 1 device; they stop crossing PCIe from here
Epoch 38/80: loss=0.538630 lr=0.000571
  epoch 38: val_acc = 3255/3925 = 82.929936%  top5 = 3788/3925 = 96.509554%  [95% CI 81.72–84.07]
    per-example top-1 bitmap -> runs/2026-08-31-imagenette-n3/bitmaps/convnext_s4_e38.bin (3925 bytes)
  step 0/295: loss=0.628071
  step 1/295: loss=0.540418
  step 2/295: loss=0.535478
  step 100/295: loss=0.522254
  step 200/295: loss=0.520682
[pjrt_ffi] RESIDENT: @convnext_fwd holds 182 parameter tensors (106.2 MB) on 1 device; they stop crossing PCIe from here
Epoch 39/80: loss=0.545212 lr=0.000551
  epoch 39: val_acc = 3207/3925 = 81.707006%  top5 = 3772/3925 = 96.101911%  [95% CI 80.47–82.89]
    per-example top-1 bitmap -> runs/2026-08-31-imagenette-n3/bitmaps/convnext_s4_e39.bin (3925 bytes)
  step 0/295: loss=0.538170
  step 1/295: loss=0.551780
  step 2/295: loss=0.524045
  step 100/295: loss=0.506607
  step 200/295: loss=0.531225
[pjrt_ffi] RESIDENT: @convnext_fwd holds 182 parameter tensors (106.2 MB) on 1 device; they stop crossing PCIe from here
Epoch 40/80: loss=0.534710 lr=0.000531
  epoch 40: val_acc = 3297/3925 = 84.000000%  top5 = 3809/3925 = 97.044586%  [95% CI 82.82–85.11]
    per-example top-1 bitmap -> runs/2026-08-31-imagenette-n3/bitmaps/convnext_s4_e40.bin (3925 bytes)
  step 0/295: loss=0.507510
  step 1/295: loss=0.505140
  step 2/295: loss=0.718784
  step 100/295: loss=0.505625
  step 200/295: loss=0.560141
[pjrt_ffi] RESIDENT: @convnext_fwd holds 182 parameter tensors (106.2 MB) on 1 device; they stop crossing PCIe from here
Epoch 41/80: loss=0.531728 lr=0.000510
  epoch 41: val_acc = 3227/3925 = 82.216561%  top5 = 3779/3925 = 96.280255%  [95% CI 80.99–83.38]
    per-example top-1 bitmap -> runs/2026-08-31-imagenette-n3/bitmaps/convnext_s4_e41.bin (3925 bytes)
  step 0/295: loss=0.534127
  step 1/295: loss=0.509105
  step 2/295: loss=0.508848
  step 100/295: loss=0.570972
  step 200/295: loss=0.508344
[pjrt_ffi] RESIDENT: @convnext_fwd holds 182 parameter tensors (106.2 MB) on 1 device; they stop crossing PCIe from here
Epoch 42/80: loss=0.533441 lr=0.000490
  epoch 42: val_acc = 3262/3925 = 83.108280%  top5 = 3802/3925 = 96.866242%  [95% CI 81.90–84.25]
    per-example top-1 bitmap -> runs/2026-08-31-imagenette-n3/bitmaps/convnext_s4_e42.bin (3925 bytes)
  step 0/295: loss=0.508425
  step 1/295: loss=0.505819
  step 2/295: loss=0.514788
  step 100/295: loss=0.538809
  step 200/295: loss=0.535584
[pjrt_ffi] RESIDENT: @convnext_fwd holds 182 parameter tensors (106.2 MB) on 1 device; they stop crossing PCIe from here
Epoch 43/80: loss=0.524364 lr=0.000469
  epoch 43: val_acc = 3255/3925 = 82.929936%  top5 = 3814/3925 = 97.171975%  [95% CI 81.72–84.07]
    per-example top-1 bitmap -> runs/2026-08-31-imagenette-n3/bitmaps/convnext_s4_e43.bin (3925 bytes)
  step 0/295: loss=0.509714
  step 1/295: loss=0.511413
  step 2/295: loss=0.508814
  step 100/295: loss=0.539723
  step 200/295: loss=0.504013
[pjrt_ffi] RESIDENT: @convnext_fwd holds 182 parameter tensors (106.2 MB) on 1 device; they stop crossing PCIe from here
Epoch 44/80: loss=0.528557 lr=0.000449
  epoch 44: val_acc = 3261/3925 = 83.082803%  top5 = 3796/3925 = 96.713376%  [95% CI 81.88–84.22]
    per-example top-1 bitmap -> runs/2026-08-31-imagenette-n3/bitmaps/convnext_s4_e44.bin (3925 bytes)
  step 0/295: loss=0.511002
  step 1/295: loss=0.510300
  step 2/295: loss=0.511581
  step 100/295: loss=0.509113
  step 200/295: loss=0.511446
[pjrt_ffi] RESIDENT: @convnext_fwd holds 182 parameter tensors (106.2 MB) on 1 device; they stop crossing PCIe from here
Epoch 45/80: loss=0.529294 lr=0.000429
  epoch 45: val_acc = 3307/3925 = 84.254777%  top5 = 3843/3925 = 97.910828%  [95% CI 83.08–85.36]
    per-example top-1 bitmap -> runs/2026-08-31-imagenette-n3/bitmaps/convnext_s4_e45.bin (3925 bytes)
  step 0/295: loss=0.527503
  step 1/295: loss=0.503964
  step 2/295: loss=0.505203
  step 100/295: loss=0.502844
  step 200/295: loss=0.516157
[pjrt_ffi] RESIDENT: @convnext_fwd holds 182 parameter tensors (106.2 MB) on 1 device; they stop crossing PCIe from here
Epoch 46/80: loss=0.518022 lr=0.000409
  epoch 46: val_acc = 3301/3925 = 84.101911%  top5 = 3808/3925 = 97.019108%  [95% CI 82.92–85.21]
    per-example top-1 bitmap -> runs/2026-08-31-imagenette-n3/bitmaps/convnext_s4_e46.bin (3925 bytes)
  step 0/295: loss=0.570391
  step 1/295: loss=0.508478
  step 2/295: loss=0.573030
  step 100/295: loss=0.619552
  step 200/295: loss=0.503323
[pjrt_ffi] RESIDENT: @convnext_fwd holds 182 parameter tensors (106.2 MB) on 1 device; they stop crossing PCIe from here
Epoch 47/80: loss=0.520972 lr=0.000389
  epoch 47: val_acc = 3279/3925 = 83.541401%  top5 = 3789/3925 = 96.535032%  [95% CI 82.35–84.67]
    per-example top-1 bitmap -> runs/2026-08-31-imagenette-n3/bitmaps/convnext_s4_e47.bin (3925 bytes)
  step 0/295: loss=0.507633
  step 1/295: loss=0.595302
  step 2/295: loss=0.514481
  step 100/295: loss=0.505275
  step 200/295: loss=0.524141
[pjrt_ffi] RESIDENT: @convnext_fwd holds 182 parameter tensors (106.2 MB) on 1 device; they stop crossing PCIe from here
Epoch 48/80: loss=0.514972 lr=0.000369
  epoch 48: val_acc = 3311/3925 = 84.356688%  top5 = 3811/3925 = 97.095541%  [95% CI 83.19–85.46]
    per-example top-1 bitmap -> runs/2026-08-31-imagenette-n3/bitmaps/convnext_s4_e48.bin (3925 bytes)
  step 0/295: loss=0.502324
  step 1/295: loss=0.502030
  step 2/295: loss=0.510344
  step 100/295: loss=0.502635
  step 200/295: loss=0.506213
[pjrt_ffi] RESIDENT: @convnext_fwd holds 182 parameter tensors (106.2 MB) on 1 device; they stop crossing PCIe from here
Epoch 49/80: loss=0.512882 lr=0.000349
  epoch 49: val_acc = 3296/3925 = 83.974522%  top5 = 3814/3925 = 97.171975%  [95% CI 82.79–85.09]
    per-example top-1 bitmap -> runs/2026-08-31-imagenette-n3/bitmaps/convnext_s4_e49.bin (3925 bytes)
  step 0/295: loss=0.502253
  step 1/295: loss=0.502357
  step 2/295: loss=0.501486
  step 100/295: loss=0.501852
  step 200/295: loss=0.504848
[pjrt_ffi] RESIDENT: @convnext_fwd holds 182 parameter tensors (106.2 MB) on 1 device; they stop crossing PCIe from here
Epoch 50/80: loss=0.512452 lr=0.000330
  epoch 50: val_acc = 3307/3925 = 84.254777%  top5 = 3812/3925 = 97.121019%  [95% CI 83.08–85.36]
    per-example top-1 bitmap -> runs/2026-08-31-imagenette-n3/bitmaps/convnext_s4_e50.bin (3925 bytes)
  step 0/295: loss=0.502520
  step 1/295: loss=0.502238
  step 2/295: loss=0.504736
  step 100/295: loss=0.501439
  step 200/295: loss=0.502908
[pjrt_ffi] RESIDENT: @convnext_fwd holds 182 parameter tensors (106.2 MB) on 1 device; they stop crossing PCIe from here
Epoch 51/80: loss=0.510666 lr=0.000311
  epoch 51: val_acc = 3276/3925 = 83.464968%  top5 = 3802/3925 = 96.866242%  [95% CI 82.27–84.59]
    per-example top-1 bitmap -> runs/2026-08-31-imagenette-n3/bitmaps/convnext_s4_e51.bin (3925 bytes)
  step 0/295: loss=0.595350
  step 1/295: loss=0.505613
  step 2/295: loss=0.503926
  step 100/295: loss=0.501485
  step 200/295: loss=0.507625
[pjrt_ffi] RESIDENT: @convnext_fwd holds 182 parameter tensors (106.2 MB) on 1 device; they stop crossing PCIe from here
Epoch 52/80: loss=0.511095 lr=0.000292
  epoch 52: val_acc = 3301/3925 = 84.101911%  top5 = 3808/3925 = 97.019108%  [95% CI 82.92–85.21]
    per-example top-1 bitmap -> runs/2026-08-31-imagenette-n3/bitmaps/convnext_s4_e52.bin (3925 bytes)
  step 0/295: loss=0.506265
  step 1/295: loss=0.501778
  step 2/295: loss=0.501718
  step 100/295: loss=0.602134
  step 200/295: loss=0.520684
[pjrt_ffi] RESIDENT: @convnext_fwd holds 182 parameter tensors (106.2 MB) on 1 device; they stop crossing PCIe from here
Epoch 53/80: loss=0.512680 lr=0.000274
  epoch 53: val_acc = 3272/3925 = 83.363057%  top5 = 3812/3925 = 97.121019%  [95% CI 82.17–84.50]
    per-example top-1 bitmap -> runs/2026-08-31-imagenette-n3/bitmaps/convnext_s4_e53.bin (3925 bytes)
  step 0/295: loss=0.504819
  step 1/295: loss=0.510349
  step 2/295: loss=0.503645
  step 100/295: loss=0.501653
  step 200/295: loss=0.502257
[pjrt_ffi] RESIDENT: @convnext_fwd holds 182 parameter tensors (106.2 MB) on 1 device; they stop crossing PCIe from here
Epoch 54/80: loss=0.508728 lr=0.000256
  epoch 54: val_acc = 3331/3925 = 84.866242%  top5 = 3827/3925 = 97.503185%  [95% CI 83.71–85.95]
    per-example top-1 bitmap -> runs/2026-08-31-imagenette-n3/bitmaps/convnext_s4_e54.bin (3925 bytes)
  step 0/295: loss=0.501260
  step 1/295: loss=0.513579
  step 2/295: loss=0.501882
  step 100/295: loss=0.505129
  step 200/295: loss=0.501051
[pjrt_ffi] RESIDENT: @convnext_fwd holds 182 parameter tensors (106.2 MB) on 1 device; they stop crossing PCIe from here
Epoch 55/80: loss=0.502638 lr=0.000238
  epoch 55: val_acc = 3338/3925 = 85.044586%  top5 = 3824/3925 = 97.426752%  [95% CI 83.89–86.13]
    per-example top-1 bitmap -> runs/2026-08-31-imagenette-n3/bitmaps/convnext_s4_e55.bin (3925 bytes)
  step 0/295: loss=0.500795
  step 1/295: loss=0.500814
  step 2/295: loss=0.500946
  step 100/295: loss=0.501025
  step 200/295: loss=0.503079
[pjrt_ffi] RESIDENT: @convnext_fwd holds 182 parameter tensors (106.2 MB) on 1 device; they stop crossing PCIe from here
Epoch 56/80: loss=0.505544 lr=0.000221
  epoch 56: val_acc = 3325/3925 = 84.713376%  top5 = 3807/3925 = 96.993631%  [95% CI 83.55–85.81]
    per-example top-1 bitmap -> runs/2026-08-31-imagenette-n3/bitmaps/convnext_s4_e56.bin (3925 bytes)
  step 0/295: loss=0.503094
  step 1/295: loss=0.502231
  step 2/295: loss=0.502557
  step 100/295: loss=0.501021
  step 200/295: loss=0.501077
[pjrt_ffi] RESIDENT: @convnext_fwd holds 182 parameter tensors (106.2 MB) on 1 device; they stop crossing PCIe from here
Epoch 57/80: loss=0.504428 lr=0.000204
  epoch 57: val_acc = 3311/3925 = 84.356688%  top5 = 3807/3925 = 96.993631%  [95% CI 83.19–85.46]
    per-example top-1 bitmap -> runs/2026-08-31-imagenette-n3/bitmaps/convnext_s4_e57.bin (3925 bytes)
  step 0/295: loss=0.502613
  step 1/295: loss=0.503710
  step 2/295: loss=0.502792
  step 100/295: loss=0.501836
  step 200/295: loss=0.503023
[pjrt_ffi] RESIDENT: @convnext_fwd holds 182 parameter tensors (106.2 MB) on 1 device; they stop crossing PCIe from here
Epoch 58/80: loss=0.506454 lr=0.000188
  epoch 58: val_acc = 3344/3925 = 85.197452%  top5 = 3812/3925 = 97.121019%  [95% CI 84.05–86.27]
    per-example top-1 bitmap -> runs/2026-08-31-imagenette-n3/bitmaps/convnext_s4_e58.bin (3925 bytes)
  step 0/295: loss=0.500987
  step 1/295: loss=0.501220
  step 2/295: loss=0.501109
  step 100/295: loss=0.500891
  step 200/295: loss=0.500938
[pjrt_ffi] RESIDENT: @convnext_fwd holds 182 parameter tensors (106.2 MB) on 1 device; they stop crossing PCIe from here
Epoch 59/80: loss=0.502615 lr=0.000173
  epoch 59: val_acc = 3322/3925 = 84.636943%  top5 = 3824/3925 = 97.426752%  [95% CI 83.48–85.73]
    per-example top-1 bitmap -> runs/2026-08-31-imagenette-n3/bitmaps/convnext_s4_e59.bin (3925 bytes)
  step 0/295: loss=0.501149
  step 1/295: loss=0.574209
  step 2/295: loss=0.501220
  step 100/295: loss=0.522491
  step 200/295: loss=0.517217
[pjrt_ffi] RESIDENT: @convnext_fwd holds 182 parameter tensors (106.2 MB) on 1 device; they stop crossing PCIe from here
Epoch 60/80: loss=0.503305 lr=0.000157
  epoch 60: val_acc = 3333/3925 = 84.917197%  top5 = 3830/3925 = 97.579618%  [95% CI 83.76–86.00]
    per-example top-1 bitmap -> runs/2026-08-31-imagenette-n3/bitmaps/convnext_s4_e60.bin (3925 bytes)
  step 0/295: loss=0.500967
  step 1/295: loss=0.500831
  step 2/295: loss=0.500764
  step 100/295: loss=0.500819
  step 200/295: loss=0.501005
[pjrt_ffi] RESIDENT: @convnext_fwd holds 182 parameter tensors (106.2 MB) on 1 device; they stop crossing PCIe from here
Epoch 61/80: loss=0.502777 lr=0.000143
  epoch 61: val_acc = 3330/3925 = 84.840764%  top5 = 3827/3925 = 97.503185%  [95% CI 83.68–85.93]
    per-example top-1 bitmap -> runs/2026-08-31-imagenette-n3/bitmaps/convnext_s4_e61.bin (3925 bytes)
  step 0/295: loss=0.500830
  step 1/295: loss=0.502628
  step 2/295: loss=0.501984
  step 100/295: loss=0.501302
  step 200/295: loss=0.501145
[pjrt_ffi] RESIDENT: @convnext_fwd holds 182 parameter tensors (106.2 MB) on 1 device; they stop crossing PCIe from here
Epoch 62/80: loss=0.505161 lr=0.000129
  epoch 62: val_acc = 3320/3925 = 84.585987%  top5 = 3820/3925 = 97.324841%  [95% CI 83.42–85.68]
    per-example top-1 bitmap -> runs/2026-08-31-imagenette-n3/bitmaps/convnext_s4_e62.bin (3925 bytes)
  step 0/295: loss=0.501021
  step 1/295: loss=0.501117
  step 2/295: loss=0.501014
  step 100/295: loss=0.501822
  step 200/295: loss=0.500689
[pjrt_ffi] RESIDENT: @convnext_fwd holds 182 parameter tensors (106.2 MB) on 1 device; they stop crossing PCIe from here
Epoch 63/80: loss=0.501413 lr=0.000116
  epoch 63: val_acc = 3347/3925 = 85.273885%  top5 = 3831/3925 = 97.605096%  [95% CI 84.13–86.35]
    per-example top-1 bitmap -> runs/2026-08-31-imagenette-n3/bitmaps/convnext_s4_e63.bin (3925 bytes)
  step 0/295: loss=0.500661
  step 1/295: loss=0.500760
  step 2/295: loss=0.501190
  step 100/295: loss=0.500616
  step 200/295: loss=0.500546
[pjrt_ffi] RESIDENT: @convnext_fwd holds 182 parameter tensors (106.2 MB) on 1 device; they stop crossing PCIe from here
Epoch 64/80: loss=0.501326 lr=0.000103
  epoch 64: val_acc = 3349/3925 = 85.324841%  top5 = 3832/3925 = 97.630573%  [95% CI 84.18–86.40]
    per-example top-1 bitmap -> runs/2026-08-31-imagenette-n3/bitmaps/convnext_s4_e64.bin (3925 bytes)
  step 0/295: loss=0.500666
  step 1/295: loss=0.500660
  step 2/295: loss=0.500999
  step 100/295: loss=0.504272
  step 200/295: loss=0.501375
[pjrt_ffi] RESIDENT: @convnext_fwd holds 182 parameter tensors (106.2 MB) on 1 device; they stop crossing PCIe from here
Epoch 65/80: loss=0.502503 lr=0.000091
  epoch 65: val_acc = 3323/3925 = 84.662420%  top5 = 3830/3925 = 97.579618%  [95% CI 83.50–85.76]
    per-example top-1 bitmap -> runs/2026-08-31-imagenette-n3/bitmaps/convnext_s4_e65.bin (3925 bytes)
  step 0/295: loss=0.500780
  step 1/295: loss=0.500643
  step 2/295: loss=0.500473
  step 100/295: loss=0.500839
  step 200/295: loss=0.500652
[pjrt_ffi] RESIDENT: @convnext_fwd holds 182 parameter tensors (106.2 MB) on 1 device; they stop crossing PCIe from here
Epoch 66/80: loss=0.501306 lr=0.000079
  epoch 66: val_acc = 3346/3925 = 85.248408%  top5 = 3825/3925 = 97.452229%  [95% CI 84.10–86.32]
    per-example top-1 bitmap -> runs/2026-08-31-imagenette-n3/bitmaps/convnext_s4_e66.bin (3925 bytes)
  step 0/295: loss=0.500876
  step 1/295: loss=0.500889
  step 2/295: loss=0.526024
  step 100/295: loss=0.502333
  step 200/295: loss=0.500523
[pjrt_ffi] RESIDENT: @convnext_fwd holds 182 parameter tensors (106.2 MB) on 1 device; they stop crossing PCIe from here
Epoch 67/80: loss=0.501327 lr=0.000069
  epoch 67: val_acc = 3330/3925 = 84.840764%  top5 = 3825/3925 = 97.452229%  [95% CI 83.68–85.93]
    per-example top-1 bitmap -> runs/2026-08-31-imagenette-n3/bitmaps/convnext_s4_e67.bin (3925 bytes)
  step 0/295: loss=0.500545
  step 1/295: loss=0.500627
  step 2/295: loss=0.500737
  step 100/295: loss=0.500651
  step 200/295: loss=0.500559
[pjrt_ffi] RESIDENT: @convnext_fwd holds 182 parameter tensors (106.2 MB) on 1 device; they stop crossing PCIe from here
Epoch 68/80: loss=0.501066 lr=0.000059
  epoch 68: val_acc = 3348/3925 = 85.299363%  top5 = 3827/3925 = 97.503185%  [95% CI 84.16–86.37]
    per-example top-1 bitmap -> runs/2026-08-31-imagenette-n3/bitmaps/convnext_s4_e68.bin (3925 bytes)
  step 0/295: loss=0.500522
  step 1/295: loss=0.500632
  step 2/295: loss=0.500670
  step 100/295: loss=0.500614
  step 200/295: loss=0.501114
[pjrt_ffi] RESIDENT: @convnext_fwd holds 182 parameter tensors (106.2 MB) on 1 device; they stop crossing PCIe from here
Epoch 69/80: loss=0.501119 lr=0.000050
  epoch 69: val_acc = 3352/3925 = 85.401274%  top5 = 3828/3925 = 97.528662%  [95% CI 84.26–86.47]
    per-example top-1 bitmap -> runs/2026-08-31-imagenette-n3/bitmaps/convnext_s4_e69.bin (3925 bytes)
  step 0/295: loss=0.500514
  step 1/295: loss=0.500833
  step 2/295: loss=0.500525
  step 100/295: loss=0.500508
  step 200/295: loss=0.501262
[pjrt_ffi] RESIDENT: @convnext_fwd holds 182 parameter tensors (106.2 MB) on 1 device; they stop crossing PCIe from here
Epoch 70/80: loss=0.500804 lr=0.000041
  epoch 70: val_acc = 3349/3925 = 85.324841%  top5 = 3824/3925 = 97.426752%  [95% CI 84.18–86.40]
    per-example top-1 bitmap -> runs/2026-08-31-imagenette-n3/bitmaps/convnext_s4_e70.bin (3925 bytes)
  step 0/295: loss=0.500518
  step 1/295: loss=0.500834
  step 2/295: loss=0.500689
  step 100/295: loss=0.500540
  step 200/295: loss=0.500498
[pjrt_ffi] RESIDENT: @convnext_fwd holds 182 parameter tensors (106.2 MB) on 1 device; they stop crossing PCIe from here
Epoch 71/80: loss=0.500866 lr=0.000033
  epoch 71: val_acc = 3343/3925 = 85.171975%  top5 = 3832/3925 = 97.630573%  [95% CI 84.03–86.25]
    per-example top-1 bitmap -> runs/2026-08-31-imagenette-n3/bitmaps/convnext_s4_e71.bin (3925 bytes)
  step 0/295: loss=0.500418
  step 1/295: loss=0.500725
  step 2/295: loss=0.500563
  step 100/295: loss=0.500605
  step 200/295: loss=0.500496
[pjrt_ffi] RESIDENT: @convnext_fwd holds 182 parameter tensors (106.2 MB) on 1 device; they stop crossing PCIe from here
Epoch 72/80: loss=0.501005 lr=0.000026
  epoch 72: val_acc = 3349/3925 = 85.324841%  top5 = 3828/3925 = 97.528662%  [95% CI 84.18–86.40]
    per-example top-1 bitmap -> runs/2026-08-31-imagenette-n3/bitmaps/convnext_s4_e72.bin (3925 bytes)
  step 0/295: loss=0.500440
  step 1/295: loss=0.500633
  step 2/295: loss=0.500488
  step 100/295: loss=0.500536
  step 200/295: loss=0.500460
[pjrt_ffi] RESIDENT: @convnext_fwd holds 182 parameter tensors (106.2 MB) on 1 device; they stop crossing PCIe from here
Epoch 73/80: loss=0.500601 lr=0.000020
  epoch 73: val_acc = 3354/3925 = 85.452229%  top5 = 3828/3925 = 97.528662%  [95% CI 84.31–86.52]
    per-example top-1 bitmap -> runs/2026-08-31-imagenette-n3/bitmaps/convnext_s4_e73.bin (3925 bytes)
  step 0/295: loss=0.500557
  step 1/295: loss=0.500453
  step 2/295: loss=0.500592
  step 100/295: loss=0.500393
  step 200/295: loss=0.500441
[pjrt_ffi] RESIDENT: @convnext_fwd holds 182 parameter tensors (106.2 MB) on 1 device; they stop crossing PCIe from here
Epoch 74/80: loss=0.500566 lr=0.000015
  epoch 74: val_acc = 3352/3925 = 85.401274%  top5 = 3831/3925 = 97.605096%  [95% CI 84.26–86.47]
    per-example top-1 bitmap -> runs/2026-08-31-imagenette-n3/bitmaps/convnext_s4_e74.bin (3925 bytes)
  step 0/295: loss=0.500608
  step 1/295: loss=0.500489
  step 2/295: loss=0.500480
  step 100/295: loss=0.500677
  step 200/295: loss=0.500435
[pjrt_ffi] RESIDENT: @convnext_fwd holds 182 parameter tensors (106.2 MB) on 1 device; they stop crossing PCIe from here
Epoch 75/80: loss=0.500547 lr=0.000010
  epoch 75: val_acc = 3351/3925 = 85.375796%  top5 = 3829/3925 = 97.554140%  [95% CI 84.24–86.45]
    per-example top-1 bitmap -> runs/2026-08-31-imagenette-n3/bitmaps/convnext_s4_e75.bin (3925 bytes)
  step 0/295: loss=0.500408
  step 1/295: loss=0.500492
  step 2/295: loss=0.500474
  step 100/295: loss=0.500617
  step 200/295: loss=0.500407
[pjrt_ffi] RESIDENT: @convnext_fwd holds 182 parameter tensors (106.2 MB) on 1 device; they stop crossing PCIe from here
Epoch 76/80: loss=0.500548 lr=0.000007
  epoch 76: val_acc = 3349/3925 = 85.324841%  top5 = 3829/3925 = 97.554140%  [95% CI 84.18–86.40]
    per-example top-1 bitmap -> runs/2026-08-31-imagenette-n3/bitmaps/convnext_s4_e76.bin (3925 bytes)
  step 0/295: loss=0.500532
  step 1/295: loss=0.500499
  step 2/295: loss=0.500577
  step 100/295: loss=0.500539
  step 200/295: loss=0.500497
[pjrt_ffi] RESIDENT: @convnext_fwd holds 182 parameter tensors (106.2 MB) on 1 device; they stop crossing PCIe from here
Epoch 77/80: loss=0.500551 lr=0.000004
  epoch 77: val_acc = 3349/3925 = 85.324841%  top5 = 3830/3925 = 97.579618%  [95% CI 84.18–86.40]
    per-example top-1 bitmap -> runs/2026-08-31-imagenette-n3/bitmaps/convnext_s4_e77.bin (3925 bytes)
  step 0/295: loss=0.500542
  step 1/295: loss=0.500539
  step 2/295: loss=0.501260
  step 100/295: loss=0.500422
  step 200/295: loss=0.500483
[pjrt_ffi] RESIDENT: @convnext_fwd holds 182 parameter tensors (106.2 MB) on 1 device; they stop crossing PCIe from here
Epoch 78/80: loss=0.500632 lr=0.000002
  epoch 78: val_acc = 3349/3925 = 85.324841%  top5 = 3830/3925 = 97.579618%  [95% CI 84.18–86.40]
    per-example top-1 bitmap -> runs/2026-08-31-imagenette-n3/bitmaps/convnext_s4_e78.bin (3925 bytes)
  step 0/295: loss=0.500457
  step 1/295: loss=0.500535
  step 2/295: loss=0.500469
  step 100/295: loss=0.500445
  step 200/295: loss=0.500557
[pjrt_ffi] RESIDENT: @convnext_fwd holds 182 parameter tensors (106.2 MB) on 1 device; they stop crossing PCIe from here
Epoch 79/80: loss=0.500576 lr=0.000000
  epoch 79: val_acc = 3350/3925 = 85.350318%  top5 = 3830/3925 = 97.579618%  [95% CI 84.21–86.42]
    per-example top-1 bitmap -> runs/2026-08-31-imagenette-n3/bitmaps/convnext_s4_e79.bin (3925 bytes)
  step 0/295: loss=0.500471
  step 1/295: loss=0.500407
  step 2/295: loss=0.500545
  step 100/295: loss=0.500444
  step 200/295: loss=0.500465
[pjrt_ffi] RESIDENT: @convnext_fwd holds 182 parameter tensors (106.2 MB) on 1 device; they stop crossing PCIe from here
Epoch 80/80: loss=0.500624 lr=0.000000
  epoch 80: val_acc = 3350/3925 = 85.350318%  top5 = 3829/3925 = 97.554140%  [95% CI 84.21–86.42]
    per-example top-1 bitmap -> runs/2026-08-31-imagenette-n3/bitmaps/convnext_s4_e80.bin (3925 bytes)
done (trained ConvNeXt-T adam + cosine/warmup via packed threading).
