I0831 05:00:51.953740  578111 service.cc:154] XLA service 0x7131880517d0 initialized for platform CUDA (this does not guarantee that XLA will be used). Devices:
I0831 05:00:51.953797  578111 service.cc:170]   StreamExecutor [0]: NVIDIA GeForce RTX 4060 Ti, Compute Capability 8.9 (Driver: 12.9.0[575.57.8]; Runtime: 12.9.0; Toolkit: 12.9.0; DNN: 9.23.2)
I0831 05:00:51.955609  578111 se_gpu_pjrt_client.cc:1342] Using BFC allocator.
I0831 05:00:51.955661  578111 gpu_helpers.cc:162] XLA backend allocating 11.68GiB (12543066112 bytes) on device 0 for BFCAllocator.
I0831 05:00:51.963034  578111 cuda_dnn.cc:440] Loaded cuDNN version 92302
[pjrt_ffi] XLA backend: PJRT 0.114, 1 device(s)
[pjrt_ffi] command buffers: enabled (CUDA default)
I0831 05:00:54.483708  578135 subprocess_compilation.cc:349] ptxas warning : Registers are spilled to local memory in function 'gemm_fusion_dot_347', 12 bytes spill stores, 12 bytes spill loads

E0831 05:00:54.970583  578128 cuda_timer.cc:88] Delay kernel timed out: measured time has sub-optimal accuracy. There may be a missing warmup execution, please investigate in Nsight Systems.
E0831 05:00:55.917024  578128 cuda_timer.cc:88] Delay kernel timed out: measured time has sub-optimal accuracy. There may be a missing warmup execution, please investigate in Nsight Systems.
E0831 05:00:56.092411  578145 cuda_timer.cc:88] Delay kernel timed out: measured time has sub-optimal accuracy. There may be a missing warmup execution, please investigate in Nsight Systems.
E0831 05:00:56.434880  578130 cuda_timer.cc:88] Delay kernel timed out: measured time has sub-optimal accuracy. There may be a missing warmup execution, please investigate in Nsight Systems.
E0831 05:00:57.574670  578132 cuda_timer.cc:88] Delay kernel timed out: measured time has sub-optimal accuracy. There may be a missing warmup execution, please investigate in Nsight Systems.
E0831 05:00:59.417392  578131 cuda_timer.cc:88] Delay kernel timed out: measured time has sub-optimal accuracy. There may be a missing warmup execution, please investigate in Nsight Systems.
I0831 05:01:00.062338  578129 subprocess_compilation.cc:349] ptxas warning : Registers are spilled to local memory in function 'gemm_fusion_dot_319', 12 bytes spill stores, 12 bytes spill loads

[pjrt_ffi] compiled verified_mlir/efficientnet_adam_train_step.mlir (@efficientnet_adam_train_step, 740 outputs, 1 replica) in 12067 ms
[pjrt_ffi] compiled verified_mlir/efficientnet_fwd.mlir (@efficientnet_fwd, 1 outputs, 1 replica) in 833 ms
[pjrt_ffi] compiled verified_mlir/efficientnet_fwd_eval.mlir (@efficientnet_fwd_eval, 1 outputs, 1 replica) in 560 ms
EfficientNet-B0 on Imagenette 224² (stem-s2 → 16 MBConv [t,c,n,s,k], swish + squeeze-excite + batch-norm, 5 downsamples 224→7 → head 320→1280 → GAP → LN → dense) via the VERIFIED renderer → XLA/PJRT → GPU
  xla/pjrt verified_mlir/efficientnet_adam_train_step.mlir
  xla/pjrt verified_mlir/efficientnet_fwd.mlir
  xla/pjrt verified_mlir/efficientnet_fwd_eval.mlir
  train 9469, val 3925; bs 32, EfficientNet-B0 adam (cosine+warmup 3ep, baseLR 0.001000), He init
  running-stats BN: 49 layers, 42016 stat floats → eval via @efficientnet_fwd_eval
     decay 0.990000 (TF sense; = PyTorch/timm momentum 0.010000), new-batch weight 0.010000
[pjrt_ffi] RESIDENT: @efficientnet_adam_train_step holds 639 parameter tensors (46.0 MB) on 1 device; they stop crossing PCIe from here
  step 0/295: loss=2.370827
  step 1/295: loss=2.418339
  step 2/295: loss=2.348890
  step 100/295: loss=2.128042
  step 200/295: loss=1.929085
[pjrt_ffi] RESIDENT: @efficientnet_fwd_eval holds 311 parameter tensors (15.5 MB) on 1 device; they stop crossing PCIe from here
Epoch 1/80: loss=2.044151 lr=0.000333
  epoch 1: val_acc = 881/3925 = 22.445860%  top5 = 2594/3925 = 66.089172%  [95% CI 21.17–23.78]
    per-example top-1 bitmap -> runs/2026-08-31-imagenette-n3/bitmaps/efficientnet_s2_e1.bin (3925 bytes)
  step 0/295: loss=1.662010
  step 1/295: loss=1.801840
  step 2/295: loss=1.648741
  step 100/295: loss=1.587449
  step 200/295: loss=1.339377
[pjrt_ffi] RESIDENT: @efficientnet_fwd_eval holds 311 parameter tensors (15.5 MB) on 1 device; they stop crossing PCIe from here
Epoch 2/80: loss=1.662764 lr=0.000667
  epoch 2: val_acc = 1333/3925 = 33.961783%  top5 = 3138/3925 = 79.949045%  [95% CI 32.50–35.46]
    per-example top-1 bitmap -> runs/2026-08-31-imagenette-n3/bitmaps/efficientnet_s2_e2.bin (3925 bytes)
  step 0/295: loss=1.943557
  step 1/295: loss=1.851912
  step 2/295: loss=1.484281
  step 100/295: loss=1.423405
  step 200/295: loss=1.193525
[pjrt_ffi] RESIDENT: @efficientnet_fwd_eval holds 311 parameter tensors (15.5 MB) on 1 device; they stop crossing PCIe from here
Epoch 3/80: loss=1.471388 lr=0.001000
  epoch 3: val_acc = 1855/3925 = 47.261146%  top5 = 3193/3925 = 81.350318%  [95% CI 45.70–48.82]
    per-example top-1 bitmap -> runs/2026-08-31-imagenette-n3/bitmaps/efficientnet_s2_e3.bin (3925 bytes)
  step 0/295: loss=1.362039
  step 1/295: loss=1.247025
  step 2/295: loss=1.214843
  step 100/295: loss=1.402573
  step 200/295: loss=1.465698
[pjrt_ffi] RESIDENT: @efficientnet_fwd_eval holds 311 parameter tensors (15.5 MB) on 1 device; they stop crossing PCIe from here
Epoch 4/80: loss=1.310997 lr=0.001000
  epoch 4: val_acc = 2385/3925 = 60.764331%  top5 = 3651/3925 = 93.019108%  [95% CI 59.23–62.28]
    per-example top-1 bitmap -> runs/2026-08-31-imagenette-n3/bitmaps/efficientnet_s2_e4.bin (3925 bytes)
  step 0/295: loss=1.119286
  step 1/295: loss=1.476317
  step 2/295: loss=1.281230
  step 100/295: loss=1.371970
  step 200/295: loss=1.100308
[pjrt_ffi] RESIDENT: @efficientnet_fwd_eval holds 311 parameter tensors (15.5 MB) on 1 device; they stop crossing PCIe from here
Epoch 5/80: loss=1.196423 lr=0.000998
  epoch 5: val_acc = 2658/3925 = 67.719745%  top5 = 3694/3925 = 94.114650%  [95% CI 66.24–69.16]
    per-example top-1 bitmap -> runs/2026-08-31-imagenette-n3/bitmaps/efficientnet_s2_e5.bin (3925 bytes)
  step 0/295: loss=0.971273
  step 1/295: loss=0.989683
  step 2/295: loss=1.099638
  step 100/295: loss=1.260847
  step 200/295: loss=1.242084
[pjrt_ffi] RESIDENT: @efficientnet_fwd_eval holds 311 parameter tensors (15.5 MB) on 1 device; they stop crossing PCIe from here
Epoch 6/80: loss=1.107547 lr=0.000996
  epoch 6: val_acc = 2475/3925 = 63.057325%  top5 = 3662/3925 = 93.299363%  [95% CI 61.54–64.55]
    per-example top-1 bitmap -> runs/2026-08-31-imagenette-n3/bitmaps/efficientnet_s2_e6.bin (3925 bytes)
  step 0/295: loss=0.964844
  step 1/295: loss=1.037555
  step 2/295: loss=1.258094
  step 100/295: loss=1.145792
  step 200/295: loss=0.991382
[pjrt_ffi] RESIDENT: @efficientnet_fwd_eval holds 311 parameter tensors (15.5 MB) on 1 device; they stop crossing PCIe from here
Epoch 7/80: loss=1.068860 lr=0.000993
  epoch 7: val_acc = 2807/3925 = 71.515924%  top5 = 3731/3925 = 95.057325%  [95% CI 70.08–72.91]
    per-example top-1 bitmap -> runs/2026-08-31-imagenette-n3/bitmaps/efficientnet_s2_e7.bin (3925 bytes)
  step 0/295: loss=1.023634
  step 1/295: loss=1.089024
  step 2/295: loss=1.297179
  step 100/295: loss=0.977712
  step 200/295: loss=1.099296
[pjrt_ffi] RESIDENT: @efficientnet_fwd_eval holds 311 parameter tensors (15.5 MB) on 1 device; they stop crossing PCIe from here
Epoch 8/80: loss=1.022944 lr=0.000990
  epoch 8: val_acc = 2862/3925 = 72.917197%  top5 = 3771/3925 = 96.076433%  [95% CI 71.51–74.28]
    per-example top-1 bitmap -> runs/2026-08-31-imagenette-n3/bitmaps/efficientnet_s2_e8.bin (3925 bytes)
  step 0/295: loss=0.926066
  step 1/295: loss=0.895507
  step 2/295: loss=1.076638
  step 100/295: loss=0.856800
  step 200/295: loss=1.006083
[pjrt_ffi] RESIDENT: @efficientnet_fwd_eval holds 311 parameter tensors (15.5 MB) on 1 device; they stop crossing PCIe from here
Epoch 9/80: loss=0.984035 lr=0.000985
  epoch 9: val_acc = 2894/3925 = 73.732484%  top5 = 3794/3925 = 96.662420%  [95% CI 72.33–75.09]
    per-example top-1 bitmap -> runs/2026-08-31-imagenette-n3/bitmaps/efficientnet_s2_e9.bin (3925 bytes)
  step 0/295: loss=1.049040
  step 1/295: loss=0.963603
  step 2/295: loss=0.706357
  step 100/295: loss=1.081075
  step 200/295: loss=0.891217
[pjrt_ffi] RESIDENT: @efficientnet_fwd_eval holds 311 parameter tensors (15.5 MB) on 1 device; they stop crossing PCIe from here
Epoch 10/80: loss=0.952482 lr=0.000980
  epoch 10: val_acc = 2957/3925 = 75.337580%  top5 = 3771/3925 = 96.076433%  [95% CI 73.96–76.66]
    per-example top-1 bitmap -> runs/2026-08-31-imagenette-n3/bitmaps/efficientnet_s2_e10.bin (3925 bytes)
  step 0/295: loss=0.921091
  step 1/295: loss=0.762549
  step 2/295: loss=0.840543
  step 100/295: loss=1.125546
  step 200/295: loss=0.889926
[pjrt_ffi] RESIDENT: @efficientnet_fwd_eval holds 311 parameter tensors (15.5 MB) on 1 device; they stop crossing PCIe from here
Epoch 11/80: loss=0.916643 lr=0.000974
  epoch 11: val_acc = 3062/3925 = 78.012739%  top5 = 3794/3925 = 96.662420%  [95% CI 76.69–79.28]
    per-example top-1 bitmap -> runs/2026-08-31-imagenette-n3/bitmaps/efficientnet_s2_e11.bin (3925 bytes)
  step 0/295: loss=0.996752
  step 1/295: loss=0.697661
  step 2/295: loss=0.848395
  step 100/295: loss=0.902721
  step 200/295: loss=0.754692
[pjrt_ffi] RESIDENT: @efficientnet_fwd_eval holds 311 parameter tensors (15.5 MB) on 1 device; they stop crossing PCIe from here
Epoch 12/80: loss=0.892619 lr=0.000967
  epoch 12: val_acc = 3015/3925 = 76.815287%  top5 = 3765/3925 = 95.923567%  [95% CI 75.47–78.11]
    per-example top-1 bitmap -> runs/2026-08-31-imagenette-n3/bitmaps/efficientnet_s2_e12.bin (3925 bytes)
  step 0/295: loss=1.067756
  step 1/295: loss=0.920782
  step 2/295: loss=0.939893
  step 100/295: loss=0.802680
  step 200/295: loss=0.914240
[pjrt_ffi] RESIDENT: @efficientnet_fwd_eval holds 311 parameter tensors (15.5 MB) on 1 device; they stop crossing PCIe from here
Epoch 13/80: loss=0.865376 lr=0.000959
  epoch 13: val_acc = 3122/3925 = 79.541401%  top5 = 3811/3925 = 97.095541%  [95% CI 78.25–80.77]
    per-example top-1 bitmap -> runs/2026-08-31-imagenette-n3/bitmaps/efficientnet_s2_e13.bin (3925 bytes)
  step 0/295: loss=0.846829
  step 1/295: loss=0.718696
  step 2/295: loss=0.821100
  step 100/295: loss=0.777335
  step 200/295: loss=0.732185
[pjrt_ffi] RESIDENT: @efficientnet_fwd_eval holds 311 parameter tensors (15.5 MB) on 1 device; they stop crossing PCIe from here
Epoch 14/80: loss=0.842963 lr=0.000950
  epoch 14: val_acc = 3202/3925 = 81.579618%  top5 = 3822/3925 = 97.375796%  [95% CI 80.34–82.76]
    per-example top-1 bitmap -> runs/2026-08-31-imagenette-n3/bitmaps/efficientnet_s2_e14.bin (3925 bytes)
  step 0/295: loss=0.859818
  step 1/295: loss=0.900529
  step 2/295: loss=0.739085
  step 100/295: loss=0.796796
  step 200/295: loss=0.767124
[pjrt_ffi] RESIDENT: @efficientnet_fwd_eval holds 311 parameter tensors (15.5 MB) on 1 device; they stop crossing PCIe from here
Epoch 15/80: loss=0.820968 lr=0.000941
  epoch 15: val_acc = 3243/3925 = 82.624204%  top5 = 3832/3925 = 97.630573%  [95% CI 81.41–83.78]
    per-example top-1 bitmap -> runs/2026-08-31-imagenette-n3/bitmaps/efficientnet_s2_e15.bin (3925 bytes)
  step 0/295: loss=0.968291
  step 1/295: loss=0.856003
  step 2/295: loss=0.702583
  step 100/295: loss=0.738701
  step 200/295: loss=0.609638
[pjrt_ffi] RESIDENT: @efficientnet_fwd_eval holds 311 parameter tensors (15.5 MB) on 1 device; they stop crossing PCIe from here
Epoch 16/80: loss=0.808784 lr=0.000931
  epoch 16: val_acc = 2967/3925 = 75.592357%  top5 = 3802/3925 = 96.866242%  [95% CI 74.22–76.91]
    per-example top-1 bitmap -> runs/2026-08-31-imagenette-n3/bitmaps/efficientnet_s2_e16.bin (3925 bytes)
  step 0/295: loss=0.755668
  step 1/295: loss=0.994606
  step 2/295: loss=0.862573
  step 100/295: loss=0.621434
  step 200/295: loss=0.868584
[pjrt_ffi] RESIDENT: @efficientnet_fwd_eval holds 311 parameter tensors (15.5 MB) on 1 device; they stop crossing PCIe from here
Epoch 17/80: loss=0.777815 lr=0.000921
  epoch 17: val_acc = 3171/3925 = 80.789809%  top5 = 3814/3925 = 97.171975%  [95% CI 79.53–81.99]
    per-example top-1 bitmap -> runs/2026-08-31-imagenette-n3/bitmaps/efficientnet_s2_e17.bin (3925 bytes)
  step 0/295: loss=0.779898
  step 1/295: loss=0.584029
  step 2/295: loss=0.790995
  step 100/295: loss=0.790914
  step 200/295: loss=0.741903
[pjrt_ffi] RESIDENT: @efficientnet_fwd_eval holds 311 parameter tensors (15.5 MB) on 1 device; they stop crossing PCIe from here
Epoch 18/80: loss=0.756319 lr=0.000909
  epoch 18: val_acc = 3162/3925 = 80.560510%  top5 = 3820/3925 = 97.324841%  [95% CI 79.29–81.77]
    per-example top-1 bitmap -> runs/2026-08-31-imagenette-n3/bitmaps/efficientnet_s2_e18.bin (3925 bytes)
  step 0/295: loss=0.741667
  step 1/295: loss=0.565094
  step 2/295: loss=0.727950
  step 100/295: loss=0.563866
  step 200/295: loss=0.812860
[pjrt_ffi] RESIDENT: @efficientnet_fwd_eval holds 311 parameter tensors (15.5 MB) on 1 device; they stop crossing PCIe from here
Epoch 19/80: loss=0.756421 lr=0.000897
  epoch 19: val_acc = 3253/3925 = 82.878981%  top5 = 3841/3925 = 97.859873%  [95% CI 81.67–84.03]
    per-example top-1 bitmap -> runs/2026-08-31-imagenette-n3/bitmaps/efficientnet_s2_e19.bin (3925 bytes)
  step 0/295: loss=0.704871
  step 1/295: loss=0.719674
  step 2/295: loss=0.760483
  step 100/295: loss=0.637205
  step 200/295: loss=0.703983
[pjrt_ffi] RESIDENT: @efficientnet_fwd_eval holds 311 parameter tensors (15.5 MB) on 1 device; they stop crossing PCIe from here
Epoch 20/80: loss=0.724909 lr=0.000884
  epoch 20: val_acc = 3279/3925 = 83.541401%  top5 = 3831/3925 = 97.605096%  [95% CI 82.35–84.67]
    per-example top-1 bitmap -> runs/2026-08-31-imagenette-n3/bitmaps/efficientnet_s2_e20.bin (3925 bytes)
  step 0/295: loss=0.686998
  step 1/295: loss=0.663817
  step 2/295: loss=0.586323
  step 100/295: loss=0.694972
  step 200/295: loss=0.635260
[pjrt_ffi] RESIDENT: @efficientnet_fwd_eval holds 311 parameter tensors (15.5 MB) on 1 device; they stop crossing PCIe from here
Epoch 21/80: loss=0.718044 lr=0.000871
  epoch 21: val_acc = 3206/3925 = 81.681529%  top5 = 3815/3925 = 97.197452%  [95% CI 80.44–82.86]
    per-example top-1 bitmap -> runs/2026-08-31-imagenette-n3/bitmaps/efficientnet_s2_e21.bin (3925 bytes)
  step 0/295: loss=0.611353
  step 1/295: loss=0.654837
  step 2/295: loss=0.757918
  step 100/295: loss=0.938399
  step 200/295: loss=0.623417
[pjrt_ffi] RESIDENT: @efficientnet_fwd_eval holds 311 parameter tensors (15.5 MB) on 1 device; they stop crossing PCIe from here
Epoch 22/80: loss=0.698009 lr=0.000857
  epoch 22: val_acc = 3068/3925 = 78.165605%  top5 = 3810/3925 = 97.070064%  [95% CI 76.85–79.43]
    per-example top-1 bitmap -> runs/2026-08-31-imagenette-n3/bitmaps/efficientnet_s2_e22.bin (3925 bytes)
  step 0/295: loss=0.790972
  step 1/295: loss=0.598495
  step 2/295: loss=0.602433
  step 100/295: loss=0.690870
  step 200/295: loss=0.804817
[pjrt_ffi] RESIDENT: @efficientnet_fwd_eval holds 311 parameter tensors (15.5 MB) on 1 device; they stop crossing PCIe from here
Epoch 23/80: loss=0.680119 lr=0.000843
  epoch 23: val_acc = 3339/3925 = 85.070064%  top5 = 3831/3925 = 97.605096%  [95% CI 83.92–86.15]
    per-example top-1 bitmap -> runs/2026-08-31-imagenette-n3/bitmaps/efficientnet_s2_e23.bin (3925 bytes)
  step 0/295: loss=0.733364
  step 1/295: loss=0.668252
  step 2/295: loss=0.617789
  step 100/295: loss=0.982548
  step 200/295: loss=0.743979
[pjrt_ffi] RESIDENT: @efficientnet_fwd_eval holds 311 parameter tensors (15.5 MB) on 1 device; they stop crossing PCIe from here
Epoch 24/80: loss=0.675594 lr=0.000827
  epoch 24: val_acc = 3182/3925 = 81.070064%  top5 = 3811/3925 = 97.095541%  [95% CI 79.81–82.27]
    per-example top-1 bitmap -> runs/2026-08-31-imagenette-n3/bitmaps/efficientnet_s2_e24.bin (3925 bytes)
  step 0/295: loss=0.699390
  step 1/295: loss=0.640584
  step 2/295: loss=0.643731
  step 100/295: loss=0.770925
  step 200/295: loss=0.901264
[pjrt_ffi] RESIDENT: @efficientnet_fwd_eval holds 311 parameter tensors (15.5 MB) on 1 device; they stop crossing PCIe from here
Epoch 25/80: loss=0.662126 lr=0.000812
  epoch 25: val_acc = 3205/3925 = 81.656051%  top5 = 3825/3925 = 97.452229%  [95% CI 80.41–82.84]
    per-example top-1 bitmap -> runs/2026-08-31-imagenette-n3/bitmaps/efficientnet_s2_e25.bin (3925 bytes)
  step 0/295: loss=0.630344
  step 1/295: loss=0.643534
  step 2/295: loss=0.613109
  step 100/295: loss=0.588048
  step 200/295: loss=0.852319
[pjrt_ffi] RESIDENT: @efficientnet_fwd_eval holds 311 parameter tensors (15.5 MB) on 1 device; they stop crossing PCIe from here
Epoch 26/80: loss=0.643409 lr=0.000796
  epoch 26: val_acc = 3322/3925 = 84.636943%  top5 = 3834/3925 = 97.681529%  [95% CI 83.48–85.73]
    per-example top-1 bitmap -> runs/2026-08-31-imagenette-n3/bitmaps/efficientnet_s2_e26.bin (3925 bytes)
  step 0/295: loss=0.722492
  step 1/295: loss=0.620051
  step 2/295: loss=0.613382
  step 100/295: loss=0.640087
  step 200/295: loss=0.583501
[pjrt_ffi] RESIDENT: @efficientnet_fwd_eval holds 311 parameter tensors (15.5 MB) on 1 device; they stop crossing PCIe from here
Epoch 27/80: loss=0.643352 lr=0.000779
  epoch 27: val_acc = 3230/3925 = 82.292994%  top5 = 3817/3925 = 97.248408%  [95% CI 81.07–83.46]
    per-example top-1 bitmap -> runs/2026-08-31-imagenette-n3/bitmaps/efficientnet_s2_e27.bin (3925 bytes)
  step 0/295: loss=0.674031
  step 1/295: loss=0.651282
  step 2/295: loss=0.708578
  step 100/295: loss=0.599867
  step 200/295: loss=0.743807
[pjrt_ffi] RESIDENT: @efficientnet_fwd_eval holds 311 parameter tensors (15.5 MB) on 1 device; they stop crossing PCIe from here
Epoch 28/80: loss=0.620786 lr=0.000762
  epoch 28: val_acc = 3294/3925 = 83.923567%  top5 = 3830/3925 = 97.579618%  [95% CI 82.74–85.04]
    per-example top-1 bitmap -> runs/2026-08-31-imagenette-n3/bitmaps/efficientnet_s2_e28.bin (3925 bytes)
  step 0/295: loss=0.736163
  step 1/295: loss=0.605771
  step 2/295: loss=0.520736
  step 100/295: loss=0.664714
  step 200/295: loss=0.548866
[pjrt_ffi] RESIDENT: @efficientnet_fwd_eval holds 311 parameter tensors (15.5 MB) on 1 device; they stop crossing PCIe from here
Epoch 29/80: loss=0.614789 lr=0.000744
  epoch 29: val_acc = 3414/3925 = 86.980892%  top5 = 3856/3925 = 98.242038%  [95% CI 85.89–88.00]
    per-example top-1 bitmap -> runs/2026-08-31-imagenette-n3/bitmaps/efficientnet_s2_e29.bin (3925 bytes)
  step 0/295: loss=0.533983
  step 1/295: loss=0.569877
  step 2/295: loss=0.665590
  step 100/295: loss=0.548951
  step 200/295: loss=0.690272
[pjrt_ffi] RESIDENT: @efficientnet_fwd_eval holds 311 parameter tensors (15.5 MB) on 1 device; they stop crossing PCIe from here
Epoch 30/80: loss=0.613681 lr=0.000726
  epoch 30: val_acc = 3396/3925 = 86.522293%  top5 = 3847/3925 = 98.012739%  [95% CI 85.42–87.55]
    per-example top-1 bitmap -> runs/2026-08-31-imagenette-n3/bitmaps/efficientnet_s2_e30.bin (3925 bytes)
  step 0/295: loss=0.569134
  step 1/295: loss=0.640055
  step 2/295: loss=0.554632
  step 100/295: loss=0.833142
  step 200/295: loss=0.597622
[pjrt_ffi] RESIDENT: @efficientnet_fwd_eval holds 311 parameter tensors (15.5 MB) on 1 device; they stop crossing PCIe from here
Epoch 31/80: loss=0.606225 lr=0.000708
  epoch 31: val_acc = 3257/3925 = 82.980892%  top5 = 3813/3925 = 97.146497%  [95% CI 81.77–84.12]
    per-example top-1 bitmap -> runs/2026-08-31-imagenette-n3/bitmaps/efficientnet_s2_e31.bin (3925 bytes)
  step 0/295: loss=0.647160
  step 1/295: loss=0.610486
  step 2/295: loss=0.746695
  step 100/295: loss=0.546225
  step 200/295: loss=0.539927
[pjrt_ffi] RESIDENT: @efficientnet_fwd_eval holds 311 parameter tensors (15.5 MB) on 1 device; they stop crossing PCIe from here
Epoch 32/80: loss=0.593550 lr=0.000689
  epoch 32: val_acc = 3312/3925 = 84.382166%  top5 = 3845/3925 = 97.961783%  [95% CI 83.21–85.48]
    per-example top-1 bitmap -> runs/2026-08-31-imagenette-n3/bitmaps/efficientnet_s2_e32.bin (3925 bytes)
  step 0/295: loss=0.539909
  step 1/295: loss=0.725888
  step 2/295: loss=0.526387
  step 100/295: loss=0.569310
  step 200/295: loss=0.658884
[pjrt_ffi] RESIDENT: @efficientnet_fwd_eval holds 311 parameter tensors (15.5 MB) on 1 device; they stop crossing PCIe from here
Epoch 33/80: loss=0.596600 lr=0.000670
  epoch 33: val_acc = 3328/3925 = 84.789809%  top5 = 3837/3925 = 97.757962%  [95% CI 83.63–85.88]
    per-example top-1 bitmap -> runs/2026-08-31-imagenette-n3/bitmaps/efficientnet_s2_e33.bin (3925 bytes)
  step 0/295: loss=0.544982
  step 1/295: loss=0.618751
  step 2/295: loss=0.516763
  step 100/295: loss=0.598288
  step 200/295: loss=0.638372
[pjrt_ffi] RESIDENT: @efficientnet_fwd_eval holds 311 parameter tensors (15.5 MB) on 1 device; they stop crossing PCIe from here
Epoch 34/80: loss=0.576649 lr=0.000651
  epoch 34: val_acc = 3298/3925 = 84.025478%  top5 = 3818/3925 = 97.273885%  [95% CI 82.85–85.14]
    per-example top-1 bitmap -> runs/2026-08-31-imagenette-n3/bitmaps/efficientnet_s2_e34.bin (3925 bytes)
  step 0/295: loss=0.595797
  step 1/295: loss=0.662574
  step 2/295: loss=0.547012
  step 100/295: loss=0.545977
  step 200/295: loss=0.536352
[pjrt_ffi] RESIDENT: @efficientnet_fwd_eval holds 311 parameter tensors (15.5 MB) on 1 device; they stop crossing PCIe from here
Epoch 35/80: loss=0.579963 lr=0.000631
  epoch 35: val_acc = 3375/3925 = 85.987261%  top5 = 3846/3925 = 97.987261%  [95% CI 84.87–87.04]
    per-example top-1 bitmap -> runs/2026-08-31-imagenette-n3/bitmaps/efficientnet_s2_e35.bin (3925 bytes)
  step 0/295: loss=0.540035
  step 1/295: loss=0.588974
  step 2/295: loss=0.559896
  step 100/295: loss=0.557198
  step 200/295: loss=0.528553
[pjrt_ffi] RESIDENT: @efficientnet_fwd_eval holds 311 parameter tensors (15.5 MB) on 1 device; they stop crossing PCIe from here
Epoch 36/80: loss=0.572522 lr=0.000611
  epoch 36: val_acc = 3379/3925 = 86.089172%  top5 = 3848/3925 = 98.038217%  [95% CI 84.97–87.14]
    per-example top-1 bitmap -> runs/2026-08-31-imagenette-n3/bitmaps/efficientnet_s2_e36.bin (3925 bytes)
  step 0/295: loss=0.535103
  step 1/295: loss=0.543383
  step 2/295: loss=0.514550
  step 100/295: loss=0.561879
  step 200/295: loss=0.530521
[pjrt_ffi] RESIDENT: @efficientnet_fwd_eval holds 311 parameter tensors (15.5 MB) on 1 device; they stop crossing PCIe from here
Epoch 37/80: loss=0.568000 lr=0.000591
  epoch 37: val_acc = 3414/3925 = 86.980892%  top5 = 3854/3925 = 98.191083%  [95% CI 85.89–88.00]
    per-example top-1 bitmap -> runs/2026-08-31-imagenette-n3/bitmaps/efficientnet_s2_e37.bin (3925 bytes)
  step 0/295: loss=0.530538
  step 1/295: loss=0.537646
  step 2/295: loss=0.520006
  step 100/295: loss=0.573867
  step 200/295: loss=0.526986
[pjrt_ffi] RESIDENT: @efficientnet_fwd_eval holds 311 parameter tensors (15.5 MB) on 1 device; they stop crossing PCIe from here
Epoch 38/80: loss=0.560967 lr=0.000571
  epoch 38: val_acc = 3374/3925 = 85.961783%  top5 = 3860/3925 = 98.343949%  [95% CI 84.84–87.01]
    per-example top-1 bitmap -> runs/2026-08-31-imagenette-n3/bitmaps/efficientnet_s2_e38.bin (3925 bytes)
  step 0/295: loss=0.532685
  step 1/295: loss=0.518386
  step 2/295: loss=0.514890
  step 100/295: loss=0.553310
  step 200/295: loss=0.628446
[pjrt_ffi] RESIDENT: @efficientnet_fwd_eval holds 311 parameter tensors (15.5 MB) on 1 device; they stop crossing PCIe from here
Epoch 39/80: loss=0.567211 lr=0.000551
  epoch 39: val_acc = 3414/3925 = 86.980892%  top5 = 3851/3925 = 98.114650%  [95% CI 85.89–88.00]
    per-example top-1 bitmap -> runs/2026-08-31-imagenette-n3/bitmaps/efficientnet_s2_e39.bin (3925 bytes)
  step 0/295: loss=0.537819
  step 1/295: loss=0.522128
  step 2/295: loss=0.529519
  step 100/295: loss=0.511460
  step 200/295: loss=0.507302
[pjrt_ffi] RESIDENT: @efficientnet_fwd_eval holds 311 parameter tensors (15.5 MB) on 1 device; they stop crossing PCIe from here
Epoch 40/80: loss=0.545744 lr=0.000531
  epoch 40: val_acc = 3421/3925 = 87.159236%  top5 = 3840/3925 = 97.834395%  [95% CI 86.08–88.17]
    per-example top-1 bitmap -> runs/2026-08-31-imagenette-n3/bitmaps/efficientnet_s2_e40.bin (3925 bytes)
  step 0/295: loss=0.521463
  step 1/295: loss=0.517066
  step 2/295: loss=0.559941
  step 100/295: loss=0.516529
  step 200/295: loss=0.526568
[pjrt_ffi] RESIDENT: @efficientnet_fwd_eval holds 311 parameter tensors (15.5 MB) on 1 device; they stop crossing PCIe from here
Epoch 41/80: loss=0.546747 lr=0.000510
  epoch 41: val_acc = 3411/3925 = 86.904459%  top5 = 3840/3925 = 97.834395%  [95% CI 85.81–87.92]
    per-example top-1 bitmap -> runs/2026-08-31-imagenette-n3/bitmaps/efficientnet_s2_e41.bin (3925 bytes)
  step 0/295: loss=0.513517
  step 1/295: loss=0.510935
  step 2/295: loss=0.539588
  step 100/295: loss=0.522067
  step 200/295: loss=0.516530
[pjrt_ffi] RESIDENT: @efficientnet_fwd_eval holds 311 parameter tensors (15.5 MB) on 1 device; they stop crossing PCIe from here
Epoch 42/80: loss=0.543817 lr=0.000490
  epoch 42: val_acc = 3401/3925 = 86.649682%  top5 = 3846/3925 = 97.987261%  [95% CI 85.55–87.68]
    per-example top-1 bitmap -> runs/2026-08-31-imagenette-n3/bitmaps/efficientnet_s2_e42.bin (3925 bytes)
  step 0/295: loss=0.515994
  step 1/295: loss=0.521059
  step 2/295: loss=0.510669
  step 100/295: loss=0.512344
  step 200/295: loss=0.509181
[pjrt_ffi] RESIDENT: @efficientnet_fwd_eval holds 311 parameter tensors (15.5 MB) on 1 device; they stop crossing PCIe from here
Epoch 43/80: loss=0.540028 lr=0.000469
  epoch 43: val_acc = 3380/3925 = 86.114650%  top5 = 3850/3925 = 98.089172%  [95% CI 85.00–87.16]
    per-example top-1 bitmap -> runs/2026-08-31-imagenette-n3/bitmaps/efficientnet_s2_e43.bin (3925 bytes)
  step 0/295: loss=0.521556
  step 1/295: loss=0.513956
  step 2/295: loss=0.528212
  step 100/295: loss=0.511240
  step 200/295: loss=0.508931
[pjrt_ffi] RESIDENT: @efficientnet_fwd_eval holds 311 parameter tensors (15.5 MB) on 1 device; they stop crossing PCIe from here
Epoch 44/80: loss=0.539459 lr=0.000449
  epoch 44: val_acc = 3425/3925 = 87.261146%  top5 = 3853/3925 = 98.165605%  [95% CI 86.18–88.27]
    per-example top-1 bitmap -> runs/2026-08-31-imagenette-n3/bitmaps/efficientnet_s2_e44.bin (3925 bytes)
  step 0/295: loss=0.509431
  step 1/295: loss=0.520530
  step 2/295: loss=0.526922
  step 100/295: loss=0.515151
  step 200/295: loss=0.518686
[pjrt_ffi] RESIDENT: @efficientnet_fwd_eval holds 311 parameter tensors (15.5 MB) on 1 device; they stop crossing PCIe from here
Epoch 45/80: loss=0.532114 lr=0.000429
  epoch 45: val_acc = 3403/3925 = 86.700637%  top5 = 3846/3925 = 97.987261%  [95% CI 85.60–87.73]
    per-example top-1 bitmap -> runs/2026-08-31-imagenette-n3/bitmaps/efficientnet_s2_e45.bin (3925 bytes)
  step 0/295: loss=0.527035
  step 1/295: loss=0.516576
  step 2/295: loss=0.508244
  step 100/295: loss=0.592503
  step 200/295: loss=0.548233
[pjrt_ffi] RESIDENT: @efficientnet_fwd_eval holds 311 parameter tensors (15.5 MB) on 1 device; they stop crossing PCIe from here
Epoch 46/80: loss=0.543099 lr=0.000409
  epoch 46: val_acc = 3470/3925 = 88.407643%  top5 = 3852/3925 = 98.140127%  [95% CI 87.37–89.37]
    per-example top-1 bitmap -> runs/2026-08-31-imagenette-n3/bitmaps/efficientnet_s2_e46.bin (3925 bytes)
  step 0/295: loss=0.507608
  step 1/295: loss=0.512233
  step 2/295: loss=0.515350
  step 100/295: loss=0.509201
  step 200/295: loss=0.507096
[pjrt_ffi] RESIDENT: @efficientnet_fwd_eval holds 311 parameter tensors (15.5 MB) on 1 device; they stop crossing PCIe from here
Epoch 47/80: loss=0.531539 lr=0.000389
  epoch 47: val_acc = 3423/3925 = 87.210191%  top5 = 3853/3925 = 98.165605%  [95% CI 86.13–88.22]
    per-example top-1 bitmap -> runs/2026-08-31-imagenette-n3/bitmaps/efficientnet_s2_e47.bin (3925 bytes)
  step 0/295: loss=0.534659
  step 1/295: loss=0.546640
  step 2/295: loss=0.506605
  step 100/295: loss=0.592250
  step 200/295: loss=0.512298
[pjrt_ffi] RESIDENT: @efficientnet_fwd_eval holds 311 parameter tensors (15.5 MB) on 1 device; they stop crossing PCIe from here
Epoch 48/80: loss=0.528385 lr=0.000369
  epoch 48: val_acc = 3459/3925 = 88.127389%  top5 = 3859/3925 = 98.318471%  [95% CI 87.08–89.10]
    per-example top-1 bitmap -> runs/2026-08-31-imagenette-n3/bitmaps/efficientnet_s2_e48.bin (3925 bytes)
  step 0/295: loss=0.517650
  step 1/295: loss=0.510318
  step 2/295: loss=0.514876
  step 100/295: loss=0.513203
  step 200/295: loss=0.507694
[pjrt_ffi] RESIDENT: @efficientnet_fwd_eval holds 311 parameter tensors (15.5 MB) on 1 device; they stop crossing PCIe from here
Epoch 49/80: loss=0.525557 lr=0.000349
  epoch 49: val_acc = 3431/3925 = 87.414013%  top5 = 3860/3925 = 98.343949%  [95% CI 86.34–88.42]
    per-example top-1 bitmap -> runs/2026-08-31-imagenette-n3/bitmaps/efficientnet_s2_e49.bin (3925 bytes)
  step 0/295: loss=0.506818
  step 1/295: loss=0.516110
  step 2/295: loss=0.518770
  step 100/295: loss=0.507560
  step 200/295: loss=0.516600
[pjrt_ffi] RESIDENT: @efficientnet_fwd_eval holds 311 parameter tensors (15.5 MB) on 1 device; they stop crossing PCIe from here
Epoch 50/80: loss=0.524460 lr=0.000330
  epoch 50: val_acc = 3471/3925 = 88.433121%  top5 = 3840/3925 = 97.834395%  [95% CI 87.39–89.40]
    per-example top-1 bitmap -> runs/2026-08-31-imagenette-n3/bitmaps/efficientnet_s2_e50.bin (3925 bytes)
  step 0/295: loss=0.506434
  step 1/295: loss=0.508070
  step 2/295: loss=0.545817
  step 100/295: loss=0.509194
  step 200/295: loss=0.555059
[pjrt_ffi] RESIDENT: @efficientnet_fwd_eval holds 311 parameter tensors (15.5 MB) on 1 device; they stop crossing PCIe from here
Epoch 51/80: loss=0.525301 lr=0.000311
  epoch 51: val_acc = 3454/3925 = 88.000000%  top5 = 3853/3925 = 98.165605%  [95% CI 86.95–88.98]
    per-example top-1 bitmap -> runs/2026-08-31-imagenette-n3/bitmaps/efficientnet_s2_e51.bin (3925 bytes)
  step 0/295: loss=0.525518
  step 1/295: loss=0.508668
  step 2/295: loss=0.510082
  step 100/295: loss=0.512145
  step 200/295: loss=0.525533
[pjrt_ffi] RESIDENT: @efficientnet_fwd_eval holds 311 parameter tensors (15.5 MB) on 1 device; they stop crossing PCIe from here
Epoch 52/80: loss=0.520083 lr=0.000292
  epoch 52: val_acc = 3480/3925 = 88.662420%  top5 = 3862/3925 = 98.394904%  [95% CI 87.63–89.62]
    per-example top-1 bitmap -> runs/2026-08-31-imagenette-n3/bitmaps/efficientnet_s2_e52.bin (3925 bytes)
  step 0/295: loss=0.508325
  step 1/295: loss=0.516406
  step 2/295: loss=0.504324
  step 100/295: loss=0.509545
  step 200/295: loss=0.564675
[pjrt_ffi] RESIDENT: @efficientnet_fwd_eval holds 311 parameter tensors (15.5 MB) on 1 device; they stop crossing PCIe from here
Epoch 53/80: loss=0.517185 lr=0.000274
  epoch 53: val_acc = 3486/3925 = 88.815287%  top5 = 3861/3925 = 98.369427%  [95% CI 87.79–89.76]
    per-example top-1 bitmap -> runs/2026-08-31-imagenette-n3/bitmaps/efficientnet_s2_e53.bin (3925 bytes)
  step 0/295: loss=0.509520
  step 1/295: loss=0.529264
  step 2/295: loss=0.512300
  step 100/295: loss=0.508424
  step 200/295: loss=0.528080
[pjrt_ffi] RESIDENT: @efficientnet_fwd_eval holds 311 parameter tensors (15.5 MB) on 1 device; they stop crossing PCIe from here
Epoch 54/80: loss=0.518416 lr=0.000256
  epoch 54: val_acc = 3500/3925 = 89.171975%  top5 = 3861/3925 = 98.369427%  [95% CI 88.16–90.11]
    per-example top-1 bitmap -> runs/2026-08-31-imagenette-n3/bitmaps/efficientnet_s2_e54.bin (3925 bytes)
  step 0/295: loss=0.511221
  step 1/295: loss=0.516772
  step 2/295: loss=0.510174
  step 100/295: loss=0.512075
  step 200/295: loss=0.504438
[pjrt_ffi] RESIDENT: @efficientnet_fwd_eval holds 311 parameter tensors (15.5 MB) on 1 device; they stop crossing PCIe from here
Epoch 55/80: loss=0.514720 lr=0.000238
  epoch 55: val_acc = 3457/3925 = 88.076433%  top5 = 3860/3925 = 98.343949%  [95% CI 87.03–89.05]
    per-example top-1 bitmap -> runs/2026-08-31-imagenette-n3/bitmaps/efficientnet_s2_e55.bin (3925 bytes)
  step 0/295: loss=0.525728
  step 1/295: loss=0.582883
  step 2/295: loss=0.505104
  step 100/295: loss=0.505835
  step 200/295: loss=0.513543
[pjrt_ffi] RESIDENT: @efficientnet_fwd_eval holds 311 parameter tensors (15.5 MB) on 1 device; they stop crossing PCIe from here
Epoch 56/80: loss=0.516371 lr=0.000221
  epoch 56: val_acc = 3473/3925 = 88.484076%  top5 = 3851/3925 = 98.114650%  [95% CI 87.45–89.45]
    per-example top-1 bitmap -> runs/2026-08-31-imagenette-n3/bitmaps/efficientnet_s2_e56.bin (3925 bytes)
  step 0/295: loss=0.504790
  step 1/295: loss=0.507101
  step 2/295: loss=0.504567
  step 100/295: loss=0.515186
  step 200/295: loss=0.506711
[pjrt_ffi] RESIDENT: @efficientnet_fwd_eval holds 311 parameter tensors (15.5 MB) on 1 device; they stop crossing PCIe from here
Epoch 57/80: loss=0.515559 lr=0.000204
  epoch 57: val_acc = 3498/3925 = 89.121019%  top5 = 3861/3925 = 98.369427%  [95% CI 88.11–90.06]
    per-example top-1 bitmap -> runs/2026-08-31-imagenette-n3/bitmaps/efficientnet_s2_e57.bin (3925 bytes)
  step 0/295: loss=0.589589
  step 1/295: loss=0.504773
  step 2/295: loss=0.509625
  step 100/295: loss=0.508143
  step 200/295: loss=0.502909
[pjrt_ffi] RESIDENT: @efficientnet_fwd_eval holds 311 parameter tensors (15.5 MB) on 1 device; they stop crossing PCIe from here
Epoch 58/80: loss=0.512742 lr=0.000188
  epoch 58: val_acc = 3514/3925 = 89.528662%  top5 = 3859/3925 = 98.318471%  [95% CI 88.53–90.45]
    per-example top-1 bitmap -> runs/2026-08-31-imagenette-n3/bitmaps/efficientnet_s2_e58.bin (3925 bytes)
  step 0/295: loss=0.503737
  step 1/295: loss=0.516156
  step 2/295: loss=0.506353
  step 100/295: loss=0.504524
  step 200/295: loss=0.508170
[pjrt_ffi] RESIDENT: @efficientnet_fwd_eval holds 311 parameter tensors (15.5 MB) on 1 device; they stop crossing PCIe from here
Epoch 59/80: loss=0.510042 lr=0.000173
  epoch 59: val_acc = 3504/3925 = 89.273885%  top5 = 3865/3925 = 98.471338%  [95% CI 88.27–90.20]
    per-example top-1 bitmap -> runs/2026-08-31-imagenette-n3/bitmaps/efficientnet_s2_e59.bin (3925 bytes)
  step 0/295: loss=0.507774
  step 1/295: loss=0.512898
  step 2/295: loss=0.553533
  step 100/295: loss=0.504775
  step 200/295: loss=0.520310
[pjrt_ffi] RESIDENT: @efficientnet_fwd_eval holds 311 parameter tensors (15.5 MB) on 1 device; they stop crossing PCIe from here
Epoch 60/80: loss=0.511965 lr=0.000157
  epoch 60: val_acc = 3497/3925 = 89.095541%  top5 = 3864/3925 = 98.445860%  [95% CI 88.08–90.03]
    per-example top-1 bitmap -> runs/2026-08-31-imagenette-n3/bitmaps/efficientnet_s2_e60.bin (3925 bytes)
  step 0/295: loss=0.527505
  step 1/295: loss=0.504752
  step 2/295: loss=0.507715
  step 100/295: loss=0.504958
  step 200/295: loss=0.505527
[pjrt_ffi] RESIDENT: @efficientnet_fwd_eval holds 311 parameter tensors (15.5 MB) on 1 device; they stop crossing PCIe from here
Epoch 61/80: loss=0.509612 lr=0.000143
  epoch 61: val_acc = 3497/3925 = 89.095541%  top5 = 3859/3925 = 98.318471%  [95% CI 88.08–90.03]
    per-example top-1 bitmap -> runs/2026-08-31-imagenette-n3/bitmaps/efficientnet_s2_e61.bin (3925 bytes)
  step 0/295: loss=0.504856
  step 1/295: loss=0.504866
  step 2/295: loss=0.504714
  step 100/295: loss=0.505932
  step 200/295: loss=0.515620
[pjrt_ffi] RESIDENT: @efficientnet_fwd_eval holds 311 parameter tensors (15.5 MB) on 1 device; they stop crossing PCIe from here
Epoch 62/80: loss=0.508154 lr=0.000129
  epoch 62: val_acc = 3496/3925 = 89.070064%  top5 = 3860/3925 = 98.343949%  [95% CI 88.06–90.01]
    per-example top-1 bitmap -> runs/2026-08-31-imagenette-n3/bitmaps/efficientnet_s2_e62.bin (3925 bytes)
  step 0/295: loss=0.504610
  step 1/295: loss=0.503352
  step 2/295: loss=0.505337
  step 100/295: loss=0.505857
  step 200/295: loss=0.507163
[pjrt_ffi] RESIDENT: @efficientnet_fwd_eval holds 311 parameter tensors (15.5 MB) on 1 device; they stop crossing PCIe from here
Epoch 63/80: loss=0.508644 lr=0.000116
  epoch 63: val_acc = 3509/3925 = 89.401274%  top5 = 3858/3925 = 98.292994%  [95% CI 88.40–90.33]
    per-example top-1 bitmap -> runs/2026-08-31-imagenette-n3/bitmaps/efficientnet_s2_e63.bin (3925 bytes)
  step 0/295: loss=0.503827
  step 1/295: loss=0.508043
  step 2/295: loss=0.504896
  step 100/295: loss=0.507821
  step 200/295: loss=0.504936
[pjrt_ffi] RESIDENT: @efficientnet_fwd_eval holds 311 parameter tensors (15.5 MB) on 1 device; they stop crossing PCIe from here
Epoch 64/80: loss=0.507930 lr=0.000103
  epoch 64: val_acc = 3506/3925 = 89.324841%  top5 = 3859/3925 = 98.318471%  [95% CI 88.32–90.25]
    per-example top-1 bitmap -> runs/2026-08-31-imagenette-n3/bitmaps/efficientnet_s2_e64.bin (3925 bytes)
  step 0/295: loss=0.504588
  step 1/295: loss=0.504522
  step 2/295: loss=0.503941
  step 100/295: loss=0.505133
  step 200/295: loss=0.502700
[pjrt_ffi] RESIDENT: @efficientnet_fwd_eval holds 311 parameter tensors (15.5 MB) on 1 device; they stop crossing PCIe from here
Epoch 65/80: loss=0.507093 lr=0.000091
  epoch 65: val_acc = 3509/3925 = 89.401274%  top5 = 3858/3925 = 98.292994%  [95% CI 88.40–90.33]
    per-example top-1 bitmap -> runs/2026-08-31-imagenette-n3/bitmaps/efficientnet_s2_e65.bin (3925 bytes)
  step 0/295: loss=0.503256
  step 1/295: loss=0.503227
  step 2/295: loss=0.502521
  step 100/295: loss=0.502934
  step 200/295: loss=0.504722
[pjrt_ffi] RESIDENT: @efficientnet_fwd_eval holds 311 parameter tensors (15.5 MB) on 1 device; they stop crossing PCIe from here
Epoch 66/80: loss=0.507329 lr=0.000079
  epoch 66: val_acc = 3493/3925 = 88.993631%  top5 = 3862/3925 = 98.394904%  [95% CI 87.98–89.93]
    per-example top-1 bitmap -> runs/2026-08-31-imagenette-n3/bitmaps/efficientnet_s2_e66.bin (3925 bytes)
  step 0/295: loss=0.504074
  step 1/295: loss=0.504592
  step 2/295: loss=0.506638
  step 100/295: loss=0.506089
  step 200/295: loss=0.504887
[pjrt_ffi] RESIDENT: @efficientnet_fwd_eval holds 311 parameter tensors (15.5 MB) on 1 device; they stop crossing PCIe from here
Epoch 67/80: loss=0.506119 lr=0.000069
  epoch 67: val_acc = 3512/3925 = 89.477707%  top5 = 3864/3925 = 98.445860%  [95% CI 88.48–90.40]
    per-example top-1 bitmap -> runs/2026-08-31-imagenette-n3/bitmaps/efficientnet_s2_e67.bin (3925 bytes)
  step 0/295: loss=0.505647
  step 1/295: loss=0.503788
  step 2/295: loss=0.504220
  step 100/295: loss=0.522868
  step 200/295: loss=0.505490
[pjrt_ffi] RESIDENT: @efficientnet_fwd_eval holds 311 parameter tensors (15.5 MB) on 1 device; they stop crossing PCIe from here
Epoch 68/80: loss=0.506088 lr=0.000059
  epoch 68: val_acc = 3508/3925 = 89.375796%  top5 = 3861/3925 = 98.369427%  [95% CI 88.37–90.30]
    per-example top-1 bitmap -> runs/2026-08-31-imagenette-n3/bitmaps/efficientnet_s2_e68.bin (3925 bytes)
  step 0/295: loss=0.505039
  step 1/295: loss=0.506638
  step 2/295: loss=0.504466
  step 100/295: loss=0.506615
  step 200/295: loss=0.503697
[pjrt_ffi] RESIDENT: @efficientnet_fwd_eval holds 311 parameter tensors (15.5 MB) on 1 device; they stop crossing PCIe from here
Epoch 69/80: loss=0.504933 lr=0.000050
  epoch 69: val_acc = 3515/3925 = 89.554140%  top5 = 3859/3925 = 98.318471%  [95% CI 88.56–90.47]
    per-example top-1 bitmap -> runs/2026-08-31-imagenette-n3/bitmaps/efficientnet_s2_e69.bin (3925 bytes)
  step 0/295: loss=0.504528
  step 1/295: loss=0.502572
  step 2/295: loss=0.503992
  step 100/295: loss=0.506374
  step 200/295: loss=0.503026
[pjrt_ffi] RESIDENT: @efficientnet_fwd_eval holds 311 parameter tensors (15.5 MB) on 1 device; they stop crossing PCIe from here
Epoch 70/80: loss=0.505663 lr=0.000041
  epoch 70: val_acc = 3511/3925 = 89.452229%  top5 = 3863/3925 = 98.420382%  [95% CI 88.45–90.37]
    per-example top-1 bitmap -> runs/2026-08-31-imagenette-n3/bitmaps/efficientnet_s2_e70.bin (3925 bytes)
  step 0/295: loss=0.503258
  step 1/295: loss=0.502946
  step 2/295: loss=0.505079
  step 100/295: loss=0.509453
  step 200/295: loss=0.503190
[pjrt_ffi] RESIDENT: @efficientnet_fwd_eval holds 311 parameter tensors (15.5 MB) on 1 device; they stop crossing PCIe from here
Epoch 71/80: loss=0.505416 lr=0.000033
  epoch 71: val_acc = 3514/3925 = 89.528662%  top5 = 3862/3925 = 98.394904%  [95% CI 88.53–90.45]
    per-example top-1 bitmap -> runs/2026-08-31-imagenette-n3/bitmaps/efficientnet_s2_e71.bin (3925 bytes)
  step 0/295: loss=0.502751
  step 1/295: loss=0.506662
  step 2/295: loss=0.508454
  step 100/295: loss=0.504945
  step 200/295: loss=0.509782
[pjrt_ffi] RESIDENT: @efficientnet_fwd_eval holds 311 parameter tensors (15.5 MB) on 1 device; they stop crossing PCIe from here
Epoch 72/80: loss=0.505675 lr=0.000026
  epoch 72: val_acc = 3520/3925 = 89.681529%  top5 = 3864/3925 = 98.445860%  [95% CI 88.69–90.59]
    per-example top-1 bitmap -> runs/2026-08-31-imagenette-n3/bitmaps/efficientnet_s2_e72.bin (3925 bytes)
  step 0/295: loss=0.503815
  step 1/295: loss=0.504625
  step 2/295: loss=0.505741
  step 100/295: loss=0.504824
  step 200/295: loss=0.502368
[pjrt_ffi] RESIDENT: @efficientnet_fwd_eval holds 311 parameter tensors (15.5 MB) on 1 device; they stop crossing PCIe from here
Epoch 73/80: loss=0.504957 lr=0.000020
  epoch 73: val_acc = 3517/3925 = 89.605096%  top5 = 3868/3925 = 98.547771%  [95% CI 88.61–90.52]
    per-example top-1 bitmap -> runs/2026-08-31-imagenette-n3/bitmaps/efficientnet_s2_e73.bin (3925 bytes)
  step 0/295: loss=0.503959
  step 1/295: loss=0.512177
  step 2/295: loss=0.502344
  step 100/295: loss=0.505213
  step 200/295: loss=0.504016
[pjrt_ffi] RESIDENT: @efficientnet_fwd_eval holds 311 parameter tensors (15.5 MB) on 1 device; they stop crossing PCIe from here
Epoch 74/80: loss=0.505549 lr=0.000015
  epoch 74: val_acc = 3516/3925 = 89.579618%  top5 = 3865/3925 = 98.471338%  [95% CI 88.58–90.50]
    per-example top-1 bitmap -> runs/2026-08-31-imagenette-n3/bitmaps/efficientnet_s2_e74.bin (3925 bytes)
  step 0/295: loss=0.502750
  step 1/295: loss=0.502812
  step 2/295: loss=0.502316
  step 100/295: loss=0.503474
  step 200/295: loss=0.503578
[pjrt_ffi] RESIDENT: @efficientnet_fwd_eval holds 311 parameter tensors (15.5 MB) on 1 device; they stop crossing PCIe from here
Epoch 75/80: loss=0.504638 lr=0.000010
  epoch 75: val_acc = 3517/3925 = 89.605096%  top5 = 3861/3925 = 98.369427%  [95% CI 88.61–90.52]
    per-example top-1 bitmap -> runs/2026-08-31-imagenette-n3/bitmaps/efficientnet_s2_e75.bin (3925 bytes)
  step 0/295: loss=0.502299
  step 1/295: loss=0.503971
  step 2/295: loss=0.502339
  step 100/295: loss=0.530159
  step 200/295: loss=0.501732
[pjrt_ffi] RESIDENT: @efficientnet_fwd_eval holds 311 parameter tensors (15.5 MB) on 1 device; they stop crossing PCIe from here
Epoch 76/80: loss=0.504465 lr=0.000007
  epoch 76: val_acc = 3511/3925 = 89.452229%  top5 = 3864/3925 = 98.445860%  [95% CI 88.45–90.37]
    per-example top-1 bitmap -> runs/2026-08-31-imagenette-n3/bitmaps/efficientnet_s2_e76.bin (3925 bytes)
  step 0/295: loss=0.503375
  step 1/295: loss=0.503565
  step 2/295: loss=0.503084
  step 100/295: loss=0.505231
  step 200/295: loss=0.506649
[pjrt_ffi] RESIDENT: @efficientnet_fwd_eval holds 311 parameter tensors (15.5 MB) on 1 device; they stop crossing PCIe from here
Epoch 77/80: loss=0.504154 lr=0.000004
  epoch 77: val_acc = 3519/3925 = 89.656051%  top5 = 3866/3925 = 98.496815%  [95% CI 88.66–90.57]
    per-example top-1 bitmap -> runs/2026-08-31-imagenette-n3/bitmaps/efficientnet_s2_e77.bin (3925 bytes)
  step 0/295: loss=0.502587
  step 1/295: loss=0.504189
  step 2/295: loss=0.503475
  step 100/295: loss=0.502534
  step 200/295: loss=0.503716
[pjrt_ffi] RESIDENT: @efficientnet_fwd_eval holds 311 parameter tensors (15.5 MB) on 1 device; they stop crossing PCIe from here
Epoch 78/80: loss=0.504370 lr=0.000002
  epoch 78: val_acc = 3513/3925 = 89.503185%  top5 = 3864/3925 = 98.445860%  [95% CI 88.51–90.42]
    per-example top-1 bitmap -> runs/2026-08-31-imagenette-n3/bitmaps/efficientnet_s2_e78.bin (3925 bytes)
  step 0/295: loss=0.502473
  step 1/295: loss=0.503755
  step 2/295: loss=0.504471
  step 100/295: loss=0.501912
  step 200/295: loss=0.503789
[pjrt_ffi] RESIDENT: @efficientnet_fwd_eval holds 311 parameter tensors (15.5 MB) on 1 device; they stop crossing PCIe from here
Epoch 79/80: loss=0.504452 lr=0.000000
  epoch 79: val_acc = 3514/3925 = 89.528662%  top5 = 3866/3925 = 98.496815%  [95% CI 88.53–90.45]
    per-example top-1 bitmap -> runs/2026-08-31-imagenette-n3/bitmaps/efficientnet_s2_e79.bin (3925 bytes)
  step 0/295: loss=0.504237
  step 1/295: loss=0.503401
  step 2/295: loss=0.508292
  step 100/295: loss=0.503487
  step 200/295: loss=0.505160
[pjrt_ffi] RESIDENT: @efficientnet_fwd_eval holds 311 parameter tensors (15.5 MB) on 1 device; they stop crossing PCIe from here
Epoch 80/80: loss=0.504335 lr=0.000000
  epoch 80: val_acc = 3513/3925 = 89.503185%  top5 = 3868/3925 = 98.547771%  [95% CI 88.51–90.42]
    per-example top-1 bitmap -> runs/2026-08-31-imagenette-n3/bitmaps/efficientnet_s2_e80.bin (3925 bytes)
done (trained EfficientNet-B0 adam + cosine/warmup via packed threading).
