I0831 13:53:05.126014  668602 service.cc:154] XLA service 0x752e200517d0 initialized for platform CUDA (this does not guarantee that XLA will be used). Devices:
I0831 13:53:05.126066  668602 service.cc:170]   StreamExecutor [0]: NVIDIA GeForce RTX 4060 Ti, Compute Capability 8.9 (Driver: 12.9.0[575.57.8]; Runtime: 12.9.0; Toolkit: 12.9.0; DNN: 9.23.2)
I0831 13:53:05.127542  668602 se_gpu_pjrt_client.cc:1342] Using BFC allocator.
I0831 13:53:05.127572  668602 gpu_helpers.cc:162] XLA backend allocating 11.68GiB (12543066112 bytes) on device 0 for BFCAllocator.
I0831 13:53:05.134187  668602 cuda_dnn.cc:440] Loaded cuDNN version 92302
[pjrt_ffi] XLA backend: PJRT 0.114, 1 device(s)
[pjrt_ffi] command buffers: enabled (CUDA default)
E0831 13:53:08.340121  668637 cuda_timer.cc:88] Delay kernel timed out: measured time has sub-optimal accuracy. There may be a missing warmup execution, please investigate in Nsight Systems.
E0831 13:53:10.182019  668627 cuda_timer.cc:88] Delay kernel timed out: measured time has sub-optimal accuracy. There may be a missing warmup execution, please investigate in Nsight Systems.
E0831 13:53:10.326637  668645 cuda_timer.cc:88] Delay kernel timed out: measured time has sub-optimal accuracy. There may be a missing warmup execution, please investigate in Nsight Systems.
E0831 13:53:10.435113  668620 cuda_timer.cc:88] Delay kernel timed out: measured time has sub-optimal accuracy. There may be a missing warmup execution, please investigate in Nsight Systems.
E0831 13:53:10.936983  668631 cuda_timer.cc:88] Delay kernel timed out: measured time has sub-optimal accuracy. There may be a missing warmup execution, please investigate in Nsight Systems.
E0831 13:53:11.107483  668641 cuda_timer.cc:88] Delay kernel timed out: measured time has sub-optimal accuracy. There may be a missing warmup execution, please investigate in Nsight Systems.
E0831 13:53:12.182722  668634 cuda_timer.cc:88] Delay kernel timed out: measured time has sub-optimal accuracy. There may be a missing warmup execution, please investigate in Nsight Systems.
E0831 13:53:12.553903  668621 cuda_timer.cc:88] Delay kernel timed out: measured time has sub-optimal accuracy. There may be a missing warmup execution, please investigate in Nsight Systems.
[pjrt_ffi] compiled verified_mlir/mnv4_adam_train_step.mlir (@mnv4_adam_train_step, 856 outputs, 1 replica) in 9555 ms
[pjrt_ffi] compiled verified_mlir/mnv4_fwd.mlir (@mnv4_fwd, 1 outputs, 1 replica) in 707 ms
[pjrt_ffi] compiled verified_mlir/mnv4_fwd_eval.mlir (@mnv4_fwd_eval, 1 outputs, 1 replica) in 380 ms
MobileNetV4-Conv-M on Imagenette 224² (stem-s2 → fused MBConv → 21 Universal Inverted Bottleneck blocks spanning all four families from ONE constructor, 224→7 → two head convs 256→960→1280 → GAP → LN → dense) via the VERIFIED renderer → XLA/PJRT → GPU
  xla/pjrt verified_mlir/mnv4_adam_train_step.mlir
  xla/pjrt verified_mlir/mnv4_fwd.mlir
  xla/pjrt verified_mlir/mnv4_fwd_eval.mlir
  train 9469, val 3925; bs 32, MobileNetV4-Conv-M adam (cosine+warmup 3ep, baseLR 0.001000), He init
  running-stats BN: 77 layers, 67904 stat floats → eval via @mnv4_fwd_eval
     decay 0.990000 (TF sense; = PyTorch/timm momentum 0.010000), new-batch weight 0.010000
[pjrt_ffi] RESIDENT: @mnv4_adam_train_step holds 699 parameter tensors (96.7 MB) on 1 device; they stop crossing PCIe from here
  step 0/295: loss=2.187503
  step 1/295: loss=2.342017
  step 2/295: loss=2.421472
  step 100/295: loss=2.242225
  step 200/295: loss=2.198216
[pjrt_ffi] RESIDENT: @mnv4_fwd_eval holds 387 parameter tensors (32.5 MB) on 1 device; they stop crossing PCIe from here
Epoch 1/80: loss=2.142227 lr=0.000333
  epoch 1: val_acc = 685/3925 = 17.452229%  top5 = 2165/3925 = 55.159236%  [95% CI 16.30–18.67]
    per-example top-1 bitmap -> runs/2026-08-31-imagenette-n3/bitmaps/mobilenetv4_s5_e1.bin (3925 bytes)
  step 0/295: loss=2.127541
  step 1/295: loss=1.975596
  step 2/295: loss=1.624064
  step 100/295: loss=1.672074
  step 200/295: loss=1.651521
[pjrt_ffi] RESIDENT: @mnv4_fwd_eval holds 387 parameter tensors (32.5 MB) on 1 device; they stop crossing PCIe from here
Epoch 2/80: loss=1.906050 lr=0.000667
  epoch 2: val_acc = 983/3925 = 25.044586%  top5 = 2740/3925 = 69.808917%  [95% CI 23.71–26.42]
    per-example top-1 bitmap -> runs/2026-08-31-imagenette-n3/bitmaps/mobilenetv4_s5_e2.bin (3925 bytes)
  step 0/295: loss=1.525758
  step 1/295: loss=2.343611
  step 2/295: loss=1.835795
  step 100/295: loss=1.723319
  step 200/295: loss=1.386989
[pjrt_ffi] RESIDENT: @mnv4_fwd_eval holds 387 parameter tensors (32.5 MB) on 1 device; they stop crossing PCIe from here
Epoch 3/80: loss=1.701648 lr=0.001000
  epoch 3: val_acc = 1740/3925 = 44.331210%  top5 = 3329/3925 = 84.815287%  [95% CI 42.78–45.89]
    per-example top-1 bitmap -> runs/2026-08-31-imagenette-n3/bitmaps/mobilenetv4_s5_e3.bin (3925 bytes)
  step 0/295: loss=1.519794
  step 1/295: loss=1.291695
  step 2/295: loss=1.600393
  step 100/295: loss=1.464859
  step 200/295: loss=1.448389
[pjrt_ffi] RESIDENT: @mnv4_fwd_eval holds 387 parameter tensors (32.5 MB) on 1 device; they stop crossing PCIe from here
Epoch 4/80: loss=1.531684 lr=0.001000
  epoch 4: val_acc = 1459/3925 = 37.171975%  top5 = 3285/3925 = 83.694268%  [95% CI 35.67–38.70]
    per-example top-1 bitmap -> runs/2026-08-31-imagenette-n3/bitmaps/mobilenetv4_s5_e4.bin (3925 bytes)
  step 0/295: loss=1.253631
  step 1/295: loss=1.497803
  step 2/295: loss=1.302396
  step 100/295: loss=1.422765
  step 200/295: loss=1.231561
[pjrt_ffi] RESIDENT: @mnv4_fwd_eval holds 387 parameter tensors (32.5 MB) on 1 device; they stop crossing PCIe from here
Epoch 5/80: loss=1.388159 lr=0.000998
  epoch 5: val_acc = 2277/3925 = 58.012739%  top5 = 3591/3925 = 91.490446%  [95% CI 56.46–59.55]
    per-example top-1 bitmap -> runs/2026-08-31-imagenette-n3/bitmaps/mobilenetv4_s5_e5.bin (3925 bytes)
  step 0/295: loss=1.350299
  step 1/295: loss=1.279344
  step 2/295: loss=1.292189
  step 100/295: loss=1.366967
  step 200/295: loss=1.473188
[pjrt_ffi] RESIDENT: @mnv4_fwd_eval holds 387 parameter tensors (32.5 MB) on 1 device; they stop crossing PCIe from here
Epoch 6/80: loss=1.290766 lr=0.000996
  epoch 6: val_acc = 2015/3925 = 51.337580%  top5 = 3533/3925 = 90.012739%  [95% CI 49.77–52.90]
    per-example top-1 bitmap -> runs/2026-08-31-imagenette-n3/bitmaps/mobilenetv4_s5_e6.bin (3925 bytes)
  step 0/295: loss=1.142154
  step 1/295: loss=1.278807
  step 2/295: loss=1.222324
  step 100/295: loss=1.380009
  step 200/295: loss=1.354577
[pjrt_ffi] RESIDENT: @mnv4_fwd_eval holds 387 parameter tensors (32.5 MB) on 1 device; they stop crossing PCIe from here
Epoch 7/80: loss=1.245595 lr=0.000993
  epoch 7: val_acc = 2540/3925 = 64.713376%  top5 = 3693/3925 = 94.089172%  [95% CI 63.20–66.19]
    per-example top-1 bitmap -> runs/2026-08-31-imagenette-n3/bitmaps/mobilenetv4_s5_e7.bin (3925 bytes)
  step 0/295: loss=1.117598
  step 1/295: loss=1.271523
  step 2/295: loss=1.489755
  step 100/295: loss=1.234860
  step 200/295: loss=1.175387
[pjrt_ffi] RESIDENT: @mnv4_fwd_eval holds 387 parameter tensors (32.5 MB) on 1 device; they stop crossing PCIe from here
Epoch 8/80: loss=1.188806 lr=0.000990
  epoch 8: val_acc = 2696/3925 = 68.687898%  top5 = 3713/3925 = 94.598726%  [95% CI 67.22–70.12]
    per-example top-1 bitmap -> runs/2026-08-31-imagenette-n3/bitmaps/mobilenetv4_s5_e8.bin (3925 bytes)
  step 0/295: loss=0.998642
  step 1/295: loss=0.957842
  step 2/295: loss=1.086182
  step 100/295: loss=1.020262
  step 200/295: loss=1.243691
[pjrt_ffi] RESIDENT: @mnv4_fwd_eval holds 387 parameter tensors (32.5 MB) on 1 device; they stop crossing PCIe from here
Epoch 9/80: loss=1.149053 lr=0.000985
  epoch 9: val_acc = 2700/3925 = 68.789809%  top5 = 3669/3925 = 93.477707%  [95% CI 67.32–70.22]
    per-example top-1 bitmap -> runs/2026-08-31-imagenette-n3/bitmaps/mobilenetv4_s5_e9.bin (3925 bytes)
  step 0/295: loss=1.289101
  step 1/295: loss=0.950851
  step 2/295: loss=0.914048
  step 100/295: loss=1.246349
  step 200/295: loss=1.101098
[pjrt_ffi] RESIDENT: @mnv4_fwd_eval holds 387 parameter tensors (32.5 MB) on 1 device; they stop crossing PCIe from here
Epoch 10/80: loss=1.116004 lr=0.000980
  epoch 10: val_acc = 2807/3925 = 71.515924%  top5 = 3748/3925 = 95.490446%  [95% CI 70.08–72.91]
    per-example top-1 bitmap -> runs/2026-08-31-imagenette-n3/bitmaps/mobilenetv4_s5_e10.bin (3925 bytes)
  step 0/295: loss=1.006218
  step 1/295: loss=0.876513
  step 2/295: loss=0.894385
  step 100/295: loss=1.265014
  step 200/295: loss=0.864877
[pjrt_ffi] RESIDENT: @mnv4_fwd_eval holds 387 parameter tensors (32.5 MB) on 1 device; they stop crossing PCIe from here
Epoch 11/80: loss=1.076801 lr=0.000974
  epoch 11: val_acc = 2537/3925 = 64.636943%  top5 = 3712/3925 = 94.573248%  [95% CI 63.13–66.12]
    per-example top-1 bitmap -> runs/2026-08-31-imagenette-n3/bitmaps/mobilenetv4_s5_e11.bin (3925 bytes)
  step 0/295: loss=0.925521
  step 1/295: loss=1.031051
  step 2/295: loss=0.974881
  step 100/295: loss=0.917654
  step 200/295: loss=1.017595
[pjrt_ffi] RESIDENT: @mnv4_fwd_eval holds 387 parameter tensors (32.5 MB) on 1 device; they stop crossing PCIe from here
Epoch 12/80: loss=1.041881 lr=0.000967
  epoch 12: val_acc = 2681/3925 = 68.305732%  top5 = 3712/3925 = 94.573248%  [95% CI 66.83–69.74]
    per-example top-1 bitmap -> runs/2026-08-31-imagenette-n3/bitmaps/mobilenetv4_s5_e12.bin (3925 bytes)
  step 0/295: loss=1.357230
  step 1/295: loss=1.084398
  step 2/295: loss=1.331635
  step 100/295: loss=1.040927
  step 200/295: loss=1.111391
[pjrt_ffi] RESIDENT: @mnv4_fwd_eval holds 387 parameter tensors (32.5 MB) on 1 device; they stop crossing PCIe from here
Epoch 13/80: loss=1.014371 lr=0.000959
  epoch 13: val_acc = 2815/3925 = 71.719745%  top5 = 3727/3925 = 94.955414%  [95% CI 70.29–73.11]
    per-example top-1 bitmap -> runs/2026-08-31-imagenette-n3/bitmaps/mobilenetv4_s5_e13.bin (3925 bytes)
  step 0/295: loss=0.933035
  step 1/295: loss=1.026146
  step 2/295: loss=0.810726
  step 100/295: loss=0.990046
  step 200/295: loss=1.035929
[pjrt_ffi] RESIDENT: @mnv4_fwd_eval holds 387 parameter tensors (32.5 MB) on 1 device; they stop crossing PCIe from here
Epoch 14/80: loss=0.984494 lr=0.000950
  epoch 14: val_acc = 2938/3925 = 74.853503%  top5 = 3781/3925 = 96.331210%  [95% CI 73.47–76.19]
    per-example top-1 bitmap -> runs/2026-08-31-imagenette-n3/bitmaps/mobilenetv4_s5_e14.bin (3925 bytes)
  step 0/295: loss=1.139434
  step 1/295: loss=1.017453
  step 2/295: loss=0.807113
  step 100/295: loss=0.960008
  step 200/295: loss=0.783640
[pjrt_ffi] RESIDENT: @mnv4_fwd_eval holds 387 parameter tensors (32.5 MB) on 1 device; they stop crossing PCIe from here
Epoch 15/80: loss=0.961726 lr=0.000941
  epoch 15: val_acc = 2825/3925 = 71.974522%  top5 = 3755/3925 = 95.668790%  [95% CI 70.55–73.36]
    per-example top-1 bitmap -> runs/2026-08-31-imagenette-n3/bitmaps/mobilenetv4_s5_e15.bin (3925 bytes)
  step 0/295: loss=1.345002
  step 1/295: loss=1.030472
  step 2/295: loss=0.782442
  step 100/295: loss=0.964693
  step 200/295: loss=0.676437
[pjrt_ffi] RESIDENT: @mnv4_fwd_eval holds 387 parameter tensors (32.5 MB) on 1 device; they stop crossing PCIe from here
Epoch 16/80: loss=0.953117 lr=0.000931
  epoch 16: val_acc = 2493/3925 = 63.515924%  top5 = 3623/3925 = 92.305732%  [95% CI 62.00–65.01]
    per-example top-1 bitmap -> runs/2026-08-31-imagenette-n3/bitmaps/mobilenetv4_s5_e16.bin (3925 bytes)
  step 0/295: loss=0.874095
  step 1/295: loss=0.952547
  step 2/295: loss=0.801234
  step 100/295: loss=0.705940
  step 200/295: loss=1.044817
[pjrt_ffi] RESIDENT: @mnv4_fwd_eval holds 387 parameter tensors (32.5 MB) on 1 device; they stop crossing PCIe from here
Epoch 17/80: loss=0.914821 lr=0.000921
  epoch 17: val_acc = 2995/3925 = 76.305732%  top5 = 3759/3925 = 95.770701%  [95% CI 74.95–77.61]
    per-example top-1 bitmap -> runs/2026-08-31-imagenette-n3/bitmaps/mobilenetv4_s5_e17.bin (3925 bytes)
  step 0/295: loss=0.828549
  step 1/295: loss=0.738681
  step 2/295: loss=0.909374
  step 100/295: loss=0.847688
  step 200/295: loss=0.945801
[pjrt_ffi] RESIDENT: @mnv4_fwd_eval holds 387 parameter tensors (32.5 MB) on 1 device; they stop crossing PCIe from here
Epoch 18/80: loss=0.893794 lr=0.000909
  epoch 18: val_acc = 2845/3925 = 72.484076%  top5 = 3760/3925 = 95.796178%  [95% CI 71.07–73.86]
    per-example top-1 bitmap -> runs/2026-08-31-imagenette-n3/bitmaps/mobilenetv4_s5_e18.bin (3925 bytes)
  step 0/295: loss=0.765322
  step 1/295: loss=0.646871
  step 2/295: loss=0.863698
  step 100/295: loss=0.685782
  step 200/295: loss=1.096408
[pjrt_ffi] RESIDENT: @mnv4_fwd_eval holds 387 parameter tensors (32.5 MB) on 1 device; they stop crossing PCIe from here
Epoch 19/80: loss=0.877656 lr=0.000897
  epoch 19: val_acc = 2840/3925 = 72.356688%  top5 = 3759/3925 = 95.770701%  [95% CI 70.94–73.73]
    per-example top-1 bitmap -> runs/2026-08-31-imagenette-n3/bitmaps/mobilenetv4_s5_e19.bin (3925 bytes)
  step 0/295: loss=0.829375
  step 1/295: loss=0.933713
  step 2/295: loss=0.940326
  step 100/295: loss=0.811595
  step 200/295: loss=0.846662
[pjrt_ffi] RESIDENT: @mnv4_fwd_eval holds 387 parameter tensors (32.5 MB) on 1 device; they stop crossing PCIe from here
Epoch 20/80: loss=0.857211 lr=0.000884
  epoch 20: val_acc = 2951/3925 = 75.184713%  top5 = 3776/3925 = 96.203822%  [95% CI 73.81–76.51]
    per-example top-1 bitmap -> runs/2026-08-31-imagenette-n3/bitmaps/mobilenetv4_s5_e20.bin (3925 bytes)
  step 0/295: loss=0.792954
  step 1/295: loss=0.699498
  step 2/295: loss=0.786777
  step 100/295: loss=0.757316
  step 200/295: loss=0.870978
[pjrt_ffi] RESIDENT: @mnv4_fwd_eval holds 387 parameter tensors (32.5 MB) on 1 device; they stop crossing PCIe from here
Epoch 21/80: loss=0.840038 lr=0.000871
  epoch 21: val_acc = 2934/3925 = 74.751592%  top5 = 3771/3925 = 96.076433%  [95% CI 73.37–76.09]
    per-example top-1 bitmap -> runs/2026-08-31-imagenette-n3/bitmaps/mobilenetv4_s5_e21.bin (3925 bytes)
  step 0/295: loss=0.780581
  step 1/295: loss=0.875819
  step 2/295: loss=0.845431
  step 100/295: loss=0.934767
  step 200/295: loss=0.907563
[pjrt_ffi] RESIDENT: @mnv4_fwd_eval holds 387 parameter tensors (32.5 MB) on 1 device; they stop crossing PCIe from here
Epoch 22/80: loss=0.813421 lr=0.000857
  epoch 22: val_acc = 2939/3925 = 74.878981%  top5 = 3765/3925 = 95.923567%  [95% CI 73.50–76.21]
    per-example top-1 bitmap -> runs/2026-08-31-imagenette-n3/bitmaps/mobilenetv4_s5_e22.bin (3925 bytes)
  step 0/295: loss=0.938665
  step 1/295: loss=0.618132
  step 2/295: loss=0.774035
  step 100/295: loss=0.877851
  step 200/295: loss=0.844834
[pjrt_ffi] RESIDENT: @mnv4_fwd_eval holds 387 parameter tensors (32.5 MB) on 1 device; they stop crossing PCIe from here
Epoch 23/80: loss=0.799850 lr=0.000843
  epoch 23: val_acc = 2958/3925 = 75.363057%  top5 = 3776/3925 = 96.203822%  [95% CI 73.99–76.69]
    per-example top-1 bitmap -> runs/2026-08-31-imagenette-n3/bitmaps/mobilenetv4_s5_e23.bin (3925 bytes)
  step 0/295: loss=0.746612
  step 1/295: loss=0.776224
  step 2/295: loss=0.683454
  step 100/295: loss=1.016191
  step 200/295: loss=0.902104
[pjrt_ffi] RESIDENT: @mnv4_fwd_eval holds 387 parameter tensors (32.5 MB) on 1 device; they stop crossing PCIe from here
Epoch 24/80: loss=0.778503 lr=0.000827
  epoch 24: val_acc = 2942/3925 = 74.955414%  top5 = 3759/3925 = 95.770701%  [95% CI 73.58–76.29]
    per-example top-1 bitmap -> runs/2026-08-31-imagenette-n3/bitmaps/mobilenetv4_s5_e24.bin (3925 bytes)
  step 0/295: loss=0.661967
  step 1/295: loss=0.860005
  step 2/295: loss=0.694425
  step 100/295: loss=0.712348
  step 200/295: loss=0.861103
[pjrt_ffi] RESIDENT: @mnv4_fwd_eval holds 387 parameter tensors (32.5 MB) on 1 device; they stop crossing PCIe from here
Epoch 25/80: loss=0.761839 lr=0.000812
  epoch 25: val_acc = 3016/3925 = 76.840764%  top5 = 3774/3925 = 96.152866%  [95% CI 75.50–78.13]
    per-example top-1 bitmap -> runs/2026-08-31-imagenette-n3/bitmaps/mobilenetv4_s5_e25.bin (3925 bytes)
  step 0/295: loss=0.796130
  step 1/295: loss=0.650713
  step 2/295: loss=0.666795
  step 100/295: loss=0.672492
  step 200/295: loss=0.857256
[pjrt_ffi] RESIDENT: @mnv4_fwd_eval holds 387 parameter tensors (32.5 MB) on 1 device; they stop crossing PCIe from here
Epoch 26/80: loss=0.733577 lr=0.000796
  epoch 26: val_acc = 3089/3925 = 78.700637%  top5 = 3794/3925 = 96.662420%  [95% CI 77.39–79.95]
    per-example top-1 bitmap -> runs/2026-08-31-imagenette-n3/bitmaps/mobilenetv4_s5_e26.bin (3925 bytes)
  step 0/295: loss=0.640106
  step 1/295: loss=0.673943
  step 2/295: loss=0.678234
  step 100/295: loss=0.569332
  step 200/295: loss=0.724379
[pjrt_ffi] RESIDENT: @mnv4_fwd_eval holds 387 parameter tensors (32.5 MB) on 1 device; they stop crossing PCIe from here
Epoch 27/80: loss=0.727391 lr=0.000779
  epoch 27: val_acc = 2939/3925 = 74.878981%  top5 = 3764/3925 = 95.898089%  [95% CI 73.50–76.21]
    per-example top-1 bitmap -> runs/2026-08-31-imagenette-n3/bitmaps/mobilenetv4_s5_e27.bin (3925 bytes)
  step 0/295: loss=0.613398
  step 1/295: loss=0.687444
  step 2/295: loss=0.685781
  step 100/295: loss=0.711948
  step 200/295: loss=0.822358
[pjrt_ffi] RESIDENT: @mnv4_fwd_eval holds 387 parameter tensors (32.5 MB) on 1 device; they stop crossing PCIe from here
Epoch 28/80: loss=0.701512 lr=0.000762
  epoch 28: val_acc = 3027/3925 = 77.121019%  top5 = 3784/3925 = 96.407643%  [95% CI 75.78–78.41]
    per-example top-1 bitmap -> runs/2026-08-31-imagenette-n3/bitmaps/mobilenetv4_s5_e28.bin (3925 bytes)
  step 0/295: loss=0.681838
  step 1/295: loss=0.611025
  step 2/295: loss=0.555016
  step 100/295: loss=0.875444
  step 200/295: loss=0.639841
[pjrt_ffi] RESIDENT: @mnv4_fwd_eval holds 387 parameter tensors (32.5 MB) on 1 device; they stop crossing PCIe from here
Epoch 29/80: loss=0.706885 lr=0.000744
  epoch 29: val_acc = 3164/3925 = 80.611465%  top5 = 3802/3925 = 96.866242%  [95% CI 79.34–81.82]
    per-example top-1 bitmap -> runs/2026-08-31-imagenette-n3/bitmaps/mobilenetv4_s5_e29.bin (3925 bytes)
  step 0/295: loss=0.645341
  step 1/295: loss=0.687657
  step 2/295: loss=0.635783
  step 100/295: loss=0.631420
  step 200/295: loss=0.784105
[pjrt_ffi] RESIDENT: @mnv4_fwd_eval holds 387 parameter tensors (32.5 MB) on 1 device; they stop crossing PCIe from here
Epoch 30/80: loss=0.685463 lr=0.000726
  epoch 30: val_acc = 3043/3925 = 77.528662%  top5 = 3798/3925 = 96.764331%  [95% CI 76.20–78.81]
    per-example top-1 bitmap -> runs/2026-08-31-imagenette-n3/bitmaps/mobilenetv4_s5_e30.bin (3925 bytes)
  step 0/295: loss=0.611203
  step 1/295: loss=0.769082
  step 2/295: loss=0.648662
  step 100/295: loss=0.650645
  step 200/295: loss=0.704400
[pjrt_ffi] RESIDENT: @mnv4_fwd_eval holds 387 parameter tensors (32.5 MB) on 1 device; they stop crossing PCIe from here
Epoch 31/80: loss=0.669286 lr=0.000708
  epoch 31: val_acc = 3136/3925 = 79.898089%  top5 = 3795/3925 = 96.687898%  [95% CI 78.62–81.12]
    per-example top-1 bitmap -> runs/2026-08-31-imagenette-n3/bitmaps/mobilenetv4_s5_e31.bin (3925 bytes)
  step 0/295: loss=0.587198
  step 1/295: loss=0.813045
  step 2/295: loss=0.676042
  step 100/295: loss=0.540218
  step 200/295: loss=0.677739
[pjrt_ffi] RESIDENT: @mnv4_fwd_eval holds 387 parameter tensors (32.5 MB) on 1 device; they stop crossing PCIe from here
Epoch 32/80: loss=0.648260 lr=0.000689
  epoch 32: val_acc = 3193/3925 = 81.350318%  top5 = 3804/3925 = 96.917197%  [95% CI 80.10–82.54]
    per-example top-1 bitmap -> runs/2026-08-31-imagenette-n3/bitmaps/mobilenetv4_s5_e32.bin (3925 bytes)
  step 0/295: loss=0.591891
  step 1/295: loss=0.726614
  step 2/295: loss=0.537169
  step 100/295: loss=0.762916
  step 200/295: loss=0.834646
[pjrt_ffi] RESIDENT: @mnv4_fwd_eval holds 387 parameter tensors (32.5 MB) on 1 device; they stop crossing PCIe from here
Epoch 33/80: loss=0.648142 lr=0.000670
  epoch 33: val_acc = 3130/3925 = 79.745223%  top5 = 3814/3925 = 97.171975%  [95% CI 78.46–80.97]
    per-example top-1 bitmap -> runs/2026-08-31-imagenette-n3/bitmaps/mobilenetv4_s5_e33.bin (3925 bytes)
  step 0/295: loss=0.600739
  step 1/295: loss=0.644019
  step 2/295: loss=0.548085
  step 100/295: loss=0.625040
  step 200/295: loss=0.664167
[pjrt_ffi] RESIDENT: @mnv4_fwd_eval holds 387 parameter tensors (32.5 MB) on 1 device; they stop crossing PCIe from here
Epoch 34/80: loss=0.633021 lr=0.000651
  epoch 34: val_acc = 3096/3925 = 78.878981%  top5 = 3782/3925 = 96.356688%  [95% CI 77.57–80.13]
    per-example top-1 bitmap -> runs/2026-08-31-imagenette-n3/bitmaps/mobilenetv4_s5_e34.bin (3925 bytes)
  step 0/295: loss=0.654799
  step 1/295: loss=0.637991
  step 2/295: loss=0.531179
  step 100/295: loss=0.629503
  step 200/295: loss=0.580116
[pjrt_ffi] RESIDENT: @mnv4_fwd_eval holds 387 parameter tensors (32.5 MB) on 1 device; they stop crossing PCIe from here
Epoch 35/80: loss=0.626496 lr=0.000631
  epoch 35: val_acc = 3188/3925 = 81.222930%  top5 = 3768/3925 = 96.000000%  [95% CI 79.97–82.41]
    per-example top-1 bitmap -> runs/2026-08-31-imagenette-n3/bitmaps/mobilenetv4_s5_e35.bin (3925 bytes)
  step 0/295: loss=0.566479
  step 1/295: loss=0.530055
  step 2/295: loss=0.575905
  step 100/295: loss=0.626009
  step 200/295: loss=0.616274
[pjrt_ffi] RESIDENT: @mnv4_fwd_eval holds 387 parameter tensors (32.5 MB) on 1 device; they stop crossing PCIe from here
Epoch 36/80: loss=0.610954 lr=0.000611
  epoch 36: val_acc = 3101/3925 = 79.006369%  top5 = 3803/3925 = 96.891720%  [95% CI 77.70–80.25]
    per-example top-1 bitmap -> runs/2026-08-31-imagenette-n3/bitmaps/mobilenetv4_s5_e36.bin (3925 bytes)
  step 0/295: loss=0.541426
  step 1/295: loss=0.536997
  step 2/295: loss=0.520833
  step 100/295: loss=0.587657
  step 200/295: loss=0.556076
[pjrt_ffi] RESIDENT: @mnv4_fwd_eval holds 387 parameter tensors (32.5 MB) on 1 device; they stop crossing PCIe from here
Epoch 37/80: loss=0.594921 lr=0.000591
  epoch 37: val_acc = 3191/3925 = 81.299363%  top5 = 3793/3925 = 96.636943%  [95% CI 80.05–82.49]
    per-example top-1 bitmap -> runs/2026-08-31-imagenette-n3/bitmaps/mobilenetv4_s5_e37.bin (3925 bytes)
  step 0/295: loss=0.601538
  step 1/295: loss=0.525408
  step 2/295: loss=0.582448
  step 100/295: loss=0.673078
  step 200/295: loss=0.627593
[pjrt_ffi] RESIDENT: @mnv4_fwd_eval holds 387 parameter tensors (32.5 MB) on 1 device; they stop crossing PCIe from here
Epoch 38/80: loss=0.601889 lr=0.000571
  epoch 38: val_acc = 3192/3925 = 81.324841%  top5 = 3785/3925 = 96.433121%  [95% CI 80.08–82.51]
    per-example top-1 bitmap -> runs/2026-08-31-imagenette-n3/bitmaps/mobilenetv4_s5_e38.bin (3925 bytes)
  step 0/295: loss=0.525609
  step 1/295: loss=0.539246
  step 2/295: loss=0.541596
  step 100/295: loss=0.544668
  step 200/295: loss=0.611313
[pjrt_ffi] RESIDENT: @mnv4_fwd_eval holds 387 parameter tensors (32.5 MB) on 1 device; they stop crossing PCIe from here
Epoch 39/80: loss=0.586244 lr=0.000551
  epoch 39: val_acc = 3161/3925 = 80.535032%  top5 = 3794/3925 = 96.662420%  [95% CI 79.27–81.74]
    per-example top-1 bitmap -> runs/2026-08-31-imagenette-n3/bitmaps/mobilenetv4_s5_e39.bin (3925 bytes)
  step 0/295: loss=0.658101
  step 1/295: loss=0.518335
  step 2/295: loss=0.602785
  step 100/295: loss=0.557277
  step 200/295: loss=0.600507
[pjrt_ffi] RESIDENT: @mnv4_fwd_eval holds 387 parameter tensors (32.5 MB) on 1 device; they stop crossing PCIe from here
Epoch 40/80: loss=0.581711 lr=0.000531
  epoch 40: val_acc = 3188/3925 = 81.222930%  top5 = 3788/3925 = 96.509554%  [95% CI 79.97–82.41]
    per-example top-1 bitmap -> runs/2026-08-31-imagenette-n3/bitmaps/mobilenetv4_s5_e40.bin (3925 bytes)
  step 0/295: loss=0.561678
  step 1/295: loss=0.512456
  step 2/295: loss=0.529718
  step 100/295: loss=0.514122
  step 200/295: loss=0.519176
[pjrt_ffi] RESIDENT: @mnv4_fwd_eval holds 387 parameter tensors (32.5 MB) on 1 device; they stop crossing PCIe from here
Epoch 41/80: loss=0.568070 lr=0.000510
  epoch 41: val_acc = 3159/3925 = 80.484076%  top5 = 3785/3925 = 96.433121%  [95% CI 79.21–81.69]
    per-example top-1 bitmap -> runs/2026-08-31-imagenette-n3/bitmaps/mobilenetv4_s5_e41.bin (3925 bytes)
  step 0/295: loss=0.578621
  step 1/295: loss=0.536784
  step 2/295: loss=0.513091
  step 100/295: loss=0.572905
  step 200/295: loss=0.547935
[pjrt_ffi] RESIDENT: @mnv4_fwd_eval holds 387 parameter tensors (32.5 MB) on 1 device; they stop crossing PCIe from here
Epoch 42/80: loss=0.569702 lr=0.000490
  epoch 42: val_acc = 3219/3925 = 82.012739%  top5 = 3802/3925 = 96.866242%  [95% CI 80.78–83.18]
    per-example top-1 bitmap -> runs/2026-08-31-imagenette-n3/bitmaps/mobilenetv4_s5_e42.bin (3925 bytes)
  step 0/295: loss=0.516630
  step 1/295: loss=0.516857
  step 2/295: loss=0.518374
  step 100/295: loss=0.517163
  step 200/295: loss=0.665948
[pjrt_ffi] RESIDENT: @mnv4_fwd_eval holds 387 parameter tensors (32.5 MB) on 1 device; they stop crossing PCIe from here
Epoch 43/80: loss=0.561644 lr=0.000469
  epoch 43: val_acc = 3269/3925 = 83.286624%  top5 = 3817/3925 = 97.248408%  [95% CI 82.09–84.42]
    per-example top-1 bitmap -> runs/2026-08-31-imagenette-n3/bitmaps/mobilenetv4_s5_e43.bin (3925 bytes)
  step 0/295: loss=0.544537
  step 1/295: loss=0.514551
  step 2/295: loss=0.512738
  step 100/295: loss=0.511467
  step 200/295: loss=0.600653
[pjrt_ffi] RESIDENT: @mnv4_fwd_eval holds 387 parameter tensors (32.5 MB) on 1 device; they stop crossing PCIe from here
Epoch 44/80: loss=0.547933 lr=0.000449
  epoch 44: val_acc = 3224/3925 = 82.140127%  top5 = 3817/3925 = 97.248408%  [95% CI 80.91–83.31]
    per-example top-1 bitmap -> runs/2026-08-31-imagenette-n3/bitmaps/mobilenetv4_s5_e44.bin (3925 bytes)
  step 0/295: loss=0.534808
  step 1/295: loss=0.538812
  step 2/295: loss=0.590867
  step 100/295: loss=0.537716
  step 200/295: loss=0.541021
[pjrt_ffi] RESIDENT: @mnv4_fwd_eval holds 387 parameter tensors (32.5 MB) on 1 device; they stop crossing PCIe from here
Epoch 45/80: loss=0.555224 lr=0.000429
  epoch 45: val_acc = 3273/3925 = 83.388535%  top5 = 3794/3925 = 96.662420%  [95% CI 82.19–84.52]
    per-example top-1 bitmap -> runs/2026-08-31-imagenette-n3/bitmaps/mobilenetv4_s5_e45.bin (3925 bytes)
  step 0/295: loss=0.650189
  step 1/295: loss=0.527921
  step 2/295: loss=0.514074
  step 100/295: loss=0.579393
  step 200/295: loss=0.516793
[pjrt_ffi] RESIDENT: @mnv4_fwd_eval holds 387 parameter tensors (32.5 MB) on 1 device; they stop crossing PCIe from here
Epoch 46/80: loss=0.551847 lr=0.000409
  epoch 46: val_acc = 3232/3925 = 82.343949%  top5 = 3801/3925 = 96.840764%  [95% CI 81.12–83.51]
    per-example top-1 bitmap -> runs/2026-08-31-imagenette-n3/bitmaps/mobilenetv4_s5_e46.bin (3925 bytes)
  step 0/295: loss=0.555175
  step 1/295: loss=0.512696
  step 2/295: loss=0.536944
  step 100/295: loss=0.634208
  step 200/295: loss=0.506607
[pjrt_ffi] RESIDENT: @mnv4_fwd_eval holds 387 parameter tensors (32.5 MB) on 1 device; they stop crossing PCIe from here
Epoch 47/80: loss=0.537896 lr=0.000389
  epoch 47: val_acc = 3243/3925 = 82.624204%  top5 = 3810/3925 = 97.070064%  [95% CI 81.41–83.78]
    per-example top-1 bitmap -> runs/2026-08-31-imagenette-n3/bitmaps/mobilenetv4_s5_e47.bin (3925 bytes)
  step 0/295: loss=0.533023
  step 1/295: loss=0.539795
  step 2/295: loss=0.602582
  step 100/295: loss=0.513788
  step 200/295: loss=0.526921
[pjrt_ffi] RESIDENT: @mnv4_fwd_eval holds 387 parameter tensors (32.5 MB) on 1 device; they stop crossing PCIe from here
Epoch 48/80: loss=0.537538 lr=0.000369
  epoch 48: val_acc = 3301/3925 = 84.101911%  top5 = 3824/3925 = 97.426752%  [95% CI 82.92–85.21]
    per-example top-1 bitmap -> runs/2026-08-31-imagenette-n3/bitmaps/mobilenetv4_s5_e48.bin (3925 bytes)
  step 0/295: loss=0.518522
  step 1/295: loss=0.539245
  step 2/295: loss=0.506327
  step 100/295: loss=0.578699
  step 200/295: loss=0.514423
[pjrt_ffi] RESIDENT: @mnv4_fwd_eval holds 387 parameter tensors (32.5 MB) on 1 device; they stop crossing PCIe from here
Epoch 49/80: loss=0.532496 lr=0.000349
  epoch 49: val_acc = 3282/3925 = 83.617834%  top5 = 3820/3925 = 97.324841%  [95% CI 82.43–84.74]
    per-example top-1 bitmap -> runs/2026-08-31-imagenette-n3/bitmaps/mobilenetv4_s5_e49.bin (3925 bytes)
  step 0/295: loss=0.510236
  step 1/295: loss=0.537724
  step 2/295: loss=0.557607
  step 100/295: loss=0.505485
  step 200/295: loss=0.533440
[pjrt_ffi] RESIDENT: @mnv4_fwd_eval holds 387 parameter tensors (32.5 MB) on 1 device; they stop crossing PCIe from here
Epoch 50/80: loss=0.533461 lr=0.000330
  epoch 50: val_acc = 3284/3925 = 83.668790%  top5 = 3822/3925 = 97.375796%  [95% CI 82.48–84.79]
    per-example top-1 bitmap -> runs/2026-08-31-imagenette-n3/bitmaps/mobilenetv4_s5_e50.bin (3925 bytes)
  step 0/295: loss=0.512833
  step 1/295: loss=0.618811
  step 2/295: loss=0.512937
  step 100/295: loss=0.507938
  step 200/295: loss=0.572270
[pjrt_ffi] RESIDENT: @mnv4_fwd_eval holds 387 parameter tensors (32.5 MB) on 1 device; they stop crossing PCIe from here
Epoch 51/80: loss=0.530223 lr=0.000311
  epoch 51: val_acc = 3254/3925 = 82.904459%  top5 = 3796/3925 = 96.713376%  [95% CI 81.69–84.05]
    per-example top-1 bitmap -> runs/2026-08-31-imagenette-n3/bitmaps/mobilenetv4_s5_e51.bin (3925 bytes)
  step 0/295: loss=0.506001
  step 1/295: loss=0.569691
  step 2/295: loss=0.515148
  step 100/295: loss=0.507648
  step 200/295: loss=0.510646
[pjrt_ffi] RESIDENT: @mnv4_fwd_eval holds 387 parameter tensors (32.5 MB) on 1 device; they stop crossing PCIe from here
Epoch 52/80: loss=0.527715 lr=0.000292
  epoch 52: val_acc = 3219/3925 = 82.012739%  top5 = 3798/3925 = 96.764331%  [95% CI 80.78–83.18]
    per-example top-1 bitmap -> runs/2026-08-31-imagenette-n3/bitmaps/mobilenetv4_s5_e52.bin (3925 bytes)
  step 0/295: loss=0.563980
  step 1/295: loss=0.511511
  step 2/295: loss=0.529834
  step 100/295: loss=0.522750
  step 200/295: loss=0.522189
[pjrt_ffi] RESIDENT: @mnv4_fwd_eval holds 387 parameter tensors (32.5 MB) on 1 device; they stop crossing PCIe from here
Epoch 53/80: loss=0.528716 lr=0.000274
  epoch 53: val_acc = 3343/3925 = 85.171975%  top5 = 3828/3925 = 97.528662%  [95% CI 84.03–86.25]
    per-example top-1 bitmap -> runs/2026-08-31-imagenette-n3/bitmaps/mobilenetv4_s5_e53.bin (3925 bytes)
  step 0/295: loss=0.547311
  step 1/295: loss=0.521965
  step 2/295: loss=0.510356
  step 100/295: loss=0.505756
  step 200/295: loss=0.525013
[pjrt_ffi] RESIDENT: @mnv4_fwd_eval holds 387 parameter tensors (32.5 MB) on 1 device; they stop crossing PCIe from here
Epoch 54/80: loss=0.522119 lr=0.000256
  epoch 54: val_acc = 3289/3925 = 83.796178%  top5 = 3808/3925 = 97.019108%  [95% CI 82.61–84.92]
    per-example top-1 bitmap -> runs/2026-08-31-imagenette-n3/bitmaps/mobilenetv4_s5_e54.bin (3925 bytes)
  step 0/295: loss=0.505390
  step 1/295: loss=0.530483
  step 2/295: loss=0.508011
  step 100/295: loss=0.508618
  step 200/295: loss=0.513938
[pjrt_ffi] RESIDENT: @mnv4_fwd_eval holds 387 parameter tensors (32.5 MB) on 1 device; they stop crossing PCIe from here
Epoch 55/80: loss=0.517870 lr=0.000238
  epoch 55: val_acc = 3307/3925 = 84.254777%  top5 = 3816/3925 = 97.222930%  [95% CI 83.08–85.36]
    per-example top-1 bitmap -> runs/2026-08-31-imagenette-n3/bitmaps/mobilenetv4_s5_e55.bin (3925 bytes)
  step 0/295: loss=0.554330
  step 1/295: loss=0.512846
  step 2/295: loss=0.506767
  step 100/295: loss=0.504496
  step 200/295: loss=0.503426
[pjrt_ffi] RESIDENT: @mnv4_fwd_eval holds 387 parameter tensors (32.5 MB) on 1 device; they stop crossing PCIe from here
Epoch 56/80: loss=0.513283 lr=0.000221
  epoch 56: val_acc = 3313/3925 = 84.407643%  top5 = 3804/3925 = 96.917197%  [95% CI 83.24–85.51]
    per-example top-1 bitmap -> runs/2026-08-31-imagenette-n3/bitmaps/mobilenetv4_s5_e56.bin (3925 bytes)
  step 0/295: loss=0.503433
  step 1/295: loss=0.519100
  step 2/295: loss=0.509704
  step 100/295: loss=0.608014
  step 200/295: loss=0.506546
[pjrt_ffi] RESIDENT: @mnv4_fwd_eval holds 387 parameter tensors (32.5 MB) on 1 device; they stop crossing PCIe from here
Epoch 57/80: loss=0.516433 lr=0.000204
  epoch 57: val_acc = 3320/3925 = 84.585987%  top5 = 3806/3925 = 96.968153%  [95% CI 83.42–85.68]
    per-example top-1 bitmap -> runs/2026-08-31-imagenette-n3/bitmaps/mobilenetv4_s5_e57.bin (3925 bytes)
  step 0/295: loss=0.633217
  step 1/295: loss=0.506425
  step 2/295: loss=0.555576
  step 100/295: loss=0.551639
  step 200/295: loss=0.502385
[pjrt_ffi] RESIDENT: @mnv4_fwd_eval holds 387 parameter tensors (32.5 MB) on 1 device; they stop crossing PCIe from here
Epoch 58/80: loss=0.515801 lr=0.000188
  epoch 58: val_acc = 3320/3925 = 84.585987%  top5 = 3807/3925 = 96.993631%  [95% CI 83.42–85.68]
    per-example top-1 bitmap -> runs/2026-08-31-imagenette-n3/bitmaps/mobilenetv4_s5_e58.bin (3925 bytes)
  step 0/295: loss=0.504251
  step 1/295: loss=0.504709
  step 2/295: loss=0.504912
  step 100/295: loss=0.537069
  step 200/295: loss=0.503052
[pjrt_ffi] RESIDENT: @mnv4_fwd_eval holds 387 parameter tensors (32.5 MB) on 1 device; they stop crossing PCIe from here
Epoch 59/80: loss=0.513135 lr=0.000173
  epoch 59: val_acc = 3343/3925 = 85.171975%  top5 = 3813/3925 = 97.146497%  [95% CI 84.03–86.25]
    per-example top-1 bitmap -> runs/2026-08-31-imagenette-n3/bitmaps/mobilenetv4_s5_e59.bin (3925 bytes)
  step 0/295: loss=0.511733
  step 1/295: loss=0.517324
  step 2/295: loss=0.540556
  step 100/295: loss=0.503506
  step 200/295: loss=0.523486
[pjrt_ffi] RESIDENT: @mnv4_fwd_eval holds 387 parameter tensors (32.5 MB) on 1 device; they stop crossing PCIe from here
Epoch 60/80: loss=0.513467 lr=0.000157
  epoch 60: val_acc = 3338/3925 = 85.044586%  top5 = 3806/3925 = 96.968153%  [95% CI 83.89–86.13]
    per-example top-1 bitmap -> runs/2026-08-31-imagenette-n3/bitmaps/mobilenetv4_s5_e60.bin (3925 bytes)
  step 0/295: loss=0.512876
  step 1/295: loss=0.507422
  step 2/295: loss=0.504311
  step 100/295: loss=0.504155
  step 200/295: loss=0.520969
[pjrt_ffi] RESIDENT: @mnv4_fwd_eval holds 387 parameter tensors (32.5 MB) on 1 device; they stop crossing PCIe from here
Epoch 61/80: loss=0.509473 lr=0.000143
  epoch 61: val_acc = 3337/3925 = 85.019108%  top5 = 3798/3925 = 96.764331%  [95% CI 83.87–86.10]
    per-example top-1 bitmap -> runs/2026-08-31-imagenette-n3/bitmaps/mobilenetv4_s5_e61.bin (3925 bytes)
  step 0/295: loss=0.503460
  step 1/295: loss=0.503160
  step 2/295: loss=0.503331
  step 100/295: loss=0.503064
  step 200/295: loss=0.518932
[pjrt_ffi] RESIDENT: @mnv4_fwd_eval holds 387 parameter tensors (32.5 MB) on 1 device; they stop crossing PCIe from here
Epoch 62/80: loss=0.510374 lr=0.000129
  epoch 62: val_acc = 3345/3925 = 85.222930%  top5 = 3818/3925 = 97.273885%  [95% CI 84.08–86.30]
    per-example top-1 bitmap -> runs/2026-08-31-imagenette-n3/bitmaps/mobilenetv4_s5_e62.bin (3925 bytes)
  step 0/295: loss=0.501960
  step 1/295: loss=0.502655
  step 2/295: loss=0.512971
  step 100/295: loss=0.510131
  step 200/295: loss=0.516543
[pjrt_ffi] RESIDENT: @mnv4_fwd_eval holds 387 parameter tensors (32.5 MB) on 1 device; they stop crossing PCIe from here
Epoch 63/80: loss=0.509582 lr=0.000116
  epoch 63: val_acc = 3332/3925 = 84.891720%  top5 = 3829/3925 = 97.554140%  [95% CI 83.74–85.98]
    per-example top-1 bitmap -> runs/2026-08-31-imagenette-n3/bitmaps/mobilenetv4_s5_e63.bin (3925 bytes)
  step 0/295: loss=0.502249
  step 1/295: loss=0.506134
  step 2/295: loss=0.503053
  step 100/295: loss=0.513026
  step 200/295: loss=0.502355
[pjrt_ffi] RESIDENT: @mnv4_fwd_eval holds 387 parameter tensors (32.5 MB) on 1 device; they stop crossing PCIe from here
Epoch 64/80: loss=0.506803 lr=0.000103
  epoch 64: val_acc = 3326/3925 = 84.738854%  top5 = 3815/3925 = 97.197452%  [95% CI 83.58–85.83]
    per-example top-1 bitmap -> runs/2026-08-31-imagenette-n3/bitmaps/mobilenetv4_s5_e64.bin (3925 bytes)
  step 0/295: loss=0.501900
  step 1/295: loss=0.508602
  step 2/295: loss=0.502839
  step 100/295: loss=0.502828
  step 200/295: loss=0.502114
[pjrt_ffi] RESIDENT: @mnv4_fwd_eval holds 387 parameter tensors (32.5 MB) on 1 device; they stop crossing PCIe from here
Epoch 65/80: loss=0.508136 lr=0.000091
  epoch 65: val_acc = 3317/3925 = 84.509554%  top5 = 3805/3925 = 96.942675%  [95% CI 83.34–85.61]
    per-example top-1 bitmap -> runs/2026-08-31-imagenette-n3/bitmaps/mobilenetv4_s5_e65.bin (3925 bytes)
  step 0/295: loss=0.502412
  step 1/295: loss=0.501562
  step 2/295: loss=0.508322
  step 100/295: loss=0.506302
  step 200/295: loss=0.501523
[pjrt_ffi] RESIDENT: @mnv4_fwd_eval holds 387 parameter tensors (32.5 MB) on 1 device; they stop crossing PCIe from here
Epoch 66/80: loss=0.506746 lr=0.000079
  epoch 66: val_acc = 3347/3925 = 85.273885%  top5 = 3819/3925 = 97.299363%  [95% CI 84.13–86.35]
    per-example top-1 bitmap -> runs/2026-08-31-imagenette-n3/bitmaps/mobilenetv4_s5_e66.bin (3925 bytes)
  step 0/295: loss=0.502873
  step 1/295: loss=0.503760
  step 2/295: loss=0.501786
  step 100/295: loss=0.502412
  step 200/295: loss=0.501718
[pjrt_ffi] RESIDENT: @mnv4_fwd_eval holds 387 parameter tensors (32.5 MB) on 1 device; they stop crossing PCIe from here
Epoch 67/80: loss=0.504452 lr=0.000069
  epoch 67: val_acc = 3350/3925 = 85.350318%  top5 = 3823/3925 = 97.401274%  [95% CI 84.21–86.42]
    per-example top-1 bitmap -> runs/2026-08-31-imagenette-n3/bitmaps/mobilenetv4_s5_e67.bin (3925 bytes)
  step 0/295: loss=0.501549
  step 1/295: loss=0.501352
  step 2/295: loss=0.502266
  step 100/295: loss=0.503426
  step 200/295: loss=0.516642
[pjrt_ffi] RESIDENT: @mnv4_fwd_eval holds 387 parameter tensors (32.5 MB) on 1 device; they stop crossing PCIe from here
Epoch 68/80: loss=0.505436 lr=0.000059
  epoch 68: val_acc = 3358/3925 = 85.554140%  top5 = 3819/3925 = 97.299363%  [95% CI 84.42–86.62]
    per-example top-1 bitmap -> runs/2026-08-31-imagenette-n3/bitmaps/mobilenetv4_s5_e68.bin (3925 bytes)
  step 0/295: loss=0.504439
  step 1/295: loss=0.503213
  step 2/295: loss=0.506421
  step 100/295: loss=0.501750
  step 200/295: loss=0.501966
[pjrt_ffi] RESIDENT: @mnv4_fwd_eval holds 387 parameter tensors (32.5 MB) on 1 device; they stop crossing PCIe from here
Epoch 69/80: loss=0.504620 lr=0.000050
  epoch 69: val_acc = 3363/3925 = 85.681529%  top5 = 3824/3925 = 97.426752%  [95% CI 84.55–86.74]
    per-example top-1 bitmap -> runs/2026-08-31-imagenette-n3/bitmaps/mobilenetv4_s5_e69.bin (3925 bytes)
  step 0/295: loss=0.504528
  step 1/295: loss=0.501239
  step 2/295: loss=0.501540
  step 100/295: loss=0.596399
  step 200/295: loss=0.502053
[pjrt_ffi] RESIDENT: @mnv4_fwd_eval holds 387 parameter tensors (32.5 MB) on 1 device; they stop crossing PCIe from here
Epoch 70/80: loss=0.504541 lr=0.000041
  epoch 70: val_acc = 3363/3925 = 85.681529%  top5 = 3827/3925 = 97.503185%  [95% CI 84.55–86.74]
    per-example top-1 bitmap -> runs/2026-08-31-imagenette-n3/bitmaps/mobilenetv4_s5_e70.bin (3925 bytes)
  step 0/295: loss=0.501138
  step 1/295: loss=0.501936
  step 2/295: loss=0.511850
  step 100/295: loss=0.502186
  step 200/295: loss=0.501760
[pjrt_ffi] RESIDENT: @mnv4_fwd_eval holds 387 parameter tensors (32.5 MB) on 1 device; they stop crossing PCIe from here
Epoch 71/80: loss=0.505145 lr=0.000033
  epoch 71: val_acc = 3383/3925 = 86.191083%  top5 = 3828/3925 = 97.528662%  [95% CI 85.08–87.24]
    per-example top-1 bitmap -> runs/2026-08-31-imagenette-n3/bitmaps/mobilenetv4_s5_e71.bin (3925 bytes)
  step 0/295: loss=0.502062
  step 1/295: loss=0.505157
  step 2/295: loss=0.502979
  step 100/295: loss=0.502954
  step 200/295: loss=0.507168
[pjrt_ffi] RESIDENT: @mnv4_fwd_eval holds 387 parameter tensors (32.5 MB) on 1 device; they stop crossing PCIe from here
Epoch 72/80: loss=0.503646 lr=0.000026
  epoch 72: val_acc = 3376/3925 = 86.012739%  top5 = 3829/3925 = 97.554140%  [95% CI 84.89–87.06]
    per-example top-1 bitmap -> runs/2026-08-31-imagenette-n3/bitmaps/mobilenetv4_s5_e72.bin (3925 bytes)
  step 0/295: loss=0.503206
  step 1/295: loss=0.501799
  step 2/295: loss=0.501772
  step 100/295: loss=0.502295
  step 200/295: loss=0.500983
[pjrt_ffi] RESIDENT: @mnv4_fwd_eval holds 387 parameter tensors (32.5 MB) on 1 device; they stop crossing PCIe from here
Epoch 73/80: loss=0.503309 lr=0.000020
  epoch 73: val_acc = 3372/3925 = 85.910828%  top5 = 3832/3925 = 97.630573%  [95% CI 84.79–86.96]
    per-example top-1 bitmap -> runs/2026-08-31-imagenette-n3/bitmaps/mobilenetv4_s5_e73.bin (3925 bytes)
  step 0/295: loss=0.501709
  step 1/295: loss=0.504665
  step 2/295: loss=0.503970
  step 100/295: loss=0.501661
  step 200/295: loss=0.501601
[pjrt_ffi] RESIDENT: @mnv4_fwd_eval holds 387 parameter tensors (32.5 MB) on 1 device; they stop crossing PCIe from here
Epoch 74/80: loss=0.503430 lr=0.000015
  epoch 74: val_acc = 3371/3925 = 85.885350%  top5 = 3829/3925 = 97.554140%  [95% CI 84.76–86.94]
    per-example top-1 bitmap -> runs/2026-08-31-imagenette-n3/bitmaps/mobilenetv4_s5_e74.bin (3925 bytes)
  step 0/295: loss=0.501156
  step 1/295: loss=0.501223
  step 2/295: loss=0.501061
  step 100/295: loss=0.501300
  step 200/295: loss=0.501443
[pjrt_ffi] RESIDENT: @mnv4_fwd_eval holds 387 parameter tensors (32.5 MB) on 1 device; they stop crossing PCIe from here
Epoch 75/80: loss=0.503148 lr=0.000010
  epoch 75: val_acc = 3376/3925 = 86.012739%  top5 = 3829/3925 = 97.554140%  [95% CI 84.89–87.06]
    per-example top-1 bitmap -> runs/2026-08-31-imagenette-n3/bitmaps/mobilenetv4_s5_e75.bin (3925 bytes)
  step 0/295: loss=0.501305
  step 1/295: loss=0.502136
  step 2/295: loss=0.501083
  step 100/295: loss=0.515576
  step 200/295: loss=0.501452
[pjrt_ffi] RESIDENT: @mnv4_fwd_eval holds 387 parameter tensors (32.5 MB) on 1 device; they stop crossing PCIe from here
Epoch 76/80: loss=0.503106 lr=0.000007
  epoch 76: val_acc = 3374/3925 = 85.961783%  top5 = 3826/3925 = 97.477707%  [95% CI 84.84–87.01]
    per-example top-1 bitmap -> runs/2026-08-31-imagenette-n3/bitmaps/mobilenetv4_s5_e76.bin (3925 bytes)
  step 0/295: loss=0.501036
  step 1/295: loss=0.501289
  step 2/295: loss=0.502292
  step 100/295: loss=0.501894
  step 200/295: loss=0.501784
[pjrt_ffi] RESIDENT: @mnv4_fwd_eval holds 387 parameter tensors (32.5 MB) on 1 device; they stop crossing PCIe from here
Epoch 77/80: loss=0.503024 lr=0.000004
  epoch 77: val_acc = 3380/3925 = 86.114650%  top5 = 3828/3925 = 97.528662%  [95% CI 85.00–87.16]
    per-example top-1 bitmap -> runs/2026-08-31-imagenette-n3/bitmaps/mobilenetv4_s5_e77.bin (3925 bytes)
  step 0/295: loss=0.501368
  step 1/295: loss=0.501696
  step 2/295: loss=0.503679
  step 100/295: loss=0.501374
  step 200/295: loss=0.501805
[pjrt_ffi] RESIDENT: @mnv4_fwd_eval holds 387 parameter tensors (32.5 MB) on 1 device; they stop crossing PCIe from here
Epoch 78/80: loss=0.503390 lr=0.000002
  epoch 78: val_acc = 3375/3925 = 85.987261%  top5 = 3828/3925 = 97.528662%  [95% CI 84.87–87.04]
    per-example top-1 bitmap -> runs/2026-08-31-imagenette-n3/bitmaps/mobilenetv4_s5_e78.bin (3925 bytes)
  step 0/295: loss=0.501613
  step 1/295: loss=0.501416
  step 2/295: loss=0.501345
  step 100/295: loss=0.501055
  step 200/295: loss=0.505063
[pjrt_ffi] RESIDENT: @mnv4_fwd_eval holds 387 parameter tensors (32.5 MB) on 1 device; they stop crossing PCIe from here
Epoch 79/80: loss=0.502972 lr=0.000000
  epoch 79: val_acc = 3379/3925 = 86.089172%  top5 = 3828/3925 = 97.528662%  [95% CI 84.97–87.14]
    per-example top-1 bitmap -> runs/2026-08-31-imagenette-n3/bitmaps/mobilenetv4_s5_e79.bin (3925 bytes)
  step 0/295: loss=0.503743
  step 1/295: loss=0.501659
  step 2/295: loss=0.503093
  step 100/295: loss=0.502136
  step 200/295: loss=0.503066
[pjrt_ffi] RESIDENT: @mnv4_fwd_eval holds 387 parameter tensors (32.5 MB) on 1 device; they stop crossing PCIe from here
Epoch 80/80: loss=0.502779 lr=0.000000
  epoch 80: val_acc = 3379/3925 = 86.089172%  top5 = 3828/3925 = 97.528662%  [95% CI 84.97–87.14]
    per-example top-1 bitmap -> runs/2026-08-31-imagenette-n3/bitmaps/mobilenetv4_s5_e80.bin (3925 bytes)
done (trained MobileNetV4-Conv-M adam + cosine/warmup via packed threading).
