I0831 13:53:25.284323  670867 service.cc:154] XLA service 0x7294400517d0 initialized for platform CUDA (this does not guarantee that XLA will be used). Devices:
I0831 13:53:25.284455  670867 service.cc:170]   StreamExecutor [0]: NVIDIA GeForce RTX 4060 Ti, Compute Capability 8.9 (Driver: 12.9.0[575.57.8]; Runtime: 12.9.0; Toolkit: 12.9.0; DNN: 9.23.2)
I0831 13:53:25.286487  670867 se_gpu_pjrt_client.cc:1342] Using BFC allocator.
I0831 13:53:25.286679  670867 gpu_helpers.cc:162] XLA backend allocating 11.68GiB (12543066112 bytes) on device 0 for BFCAllocator.
I0831 13:53:25.296338  670867 cuda_dnn.cc:440] Loaded cuDNN version 92302
[pjrt_ffi] XLA backend: PJRT 0.114, 1 device(s)
[pjrt_ffi] command buffers: enabled (CUDA default)
E0831 13:53:29.729488  670908 cuda_timer.cc:88] Delay kernel timed out: measured time has sub-optimal accuracy. There may be a missing warmup execution, please investigate in Nsight Systems.
E0831 13:53:31.107478  670881 cuda_timer.cc:88] Delay kernel timed out: measured time has sub-optimal accuracy. There may be a missing warmup execution, please investigate in Nsight Systems.
[pjrt_ffi] compiled verified_mlir/mobilenetv2_adam_train_step.mlir (@mobilenetv2_adam_train_step, 581 outputs, 1 replica) in 9051 ms
[pjrt_ffi] compiled verified_mlir/mobilenetv2_fwd.mlir (@mobilenetv2_fwd, 1 outputs, 1 replica) in 810 ms
[pjrt_ffi] compiled verified_mlir/mobilenetv2_fwd_eval.mlir (@mobilenetv2_fwd_eval, 1 outputs, 1 replica) in 327 ms
MobileNetV2 on Imagenette 224² (stem-s2 → 17 inverted-residual blocks, full-paper [t,c,n,s] config, stride-2 depthwise downsamples 224→7 → head conv-BN-relu6 → GAP → LN → dense) via the VERIFIED renderer → XLA/PJRT → GPU
  xla/pjrt verified_mlir/mobilenetv2_adam_train_step.mlir
  xla/pjrt verified_mlir/mobilenetv2_fwd.mlir
  xla/pjrt verified_mlir/mobilenetv2_fwd_eval.mlir
  train 9469, val 3925; bs 32, MobileNetV2 adam (cosine+warmup 3ep, baseLR 0.001000), He init
  running-stats BN: 52 layers, 34112 stat floats → eval via @mobilenetv2_fwd_eval
     decay 0.990000 (TF sense; = PyTorch/timm momentum 0.010000), new-batch weight 0.010000
[pjrt_ffi] RESIDENT: @mobilenetv2_adam_train_step holds 474 parameter tensors (25.6 MB) on 1 device; they stop crossing PCIe from here
  step 0/295: loss=2.506081
  step 1/295: loss=2.274251
  step 2/295: loss=2.588304
  step 100/295: loss=2.190201
  step 200/295: loss=2.123074
[pjrt_ffi] RESIDENT: @mobilenetv2_fwd_eval holds 262 parameter tensors (8.7 MB) on 1 device; they stop crossing PCIe from here
Epoch 1/80: loss=2.097189 lr=0.000333
  epoch 1: val_acc = 542/3925 = 13.808917%  top5 = 2619/3925 = 66.726115%  [95% CI 12.76–14.92]
    per-example top-1 bitmap -> runs/2026-08-31-imagenette-n3/bitmaps/mobilenetv2_s4_e1.bin (3925 bytes)
  step 0/295: loss=2.024915
  step 1/295: loss=1.647409
  step 2/295: loss=1.564432
  step 100/295: loss=1.682306
  step 200/295: loss=1.596151
[pjrt_ffi] RESIDENT: @mobilenetv2_fwd_eval holds 262 parameter tensors (8.7 MB) on 1 device; they stop crossing PCIe from here
Epoch 2/80: loss=1.766858 lr=0.000667
  epoch 2: val_acc = 1156/3925 = 29.452229%  top5 = 2696/3925 = 68.687898%  [95% CI 28.05–30.90]
    per-example top-1 bitmap -> runs/2026-08-31-imagenette-n3/bitmaps/mobilenetv2_s4_e2.bin (3925 bytes)
  step 0/295: loss=1.583239
  step 1/295: loss=2.021685
  step 2/295: loss=1.665478
  step 100/295: loss=1.502775
  step 200/295: loss=1.316827
[pjrt_ffi] RESIDENT: @mobilenetv2_fwd_eval holds 262 parameter tensors (8.7 MB) on 1 device; they stop crossing PCIe from here
Epoch 3/80: loss=1.592261 lr=0.001000
  epoch 3: val_acc = 1656/3925 = 42.191083%  top5 = 3263/3925 = 83.133758%  [95% CI 40.65–43.74]
    per-example top-1 bitmap -> runs/2026-08-31-imagenette-n3/bitmaps/mobilenetv2_s4_e3.bin (3925 bytes)
  step 0/295: loss=1.494690
  step 1/295: loss=1.250106
  step 2/295: loss=1.460748
  step 100/295: loss=1.481873
  step 200/295: loss=1.322369
[pjrt_ffi] RESIDENT: @mobilenetv2_fwd_eval holds 262 parameter tensors (8.7 MB) on 1 device; they stop crossing PCIe from here
Epoch 4/80: loss=1.455801 lr=0.001000
  epoch 4: val_acc = 1875/3925 = 47.770701%  top5 = 3460/3925 = 88.152866%  [95% CI 46.21–49.33]
    per-example top-1 bitmap -> runs/2026-08-31-imagenette-n3/bitmaps/mobilenetv2_s4_e4.bin (3925 bytes)
  step 0/295: loss=1.316460
  step 1/295: loss=1.423988
  step 2/295: loss=1.319646
  step 100/295: loss=1.501862
  step 200/295: loss=1.231124
[pjrt_ffi] RESIDENT: @mobilenetv2_fwd_eval holds 262 parameter tensors (8.7 MB) on 1 device; they stop crossing PCIe from here
Epoch 5/80: loss=1.341360 lr=0.000998
  epoch 5: val_acc = 2303/3925 = 58.675159%  top5 = 3667/3925 = 93.426752%  [95% CI 57.13–60.21]
    per-example top-1 bitmap -> runs/2026-08-31-imagenette-n3/bitmaps/mobilenetv2_s4_e5.bin (3925 bytes)
  step 0/295: loss=1.266316
  step 1/295: loss=1.224976
  step 2/295: loss=1.157522
  step 100/295: loss=1.446868
  step 200/295: loss=1.290125
[pjrt_ffi] RESIDENT: @mobilenetv2_fwd_eval holds 262 parameter tensors (8.7 MB) on 1 device; they stop crossing PCIe from here
Epoch 6/80: loss=1.244089 lr=0.000996
  epoch 6: val_acc = 2520/3925 = 64.203822%  top5 = 3595/3925 = 91.592357%  [95% CI 62.69–65.69]
    per-example top-1 bitmap -> runs/2026-08-31-imagenette-n3/bitmaps/mobilenetv2_s4_e6.bin (3925 bytes)
  step 0/295: loss=1.235242
  step 1/295: loss=1.154070
  step 2/295: loss=1.069482
  step 100/295: loss=1.227956
  step 200/295: loss=1.265235
[pjrt_ffi] RESIDENT: @mobilenetv2_fwd_eval holds 262 parameter tensors (8.7 MB) on 1 device; they stop crossing PCIe from here
Epoch 7/80: loss=1.204813 lr=0.000993
  epoch 7: val_acc = 2484/3925 = 63.286624%  top5 = 3705/3925 = 94.394904%  [95% CI 61.77–64.78]
    per-example top-1 bitmap -> runs/2026-08-31-imagenette-n3/bitmaps/mobilenetv2_s4_e7.bin (3925 bytes)
  step 0/295: loss=1.081668
  step 1/295: loss=1.432604
  step 2/295: loss=1.358150
  step 100/295: loss=1.293763
  step 200/295: loss=1.182405
[pjrt_ffi] RESIDENT: @mobilenetv2_fwd_eval holds 262 parameter tensors (8.7 MB) on 1 device; they stop crossing PCIe from here
Epoch 8/80: loss=1.144545 lr=0.000990
  epoch 8: val_acc = 2795/3925 = 71.210191%  top5 = 3736/3925 = 95.184713%  [95% CI 69.77–72.61]
    per-example top-1 bitmap -> runs/2026-08-31-imagenette-n3/bitmaps/mobilenetv2_s4_e8.bin (3925 bytes)
  step 0/295: loss=0.953035
  step 1/295: loss=0.981480
  step 2/295: loss=1.100082
  step 100/295: loss=1.060067
  step 200/295: loss=1.063669
[pjrt_ffi] RESIDENT: @mobilenetv2_fwd_eval holds 262 parameter tensors (8.7 MB) on 1 device; they stop crossing PCIe from here
Epoch 9/80: loss=1.113786 lr=0.000985
  epoch 9: val_acc = 2760/3925 = 70.318471%  top5 = 3713/3925 = 94.598726%  [95% CI 68.87–71.73]
    per-example top-1 bitmap -> runs/2026-08-31-imagenette-n3/bitmaps/mobilenetv2_s4_e9.bin (3925 bytes)
  step 0/295: loss=0.996448
  step 1/295: loss=0.856466
  step 2/295: loss=0.884174
  step 100/295: loss=1.422960
  step 200/295: loss=0.961587
[pjrt_ffi] RESIDENT: @mobilenetv2_fwd_eval holds 262 parameter tensors (8.7 MB) on 1 device; they stop crossing PCIe from here
Epoch 10/80: loss=1.083986 lr=0.000980
  epoch 10: val_acc = 2834/3925 = 72.203822%  top5 = 3751/3925 = 95.566879%  [95% CI 70.78–73.58]
    per-example top-1 bitmap -> runs/2026-08-31-imagenette-n3/bitmaps/mobilenetv2_s4_e10.bin (3925 bytes)
  step 0/295: loss=1.074326
  step 1/295: loss=0.841183
  step 2/295: loss=0.996675
  step 100/295: loss=1.211707
  step 200/295: loss=0.969130
[pjrt_ffi] RESIDENT: @mobilenetv2_fwd_eval holds 262 parameter tensors (8.7 MB) on 1 device; they stop crossing PCIe from here
Epoch 11/80: loss=1.050852 lr=0.000974
  epoch 11: val_acc = 2828/3925 = 72.050955%  top5 = 3734/3925 = 95.133758%  [95% CI 70.63–73.43]
    per-example top-1 bitmap -> runs/2026-08-31-imagenette-n3/bitmaps/mobilenetv2_s4_e11.bin (3925 bytes)
  step 0/295: loss=1.050120
  step 1/295: loss=0.907981
  step 2/295: loss=0.997037
  step 100/295: loss=0.948715
  step 200/295: loss=1.032321
[pjrt_ffi] RESIDENT: @mobilenetv2_fwd_eval holds 262 parameter tensors (8.7 MB) on 1 device; they stop crossing PCIe from here
Epoch 12/80: loss=1.007364 lr=0.000967
  epoch 12: val_acc = 2562/3925 = 65.273885%  top5 = 3711/3925 = 94.547771%  [95% CI 63.77–66.75]
    per-example top-1 bitmap -> runs/2026-08-31-imagenette-n3/bitmaps/mobilenetv2_s4_e12.bin (3925 bytes)
  step 0/295: loss=1.272661
  step 1/295: loss=1.007943
  step 2/295: loss=1.133485
  step 100/295: loss=1.089216
  step 200/295: loss=1.077177
[pjrt_ffi] RESIDENT: @mobilenetv2_fwd_eval holds 262 parameter tensors (8.7 MB) on 1 device; they stop crossing PCIe from here
Epoch 13/80: loss=0.998135 lr=0.000959
  epoch 13: val_acc = 3061/3925 = 77.987261%  top5 = 3780/3925 = 96.305732%  [95% CI 76.66–79.26]
    per-example top-1 bitmap -> runs/2026-08-31-imagenette-n3/bitmaps/mobilenetv2_s4_e13.bin (3925 bytes)
  step 0/295: loss=0.809517
  step 1/295: loss=0.946049
  step 2/295: loss=0.972862
  step 100/295: loss=1.021599
  step 200/295: loss=0.996961
[pjrt_ffi] RESIDENT: @mobilenetv2_fwd_eval holds 262 parameter tensors (8.7 MB) on 1 device; they stop crossing PCIe from here
Epoch 14/80: loss=0.976753 lr=0.000950
  epoch 14: val_acc = 2955/3925 = 75.286624%  top5 = 3782/3925 = 96.356688%  [95% CI 73.91–76.61]
    per-example top-1 bitmap -> runs/2026-08-31-imagenette-n3/bitmaps/mobilenetv2_s4_e14.bin (3925 bytes)
  step 0/295: loss=1.314091
  step 1/295: loss=1.071196
  step 2/295: loss=0.880782
  step 100/295: loss=0.880829
  step 200/295: loss=0.817428
[pjrt_ffi] RESIDENT: @mobilenetv2_fwd_eval holds 262 parameter tensors (8.7 MB) on 1 device; they stop crossing PCIe from here
Epoch 15/80: loss=0.946865 lr=0.000941
  epoch 15: val_acc = 2771/3925 = 70.598726%  top5 = 3754/3925 = 95.643312%  [95% CI 69.15–72.00]
    per-example top-1 bitmap -> runs/2026-08-31-imagenette-n3/bitmaps/mobilenetv2_s4_e15.bin (3925 bytes)
  step 0/295: loss=1.165760
  step 1/295: loss=1.001007
  step 2/295: loss=0.713169
  step 100/295: loss=0.829791
  step 200/295: loss=0.769965
[pjrt_ffi] RESIDENT: @mobilenetv2_fwd_eval holds 262 parameter tensors (8.7 MB) on 1 device; they stop crossing PCIe from here
Epoch 16/80: loss=0.928135 lr=0.000931
  epoch 16: val_acc = 3001/3925 = 76.458599%  top5 = 3815/3925 = 97.197452%  [95% CI 75.11–77.76]
    per-example top-1 bitmap -> runs/2026-08-31-imagenette-n3/bitmaps/mobilenetv2_s4_e16.bin (3925 bytes)
  step 0/295: loss=0.769209
  step 1/295: loss=1.025192
  step 2/295: loss=0.938294
  step 100/295: loss=0.744069
  step 200/295: loss=0.953085
[pjrt_ffi] RESIDENT: @mobilenetv2_fwd_eval holds 262 parameter tensors (8.7 MB) on 1 device; they stop crossing PCIe from here
Epoch 17/80: loss=0.914367 lr=0.000921
  epoch 17: val_acc = 2868/3925 = 73.070064%  top5 = 3792/3925 = 96.611465%  [95% CI 71.66–74.43]
    per-example top-1 bitmap -> runs/2026-08-31-imagenette-n3/bitmaps/mobilenetv2_s4_e17.bin (3925 bytes)
  step 0/295: loss=0.755153
  step 1/295: loss=0.703536
  step 2/295: loss=0.849565
  step 100/295: loss=0.881880
  step 200/295: loss=1.000164
[pjrt_ffi] RESIDENT: @mobilenetv2_fwd_eval holds 262 parameter tensors (8.7 MB) on 1 device; they stop crossing PCIe from here
Epoch 18/80: loss=0.888950 lr=0.000909
  epoch 18: val_acc = 2769/3925 = 70.547771%  top5 = 3718/3925 = 94.726115%  [95% CI 69.10–71.95]
    per-example top-1 bitmap -> runs/2026-08-31-imagenette-n3/bitmaps/mobilenetv2_s4_e18.bin (3925 bytes)
  step 0/295: loss=0.802081
  step 1/295: loss=0.682360
  step 2/295: loss=0.886501
  step 100/295: loss=0.776239
  step 200/295: loss=0.957805
[pjrt_ffi] RESIDENT: @mobilenetv2_fwd_eval holds 262 parameter tensors (8.7 MB) on 1 device; they stop crossing PCIe from here
Epoch 19/80: loss=0.874643 lr=0.000897
  epoch 19: val_acc = 3143/3925 = 80.076433%  top5 = 3818/3925 = 97.273885%  [95% CI 78.80–81.30]
    per-example top-1 bitmap -> runs/2026-08-31-imagenette-n3/bitmaps/mobilenetv2_s4_e19.bin (3925 bytes)
  step 0/295: loss=0.812262
  step 1/295: loss=0.907878
  step 2/295: loss=1.023624
  step 100/295: loss=0.908358
  step 200/295: loss=0.696407
[pjrt_ffi] RESIDENT: @mobilenetv2_fwd_eval holds 262 parameter tensors (8.7 MB) on 1 device; they stop crossing PCIe from here
Epoch 20/80: loss=0.863769 lr=0.000884
  epoch 20: val_acc = 2997/3925 = 76.356688%  top5 = 3757/3925 = 95.719745%  [95% CI 75.00–77.66]
    per-example top-1 bitmap -> runs/2026-08-31-imagenette-n3/bitmaps/mobilenetv2_s4_e20.bin (3925 bytes)
  step 0/295: loss=0.869601
  step 1/295: loss=0.762077
  step 2/295: loss=0.706770
  step 100/295: loss=0.724637
  step 200/295: loss=0.717301
[pjrt_ffi] RESIDENT: @mobilenetv2_fwd_eval holds 262 parameter tensors (8.7 MB) on 1 device; they stop crossing PCIe from here
Epoch 21/80: loss=0.840362 lr=0.000871
  epoch 21: val_acc = 2933/3925 = 74.726115%  top5 = 3758/3925 = 95.745223%  [95% CI 73.34–76.06]
    per-example top-1 bitmap -> runs/2026-08-31-imagenette-n3/bitmaps/mobilenetv2_s4_e21.bin (3925 bytes)
  step 0/295: loss=0.775303
  step 1/295: loss=0.884615
  step 2/295: loss=0.869519
  step 100/295: loss=0.917380
  step 200/295: loss=0.938330
[pjrt_ffi] RESIDENT: @mobilenetv2_fwd_eval holds 262 parameter tensors (8.7 MB) on 1 device; they stop crossing PCIe from here
Epoch 22/80: loss=0.820574 lr=0.000857
  epoch 22: val_acc = 2998/3925 = 76.382166%  top5 = 3794/3925 = 96.662420%  [95% CI 75.03–77.68]
    per-example top-1 bitmap -> runs/2026-08-31-imagenette-n3/bitmaps/mobilenetv2_s4_e22.bin (3925 bytes)
  step 0/295: loss=0.861392
  step 1/295: loss=0.703640
  step 2/295: loss=0.760581
  step 100/295: loss=0.897442
  step 200/295: loss=0.917485
[pjrt_ffi] RESIDENT: @mobilenetv2_fwd_eval holds 262 parameter tensors (8.7 MB) on 1 device; they stop crossing PCIe from here
Epoch 23/80: loss=0.809395 lr=0.000843
  epoch 23: val_acc = 3236/3925 = 82.445860%  top5 = 3840/3925 = 97.834395%  [95% CI 81.22–83.60]
    per-example top-1 bitmap -> runs/2026-08-31-imagenette-n3/bitmaps/mobilenetv2_s4_e23.bin (3925 bytes)
  step 0/295: loss=0.891621
  step 1/295: loss=0.779590
  step 2/295: loss=0.706314
  step 100/295: loss=0.791396
  step 200/295: loss=0.828006
[pjrt_ffi] RESIDENT: @mobilenetv2_fwd_eval holds 262 parameter tensors (8.7 MB) on 1 device; they stop crossing PCIe from here
Epoch 24/80: loss=0.793987 lr=0.000827
  epoch 24: val_acc = 3171/3925 = 80.789809%  top5 = 3833/3925 = 97.656051%  [95% CI 79.53–81.99]
    per-example top-1 bitmap -> runs/2026-08-31-imagenette-n3/bitmaps/mobilenetv2_s4_e24.bin (3925 bytes)
  step 0/295: loss=0.724557
  step 1/295: loss=0.759636
  step 2/295: loss=0.674392
  step 100/295: loss=0.754116
  step 200/295: loss=0.781006
[pjrt_ffi] RESIDENT: @mobilenetv2_fwd_eval holds 262 parameter tensors (8.7 MB) on 1 device; they stop crossing PCIe from here
Epoch 25/80: loss=0.776463 lr=0.000812
  epoch 25: val_acc = 3088/3925 = 78.675159%  top5 = 3806/3925 = 96.968153%  [95% CI 77.37–79.93]
    per-example top-1 bitmap -> runs/2026-08-31-imagenette-n3/bitmaps/mobilenetv2_s4_e25.bin (3925 bytes)
  step 0/295: loss=0.755863
  step 1/295: loss=0.743944
  step 2/295: loss=0.780986
  step 100/295: loss=0.896274
  step 200/295: loss=0.757544
[pjrt_ffi] RESIDENT: @mobilenetv2_fwd_eval holds 262 parameter tensors (8.7 MB) on 1 device; they stop crossing PCIe from here
Epoch 26/80: loss=0.759107 lr=0.000796
  epoch 26: val_acc = 3173/3925 = 80.840764%  top5 = 3831/3925 = 97.605096%  [95% CI 79.58–82.04]
    per-example top-1 bitmap -> runs/2026-08-31-imagenette-n3/bitmaps/mobilenetv2_s4_e26.bin (3925 bytes)
  step 0/295: loss=0.693952
  step 1/295: loss=0.765768
  step 2/295: loss=0.701323
  step 100/295: loss=0.724941
  step 200/295: loss=0.862636
[pjrt_ffi] RESIDENT: @mobilenetv2_fwd_eval holds 262 parameter tensors (8.7 MB) on 1 device; they stop crossing PCIe from here
Epoch 27/80: loss=0.755232 lr=0.000779
  epoch 27: val_acc = 3144/3925 = 80.101911%  top5 = 3810/3925 = 97.070064%  [95% CI 78.82–81.32]
    per-example top-1 bitmap -> runs/2026-08-31-imagenette-n3/bitmaps/mobilenetv2_s4_e27.bin (3925 bytes)
  step 0/295: loss=0.619526
  step 1/295: loss=0.655186
  step 2/295: loss=0.708697
  step 100/295: loss=0.705316
  step 200/295: loss=0.846472
[pjrt_ffi] RESIDENT: @mobilenetv2_fwd_eval holds 262 parameter tensors (8.7 MB) on 1 device; they stop crossing PCIe from here
Epoch 28/80: loss=0.722393 lr=0.000762
  epoch 28: val_acc = 3182/3925 = 81.070064%  top5 = 3829/3925 = 97.554140%  [95% CI 79.81–82.27]
    per-example top-1 bitmap -> runs/2026-08-31-imagenette-n3/bitmaps/mobilenetv2_s4_e28.bin (3925 bytes)
  step 0/295: loss=0.736407
  step 1/295: loss=0.732289
  step 2/295: loss=0.682530
  step 100/295: loss=0.714480
  step 200/295: loss=0.595915
[pjrt_ffi] RESIDENT: @mobilenetv2_fwd_eval holds 262 parameter tensors (8.7 MB) on 1 device; they stop crossing PCIe from here
Epoch 29/80: loss=0.723570 lr=0.000744
  epoch 29: val_acc = 3228/3925 = 82.242038%  top5 = 3832/3925 = 97.630573%  [95% CI 81.02–83.41]
    per-example top-1 bitmap -> runs/2026-08-31-imagenette-n3/bitmaps/mobilenetv2_s4_e29.bin (3925 bytes)
  step 0/295: loss=0.657955
  step 1/295: loss=0.697208
  step 2/295: loss=0.798471
  step 100/295: loss=0.650296
  step 200/295: loss=0.772224
[pjrt_ffi] RESIDENT: @mobilenetv2_fwd_eval holds 262 parameter tensors (8.7 MB) on 1 device; they stop crossing PCIe from here
Epoch 30/80: loss=0.714577 lr=0.000726
  epoch 30: val_acc = 3240/3925 = 82.547771%  top5 = 3816/3925 = 97.222930%  [95% CI 81.33–83.70]
    per-example top-1 bitmap -> runs/2026-08-31-imagenette-n3/bitmaps/mobilenetv2_s4_e30.bin (3925 bytes)
  step 0/295: loss=0.722705
  step 1/295: loss=0.782080
  step 2/295: loss=0.760878
  step 100/295: loss=0.815730
  step 200/295: loss=0.647405
[pjrt_ffi] RESIDENT: @mobilenetv2_fwd_eval holds 262 parameter tensors (8.7 MB) on 1 device; they stop crossing PCIe from here
Epoch 31/80: loss=0.706305 lr=0.000708
  epoch 31: val_acc = 3219/3925 = 82.012739%  top5 = 3840/3925 = 97.834395%  [95% CI 80.78–83.18]
    per-example top-1 bitmap -> runs/2026-08-31-imagenette-n3/bitmaps/mobilenetv2_s4_e31.bin (3925 bytes)
  step 0/295: loss=0.628724
  step 1/295: loss=0.682883
  step 2/295: loss=0.714369
  step 100/295: loss=0.591209
  step 200/295: loss=0.589490
[pjrt_ffi] RESIDENT: @mobilenetv2_fwd_eval holds 262 parameter tensors (8.7 MB) on 1 device; they stop crossing PCIe from here
Epoch 32/80: loss=0.676334 lr=0.000689
  epoch 32: val_acc = 3344/3925 = 85.197452%  top5 = 3843/3925 = 97.910828%  [95% CI 84.05–86.27]
    per-example top-1 bitmap -> runs/2026-08-31-imagenette-n3/bitmaps/mobilenetv2_s4_e32.bin (3925 bytes)
  step 0/295: loss=0.585295
  step 1/295: loss=0.659901
  step 2/295: loss=0.615113
  step 100/295: loss=0.643388
  step 200/295: loss=0.741898
[pjrt_ffi] RESIDENT: @mobilenetv2_fwd_eval holds 262 parameter tensors (8.7 MB) on 1 device; they stop crossing PCIe from here
Epoch 33/80: loss=0.669497 lr=0.000670
  epoch 33: val_acc = 3193/3925 = 81.350318%  top5 = 3821/3925 = 97.350318%  [95% CI 80.10–82.54]
    per-example top-1 bitmap -> runs/2026-08-31-imagenette-n3/bitmaps/mobilenetv2_s4_e33.bin (3925 bytes)
  step 0/295: loss=0.569066
  step 1/295: loss=0.709789
  step 2/295: loss=0.653987
  step 100/295: loss=0.592905
  step 200/295: loss=0.665859
[pjrt_ffi] RESIDENT: @mobilenetv2_fwd_eval holds 262 parameter tensors (8.7 MB) on 1 device; they stop crossing PCIe from here
Epoch 34/80: loss=0.657705 lr=0.000651
  epoch 34: val_acc = 3262/3925 = 83.108280%  top5 = 3828/3925 = 97.528662%  [95% CI 81.90–84.25]
    per-example top-1 bitmap -> runs/2026-08-31-imagenette-n3/bitmaps/mobilenetv2_s4_e34.bin (3925 bytes)
  step 0/295: loss=0.617815
  step 1/295: loss=0.580515
  step 2/295: loss=0.591837
  step 100/295: loss=0.708486
  step 200/295: loss=0.550479
[pjrt_ffi] RESIDENT: @mobilenetv2_fwd_eval holds 262 parameter tensors (8.7 MB) on 1 device; they stop crossing PCIe from here
Epoch 35/80: loss=0.650919 lr=0.000631
  epoch 35: val_acc = 3304/3925 = 84.178344%  top5 = 3844/3925 = 97.936306%  [95% CI 83.00–85.29]
    per-example top-1 bitmap -> runs/2026-08-31-imagenette-n3/bitmaps/mobilenetv2_s4_e35.bin (3925 bytes)
  step 0/295: loss=0.613579
  step 1/295: loss=0.631648
  step 2/295: loss=0.605781
  step 100/295: loss=0.599913
  step 200/295: loss=0.645420
[pjrt_ffi] RESIDENT: @mobilenetv2_fwd_eval holds 262 parameter tensors (8.7 MB) on 1 device; they stop crossing PCIe from here
Epoch 36/80: loss=0.631395 lr=0.000611
  epoch 36: val_acc = 3332/3925 = 84.891720%  top5 = 3835/3925 = 97.707006%  [95% CI 83.74–85.98]
    per-example top-1 bitmap -> runs/2026-08-31-imagenette-n3/bitmaps/mobilenetv2_s4_e36.bin (3925 bytes)
  step 0/295: loss=0.570161
  step 1/295: loss=0.654833
  step 2/295: loss=0.588129
  step 100/295: loss=0.608890
  step 200/295: loss=0.685958
[pjrt_ffi] RESIDENT: @mobilenetv2_fwd_eval holds 262 parameter tensors (8.7 MB) on 1 device; they stop crossing PCIe from here
Epoch 37/80: loss=0.629777 lr=0.000591
  epoch 37: val_acc = 3315/3925 = 84.458599%  top5 = 3839/3925 = 97.808917%  [95% CI 83.29–85.56]
    per-example top-1 bitmap -> runs/2026-08-31-imagenette-n3/bitmaps/mobilenetv2_s4_e37.bin (3925 bytes)
  step 0/295: loss=0.582741
  step 1/295: loss=0.584937
  step 2/295: loss=0.550408
  step 100/295: loss=0.628471
  step 200/295: loss=0.544863
[pjrt_ffi] RESIDENT: @mobilenetv2_fwd_eval holds 262 parameter tensors (8.7 MB) on 1 device; they stop crossing PCIe from here
Epoch 38/80: loss=0.624758 lr=0.000571
  epoch 38: val_acc = 3185/3925 = 81.146497%  top5 = 3809/3925 = 97.044586%  [95% CI 79.89–82.34]
    per-example top-1 bitmap -> runs/2026-08-31-imagenette-n3/bitmaps/mobilenetv2_s4_e38.bin (3925 bytes)
  step 0/295: loss=0.595449
  step 1/295: loss=0.682956
  step 2/295: loss=0.594903
  step 100/295: loss=0.628741
  step 200/295: loss=0.675971
[pjrt_ffi] RESIDENT: @mobilenetv2_fwd_eval holds 262 parameter tensors (8.7 MB) on 1 device; they stop crossing PCIe from here
Epoch 39/80: loss=0.618570 lr=0.000551
  epoch 39: val_acc = 3274/3925 = 83.414013%  top5 = 3824/3925 = 97.426752%  [95% CI 82.22–84.54]
    per-example top-1 bitmap -> runs/2026-08-31-imagenette-n3/bitmaps/mobilenetv2_s4_e39.bin (3925 bytes)
  step 0/295: loss=0.612298
  step 1/295: loss=0.607764
  step 2/295: loss=0.623786
  step 100/295: loss=0.617566
  step 200/295: loss=0.565527
[pjrt_ffi] RESIDENT: @mobilenetv2_fwd_eval holds 262 parameter tensors (8.7 MB) on 1 device; they stop crossing PCIe from here
Epoch 40/80: loss=0.600015 lr=0.000531
  epoch 40: val_acc = 3275/3925 = 83.439490%  top5 = 3841/3925 = 97.859873%  [95% CI 82.24–84.57]
    per-example top-1 bitmap -> runs/2026-08-31-imagenette-n3/bitmaps/mobilenetv2_s4_e40.bin (3925 bytes)
  step 0/295: loss=0.618861
  step 1/295: loss=0.537918
  step 2/295: loss=0.586906
  step 100/295: loss=0.588272
  step 200/295: loss=0.555309
[pjrt_ffi] RESIDENT: @mobilenetv2_fwd_eval holds 262 parameter tensors (8.7 MB) on 1 device; they stop crossing PCIe from here
Epoch 41/80: loss=0.594053 lr=0.000510
  epoch 41: val_acc = 3306/3925 = 84.229299%  top5 = 3837/3925 = 97.757962%  [95% CI 83.06–85.34]
    per-example top-1 bitmap -> runs/2026-08-31-imagenette-n3/bitmaps/mobilenetv2_s4_e41.bin (3925 bytes)
  step 0/295: loss=0.564514
  step 1/295: loss=0.563546
  step 2/295: loss=0.562729
  step 100/295: loss=0.655063
  step 200/295: loss=0.548851
[pjrt_ffi] RESIDENT: @mobilenetv2_fwd_eval holds 262 parameter tensors (8.7 MB) on 1 device; they stop crossing PCIe from here
Epoch 42/80: loss=0.591683 lr=0.000490
  epoch 42: val_acc = 3414/3925 = 86.980892%  top5 = 3850/3925 = 98.089172%  [95% CI 85.89–88.00]
    per-example top-1 bitmap -> runs/2026-08-31-imagenette-n3/bitmaps/mobilenetv2_s4_e42.bin (3925 bytes)
  step 0/295: loss=0.625893
  step 1/295: loss=0.611781
  step 2/295: loss=0.567927
  step 100/295: loss=0.594795
  step 200/295: loss=0.549735
[pjrt_ffi] RESIDENT: @mobilenetv2_fwd_eval holds 262 parameter tensors (8.7 MB) on 1 device; they stop crossing PCIe from here
Epoch 43/80: loss=0.584741 lr=0.000469
  epoch 43: val_acc = 3380/3925 = 86.114650%  top5 = 3843/3925 = 97.910828%  [95% CI 85.00–87.16]
    per-example top-1 bitmap -> runs/2026-08-31-imagenette-n3/bitmaps/mobilenetv2_s4_e43.bin (3925 bytes)
  step 0/295: loss=0.546006
  step 1/295: loss=0.556039
  step 2/295: loss=0.606985
  step 100/295: loss=0.554874
  step 200/295: loss=0.537536
[pjrt_ffi] RESIDENT: @mobilenetv2_fwd_eval holds 262 parameter tensors (8.7 MB) on 1 device; they stop crossing PCIe from here
Epoch 44/80: loss=0.573026 lr=0.000449
  epoch 44: val_acc = 3400/3925 = 86.624204%  top5 = 3860/3925 = 98.343949%  [95% CI 85.52–87.65]
    per-example top-1 bitmap -> runs/2026-08-31-imagenette-n3/bitmaps/mobilenetv2_s4_e44.bin (3925 bytes)
  step 0/295: loss=0.545498
  step 1/295: loss=0.538015
  step 2/295: loss=0.557014
  step 100/295: loss=0.571625
  step 200/295: loss=0.548043
[pjrt_ffi] RESIDENT: @mobilenetv2_fwd_eval holds 262 parameter tensors (8.7 MB) on 1 device; they stop crossing PCIe from here
Epoch 45/80: loss=0.568348 lr=0.000429
  epoch 45: val_acc = 3429/3925 = 87.363057%  top5 = 3858/3925 = 98.292994%  [95% CI 86.29–88.37]
    per-example top-1 bitmap -> runs/2026-08-31-imagenette-n3/bitmaps/mobilenetv2_s4_e45.bin (3925 bytes)
  step 0/295: loss=0.575625
  step 1/295: loss=0.545750
  step 2/295: loss=0.558048
  step 100/295: loss=0.588050
  step 200/295: loss=0.543830
[pjrt_ffi] RESIDENT: @mobilenetv2_fwd_eval holds 262 parameter tensors (8.7 MB) on 1 device; they stop crossing PCIe from here
Epoch 46/80: loss=0.564220 lr=0.000409
  epoch 46: val_acc = 3433/3925 = 87.464968%  top5 = 3852/3925 = 98.140127%  [95% CI 86.39–88.46]
    per-example top-1 bitmap -> runs/2026-08-31-imagenette-n3/bitmaps/mobilenetv2_s4_e46.bin (3925 bytes)
  step 0/295: loss=0.555557
  step 1/295: loss=0.557283
  step 2/295: loss=0.603078
  step 100/295: loss=0.550008
  step 200/295: loss=0.531544
[pjrt_ffi] RESIDENT: @mobilenetv2_fwd_eval holds 262 parameter tensors (8.7 MB) on 1 device; they stop crossing PCIe from here
Epoch 47/80: loss=0.561997 lr=0.000389
  epoch 47: val_acc = 3429/3925 = 87.363057%  top5 = 3849/3925 = 98.063694%  [95% CI 86.29–88.37]
    per-example top-1 bitmap -> runs/2026-08-31-imagenette-n3/bitmaps/mobilenetv2_s4_e47.bin (3925 bytes)
  step 0/295: loss=0.594479
  step 1/295: loss=0.552719
  step 2/295: loss=0.550391
  step 100/295: loss=0.562163
  step 200/295: loss=0.571815
[pjrt_ffi] RESIDENT: @mobilenetv2_fwd_eval holds 262 parameter tensors (8.7 MB) on 1 device; they stop crossing PCIe from here
Epoch 48/80: loss=0.554296 lr=0.000369
  epoch 48: val_acc = 3403/3925 = 86.700637%  top5 = 3851/3925 = 98.114650%  [95% CI 85.60–87.73]
    per-example top-1 bitmap -> runs/2026-08-31-imagenette-n3/bitmaps/mobilenetv2_s4_e48.bin (3925 bytes)
  step 0/295: loss=0.534792
  step 1/295: loss=0.528628
  step 2/295: loss=0.549830
  step 100/295: loss=0.538612
  step 200/295: loss=0.528925
[pjrt_ffi] RESIDENT: @mobilenetv2_fwd_eval holds 262 parameter tensors (8.7 MB) on 1 device; they stop crossing PCIe from here
Epoch 49/80: loss=0.556320 lr=0.000349
  epoch 49: val_acc = 3410/3925 = 86.878981%  top5 = 3860/3925 = 98.343949%  [95% CI 85.79–87.90]
    per-example top-1 bitmap -> runs/2026-08-31-imagenette-n3/bitmaps/mobilenetv2_s4_e49.bin (3925 bytes)
  step 0/295: loss=0.535702
  step 1/295: loss=0.540740
  step 2/295: loss=0.566628
  step 100/295: loss=0.539384
  step 200/295: loss=0.535507
[pjrt_ffi] RESIDENT: @mobilenetv2_fwd_eval holds 262 parameter tensors (8.7 MB) on 1 device; they stop crossing PCIe from here
Epoch 50/80: loss=0.551422 lr=0.000330
  epoch 50: val_acc = 3455/3925 = 88.025478%  top5 = 3857/3925 = 98.267516%  [95% CI 86.97–89.00]
    per-example top-1 bitmap -> runs/2026-08-31-imagenette-n3/bitmaps/mobilenetv2_s4_e50.bin (3925 bytes)
  step 0/295: loss=0.529617
  step 1/295: loss=0.531684
  step 2/295: loss=0.539244
  step 100/295: loss=0.537734
  step 200/295: loss=0.571966
[pjrt_ffi] RESIDENT: @mobilenetv2_fwd_eval holds 262 parameter tensors (8.7 MB) on 1 device; they stop crossing PCIe from here
Epoch 51/80: loss=0.546818 lr=0.000311
  epoch 51: val_acc = 3448/3925 = 87.847134%  top5 = 3859/3925 = 98.318471%  [95% CI 86.79–88.83]
    per-example top-1 bitmap -> runs/2026-08-31-imagenette-n3/bitmaps/mobilenetv2_s4_e51.bin (3925 bytes)
  step 0/295: loss=0.546096
  step 1/295: loss=0.617993
  step 2/295: loss=0.533847
  step 100/295: loss=0.526957
  step 200/295: loss=0.532675
[pjrt_ffi] RESIDENT: @mobilenetv2_fwd_eval holds 262 parameter tensors (8.7 MB) on 1 device; they stop crossing PCIe from here
Epoch 52/80: loss=0.545227 lr=0.000292
  epoch 52: val_acc = 3461/3925 = 88.178344%  top5 = 3857/3925 = 98.267516%  [95% CI 87.13–89.15]
    per-example top-1 bitmap -> runs/2026-08-31-imagenette-n3/bitmaps/mobilenetv2_s4_e52.bin (3925 bytes)
  step 0/295: loss=0.534254
  step 1/295: loss=0.590898
  step 2/295: loss=0.525129
  step 100/295: loss=0.569220
  step 200/295: loss=0.546654
[pjrt_ffi] RESIDENT: @mobilenetv2_fwd_eval holds 262 parameter tensors (8.7 MB) on 1 device; they stop crossing PCIe from here
Epoch 53/80: loss=0.543486 lr=0.000274
  epoch 53: val_acc = 3450/3925 = 87.898089%  top5 = 3852/3925 = 98.140127%  [95% CI 86.84–88.88]
    per-example top-1 bitmap -> runs/2026-08-31-imagenette-n3/bitmaps/mobilenetv2_s4_e53.bin (3925 bytes)
  step 0/295: loss=0.566463
  step 1/295: loss=0.542083
  step 2/295: loss=0.554610
  step 100/295: loss=0.519531
  step 200/295: loss=0.537102
[pjrt_ffi] RESIDENT: @mobilenetv2_fwd_eval holds 262 parameter tensors (8.7 MB) on 1 device; they stop crossing PCIe from here
Epoch 54/80: loss=0.538906 lr=0.000256
  epoch 54: val_acc = 3466/3925 = 88.305732%  top5 = 3860/3925 = 98.343949%  [95% CI 87.26–89.27]
    per-example top-1 bitmap -> runs/2026-08-31-imagenette-n3/bitmaps/mobilenetv2_s4_e54.bin (3925 bytes)
  step 0/295: loss=0.524861
  step 1/295: loss=0.588788
  step 2/295: loss=0.523216
  step 100/295: loss=0.520280
  step 200/295: loss=0.527685
[pjrt_ffi] RESIDENT: @mobilenetv2_fwd_eval holds 262 parameter tensors (8.7 MB) on 1 device; they stop crossing PCIe from here
Epoch 55/80: loss=0.532825 lr=0.000238
  epoch 55: val_acc = 3453/3925 = 87.974522%  top5 = 3858/3925 = 98.292994%  [95% CI 86.92–88.96]
    per-example top-1 bitmap -> runs/2026-08-31-imagenette-n3/bitmaps/mobilenetv2_s4_e55.bin (3925 bytes)
  step 0/295: loss=0.522406
  step 1/295: loss=0.533963
  step 2/295: loss=0.519753
  step 100/295: loss=0.527178
  step 200/295: loss=0.528406
[pjrt_ffi] RESIDENT: @mobilenetv2_fwd_eval holds 262 parameter tensors (8.7 MB) on 1 device; they stop crossing PCIe from here
Epoch 56/80: loss=0.532991 lr=0.000221
  epoch 56: val_acc = 3471/3925 = 88.433121%  top5 = 3851/3925 = 98.114650%  [95% CI 87.39–89.40]
    per-example top-1 bitmap -> runs/2026-08-31-imagenette-n3/bitmaps/mobilenetv2_s4_e56.bin (3925 bytes)
  step 0/295: loss=0.517607
  step 1/295: loss=0.527893
  step 2/295: loss=0.520084
  step 100/295: loss=0.556281
  step 200/295: loss=0.518318
[pjrt_ffi] RESIDENT: @mobilenetv2_fwd_eval holds 262 parameter tensors (8.7 MB) on 1 device; they stop crossing PCIe from here
Epoch 57/80: loss=0.531229 lr=0.000204
  epoch 57: val_acc = 3457/3925 = 88.076433%  top5 = 3846/3925 = 97.987261%  [95% CI 87.03–89.05]
    per-example top-1 bitmap -> runs/2026-08-31-imagenette-n3/bitmaps/mobilenetv2_s4_e57.bin (3925 bytes)
  step 0/295: loss=0.563138
  step 1/295: loss=0.521658
  step 2/295: loss=0.519365
  step 100/295: loss=0.527694
  step 200/295: loss=0.519095
[pjrt_ffi] RESIDENT: @mobilenetv2_fwd_eval holds 262 parameter tensors (8.7 MB) on 1 device; they stop crossing PCIe from here
Epoch 58/80: loss=0.531322 lr=0.000188
  epoch 58: val_acc = 3475/3925 = 88.535032%  top5 = 3862/3925 = 98.394904%  [95% CI 87.50–89.49]
    per-example top-1 bitmap -> runs/2026-08-31-imagenette-n3/bitmaps/mobilenetv2_s4_e58.bin (3925 bytes)
  step 0/295: loss=0.520518
  step 1/295: loss=0.520942
  step 2/295: loss=0.549433
  step 100/295: loss=0.515429
  step 200/295: loss=0.519098
[pjrt_ffi] RESIDENT: @mobilenetv2_fwd_eval holds 262 parameter tensors (8.7 MB) on 1 device; they stop crossing PCIe from here
Epoch 59/80: loss=0.528735 lr=0.000173
  epoch 59: val_acc = 3482/3925 = 88.713376%  top5 = 3862/3925 = 98.394904%  [95% CI 87.69–89.67]
    per-example top-1 bitmap -> runs/2026-08-31-imagenette-n3/bitmaps/mobilenetv2_s4_e59.bin (3925 bytes)
  step 0/295: loss=0.519759
  step 1/295: loss=0.542056
  step 2/295: loss=0.528651
  step 100/295: loss=0.515991
  step 200/295: loss=0.523335
[pjrt_ffi] RESIDENT: @mobilenetv2_fwd_eval holds 262 parameter tensors (8.7 MB) on 1 device; they stop crossing PCIe from here
Epoch 60/80: loss=0.526199 lr=0.000157
  epoch 60: val_acc = 3487/3925 = 88.840764%  top5 = 3856/3925 = 98.242038%  [95% CI 87.82–89.79]
    per-example top-1 bitmap -> runs/2026-08-31-imagenette-n3/bitmaps/mobilenetv2_s4_e60.bin (3925 bytes)
  step 0/295: loss=0.555881
  step 1/295: loss=0.522779
  step 2/295: loss=0.523474
  step 100/295: loss=0.518958
  step 200/295: loss=0.525551
[pjrt_ffi] RESIDENT: @mobilenetv2_fwd_eval holds 262 parameter tensors (8.7 MB) on 1 device; they stop crossing PCIe from here
Epoch 61/80: loss=0.524968 lr=0.000143
  epoch 61: val_acc = 3471/3925 = 88.433121%  top5 = 3866/3925 = 98.496815%  [95% CI 87.39–89.40]
    per-example top-1 bitmap -> runs/2026-08-31-imagenette-n3/bitmaps/mobilenetv2_s4_e61.bin (3925 bytes)
  step 0/295: loss=0.534761
  step 1/295: loss=0.519219
  step 2/295: loss=0.518256
  step 100/295: loss=0.518296
  step 200/295: loss=0.543392
[pjrt_ffi] RESIDENT: @mobilenetv2_fwd_eval holds 262 parameter tensors (8.7 MB) on 1 device; they stop crossing PCIe from here
Epoch 62/80: loss=0.523232 lr=0.000129
  epoch 62: val_acc = 3486/3925 = 88.815287%  top5 = 3858/3925 = 98.292994%  [95% CI 87.79–89.76]
    per-example top-1 bitmap -> runs/2026-08-31-imagenette-n3/bitmaps/mobilenetv2_s4_e62.bin (3925 bytes)
  step 0/295: loss=0.514356
  step 1/295: loss=0.529781
  step 2/295: loss=0.514974
  step 100/295: loss=0.527622
  step 200/295: loss=0.514210
[pjrt_ffi] RESIDENT: @mobilenetv2_fwd_eval holds 262 parameter tensors (8.7 MB) on 1 device; they stop crossing PCIe from here
Epoch 63/80: loss=0.523273 lr=0.000116
  epoch 63: val_acc = 3495/3925 = 89.044586%  top5 = 3860/3925 = 98.343949%  [95% CI 88.03–89.98]
    per-example top-1 bitmap -> runs/2026-08-31-imagenette-n3/bitmaps/mobilenetv2_s4_e63.bin (3925 bytes)
  step 0/295: loss=0.514950
  step 1/295: loss=0.519439
  step 2/295: loss=0.513698
  step 100/295: loss=0.520788
  step 200/295: loss=0.588888
[pjrt_ffi] RESIDENT: @mobilenetv2_fwd_eval holds 262 parameter tensors (8.7 MB) on 1 device; they stop crossing PCIe from here
Epoch 64/80: loss=0.522503 lr=0.000103
  epoch 64: val_acc = 3479/3925 = 88.636943%  top5 = 3858/3925 = 98.292994%  [95% CI 87.61–89.59]
    per-example top-1 bitmap -> runs/2026-08-31-imagenette-n3/bitmaps/mobilenetv2_s4_e64.bin (3925 bytes)
  step 0/295: loss=0.514333
  step 1/295: loss=0.542452
  step 2/295: loss=0.518482
  step 100/295: loss=0.513126
  step 200/295: loss=0.510575
[pjrt_ffi] RESIDENT: @mobilenetv2_fwd_eval holds 262 parameter tensors (8.7 MB) on 1 device; they stop crossing PCIe from here
Epoch 65/80: loss=0.520392 lr=0.000091
  epoch 65: val_acc = 3481/3925 = 88.687898%  top5 = 3862/3925 = 98.394904%  [95% CI 87.66–89.64]
    per-example top-1 bitmap -> runs/2026-08-31-imagenette-n3/bitmaps/mobilenetv2_s4_e65.bin (3925 bytes)
  step 0/295: loss=0.520198
  step 1/295: loss=0.512048
  step 2/295: loss=0.511559
  step 100/295: loss=0.521184
  step 200/295: loss=0.513582
[pjrt_ffi] RESIDENT: @mobilenetv2_fwd_eval holds 262 parameter tensors (8.7 MB) on 1 device; they stop crossing PCIe from here
Epoch 66/80: loss=0.518782 lr=0.000079
  epoch 66: val_acc = 3507/3925 = 89.350318%  top5 = 3859/3925 = 98.318471%  [95% CI 88.35–90.28]
    per-example top-1 bitmap -> runs/2026-08-31-imagenette-n3/bitmaps/mobilenetv2_s4_e66.bin (3925 bytes)
  step 0/295: loss=0.523142
  step 1/295: loss=0.514166
  step 2/295: loss=0.530745
  step 100/295: loss=0.515264
  step 200/295: loss=0.517599
[pjrt_ffi] RESIDENT: @mobilenetv2_fwd_eval holds 262 parameter tensors (8.7 MB) on 1 device; they stop crossing PCIe from here
Epoch 67/80: loss=0.517627 lr=0.000069
  epoch 67: val_acc = 3494/3925 = 89.019108%  top5 = 3858/3925 = 98.292994%  [95% CI 88.00–89.96]
    per-example top-1 bitmap -> runs/2026-08-31-imagenette-n3/bitmaps/mobilenetv2_s4_e67.bin (3925 bytes)
  step 0/295: loss=0.529861
  step 1/295: loss=0.514728
  step 2/295: loss=0.520924
  step 100/295: loss=0.531865
  step 200/295: loss=0.521071
[pjrt_ffi] RESIDENT: @mobilenetv2_fwd_eval holds 262 parameter tensors (8.7 MB) on 1 device; they stop crossing PCIe from here
Epoch 68/80: loss=0.518157 lr=0.000059
  epoch 68: val_acc = 3499/3925 = 89.146497%  top5 = 3858/3925 = 98.292994%  [95% CI 88.13–90.08]
    per-example top-1 bitmap -> runs/2026-08-31-imagenette-n3/bitmaps/mobilenetv2_s4_e68.bin (3925 bytes)
  step 0/295: loss=0.537220
  step 1/295: loss=0.517146
  step 2/295: loss=0.521163
  step 100/295: loss=0.511432
  step 200/295: loss=0.511579
[pjrt_ffi] RESIDENT: @mobilenetv2_fwd_eval holds 262 parameter tensors (8.7 MB) on 1 device; they stop crossing PCIe from here
Epoch 69/80: loss=0.516997 lr=0.000050
  epoch 69: val_acc = 3510/3925 = 89.426752%  top5 = 3857/3925 = 98.267516%  [95% CI 88.43–90.35]
    per-example top-1 bitmap -> runs/2026-08-31-imagenette-n3/bitmaps/mobilenetv2_s4_e69.bin (3925 bytes)
  step 0/295: loss=0.532180
  step 1/295: loss=0.511539
  step 2/295: loss=0.514347
  step 100/295: loss=0.535129
  step 200/295: loss=0.527436
[pjrt_ffi] RESIDENT: @mobilenetv2_fwd_eval holds 262 parameter tensors (8.7 MB) on 1 device; they stop crossing PCIe from here
Epoch 70/80: loss=0.516600 lr=0.000041
  epoch 70: val_acc = 3499/3925 = 89.146497%  top5 = 3861/3925 = 98.369427%  [95% CI 88.13–90.08]
    per-example top-1 bitmap -> runs/2026-08-31-imagenette-n3/bitmaps/mobilenetv2_s4_e70.bin (3925 bytes)
  step 0/295: loss=0.508001
  step 1/295: loss=0.508890
  step 2/295: loss=0.515777
  step 100/295: loss=0.516495
  step 200/295: loss=0.509191
[pjrt_ffi] RESIDENT: @mobilenetv2_fwd_eval holds 262 parameter tensors (8.7 MB) on 1 device; they stop crossing PCIe from here
Epoch 71/80: loss=0.516008 lr=0.000033
  epoch 71: val_acc = 3506/3925 = 89.324841%  top5 = 3859/3925 = 98.318471%  [95% CI 88.32–90.25]
    per-example top-1 bitmap -> runs/2026-08-31-imagenette-n3/bitmaps/mobilenetv2_s4_e71.bin (3925 bytes)
  step 0/295: loss=0.510238
  step 1/295: loss=0.527329
  step 2/295: loss=0.524795
  step 100/295: loss=0.511731
  step 200/295: loss=0.513632
[pjrt_ffi] RESIDENT: @mobilenetv2_fwd_eval holds 262 parameter tensors (8.7 MB) on 1 device; they stop crossing PCIe from here
Epoch 72/80: loss=0.517006 lr=0.000026
  epoch 72: val_acc = 3507/3925 = 89.350318%  top5 = 3857/3925 = 98.267516%  [95% CI 88.35–90.28]
    per-example top-1 bitmap -> runs/2026-08-31-imagenette-n3/bitmaps/mobilenetv2_s4_e72.bin (3925 bytes)
  step 0/295: loss=0.526160
  step 1/295: loss=0.512098
  step 2/295: loss=0.517298
  step 100/295: loss=0.510536
  step 200/295: loss=0.514046
[pjrt_ffi] RESIDENT: @mobilenetv2_fwd_eval holds 262 parameter tensors (8.7 MB) on 1 device; they stop crossing PCIe from here
Epoch 73/80: loss=0.515527 lr=0.000020
  epoch 73: val_acc = 3502/3925 = 89.222930%  top5 = 3861/3925 = 98.369427%  [95% CI 88.21–90.15]
    per-example top-1 bitmap -> runs/2026-08-31-imagenette-n3/bitmaps/mobilenetv2_s4_e73.bin (3925 bytes)
  step 0/295: loss=0.508710
  step 1/295: loss=0.518386
  step 2/295: loss=0.510056
  step 100/295: loss=0.508946
  step 200/295: loss=0.518973
[pjrt_ffi] RESIDENT: @mobilenetv2_fwd_eval holds 262 parameter tensors (8.7 MB) on 1 device; they stop crossing PCIe from here
Epoch 74/80: loss=0.515551 lr=0.000015
  epoch 74: val_acc = 3500/3925 = 89.171975%  top5 = 3861/3925 = 98.369427%  [95% CI 88.16–90.11]
    per-example top-1 bitmap -> runs/2026-08-31-imagenette-n3/bitmaps/mobilenetv2_s4_e74.bin (3925 bytes)
  step 0/295: loss=0.512046
  step 1/295: loss=0.515428
  step 2/295: loss=0.508592
  step 100/295: loss=0.511474
  step 200/295: loss=0.517711
[pjrt_ffi] RESIDENT: @mobilenetv2_fwd_eval holds 262 parameter tensors (8.7 MB) on 1 device; they stop crossing PCIe from here
Epoch 75/80: loss=0.515485 lr=0.000010
  epoch 75: val_acc = 3506/3925 = 89.324841%  top5 = 3858/3925 = 98.292994%  [95% CI 88.32–90.25]
    per-example top-1 bitmap -> runs/2026-08-31-imagenette-n3/bitmaps/mobilenetv2_s4_e75.bin (3925 bytes)
  step 0/295: loss=0.510995
  step 1/295: loss=0.515489
  step 2/295: loss=0.509810
  step 100/295: loss=0.544741
  step 200/295: loss=0.509094
[pjrt_ffi] RESIDENT: @mobilenetv2_fwd_eval holds 262 parameter tensors (8.7 MB) on 1 device; they stop crossing PCIe from here
Epoch 76/80: loss=0.514385 lr=0.000007
  epoch 76: val_acc = 3497/3925 = 89.095541%  top5 = 3855/3925 = 98.216561%  [95% CI 88.08–90.03]
    per-example top-1 bitmap -> runs/2026-08-31-imagenette-n3/bitmaps/mobilenetv2_s4_e76.bin (3925 bytes)
  step 0/295: loss=0.507081
  step 1/295: loss=0.512052
  step 2/295: loss=0.512651
  step 100/295: loss=0.516194
  step 200/295: loss=0.525660
[pjrt_ffi] RESIDENT: @mobilenetv2_fwd_eval holds 262 parameter tensors (8.7 MB) on 1 device; they stop crossing PCIe from here
Epoch 77/80: loss=0.514446 lr=0.000004
  epoch 77: val_acc = 3501/3925 = 89.197452%  top5 = 3858/3925 = 98.292994%  [95% CI 88.19–90.13]
    per-example top-1 bitmap -> runs/2026-08-31-imagenette-n3/bitmaps/mobilenetv2_s4_e77.bin (3925 bytes)
  step 0/295: loss=0.510137
  step 1/295: loss=0.520239
  step 2/295: loss=0.516878
  step 100/295: loss=0.509747
  step 200/295: loss=0.510363
[pjrt_ffi] RESIDENT: @mobilenetv2_fwd_eval holds 262 parameter tensors (8.7 MB) on 1 device; they stop crossing PCIe from here
Epoch 78/80: loss=0.514625 lr=0.000002
  epoch 78: val_acc = 3503/3925 = 89.248408%  top5 = 3857/3925 = 98.267516%  [95% CI 88.24–90.18]
    per-example top-1 bitmap -> runs/2026-08-31-imagenette-n3/bitmaps/mobilenetv2_s4_e78.bin (3925 bytes)
  step 0/295: loss=0.509658
  step 1/295: loss=0.514127
  step 2/295: loss=0.511474
  step 100/295: loss=0.509887
  step 200/295: loss=0.512810
[pjrt_ffi] RESIDENT: @mobilenetv2_fwd_eval holds 262 parameter tensors (8.7 MB) on 1 device; they stop crossing PCIe from here
Epoch 79/80: loss=0.513907 lr=0.000000
  epoch 79: val_acc = 3503/3925 = 89.248408%  top5 = 3859/3925 = 98.318471%  [95% CI 88.24–90.18]
    per-example top-1 bitmap -> runs/2026-08-31-imagenette-n3/bitmaps/mobilenetv2_s4_e79.bin (3925 bytes)
  step 0/295: loss=0.530484
  step 1/295: loss=0.508435
  step 2/295: loss=0.514413
  step 100/295: loss=0.512520
  step 200/295: loss=0.525756
[pjrt_ffi] RESIDENT: @mobilenetv2_fwd_eval holds 262 parameter tensors (8.7 MB) on 1 device; they stop crossing PCIe from here
Epoch 80/80: loss=0.514621 lr=0.000000
  epoch 80: val_acc = 3506/3925 = 89.324841%  top5 = 3857/3925 = 98.267516%  [95% CI 88.32–90.25]
    per-example top-1 bitmap -> runs/2026-08-31-imagenette-n3/bitmaps/mobilenetv2_s4_e80.bin (3925 bytes)
done (trained MobileNetV2 adam + cosine/warmup via packed threading).
