I0831 03:46:34.428596  552347 service.cc:154] XLA service 0x79c6780517d0 initialized for platform CUDA (this does not guarantee that XLA will be used). Devices:
I0831 03:46:34.428636  552347 service.cc:170]   StreamExecutor [0]: NVIDIA GeForce RTX 4060 Ti, Compute Capability 8.9 (Driver: 12.9.0[575.57.8]; Runtime: 12.9.0; Toolkit: 12.9.0; DNN: 9.23.2)
I0831 03:46:34.430105  552347 se_gpu_pjrt_client.cc:1342] Using BFC allocator.
I0831 03:46:34.430137  552347 gpu_helpers.cc:162] XLA backend allocating 11.68GiB (12543066112 bytes) on device 0 for BFCAllocator.
I0831 03:46:34.443340  552347 cuda_dnn.cc:440] Loaded cuDNN version 92302
[pjrt_ffi] XLA backend: PJRT 0.114, 1 device(s)
[pjrt_ffi] command buffers: enabled (CUDA default)
[pjrt_ffi] compiled verified_mlir/resnet50_adam_train_step.mlir (@resnet50_adam_train_step, 592 outputs, 1 replica) in 12695 ms
[pjrt_ffi] compiled verified_mlir/resnet50_fwd.mlir (@resnet50_fwd, 1 outputs, 1 replica) in 597 ms
[pjrt_ffi] compiled verified_mlir/resnet50_fwd_eval.mlir (@resnet50_fwd_eval, 1 outputs, 1 replica) in 313 ms
ResNet-50 (bottleneck, v1.5 — stride on the 3×3) on Imagenette 224². LAYOUT SKELETON: no render, no proof chain, no artifact yet.
  xla/pjrt verified_mlir/resnet50_adam_train_step.mlir
  xla/pjrt verified_mlir/resnet50_fwd.mlir
  xla/pjrt verified_mlir/resnet50_fwd_eval.mlir
  train 9469, val 3925; bs 32, ResNet-50 (Imagenette) adam (cosine+warmup 3ep, baseLR 0.001000), He init
  running-stats BN: 53 layers, 53120 stat floats → eval via @resnet50_fwd_eval
     decay 0.990000 (TF sense; = PyTorch/timm momentum 0.010000), new-batch weight 0.010000
[pjrt_ffi] RESIDENT: @resnet50_adam_train_step holds 483 parameter tensors (269.3 MB) on 1 device; they stop crossing PCIe from here
  step 0/295: loss=3.362196
  step 1/295: loss=2.982807
  step 2/295: loss=3.330426
  step 100/295: loss=2.507879
  step 200/295: loss=2.161498
[pjrt_ffi] RESIDENT: @resnet50_fwd_eval holds 267 parameter tensors (90.0 MB) on 1 device; they stop crossing PCIe from here
Epoch 1/80: loss=2.221727 lr=0.000333
  epoch 1: val_acc = 449/3925 = 11.439490%  top5 = 1995/3925 = 50.828025%  [95% CI 10.48–12.47]
    per-example top-1 bitmap -> runs/2026-08-31-imagenette-n3/bitmaps/resnet50_s1_e1.bin (3925 bytes)
  step 0/295: loss=2.065376
  step 1/295: loss=1.911009
  step 2/295: loss=1.712543
  step 100/295: loss=1.998644
  step 200/295: loss=1.772365
[pjrt_ffi] RESIDENT: @resnet50_fwd_eval holds 267 parameter tensors (90.0 MB) on 1 device; they stop crossing PCIe from here
Epoch 2/80: loss=1.986071 lr=0.000667
  epoch 2: val_acc = 1352/3925 = 34.445860%  top5 = 2966/3925 = 75.566879%  [95% CI 32.98–35.95]
    per-example top-1 bitmap -> runs/2026-08-31-imagenette-n3/bitmaps/resnet50_s1_e2.bin (3925 bytes)
  step 0/295: loss=2.128435
  step 1/295: loss=2.451538
  step 2/295: loss=2.029523
  step 100/295: loss=1.638821
  step 200/295: loss=1.591517
[pjrt_ffi] RESIDENT: @resnet50_fwd_eval holds 267 parameter tensors (90.0 MB) on 1 device; they stop crossing PCIe from here
Epoch 3/80: loss=1.706849 lr=0.001000
  epoch 3: val_acc = 2075/3925 = 52.866242%  top5 = 3491/3925 = 88.942675%  [95% CI 51.30–54.42]
    per-example top-1 bitmap -> runs/2026-08-31-imagenette-n3/bitmaps/resnet50_s1_e3.bin (3925 bytes)
  step 0/295: loss=1.610808
  step 1/295: loss=1.297283
  step 2/295: loss=1.415413
  step 100/295: loss=1.462492
  step 200/295: loss=1.415283
[pjrt_ffi] RESIDENT: @resnet50_fwd_eval holds 267 parameter tensors (90.0 MB) on 1 device; they stop crossing PCIe from here
Epoch 4/80: loss=1.496653 lr=0.001000
  epoch 4: val_acc = 2111/3925 = 53.783439%  top5 = 3508/3925 = 89.375796%  [95% CI 52.22–55.34]
    per-example top-1 bitmap -> runs/2026-08-31-imagenette-n3/bitmaps/resnet50_s1_e4.bin (3925 bytes)
  step 0/295: loss=1.359984
  step 1/295: loss=1.633137
  step 2/295: loss=1.298674
  step 100/295: loss=1.456389
  step 200/295: loss=1.359793
[pjrt_ffi] RESIDENT: @resnet50_fwd_eval holds 267 parameter tensors (90.0 MB) on 1 device; they stop crossing PCIe from here
Epoch 5/80: loss=1.329302 lr=0.000998
  epoch 5: val_acc = 2237/3925 = 56.993631%  top5 = 3643/3925 = 92.815287%  [95% CI 55.44–58.53]
    per-example top-1 bitmap -> runs/2026-08-31-imagenette-n3/bitmaps/resnet50_s1_e5.bin (3925 bytes)
  step 0/295: loss=1.216846
  step 1/295: loss=1.095814
  step 2/295: loss=1.209519
  step 100/295: loss=1.211583
  step 200/295: loss=1.205737
[pjrt_ffi] RESIDENT: @resnet50_fwd_eval holds 267 parameter tensors (90.0 MB) on 1 device; they stop crossing PCIe from here
Epoch 6/80: loss=1.234750 lr=0.000996
  epoch 6: val_acc = 2425/3925 = 61.783439%  top5 = 3385/3925 = 86.242038%  [95% CI 60.25–63.29]
    per-example top-1 bitmap -> runs/2026-08-31-imagenette-n3/bitmaps/resnet50_s1_e6.bin (3925 bytes)
  step 0/295: loss=1.218125
  step 1/295: loss=1.434029
  step 2/295: loss=1.100267
  step 100/295: loss=1.218393
  step 200/295: loss=1.288709
[pjrt_ffi] RESIDENT: @resnet50_fwd_eval holds 267 parameter tensors (90.0 MB) on 1 device; they stop crossing PCIe from here
Epoch 7/80: loss=1.185225 lr=0.000993
  epoch 7: val_acc = 2164/3925 = 55.133758%  top5 = 3662/3925 = 93.299363%  [95% CI 53.57–56.68]
    per-example top-1 bitmap -> runs/2026-08-31-imagenette-n3/bitmaps/resnet50_s1_e7.bin (3925 bytes)
  step 0/295: loss=0.979111
  step 1/295: loss=1.256565
  step 2/295: loss=1.380935
  step 100/295: loss=1.327514
  step 200/295: loss=1.028259
[pjrt_ffi] RESIDENT: @resnet50_fwd_eval holds 267 parameter tensors (90.0 MB) on 1 device; they stop crossing PCIe from here
Epoch 8/80: loss=1.150846 lr=0.000990
  epoch 8: val_acc = 2376/3925 = 60.535032%  top5 = 3609/3925 = 91.949045%  [95% CI 59.00–62.05]
    per-example top-1 bitmap -> runs/2026-08-31-imagenette-n3/bitmaps/resnet50_s1_e8.bin (3925 bytes)
  step 0/295: loss=1.214759
  step 1/295: loss=1.140003
  step 2/295: loss=1.146717
  step 100/295: loss=1.110065
  step 200/295: loss=1.163206
[pjrt_ffi] RESIDENT: @resnet50_fwd_eval holds 267 parameter tensors (90.0 MB) on 1 device; they stop crossing PCIe from here
Epoch 9/80: loss=1.127978 lr=0.000985
  epoch 9: val_acc = 2510/3925 = 63.949045%  top5 = 3694/3925 = 94.114650%  [95% CI 62.43–65.44]
    per-example top-1 bitmap -> runs/2026-08-31-imagenette-n3/bitmaps/resnet50_s1_e9.bin (3925 bytes)
  step 0/295: loss=1.070994
  step 1/295: loss=1.121696
  step 2/295: loss=0.916540
  step 100/295: loss=1.205120
  step 200/295: loss=0.965986
[pjrt_ffi] RESIDENT: @resnet50_fwd_eval holds 267 parameter tensors (90.0 MB) on 1 device; they stop crossing PCIe from here
Epoch 10/80: loss=1.086408 lr=0.000980
  epoch 10: val_acc = 2386/3925 = 60.789809%  top5 = 3481/3925 = 88.687898%  [95% CI 59.25–62.31]
    per-example top-1 bitmap -> runs/2026-08-31-imagenette-n3/bitmaps/resnet50_s1_e10.bin (3925 bytes)
  step 0/295: loss=1.234448
  step 1/295: loss=1.048648
  step 2/295: loss=1.049023
  step 100/295: loss=1.224649
  step 200/295: loss=0.959121
[pjrt_ffi] RESIDENT: @resnet50_fwd_eval holds 267 parameter tensors (90.0 MB) on 1 device; they stop crossing PCIe from here
Epoch 11/80: loss=1.050444 lr=0.000974
  epoch 11: val_acc = 2326/3925 = 59.261146%  top5 = 3758/3925 = 95.745223%  [95% CI 57.72–60.79]
    per-example top-1 bitmap -> runs/2026-08-31-imagenette-n3/bitmaps/resnet50_s1_e11.bin (3925 bytes)
  step 0/295: loss=0.968128
  step 1/295: loss=0.892016
  step 2/295: loss=1.033850
  step 100/295: loss=0.971648
  step 200/295: loss=0.837243
[pjrt_ffi] RESIDENT: @resnet50_fwd_eval holds 267 parameter tensors (90.0 MB) on 1 device; they stop crossing PCIe from here
Epoch 12/80: loss=1.021708 lr=0.000967
  epoch 12: val_acc = 2617/3925 = 66.675159%  top5 = 3608/3925 = 91.923567%  [95% CI 65.18–68.13]
    per-example top-1 bitmap -> runs/2026-08-31-imagenette-n3/bitmaps/resnet50_s1_e12.bin (3925 bytes)
  step 0/295: loss=1.334028
  step 1/295: loss=1.143229
  step 2/295: loss=1.024727
  step 100/295: loss=1.137345
  step 200/295: loss=1.095723
[pjrt_ffi] RESIDENT: @resnet50_fwd_eval holds 267 parameter tensors (90.0 MB) on 1 device; they stop crossing PCIe from here
Epoch 13/80: loss=0.994271 lr=0.000959
  epoch 13: val_acc = 2888/3925 = 73.579618%  top5 = 3772/3925 = 96.101911%  [95% CI 72.18–74.94]
    per-example top-1 bitmap -> runs/2026-08-31-imagenette-n3/bitmaps/resnet50_s1_e13.bin (3925 bytes)
  step 0/295: loss=0.863445
  step 1/295: loss=0.941465
  step 2/295: loss=0.924186
  step 100/295: loss=0.991188
  step 200/295: loss=1.026518
[pjrt_ffi] RESIDENT: @resnet50_fwd_eval holds 267 parameter tensors (90.0 MB) on 1 device; they stop crossing PCIe from here
Epoch 14/80: loss=0.979695 lr=0.000950
  epoch 14: val_acc = 2697/3925 = 68.713376%  top5 = 3722/3925 = 94.828025%  [95% CI 67.25–70.15]
    per-example top-1 bitmap -> runs/2026-08-31-imagenette-n3/bitmaps/resnet50_s1_e14.bin (3925 bytes)
  step 0/295: loss=1.051221
  step 1/295: loss=1.069965
  step 2/295: loss=0.845562
  step 100/295: loss=0.887218
  step 200/295: loss=0.851818
[pjrt_ffi] RESIDENT: @resnet50_fwd_eval holds 267 parameter tensors (90.0 MB) on 1 device; they stop crossing PCIe from here
Epoch 15/80: loss=0.960469 lr=0.000941
  epoch 15: val_acc = 2191/3925 = 55.821656%  top5 = 3591/3925 = 91.490446%  [95% CI 54.26–57.37]
    per-example top-1 bitmap -> runs/2026-08-31-imagenette-n3/bitmaps/resnet50_s1_e15.bin (3925 bytes)
  step 0/295: loss=1.182446
  step 1/295: loss=1.027206
  step 2/295: loss=0.846820
  step 100/295: loss=0.807543
  step 200/295: loss=0.737485
[pjrt_ffi] RESIDENT: @resnet50_fwd_eval holds 267 parameter tensors (90.0 MB) on 1 device; they stop crossing PCIe from here
Epoch 16/80: loss=0.940277 lr=0.000931
  epoch 16: val_acc = 2599/3925 = 66.216561%  top5 = 3758/3925 = 95.745223%  [95% CI 64.72–67.68]
    per-example top-1 bitmap -> runs/2026-08-31-imagenette-n3/bitmaps/resnet50_s1_e16.bin (3925 bytes)
  step 0/295: loss=0.852470
  step 1/295: loss=0.978313
  step 2/295: loss=0.891342
  step 100/295: loss=0.835500
  step 200/295: loss=0.895426
[pjrt_ffi] RESIDENT: @resnet50_fwd_eval holds 267 parameter tensors (90.0 MB) on 1 device; they stop crossing PCIe from here
Epoch 17/80: loss=0.937591 lr=0.000921
  epoch 17: val_acc = 2906/3925 = 74.038217%  top5 = 3789/3925 = 96.535032%  [95% CI 72.64–75.39]
    per-example top-1 bitmap -> runs/2026-08-31-imagenette-n3/bitmaps/resnet50_s1_e17.bin (3925 bytes)
  step 0/295: loss=0.857916
  step 1/295: loss=0.785339
  step 2/295: loss=1.064229
  step 100/295: loss=0.970075
  step 200/295: loss=0.846258
[pjrt_ffi] RESIDENT: @resnet50_fwd_eval holds 267 parameter tensors (90.0 MB) on 1 device; they stop crossing PCIe from here
Epoch 18/80: loss=0.908728 lr=0.000909
  epoch 18: val_acc = 2758/3925 = 70.267516%  top5 = 3778/3925 = 96.254777%  [95% CI 68.82–71.68]
    per-example top-1 bitmap -> runs/2026-08-31-imagenette-n3/bitmaps/resnet50_s1_e18.bin (3925 bytes)
  step 0/295: loss=0.784745
  step 1/295: loss=0.708566
  step 2/295: loss=0.991462
  step 100/295: loss=0.754606
  step 200/295: loss=0.992910
[pjrt_ffi] RESIDENT: @resnet50_fwd_eval holds 267 parameter tensors (90.0 MB) on 1 device; they stop crossing PCIe from here
Epoch 19/80: loss=0.897044 lr=0.000897
  epoch 19: val_acc = 3037/3925 = 77.375796%  top5 = 3771/3925 = 96.076433%  [95% CI 76.04–78.66]
    per-example top-1 bitmap -> runs/2026-08-31-imagenette-n3/bitmaps/resnet50_s1_e19.bin (3925 bytes)
  step 0/295: loss=0.832500
  step 1/295: loss=0.879453
  step 2/295: loss=1.089329
  step 100/295: loss=0.867677
  step 200/295: loss=0.776533
[pjrt_ffi] RESIDENT: @resnet50_fwd_eval holds 267 parameter tensors (90.0 MB) on 1 device; they stop crossing PCIe from here
Epoch 20/80: loss=0.882444 lr=0.000884
  epoch 20: val_acc = 2737/3925 = 69.732484%  top5 = 3772/3925 = 96.101911%  [95% CI 68.28–71.15]
    per-example top-1 bitmap -> runs/2026-08-31-imagenette-n3/bitmaps/resnet50_s1_e20.bin (3925 bytes)
  step 0/295: loss=0.861495
  step 1/295: loss=0.788993
  step 2/295: loss=0.808739
  step 100/295: loss=0.749780
  step 200/295: loss=0.820401
[pjrt_ffi] RESIDENT: @resnet50_fwd_eval holds 267 parameter tensors (90.0 MB) on 1 device; they stop crossing PCIe from here
Epoch 21/80: loss=0.872064 lr=0.000871
  epoch 21: val_acc = 2253/3925 = 57.401274%  top5 = 3629/3925 = 92.458599%  [95% CI 55.85–58.94]
    per-example top-1 bitmap -> runs/2026-08-31-imagenette-n3/bitmaps/resnet50_s1_e21.bin (3925 bytes)
  step 0/295: loss=0.835901
  step 1/295: loss=1.057211
  step 2/295: loss=0.928599
  step 100/295: loss=0.976121
  step 200/295: loss=0.861337
[pjrt_ffi] RESIDENT: @resnet50_fwd_eval holds 267 parameter tensors (90.0 MB) on 1 device; they stop crossing PCIe from here
Epoch 22/80: loss=0.863609 lr=0.000857
  epoch 22: val_acc = 2342/3925 = 59.668790%  top5 = 3671/3925 = 93.528662%  [95% CI 58.13–61.19]
    per-example top-1 bitmap -> runs/2026-08-31-imagenette-n3/bitmaps/resnet50_s1_e22.bin (3925 bytes)
  step 0/295: loss=1.014379
  step 1/295: loss=0.696705
  step 2/295: loss=0.839936
  step 100/295: loss=0.833399
  step 200/295: loss=0.883652
[pjrt_ffi] RESIDENT: @resnet50_fwd_eval holds 267 parameter tensors (90.0 MB) on 1 device; they stop crossing PCIe from here
Epoch 23/80: loss=0.846626 lr=0.000843
  epoch 23: val_acc = 2843/3925 = 72.433121%  top5 = 3799/3925 = 96.789809%  [95% CI 71.01–73.81]
    per-example top-1 bitmap -> runs/2026-08-31-imagenette-n3/bitmaps/resnet50_s1_e23.bin (3925 bytes)
  step 0/295: loss=0.829158
  step 1/295: loss=0.843112
  step 2/295: loss=0.693535
  step 100/295: loss=0.903095
  step 200/295: loss=0.962749
[pjrt_ffi] RESIDENT: @resnet50_fwd_eval holds 267 parameter tensors (90.0 MB) on 1 device; they stop crossing PCIe from here
Epoch 24/80: loss=0.832455 lr=0.000827
  epoch 24: val_acc = 3013/3925 = 76.764331%  top5 = 3791/3925 = 96.585987%  [95% CI 75.42–78.06]
    per-example top-1 bitmap -> runs/2026-08-31-imagenette-n3/bitmaps/resnet50_s1_e24.bin (3925 bytes)
  step 0/295: loss=0.729520
  step 1/295: loss=0.822050
  step 2/295: loss=0.806384
  step 100/295: loss=0.758031
  step 200/295: loss=0.799747
[pjrt_ffi] RESIDENT: @resnet50_fwd_eval holds 267 parameter tensors (90.0 MB) on 1 device; they stop crossing PCIe from here
Epoch 25/80: loss=0.817447 lr=0.000812
  epoch 25: val_acc = 3083/3925 = 78.547771%  top5 = 3807/3925 = 96.993631%  [95% CI 77.24–79.80]
    per-example top-1 bitmap -> runs/2026-08-31-imagenette-n3/bitmaps/resnet50_s1_e25.bin (3925 bytes)
  step 0/295: loss=0.724225
  step 1/295: loss=0.779352
  step 2/295: loss=0.779021
  step 100/295: loss=0.702783
  step 200/295: loss=0.941915
[pjrt_ffi] RESIDENT: @resnet50_fwd_eval holds 267 parameter tensors (90.0 MB) on 1 device; they stop crossing PCIe from here
Epoch 26/80: loss=0.800177 lr=0.000796
  epoch 26: val_acc = 2871/3925 = 73.146497%  top5 = 3756/3925 = 95.694268%  [95% CI 71.74–74.51]
    per-example top-1 bitmap -> runs/2026-08-31-imagenette-n3/bitmaps/resnet50_s1_e26.bin (3925 bytes)
  step 0/295: loss=0.790001
  step 1/295: loss=0.737919
  step 2/295: loss=0.673330
  step 100/295: loss=0.708826
  step 200/295: loss=0.786662
[pjrt_ffi] RESIDENT: @resnet50_fwd_eval holds 267 parameter tensors (90.0 MB) on 1 device; they stop crossing PCIe from here
Epoch 27/80: loss=0.790022 lr=0.000779
  epoch 27: val_acc = 2946/3925 = 75.057325%  top5 = 3779/3925 = 96.280255%  [95% CI 73.68–76.39]
    per-example top-1 bitmap -> runs/2026-08-31-imagenette-n3/bitmaps/resnet50_s1_e27.bin (3925 bytes)
  step 0/295: loss=0.669875
  step 1/295: loss=0.705659
  step 2/295: loss=0.829636
  step 100/295: loss=0.801894
  step 200/295: loss=0.826016
[pjrt_ffi] RESIDENT: @resnet50_fwd_eval holds 267 parameter tensors (90.0 MB) on 1 device; they stop crossing PCIe from here
Epoch 28/80: loss=0.772543 lr=0.000762
  epoch 28: val_acc = 3019/3925 = 76.917197%  top5 = 3822/3925 = 97.375796%  [95% CI 75.57–78.21]
    per-example top-1 bitmap -> runs/2026-08-31-imagenette-n3/bitmaps/resnet50_s1_e28.bin (3925 bytes)
  step 0/295: loss=0.631516
  step 1/295: loss=0.642140
  step 2/295: loss=0.621308
  step 100/295: loss=0.728601
  step 200/295: loss=0.678306
[pjrt_ffi] RESIDENT: @resnet50_fwd_eval holds 267 parameter tensors (90.0 MB) on 1 device; they stop crossing PCIe from here
Epoch 29/80: loss=0.768461 lr=0.000744
  epoch 29: val_acc = 3096/3925 = 78.878981%  top5 = 3831/3925 = 97.605096%  [95% CI 77.57–80.13]
    per-example top-1 bitmap -> runs/2026-08-31-imagenette-n3/bitmaps/resnet50_s1_e29.bin (3925 bytes)
  step 0/295: loss=0.704411
  step 1/295: loss=0.872591
  step 2/295: loss=0.806866
  step 100/295: loss=0.643217
  step 200/295: loss=0.745146
[pjrt_ffi] RESIDENT: @resnet50_fwd_eval holds 267 parameter tensors (90.0 MB) on 1 device; they stop crossing PCIe from here
Epoch 30/80: loss=0.744135 lr=0.000726
  epoch 30: val_acc = 3229/3925 = 82.267516%  top5 = 3842/3925 = 97.885350%  [95% CI 81.04–83.43]
    per-example top-1 bitmap -> runs/2026-08-31-imagenette-n3/bitmaps/resnet50_s1_e30.bin (3925 bytes)
  step 0/295: loss=0.727538
  step 1/295: loss=0.917548
  step 2/295: loss=0.817918
  step 100/295: loss=0.929066
  step 200/295: loss=0.860614
[pjrt_ffi] RESIDENT: @resnet50_fwd_eval holds 267 parameter tensors (90.0 MB) on 1 device; they stop crossing PCIe from here
Epoch 31/80: loss=0.740125 lr=0.000708
  epoch 31: val_acc = 3043/3925 = 77.528662%  top5 = 3824/3925 = 97.426752%  [95% CI 76.20–78.81]
    per-example top-1 bitmap -> runs/2026-08-31-imagenette-n3/bitmaps/resnet50_s1_e31.bin (3925 bytes)
  step 0/295: loss=0.620177
  step 1/295: loss=0.730594
  step 2/295: loss=0.763312
  step 100/295: loss=0.646652
  step 200/295: loss=0.637251
[pjrt_ffi] RESIDENT: @resnet50_fwd_eval holds 267 parameter tensors (90.0 MB) on 1 device; they stop crossing PCIe from here
Epoch 32/80: loss=0.710749 lr=0.000689
  epoch 32: val_acc = 3200/3925 = 81.528662%  top5 = 3843/3925 = 97.910828%  [95% CI 80.28–82.71]
    per-example top-1 bitmap -> runs/2026-08-31-imagenette-n3/bitmaps/resnet50_s1_e32.bin (3925 bytes)
  step 0/295: loss=0.626318
  step 1/295: loss=0.632178
  step 2/295: loss=0.718736
  step 100/295: loss=0.698084
  step 200/295: loss=0.836831
[pjrt_ffi] RESIDENT: @resnet50_fwd_eval holds 267 parameter tensors (90.0 MB) on 1 device; they stop crossing PCIe from here
Epoch 33/80: loss=0.705710 lr=0.000670
  epoch 33: val_acc = 3126/3925 = 79.643312%  top5 = 3802/3925 = 96.866242%  [95% CI 78.35–80.87]
    per-example top-1 bitmap -> runs/2026-08-31-imagenette-n3/bitmaps/resnet50_s1_e33.bin (3925 bytes)
  step 0/295: loss=0.593333
  step 1/295: loss=0.648240
  step 2/295: loss=0.615842
  step 100/295: loss=0.650421
  step 200/295: loss=0.715550
[pjrt_ffi] RESIDENT: @resnet50_fwd_eval holds 267 parameter tensors (90.0 MB) on 1 device; they stop crossing PCIe from here
Epoch 34/80: loss=0.686791 lr=0.000651
  epoch 34: val_acc = 3183/3925 = 81.095541%  top5 = 3837/3925 = 97.757962%  [95% CI 79.84–82.29]
    per-example top-1 bitmap -> runs/2026-08-31-imagenette-n3/bitmaps/resnet50_s1_e34.bin (3925 bytes)
  step 0/295: loss=0.677994
  step 1/295: loss=0.672218
  step 2/295: loss=0.698984
  step 100/295: loss=0.750086
  step 200/295: loss=0.572476
[pjrt_ffi] RESIDENT: @resnet50_fwd_eval holds 267 parameter tensors (90.0 MB) on 1 device; they stop crossing PCIe from here
Epoch 35/80: loss=0.685940 lr=0.000631
  epoch 35: val_acc = 3243/3925 = 82.624204%  top5 = 3837/3925 = 97.757962%  [95% CI 81.41–83.78]
    per-example top-1 bitmap -> runs/2026-08-31-imagenette-n3/bitmaps/resnet50_s1_e35.bin (3925 bytes)
  step 0/295: loss=0.622994
  step 1/295: loss=0.664570
  step 2/295: loss=0.641785
  step 100/295: loss=0.615368
  step 200/295: loss=0.631275
[pjrt_ffi] RESIDENT: @resnet50_fwd_eval holds 267 parameter tensors (90.0 MB) on 1 device; they stop crossing PCIe from here
Epoch 36/80: loss=0.663893 lr=0.000611
  epoch 36: val_acc = 3255/3925 = 82.929936%  top5 = 3844/3925 = 97.936306%  [95% CI 81.72–84.07]
    per-example top-1 bitmap -> runs/2026-08-31-imagenette-n3/bitmaps/resnet50_s1_e36.bin (3925 bytes)
  step 0/295: loss=0.575725
  step 1/295: loss=0.712612
  step 2/295: loss=0.637354
  step 100/295: loss=0.731575
  step 200/295: loss=0.687812
[pjrt_ffi] RESIDENT: @resnet50_fwd_eval holds 267 parameter tensors (90.0 MB) on 1 device; they stop crossing PCIe from here
Epoch 37/80: loss=0.669067 lr=0.000591
  epoch 37: val_acc = 3344/3925 = 85.197452%  top5 = 3846/3925 = 97.987261%  [95% CI 84.05–86.27]
    per-example top-1 bitmap -> runs/2026-08-31-imagenette-n3/bitmaps/resnet50_s1_e37.bin (3925 bytes)
  step 0/295: loss=0.564206
  step 1/295: loss=0.564267
  step 2/295: loss=0.589679
  step 100/295: loss=0.551745
  step 200/295: loss=0.587930
[pjrt_ffi] RESIDENT: @resnet50_fwd_eval holds 267 parameter tensors (90.0 MB) on 1 device; they stop crossing PCIe from here
Epoch 38/80: loss=0.640411 lr=0.000571
  epoch 38: val_acc = 2986/3925 = 76.076433%  top5 = 3785/3925 = 96.433121%  [95% CI 74.72–77.39]
    per-example top-1 bitmap -> runs/2026-08-31-imagenette-n3/bitmaps/resnet50_s1_e38.bin (3925 bytes)
  step 0/295: loss=0.588105
  step 1/295: loss=0.623424
  step 2/295: loss=0.581959
  step 100/295: loss=0.604371
  step 200/295: loss=0.649001
[pjrt_ffi] RESIDENT: @resnet50_fwd_eval holds 267 parameter tensors (90.0 MB) on 1 device; they stop crossing PCIe from here
Epoch 39/80: loss=0.627676 lr=0.000551
  epoch 39: val_acc = 3174/3925 = 80.866242%  top5 = 3795/3925 = 96.687898%  [95% CI 79.61–82.07]
    per-example top-1 bitmap -> runs/2026-08-31-imagenette-n3/bitmaps/resnet50_s1_e39.bin (3925 bytes)
  step 0/295: loss=0.595112
  step 1/295: loss=0.616615
  step 2/295: loss=0.728134
  step 100/295: loss=0.646746
  step 200/295: loss=0.590051
[pjrt_ffi] RESIDENT: @resnet50_fwd_eval holds 267 parameter tensors (90.0 MB) on 1 device; they stop crossing PCIe from here
Epoch 40/80: loss=0.620185 lr=0.000531
  epoch 40: val_acc = 3385/3925 = 86.242038%  top5 = 3868/3925 = 98.547771%  [95% CI 85.13–87.28]
    per-example top-1 bitmap -> runs/2026-08-31-imagenette-n3/bitmaps/resnet50_s1_e40.bin (3925 bytes)
  step 0/295: loss=0.578003
  step 1/295: loss=0.599041
  step 2/295: loss=0.554202
  step 100/295: loss=0.566441
  step 200/295: loss=0.588777
[pjrt_ffi] RESIDENT: @resnet50_fwd_eval holds 267 parameter tensors (90.0 MB) on 1 device; they stop crossing PCIe from here
Epoch 41/80: loss=0.604773 lr=0.000510
  epoch 41: val_acc = 3248/3925 = 82.751592%  top5 = 3834/3925 = 97.681529%  [95% CI 81.54–83.90]
    per-example top-1 bitmap -> runs/2026-08-31-imagenette-n3/bitmaps/resnet50_s1_e41.bin (3925 bytes)
  step 0/295: loss=0.582053
  step 1/295: loss=0.551639
  step 2/295: loss=0.602153
  step 100/295: loss=0.609444
  step 200/295: loss=0.706435
[pjrt_ffi] RESIDENT: @resnet50_fwd_eval holds 267 parameter tensors (90.0 MB) on 1 device; they stop crossing PCIe from here
Epoch 42/80: loss=0.603215 lr=0.000490
  epoch 42: val_acc = 3301/3925 = 84.101911%  top5 = 3856/3925 = 98.242038%  [95% CI 82.92–85.21]
    per-example top-1 bitmap -> runs/2026-08-31-imagenette-n3/bitmaps/resnet50_s1_e42.bin (3925 bytes)
  step 0/295: loss=0.589475
  step 1/295: loss=0.623302
  step 2/295: loss=0.545308
  step 100/295: loss=0.549633
  step 200/295: loss=0.535187
[pjrt_ffi] RESIDENT: @resnet50_fwd_eval holds 267 parameter tensors (90.0 MB) on 1 device; they stop crossing PCIe from here
Epoch 43/80: loss=0.587899 lr=0.000469
  epoch 43: val_acc = 3275/3925 = 83.439490%  top5 = 3833/3925 = 97.656051%  [95% CI 82.24–84.57]
    per-example top-1 bitmap -> runs/2026-08-31-imagenette-n3/bitmaps/resnet50_s1_e43.bin (3925 bytes)
  step 0/295: loss=0.584188
  step 1/295: loss=0.590071
  step 2/295: loss=0.707090
  step 100/295: loss=0.620993
  step 200/295: loss=0.562079
[pjrt_ffi] RESIDENT: @resnet50_fwd_eval holds 267 parameter tensors (90.0 MB) on 1 device; they stop crossing PCIe from here
Epoch 44/80: loss=0.574645 lr=0.000449
  epoch 44: val_acc = 3274/3925 = 83.414013%  top5 = 3856/3925 = 98.242038%  [95% CI 82.22–84.54]
    per-example top-1 bitmap -> runs/2026-08-31-imagenette-n3/bitmaps/resnet50_s1_e44.bin (3925 bytes)
  step 0/295: loss=0.553221
  step 1/295: loss=0.538717
  step 2/295: loss=0.570319
  step 100/295: loss=0.638816
  step 200/295: loss=0.559503
[pjrt_ffi] RESIDENT: @resnet50_fwd_eval holds 267 parameter tensors (90.0 MB) on 1 device; they stop crossing PCIe from here
Epoch 45/80: loss=0.582367 lr=0.000429
  epoch 45: val_acc = 3411/3925 = 86.904459%  top5 = 3872/3925 = 98.649682%  [95% CI 85.81–87.92]
    per-example top-1 bitmap -> runs/2026-08-31-imagenette-n3/bitmaps/resnet50_s1_e45.bin (3925 bytes)
  step 0/295: loss=0.547419
  step 1/295: loss=0.542715
  step 2/295: loss=0.554519
  step 100/295: loss=0.576866
  step 200/295: loss=0.565374
[pjrt_ffi] RESIDENT: @resnet50_fwd_eval holds 267 parameter tensors (90.0 MB) on 1 device; they stop crossing PCIe from here
Epoch 46/80: loss=0.568196 lr=0.000409
  epoch 46: val_acc = 3376/3925 = 86.012739%  top5 = 3846/3925 = 97.987261%  [95% CI 84.89–87.06]
    per-example top-1 bitmap -> runs/2026-08-31-imagenette-n3/bitmaps/resnet50_s1_e46.bin (3925 bytes)
  step 0/295: loss=0.569763
  step 1/295: loss=0.544857
  step 2/295: loss=0.614373
  step 100/295: loss=0.579198
  step 200/295: loss=0.522969
[pjrt_ffi] RESIDENT: @resnet50_fwd_eval holds 267 parameter tensors (90.0 MB) on 1 device; they stop crossing PCIe from here
Epoch 47/80: loss=0.555006 lr=0.000389
  epoch 47: val_acc = 3355/3925 = 85.477707%  top5 = 3849/3925 = 98.063694%  [95% CI 84.34–86.55]
    per-example top-1 bitmap -> runs/2026-08-31-imagenette-n3/bitmaps/resnet50_s1_e47.bin (3925 bytes)
  step 0/295: loss=0.529064
  step 1/295: loss=0.530737
  step 2/295: loss=0.540962
  step 100/295: loss=0.528744
  step 200/295: loss=0.620107
[pjrt_ffi] RESIDENT: @resnet50_fwd_eval holds 267 parameter tensors (90.0 MB) on 1 device; they stop crossing PCIe from here
Epoch 48/80: loss=0.556458 lr=0.000369
  epoch 48: val_acc = 3374/3925 = 85.961783%  top5 = 3854/3925 = 98.191083%  [95% CI 84.84–87.01]
    per-example top-1 bitmap -> runs/2026-08-31-imagenette-n3/bitmaps/resnet50_s1_e48.bin (3925 bytes)
  step 0/295: loss=0.529126
  step 1/295: loss=0.527417
  step 2/295: loss=0.527073
  step 100/295: loss=0.572992
  step 200/295: loss=0.529907
[pjrt_ffi] RESIDENT: @resnet50_fwd_eval holds 267 parameter tensors (90.0 MB) on 1 device; they stop crossing PCIe from here
Epoch 49/80: loss=0.553609 lr=0.000349
  epoch 49: val_acc = 3349/3925 = 85.324841%  top5 = 3861/3925 = 98.369427%  [95% CI 84.18–86.40]
    per-example top-1 bitmap -> runs/2026-08-31-imagenette-n3/bitmaps/resnet50_s1_e49.bin (3925 bytes)
  step 0/295: loss=0.525153
  step 1/295: loss=0.524402
  step 2/295: loss=0.539849
  step 100/295: loss=0.532675
  step 200/295: loss=0.543818
[pjrt_ffi] RESIDENT: @resnet50_fwd_eval holds 267 parameter tensors (90.0 MB) on 1 device; they stop crossing PCIe from here
Epoch 50/80: loss=0.547960 lr=0.000330
  epoch 50: val_acc = 3427/3925 = 87.312102%  top5 = 3856/3925 = 98.242038%  [95% CI 86.23–88.32]
    per-example top-1 bitmap -> runs/2026-08-31-imagenette-n3/bitmaps/resnet50_s1_e50.bin (3925 bytes)
  step 0/295: loss=0.515559
  step 1/295: loss=0.522555
  step 2/295: loss=0.522606
  step 100/295: loss=0.519337
  step 200/295: loss=0.548545
[pjrt_ffi] RESIDENT: @resnet50_fwd_eval holds 267 parameter tensors (90.0 MB) on 1 device; they stop crossing PCIe from here
Epoch 51/80: loss=0.546053 lr=0.000311
  epoch 51: val_acc = 3455/3925 = 88.025478%  top5 = 3864/3925 = 98.445860%  [95% CI 86.97–89.00]
    per-example top-1 bitmap -> runs/2026-08-31-imagenette-n3/bitmaps/resnet50_s1_e51.bin (3925 bytes)
  step 0/295: loss=0.532565
  step 1/295: loss=0.548757
  step 2/295: loss=0.602820
  step 100/295: loss=0.523478
  step 200/295: loss=0.524100
[pjrt_ffi] RESIDENT: @resnet50_fwd_eval holds 267 parameter tensors (90.0 MB) on 1 device; they stop crossing PCIe from here
Epoch 52/80: loss=0.538592 lr=0.000292
  epoch 52: val_acc = 3394/3925 = 86.471338%  top5 = 3844/3925 = 97.936306%  [95% CI 85.37–87.51]
    per-example top-1 bitmap -> runs/2026-08-31-imagenette-n3/bitmaps/resnet50_s1_e52.bin (3925 bytes)
  step 0/295: loss=0.514669
  step 1/295: loss=0.529165
  step 2/295: loss=0.520516
  step 100/295: loss=0.581090
  step 200/295: loss=0.522826
[pjrt_ffi] RESIDENT: @resnet50_fwd_eval holds 267 parameter tensors (90.0 MB) on 1 device; they stop crossing PCIe from here
Epoch 53/80: loss=0.530888 lr=0.000274
  epoch 53: val_acc = 3459/3925 = 88.127389%  top5 = 3869/3925 = 98.573248%  [95% CI 87.08–89.10]
    per-example top-1 bitmap -> runs/2026-08-31-imagenette-n3/bitmaps/resnet50_s1_e53.bin (3925 bytes)
  step 0/295: loss=0.520127
  step 1/295: loss=0.521419
  step 2/295: loss=0.556711
  step 100/295: loss=0.513883
  step 200/295: loss=0.550288
[pjrt_ffi] RESIDENT: @resnet50_fwd_eval holds 267 parameter tensors (90.0 MB) on 1 device; they stop crossing PCIe from here
Epoch 54/80: loss=0.528315 lr=0.000256
  epoch 54: val_acc = 3448/3925 = 87.847134%  top5 = 3873/3925 = 98.675159%  [95% CI 86.79–88.83]
    per-example top-1 bitmap -> runs/2026-08-31-imagenette-n3/bitmaps/resnet50_s1_e54.bin (3925 bytes)
  step 0/295: loss=0.544024
  step 1/295: loss=0.538952
  step 2/295: loss=0.522258
  step 100/295: loss=0.519915
  step 200/295: loss=0.516028
[pjrt_ffi] RESIDENT: @resnet50_fwd_eval holds 267 parameter tensors (90.0 MB) on 1 device; they stop crossing PCIe from here
Epoch 55/80: loss=0.524995 lr=0.000238
  epoch 55: val_acc = 3459/3925 = 88.127389%  top5 = 3873/3925 = 98.675159%  [95% CI 87.08–89.10]
    per-example top-1 bitmap -> runs/2026-08-31-imagenette-n3/bitmaps/resnet50_s1_e55.bin (3925 bytes)
  step 0/295: loss=0.507891
  step 1/295: loss=0.534889
  step 2/295: loss=0.511929
  step 100/295: loss=0.513395
  step 200/295: loss=0.561284
[pjrt_ffi] RESIDENT: @resnet50_fwd_eval holds 267 parameter tensors (90.0 MB) on 1 device; they stop crossing PCIe from here
Epoch 56/80: loss=0.524511 lr=0.000221
  epoch 56: val_acc = 3463/3925 = 88.229299%  top5 = 3864/3925 = 98.445860%  [95% CI 87.18–89.20]
    per-example top-1 bitmap -> runs/2026-08-31-imagenette-n3/bitmaps/resnet50_s1_e56.bin (3925 bytes)
  step 0/295: loss=0.510217
  step 1/295: loss=0.510785
  step 2/295: loss=0.509975
  step 100/295: loss=0.531900
  step 200/295: loss=0.509703
[pjrt_ffi] RESIDENT: @resnet50_fwd_eval holds 267 parameter tensors (90.0 MB) on 1 device; they stop crossing PCIe from here
Epoch 57/80: loss=0.521275 lr=0.000204
  epoch 57: val_acc = 3464/3925 = 88.254777%  top5 = 3868/3925 = 98.547771%  [95% CI 87.21–89.22]
    per-example top-1 bitmap -> runs/2026-08-31-imagenette-n3/bitmaps/resnet50_s1_e57.bin (3925 bytes)
  step 0/295: loss=0.516238
  step 1/295: loss=0.515474
  step 2/295: loss=0.507802
  step 100/295: loss=0.508048
  step 200/295: loss=0.512358
[pjrt_ffi] RESIDENT: @resnet50_fwd_eval holds 267 parameter tensors (90.0 MB) on 1 device; they stop crossing PCIe from here
Epoch 58/80: loss=0.522661 lr=0.000188
  epoch 58: val_acc = 3461/3925 = 88.178344%  top5 = 3868/3925 = 98.547771%  [95% CI 87.13–89.15]
    per-example top-1 bitmap -> runs/2026-08-31-imagenette-n3/bitmaps/resnet50_s1_e58.bin (3925 bytes)
  step 0/295: loss=0.507762
  step 1/295: loss=0.509995
  step 2/295: loss=0.517136
  step 100/295: loss=0.519073
  step 200/295: loss=0.512996
[pjrt_ffi] RESIDENT: @resnet50_fwd_eval holds 267 parameter tensors (90.0 MB) on 1 device; they stop crossing PCIe from here
Epoch 59/80: loss=0.520074 lr=0.000173
  epoch 59: val_acc = 3455/3925 = 88.025478%  top5 = 3874/3925 = 98.700637%  [95% CI 86.97–89.00]
    per-example top-1 bitmap -> runs/2026-08-31-imagenette-n3/bitmaps/resnet50_s1_e59.bin (3925 bytes)
  step 0/295: loss=0.506719
  step 1/295: loss=0.513214
  step 2/295: loss=0.554914
  step 100/295: loss=0.510384
  step 200/295: loss=0.515173
[pjrt_ffi] RESIDENT: @resnet50_fwd_eval holds 267 parameter tensors (90.0 MB) on 1 device; they stop crossing PCIe from here
Epoch 60/80: loss=0.516520 lr=0.000157
  epoch 60: val_acc = 3477/3925 = 88.585987%  top5 = 3877/3925 = 98.777070%  [95% CI 87.55–89.54]
    per-example top-1 bitmap -> runs/2026-08-31-imagenette-n3/bitmaps/resnet50_s1_e60.bin (3925 bytes)
  step 0/295: loss=0.518379
  step 1/295: loss=0.515519
  step 2/295: loss=0.506677
  step 100/295: loss=0.505679
  step 200/295: loss=0.505742
[pjrt_ffi] RESIDENT: @resnet50_fwd_eval holds 267 parameter tensors (90.0 MB) on 1 device; they stop crossing PCIe from here
Epoch 61/80: loss=0.511656 lr=0.000143
  epoch 61: val_acc = 3508/3925 = 89.375796%  top5 = 3885/3925 = 98.980892%  [95% CI 88.37–90.30]
    per-example top-1 bitmap -> runs/2026-08-31-imagenette-n3/bitmaps/resnet50_s1_e61.bin (3925 bytes)
  step 0/295: loss=0.505759
  step 1/295: loss=0.510231
  step 2/295: loss=0.507632
  step 100/295: loss=0.506525
  step 200/295: loss=0.528968
[pjrt_ffi] RESIDENT: @resnet50_fwd_eval holds 267 parameter tensors (90.0 MB) on 1 device; they stop crossing PCIe from here
Epoch 62/80: loss=0.512210 lr=0.000129
  epoch 62: val_acc = 3429/3925 = 87.363057%  top5 = 3870/3925 = 98.598726%  [95% CI 86.29–88.37]
    per-example top-1 bitmap -> runs/2026-08-31-imagenette-n3/bitmaps/resnet50_s1_e62.bin (3925 bytes)
  step 0/295: loss=0.506666
  step 1/295: loss=0.504679
  step 2/295: loss=0.506187
  step 100/295: loss=0.512484
  step 200/295: loss=0.503543
[pjrt_ffi] RESIDENT: @resnet50_fwd_eval holds 267 parameter tensors (90.0 MB) on 1 device; they stop crossing PCIe from here
Epoch 63/80: loss=0.510543 lr=0.000116
  epoch 63: val_acc = 3460/3925 = 88.152866%  top5 = 3870/3925 = 98.598726%  [95% CI 87.10–89.13]
    per-example top-1 bitmap -> runs/2026-08-31-imagenette-n3/bitmaps/resnet50_s1_e63.bin (3925 bytes)
  step 0/295: loss=0.509324
  step 1/295: loss=0.526952
  step 2/295: loss=0.509681
  step 100/295: loss=0.503220
  step 200/295: loss=0.505480
[pjrt_ffi] RESIDENT: @resnet50_fwd_eval holds 267 parameter tensors (90.0 MB) on 1 device; they stop crossing PCIe from here
Epoch 64/80: loss=0.508387 lr=0.000103
  epoch 64: val_acc = 3466/3925 = 88.305732%  top5 = 3869/3925 = 98.573248%  [95% CI 87.26–89.27]
    per-example top-1 bitmap -> runs/2026-08-31-imagenette-n3/bitmaps/resnet50_s1_e64.bin (3925 bytes)
  step 0/295: loss=0.505680
  step 1/295: loss=0.512768
  step 2/295: loss=0.504462
  step 100/295: loss=0.505315
  step 200/295: loss=0.507376
[pjrt_ffi] RESIDENT: @resnet50_fwd_eval holds 267 parameter tensors (90.0 MB) on 1 device; they stop crossing PCIe from here
Epoch 65/80: loss=0.507633 lr=0.000091
  epoch 65: val_acc = 3503/3925 = 89.248408%  top5 = 3880/3925 = 98.853503%  [95% CI 88.24–90.18]
    per-example top-1 bitmap -> runs/2026-08-31-imagenette-n3/bitmaps/resnet50_s1_e65.bin (3925 bytes)
  step 0/295: loss=0.504281
  step 1/295: loss=0.505537
  step 2/295: loss=0.502482
  step 100/295: loss=0.513747
  step 200/295: loss=0.503574
[pjrt_ffi] RESIDENT: @resnet50_fwd_eval holds 267 parameter tensors (90.0 MB) on 1 device; they stop crossing PCIe from here
Epoch 66/80: loss=0.507361 lr=0.000079
  epoch 66: val_acc = 3499/3925 = 89.146497%  top5 = 3881/3925 = 98.878981%  [95% CI 88.13–90.08]
    per-example top-1 bitmap -> runs/2026-08-31-imagenette-n3/bitmaps/resnet50_s1_e66.bin (3925 bytes)
  step 0/295: loss=0.504693
  step 1/295: loss=0.509387
  step 2/295: loss=0.506995
  step 100/295: loss=0.504781
  step 200/295: loss=0.504744
[pjrt_ffi] RESIDENT: @resnet50_fwd_eval holds 267 parameter tensors (90.0 MB) on 1 device; they stop crossing PCIe from here
Epoch 67/80: loss=0.506979 lr=0.000069
  epoch 67: val_acc = 3500/3925 = 89.171975%  top5 = 3879/3925 = 98.828025%  [95% CI 88.16–90.11]
    per-example top-1 bitmap -> runs/2026-08-31-imagenette-n3/bitmaps/resnet50_s1_e67.bin (3925 bytes)
  step 0/295: loss=0.508952
  step 1/295: loss=0.506854
  step 2/295: loss=0.504477
  step 100/295: loss=0.507352
  step 200/295: loss=0.507428
[pjrt_ffi] RESIDENT: @resnet50_fwd_eval holds 267 parameter tensors (90.0 MB) on 1 device; they stop crossing PCIe from here
Epoch 68/80: loss=0.505813 lr=0.000059
  epoch 68: val_acc = 3492/3925 = 88.968153%  top5 = 3879/3925 = 98.828025%  [95% CI 87.95–89.91]
    per-example top-1 bitmap -> runs/2026-08-31-imagenette-n3/bitmaps/resnet50_s1_e68.bin (3925 bytes)
  step 0/295: loss=0.507068
  step 1/295: loss=0.508960
  step 2/295: loss=0.503365
  step 100/295: loss=0.503857
  step 200/295: loss=0.504109
[pjrt_ffi] RESIDENT: @resnet50_fwd_eval holds 267 parameter tensors (90.0 MB) on 1 device; they stop crossing PCIe from here
Epoch 69/80: loss=0.505344 lr=0.000050
  epoch 69: val_acc = 3507/3925 = 89.350318%  top5 = 3879/3925 = 98.828025%  [95% CI 88.35–90.28]
    per-example top-1 bitmap -> runs/2026-08-31-imagenette-n3/bitmaps/resnet50_s1_e69.bin (3925 bytes)
  step 0/295: loss=0.505119
  step 1/295: loss=0.503286
  step 2/295: loss=0.510776
  step 100/295: loss=0.505087
  step 200/295: loss=0.507586
[pjrt_ffi] RESIDENT: @resnet50_fwd_eval holds 267 parameter tensors (90.0 MB) on 1 device; they stop crossing PCIe from here
Epoch 70/80: loss=0.505190 lr=0.000041
  epoch 70: val_acc = 3512/3925 = 89.477707%  top5 = 3879/3925 = 98.828025%  [95% CI 88.48–90.40]
    per-example top-1 bitmap -> runs/2026-08-31-imagenette-n3/bitmaps/resnet50_s1_e70.bin (3925 bytes)
  step 0/295: loss=0.502628
  step 1/295: loss=0.503980
  step 2/295: loss=0.504281
  step 100/295: loss=0.508840
  step 200/295: loss=0.503450
[pjrt_ffi] RESIDENT: @resnet50_fwd_eval holds 267 parameter tensors (90.0 MB) on 1 device; they stop crossing PCIe from here
Epoch 71/80: loss=0.504541 lr=0.000033
  epoch 71: val_acc = 3488/3925 = 88.866242%  top5 = 3881/3925 = 98.878981%  [95% CI 87.84–89.81]
    per-example top-1 bitmap -> runs/2026-08-31-imagenette-n3/bitmaps/resnet50_s1_e71.bin (3925 bytes)
  step 0/295: loss=0.511773
  step 1/295: loss=0.502729
  step 2/295: loss=0.504145
  step 100/295: loss=0.506555
  step 200/295: loss=0.504162
[pjrt_ffi] RESIDENT: @resnet50_fwd_eval holds 267 parameter tensors (90.0 MB) on 1 device; they stop crossing PCIe from here
Epoch 72/80: loss=0.504618 lr=0.000026
  epoch 72: val_acc = 3514/3925 = 89.528662%  top5 = 3877/3925 = 98.777070%  [95% CI 88.53–90.45]
    per-example top-1 bitmap -> runs/2026-08-31-imagenette-n3/bitmaps/resnet50_s1_e72.bin (3925 bytes)
  step 0/295: loss=0.502945
  step 1/295: loss=0.505379
  step 2/295: loss=0.503137
  step 100/295: loss=0.509718
  step 200/295: loss=0.503188
[pjrt_ffi] RESIDENT: @resnet50_fwd_eval holds 267 parameter tensors (90.0 MB) on 1 device; they stop crossing PCIe from here
Epoch 73/80: loss=0.504518 lr=0.000020
  epoch 73: val_acc = 3508/3925 = 89.375796%  top5 = 3880/3925 = 98.853503%  [95% CI 88.37–90.30]
    per-example top-1 bitmap -> runs/2026-08-31-imagenette-n3/bitmaps/resnet50_s1_e73.bin (3925 bytes)
  step 0/295: loss=0.503541
  step 1/295: loss=0.502152
  step 2/295: loss=0.502393
  step 100/295: loss=0.502743
  step 200/295: loss=0.502671
[pjrt_ffi] RESIDENT: @resnet50_fwd_eval holds 267 parameter tensors (90.0 MB) on 1 device; they stop crossing PCIe from here
Epoch 74/80: loss=0.504179 lr=0.000015
  epoch 74: val_acc = 3513/3925 = 89.503185%  top5 = 3882/3925 = 98.904459%  [95% CI 88.51–90.42]
    per-example top-1 bitmap -> runs/2026-08-31-imagenette-n3/bitmaps/resnet50_s1_e74.bin (3925 bytes)
  step 0/295: loss=0.502175
  step 1/295: loss=0.502424
  step 2/295: loss=0.502768
  step 100/295: loss=0.503353
  step 200/295: loss=0.503372
[pjrt_ffi] RESIDENT: @resnet50_fwd_eval holds 267 parameter tensors (90.0 MB) on 1 device; they stop crossing PCIe from here
Epoch 75/80: loss=0.504032 lr=0.000010
  epoch 75: val_acc = 3512/3925 = 89.477707%  top5 = 3880/3925 = 98.853503%  [95% CI 88.48–90.40]
    per-example top-1 bitmap -> runs/2026-08-31-imagenette-n3/bitmaps/resnet50_s1_e75.bin (3925 bytes)
  step 0/295: loss=0.502267
  step 1/295: loss=0.503962
  step 2/295: loss=0.503713
  step 100/295: loss=0.521040
  step 200/295: loss=0.502674
[pjrt_ffi] RESIDENT: @resnet50_fwd_eval holds 267 parameter tensors (90.0 MB) on 1 device; they stop crossing PCIe from here
Epoch 76/80: loss=0.503677 lr=0.000007
  epoch 76: val_acc = 3518/3925 = 89.630573%  top5 = 3881/3925 = 98.878981%  [95% CI 88.64–90.55]
    per-example top-1 bitmap -> runs/2026-08-31-imagenette-n3/bitmaps/resnet50_s1_e76.bin (3925 bytes)
  step 0/295: loss=0.502742
  step 1/295: loss=0.502414
  step 2/295: loss=0.503981
  step 100/295: loss=0.504168
  step 200/295: loss=0.503022
[pjrt_ffi] RESIDENT: @resnet50_fwd_eval holds 267 parameter tensors (90.0 MB) on 1 device; they stop crossing PCIe from here
Epoch 77/80: loss=0.503547 lr=0.000004
  epoch 77: val_acc = 3511/3925 = 89.452229%  top5 = 3882/3925 = 98.904459%  [95% CI 88.45–90.37]
    per-example top-1 bitmap -> runs/2026-08-31-imagenette-n3/bitmaps/resnet50_s1_e77.bin (3925 bytes)
  step 0/295: loss=0.502321
  step 1/295: loss=0.506131
  step 2/295: loss=0.502345
  step 100/295: loss=0.502624
  step 200/295: loss=0.502041
[pjrt_ffi] RESIDENT: @resnet50_fwd_eval holds 267 parameter tensors (90.0 MB) on 1 device; they stop crossing PCIe from here
Epoch 78/80: loss=0.503395 lr=0.000002
  epoch 78: val_acc = 3515/3925 = 89.554140%  top5 = 3880/3925 = 98.853503%  [95% CI 88.56–90.47]
    per-example top-1 bitmap -> runs/2026-08-31-imagenette-n3/bitmaps/resnet50_s1_e78.bin (3925 bytes)
  step 0/295: loss=0.501969
  step 1/295: loss=0.504416
  step 2/295: loss=0.502091
  step 100/295: loss=0.502403
  step 200/295: loss=0.502612
[pjrt_ffi] RESIDENT: @resnet50_fwd_eval holds 267 parameter tensors (90.0 MB) on 1 device; they stop crossing PCIe from here
Epoch 79/80: loss=0.503823 lr=0.000000
  epoch 79: val_acc = 3519/3925 = 89.656051%  top5 = 3882/3925 = 98.904459%  [95% CI 88.66–90.57]
    per-example top-1 bitmap -> runs/2026-08-31-imagenette-n3/bitmaps/resnet50_s1_e79.bin (3925 bytes)
  step 0/295: loss=0.502826
  step 1/295: loss=0.502893
  step 2/295: loss=0.502861
  step 100/295: loss=0.504065
  step 200/295: loss=0.503432
[pjrt_ffi] RESIDENT: @resnet50_fwd_eval holds 267 parameter tensors (90.0 MB) on 1 device; they stop crossing PCIe from here
Epoch 80/80: loss=0.503703 lr=0.000000
  epoch 80: val_acc = 3520/3925 = 89.681529%  top5 = 3880/3925 = 98.853503%  [95% CI 88.69–90.59]
    per-example top-1 bitmap -> runs/2026-08-31-imagenette-n3/bitmaps/resnet50_s1_e80.bin (3925 bytes)
done (trained ResNet-50 (Imagenette) adam + cosine/warmup via packed threading).
