MobileNetV4-Conv-M data-parallel gate — duplicated batch
  single : verified_mlir/mnv4in_emaacc8x128wxdowd005bf16_train_step.mlir   (bs 128)
  DP     : verified_mlir/mnv4in_emaaccdp8x128wxdowd005bf16_train_step.mlir (4 replicas, global 512 = the same 128 examples 4 times)
  233 params (9715512 floats), 77 BN layers (67904 stat floats), backend xla
  running single-device…
I0925 02:56:58.979096 2980647 service.cc:154] XLA service 0x79d7cc031360 initialized for platform CUDA (this does not guarantee that XLA will be used). Devices:
I0925 02:56:58.979151 2980647 service.cc:170]   StreamExecutor [0]: NVIDIA GeForce RTX 4060 Ti, Compute Capability 8.9 (Driver: 12.9.0[575.57.8]; Runtime: 12.9.0; Toolkit: 12.9.0; DNN: 9.23.2)
I0925 02:56:58.979159 2980647 service.cc:170]   StreamExecutor [1]: NVIDIA GeForce RTX 4060 Ti, Compute Capability 8.9 (Driver: 12.9.0[575.57.8]; Runtime: 12.9.0; Toolkit: 12.9.0; DNN: 9.23.2)
I0925 02:56:58.979166 2980647 service.cc:170]   StreamExecutor [2]: NVIDIA GeForce RTX 4060 Ti, Compute Capability 8.9 (Driver: 12.9.0[575.57.8]; Runtime: 12.9.0; Toolkit: 12.9.0; DNN: 9.23.2)
I0925 02:56:58.979172 2980647 service.cc:170]   StreamExecutor [3]: NVIDIA GeForce RTX 4060 Ti, Compute Capability 8.9 (Driver: 12.9.0[575.57.8]; Runtime: 12.9.0; Toolkit: 12.9.0; DNN: 9.23.2)
I0925 02:56:58.982404 2980647 se_gpu_pjrt_client.cc:1342] Using BFC allocator.
I0925 02:56:58.982454 2980647 gpu_helpers.cc:162] XLA backend allocating 11.68GiB (12543066112 bytes) on device 0 for BFCAllocator.
I0925 02:56:58.982500 2980647 gpu_helpers.cc:162] XLA backend allocating 11.68GiB (12543066112 bytes) on device 1 for BFCAllocator.
I0925 02:56:58.982519 2980647 gpu_helpers.cc:162] XLA backend allocating 11.68GiB (12543066112 bytes) on device 2 for BFCAllocator.
I0925 02:56:58.982536 2980647 gpu_helpers.cc:162] XLA backend allocating 11.68GiB (12543066112 bytes) on device 3 for BFCAllocator.
I0925 02:56:58.992338 2980647 cuda_dnn.cc:440] Loaded cuDNN version 92302
[pjrt_ffi] XLA backend: PJRT 0.114, 4 device(s)
[pjrt_ffi] command buffers: enabled (CUDA default)
E0925 02:57:03.523680 2980697 cuda_timer.cc:88] Delay kernel timed out: measured time has sub-optimal accuracy. There may be a missing warmup execution, please investigate in Nsight Systems.
E0925 02:57:04.535809 2980697 cuda_timer.cc:88] Delay kernel timed out: measured time has sub-optimal accuracy. There may be a missing warmup execution, please investigate in Nsight Systems.
E0925 02:57:07.575064 2980705 cuda_timer.cc:88] Delay kernel timed out: measured time has sub-optimal accuracy. There may be a missing warmup execution, please investigate in Nsight Systems.
I0925 02:57:07.845552 2980694 subprocess_compilation.cc:349] ptxas warning : Registers are spilled to local memory in function 'gemm_fusion_dot_2', 88 bytes spill stores, 56 bytes spill loads

I0925 02:57:08.038574 2980692 subprocess_compilation.cc:349] ptxas warning : Registers are spilled to local memory in function 'gemm_fusion_dot_2', 80 bytes spill stores, 48 bytes spill loads

E0925 02:57:08.575404 2980705 cuda_timer.cc:88] Delay kernel timed out: measured time has sub-optimal accuracy. There may be a missing warmup execution, please investigate in Nsight Systems.
E0925 02:57:11.976201 2980703 cuda_timer.cc:88] Delay kernel timed out: measured time has sub-optimal accuracy. There may be a missing warmup execution, please investigate in Nsight Systems.
E0925 02:57:13.459346 2980703 cuda_timer.cc:88] Delay kernel timed out: measured time has sub-optimal accuracy. There may be a missing warmup execution, please investigate in Nsight Systems.
E0925 02:57:15.421910 2980703 cuda_timer.cc:88] Delay kernel timed out: measured time has sub-optimal accuracy. There may be a missing warmup execution, please investigate in Nsight Systems.
E0925 02:57:17.611806 2980703 cuda_timer.cc:88] Delay kernel timed out: measured time has sub-optimal accuracy. There may be a missing warmup execution, please investigate in Nsight Systems.
I0925 02:57:20.215564 2980706 subprocess_compilation.cc:349] ptxas warning : Registers are spilled to local memory in function 'gemm_fusion_dot_6', 132 bytes spill stores, 72 bytes spill loads

[pjrt_ffi] compiled verified_mlir/mnv4in_emaacc8x128wxdowd005bf16_train_step.mlir (@mnv4in_emaacc8x128wxdowd005bf16_train_step, 1327 outputs, 1 replica) in 36716 ms
  xla/pjrt verified_mlir/mnv4in_emaacc8x128wxdowd005bf16_train_step.mlir
  running data-parallel…
I0925 02:57:36.391663 2980647 se_gpu_pjrt_client.cc:1342] Using BFC allocator.
I0925 02:57:36.392399 2980647 gpu_helpers.cc:162] XLA backend allocating 11.68GiB (12543066112 bytes) on device 0 for BFCAllocator.
I0925 02:57:36.392428 2980647 gpu_helpers.cc:162] XLA backend allocating 11.68GiB (12543066112 bytes) on device 1 for BFCAllocator.
I0925 02:57:36.392449 2980647 gpu_helpers.cc:162] XLA backend allocating 11.68GiB (12543066112 bytes) on device 2 for BFCAllocator.
I0925 02:57:36.392469 2980647 gpu_helpers.cc:162] XLA backend allocating 11.68GiB (12543066112 bytes) on device 3 for BFCAllocator.
[pjrt_ffi] XLA backend: PJRT 0.114, 4 device(s)
[pjrt_ffi] command buffers: enabled (CUDA default)
[pjrt_ffi] compiled verified_mlir/mnv4in_emaaccdp8x128wxdowd005bf16_train_step.mlir (@mnv4in_emaaccdp8x128wxdowd005bf16_train_step, 1327 outputs, 4 replicas) in 6835 ms
I0925 02:57:44.790284 2984441 cuda_dnn.cc:440] Loaded cuDNN version 92302
I0925 02:57:44.790317 2984447 cuda_dnn.cc:440] Loaded cuDNN version 92302
I0925 02:57:44.790354 2984444 cuda_dnn.cc:440] Loaded cuDNN version 92302
  xla/pjrt verified_mlir/mnv4in_emaaccdp8x128wxdowd005bf16_train_step.mlir
  ── per region ──
    theta: max|a-b| = 0.000001 (879.168510 e-9), max|a| = 1.000065, norm-rel = 0.000001 (879.111186 e-9), bit-exact 8573998/9715512
    m: max|a-b| = 0.000781 (781249.254942 e-9), max|a| = 0.070184, norm-rel = 0.011131 (11131473.415038 e-9), bit-exact 4896402/9715512
    v: max|a-b| = 0.000003 (2931.803465 e-9), max|a| = 0.079763, norm-rel = 0.000037 (36756.251038 e-9), bit-exact 9591389/9715512
    G: max|a-b| = 0.062500 (62500000.000000 e-9), max|a| = 3.019740, norm-rel = 0.020697 (20697147.028587 e-9), bit-exact 4892690/9715512
    ema: max|a-b| = 0.000000 (119.209290 e-9), max|a| = 1.000906, norm-rel = 0.000000 (119.101328 e-9), bit-exact 9370137/9715512
    scalars: max|a-b| = 0.000000 (0.000000 e-9), max|a| = 7.259907, norm-rel = 0.000000 (0.000000 e-9), bit-exact 7/7
    bnstat: max|a-b| = 0.000000 (0.000000 e-9), max|a| = 8.886382, norm-rel = 0.000000 (0.000000 e-9), bit-exact 67904/67904
    do (passthrough): max|a-b| = 0.000000 (0.000000 e-9), max|a| = 1.111111, norm-rel = 0.000000 (0.000000 e-9), bit-exact 163840/163840
✓ DP step reproduces the single-device step on a duplicated batch: forward BIT-EXACT (bnstat, 77 BN layers), gradient norm-rel 0.011131 ≤ 0.050000, over all 48809311 returned floats
