plant resnet34: 36 BN layers, 38 classes, split grouped, train base, init runs/2026-09-17-plant-grouped-comp-imagenet/plant_resnet34_grouped_comp_imagenet_s1, field 1, 5 epochs, batch 64, lr 0.000100, seed 1
I0917 18:40:50.084038 3184301 service.cc:154] XLA service 0x77c620028880 initialized for platform CUDA (this does not guarantee that XLA will be used). Devices:
I0917 18:40:50.084127 3184301 service.cc:170]   StreamExecutor [0]: NVIDIA GeForce RTX 4060 Ti, Compute Capability 8.9 (Driver: 12.9.0[575.57.8]; Runtime: 12.9.0; Toolkit: 12.9.0; DNN: 9.23.2)
I0917 18:40:50.086245 3184301 se_gpu_pjrt_client.cc:1342] Using BFC allocator.
I0917 18:40:50.086333 3184301 gpu_helpers.cc:162] XLA backend allocating 11.68GiB (12543066112 bytes) on device 0 for BFCAllocator.
I0917 18:40:50.097204 3184301 cuda_dnn.cc:440] Loaded cuDNN version 92302
[pjrt_ffi] XLA backend: PJRT 0.114, 1 device(s)
[pjrt_ffi] command buffers: enabled (CUDA default)
[pjrt_ffi] compiled .lake/build/plant_resnet34_fwd_eval.mlir (@forward_eval, 1 outputs, 1 replica) in 2134 ms
  21304166 params (21304166 by NetSpec.totalParams), 17024 BN stat floats, head 19494
  init: runs/2026-09-17-plant-grouped-comp-imagenet/plant_resnet34_grouped_comp_imagenet_s1_params.bin + _bn_stats.bin
  val 5484; eval parts #[pvg_test 10709, pvg_test_seg 10709, pvg_test_bg 10709, pvg_test_leaf 10709, pvg_test_none 10709, pd_fold1_test 520] (6344 ms)
  train 2058 images from #[pd_fold1_train] (156 ms)
[pjrt_ffi] compiled .lake/build/plant_resnet34_train_step.mlir (@main, 403 outputs, 1 replica) in 3632 ms
    step 0: loss 7.531400 (644 ms so far)
    step 1: loss 6.104600 (976 ms so far)
    step 2: loss 5.712100 (1313 ms so far)
  epoch 1/5: loss 6.494500  val acc 92.490000%  pd_fold1_test acc 26.540000%  (10 s train, 7 s eval)
  epoch 2/5: loss 4.578400  val acc 87.360000%  pd_fold1_test acc 34.230000%  (10 s train, 7 s eval)
  epoch 3/5: loss 3.372600  val acc 81.580000%  pd_fold1_test acc 37.880000%  (10 s train, 7 s eval)
  epoch 4/5: loss 2.838600  val acc 81.380000%  pd_fold1_test acc 39.040000%  (10 s train, 7 s eval)
  epoch 5/5: loss 2.643500  val acc 82.180000%  pd_fold1_test acc 39.040000%  (10 s train, 7 s eval)
trained: 160 steps in 88 s; fixed schedule, last epoch kept
score: .venv/bin/python scripts/plant_score.py runs/2026-09-17-plant-grouped-field-comp/plant_resnet34_grouped_base_ckpt_field1_s1_logits_pd_fold1_test.bin --part pd_fold1_test --restrict
plant resnet34 [grouped/base/ckpt/field1] pvg_test: accuracy 83.190000%  -> runs/2026-09-17-plant-grouped-field-comp/plant_resnet34_grouped_base_ckpt_field1_s1_logits_pvg_test.bin
plant resnet34 [grouped/base/ckpt/field1] pvg_test_seg: accuracy 79.200000%  -> runs/2026-09-17-plant-grouped-field-comp/plant_resnet34_grouped_base_ckpt_field1_s1_logits_pvg_test_seg.bin
plant resnet34 [grouped/base/ckpt/field1] pvg_test_bg: accuracy 9.310000%  -> runs/2026-09-17-plant-grouped-field-comp/plant_resnet34_grouped_base_ckpt_field1_s1_logits_pvg_test_bg.bin
plant resnet34 [grouped/base/ckpt/field1] pvg_test_leaf: accuracy 75.380000%  -> runs/2026-09-17-plant-grouped-field-comp/plant_resnet34_grouped_base_ckpt_field1_s1_logits_pvg_test_leaf.bin
plant resnet34 [grouped/base/ckpt/field1] pvg_test_none: accuracy 2.320000%  -> runs/2026-09-17-plant-grouped-field-comp/plant_resnet34_grouped_base_ckpt_field1_s1_logits_pvg_test_none.bin
plant resnet34 [grouped/base/ckpt/field1] pd_fold1_test: accuracy 39.040000%  -> runs/2026-09-17-plant-grouped-field-comp/plant_resnet34_grouped_base_ckpt_field1_s1_logits_pd_fold1_test.bin
