plant resnet34: 36 BN layers, 38 classes, split grouped, train base, init runs/2026-09-17-plant-grouped-comp-imagenet/plant_resnet34_grouped_comp_imagenet_s1, field 3 (n=250), 5 epochs, batch 64, lr 0.000100, seed 1
I0917 18:33:57.425135 3178813 service.cc:154] XLA service 0x711fe8028880 initialized for platform CUDA (this does not guarantee that XLA will be used). Devices:
I0917 18:33:57.425183 3178813 service.cc:170]   StreamExecutor [0]: NVIDIA GeForce RTX 4060 Ti, Compute Capability 8.9 (Driver: 12.9.0[575.57.8]; Runtime: 12.9.0; Toolkit: 12.9.0; DNN: 9.23.2)
I0917 18:33:57.426739 3178813 se_gpu_pjrt_client.cc:1342] Using BFC allocator.
I0917 18:33:57.426779 3178813 gpu_helpers.cc:162] XLA backend allocating 11.68GiB (12543066112 bytes) on device 0 for BFCAllocator.
I0917 18:33:57.433619 3178813 cuda_dnn.cc:440] Loaded cuDNN version 92302
[pjrt_ffi] XLA backend: PJRT 0.114, 1 device(s)
[pjrt_ffi] command buffers: enabled (CUDA default)
[pjrt_ffi] compiled .lake/build/plant_resnet34_fwd_eval.mlir (@forward_eval, 1 outputs, 1 replica) in 2164 ms
  21304166 params (21304166 by NetSpec.totalParams), 17024 BN stat floats, head 19494
  init: runs/2026-09-17-plant-grouped-comp-imagenet/plant_resnet34_grouped_comp_imagenet_s1_params.bin + _bn_stats.bin
  val 5484; eval parts #[pvg_test 10709, pvg_test_seg 10709, pvg_test_bg 10709, pvg_test_leaf 10709, pvg_test_none 10709, pd_fold3_test 510] (6460 ms)
  train 250 images from #[pd_fold3_train] (191 ms)
[pjrt_ffi] compiled .lake/build/plant_resnet34_train_step.mlir (@main, 403 outputs, 1 replica) in 3727 ms
    step 0: loss 7.691000 (655 ms so far)
    step 1: loss 7.319300 (999 ms so far)
    step 2: loss 6.368900 (1327 ms so far)
  epoch 1/5: loss 7.126400  val acc 94.380000%  pd_fold3_test acc 22.350000%  (1 s train, 7 s eval)
  epoch 2/5: loss 6.570000  val acc 94.530000%  pd_fold3_test acc 23.330000%  (1 s train, 7 s eval)
  epoch 3/5: loss 6.410900  val acc 94.490000%  pd_fold3_test acc 24.120000%  (0 s train, 7 s eval)
  epoch 4/5: loss 5.943200  val acc 94.420000%  pd_fold3_test acc 24.510000%  (0 s train, 7 s eval)
  epoch 5/5: loss 5.659700  val acc 94.350000%  pd_fold3_test acc 23.730000%  (0 s train, 7 s eval)
trained: 15 steps in 41 s; fixed schedule, last epoch kept
score: .venv/bin/python scripts/plant_score.py runs/2026-09-17-plant-grouped-field-comp/plant_resnet34_grouped_base_ckpt_field3n250_s1_logits_pd_fold3_test.bin --part pd_fold3_test --restrict
plant resnet34 [grouped/base/ckpt/field3] pvg_test: accuracy 94.830000%  -> runs/2026-09-17-plant-grouped-field-comp/plant_resnet34_grouped_base_ckpt_field3n250_s1_logits_pvg_test.bin
plant resnet34 [grouped/base/ckpt/field3] pvg_test_seg: accuracy 94.460000%  -> runs/2026-09-17-plant-grouped-field-comp/plant_resnet34_grouped_base_ckpt_field3n250_s1_logits_pvg_test_seg.bin
plant resnet34 [grouped/base/ckpt/field3] pvg_test_bg: accuracy 16.610000%  -> runs/2026-09-17-plant-grouped-field-comp/plant_resnet34_grouped_base_ckpt_field3n250_s1_logits_pvg_test_bg.bin
plant resnet34 [grouped/base/ckpt/field3] pvg_test_leaf: accuracy 89.860000%  -> runs/2026-09-17-plant-grouped-field-comp/plant_resnet34_grouped_base_ckpt_field3n250_s1_logits_pvg_test_leaf.bin
plant resnet34 [grouped/base/ckpt/field3] pvg_test_none: accuracy 2.330000%  -> runs/2026-09-17-plant-grouped-field-comp/plant_resnet34_grouped_base_ckpt_field3n250_s1_logits_pvg_test_none.bin
plant resnet34 [grouped/base/ckpt/field3] pd_fold3_test: accuracy 23.730000%  -> runs/2026-09-17-plant-grouped-field-comp/plant_resnet34_grouped_base_ckpt_field3n250_s1_logits_pd_fold3_test.bin
