plant resnet34: 36 BN layers, 38 classes, split grouped, train base, init runs/2026-09-17-plant-grouped-comp-imagenet/plant_resnet34_grouped_comp_imagenet_s1, field 2, 5 epochs, batch 64, lr 0.000100, seed 1
I0917 18:43:38.860720 3186115 service.cc:154] XLA service 0x723b48028880 initialized for platform CUDA (this does not guarantee that XLA will be used). Devices:
I0917 18:43:38.860792 3186115 service.cc:170]   StreamExecutor [0]: NVIDIA GeForce RTX 4060 Ti, Compute Capability 8.9 (Driver: 12.9.0[575.57.8]; Runtime: 12.9.0; Toolkit: 12.9.0; DNN: 9.23.2)
I0917 18:43:38.862297 3186115 se_gpu_pjrt_client.cc:1342] Using BFC allocator.
I0917 18:43:38.862342 3186115 gpu_helpers.cc:162] XLA backend allocating 11.68GiB (12543066112 bytes) on device 0 for BFCAllocator.
I0917 18:43:38.868956 3186115 cuda_dnn.cc:440] Loaded cuDNN version 92302
[pjrt_ffi] XLA backend: PJRT 0.114, 1 device(s)
[pjrt_ffi] command buffers: enabled (CUDA default)
[pjrt_ffi] compiled .lake/build/plant_resnet34_fwd_eval.mlir (@forward_eval, 1 outputs, 1 replica) in 2168 ms
  21304166 params (21304166 by NetSpec.totalParams), 17024 BN stat floats, head 19494
  init: runs/2026-09-17-plant-grouped-comp-imagenet/plant_resnet34_grouped_comp_imagenet_s1_params.bin + _bn_stats.bin
  val 5484; eval parts #[pvg_test 10709, pvg_test_seg 10709, pvg_test_bg 10709, pvg_test_leaf 10709, pvg_test_none 10709, pd_fold2_test 514] (6410 ms)
  train 2064 images from #[pd_fold2_train] (147 ms)
[pjrt_ffi] compiled .lake/build/plant_resnet34_train_step.mlir (@main, 403 outputs, 1 replica) in 3684 ms
    step 0: loss 8.087200 (667 ms so far)
    step 1: loss 8.009900 (1001 ms so far)
    step 2: loss 5.645400 (1329 ms so far)
  epoch 1/5: loss 6.722800  val acc 93.270000%  pd_fold2_test acc 26.070000%  (10 s train, 7 s eval)
  epoch 2/5: loss 4.535000  val acc 90.540000%  pd_fold2_test acc 35.020000%  (10 s train, 7 s eval)
  epoch 3/5: loss 3.322200  val acc 87.890000%  pd_fold2_test acc 37.350000%  (10 s train, 7 s eval)
  epoch 4/5: loss 2.795500  val acc 84.970000%  pd_fold2_test acc 39.880000%  (10 s train, 7 s eval)
  epoch 5/5: loss 2.659600  val acc 85.940000%  pd_fold2_test acc 39.490000%  (10 s train, 7 s eval)
trained: 160 steps in 89 s; fixed schedule, last epoch kept
score: .venv/bin/python scripts/plant_score.py runs/2026-09-17-plant-grouped-field-comp/plant_resnet34_grouped_base_ckpt_field2_s1_logits_pd_fold2_test.bin --part pd_fold2_test --restrict
plant resnet34 [grouped/base/ckpt/field2] pvg_test: accuracy 86.480000%  -> runs/2026-09-17-plant-grouped-field-comp/plant_resnet34_grouped_base_ckpt_field2_s1_logits_pvg_test.bin
plant resnet34 [grouped/base/ckpt/field2] pvg_test_seg: accuracy 81.570000%  -> runs/2026-09-17-plant-grouped-field-comp/plant_resnet34_grouped_base_ckpt_field2_s1_logits_pvg_test_seg.bin
plant resnet34 [grouped/base/ckpt/field2] pvg_test_bg: accuracy 9.330000%  -> runs/2026-09-17-plant-grouped-field-comp/plant_resnet34_grouped_base_ckpt_field2_s1_logits_pvg_test_bg.bin
plant resnet34 [grouped/base/ckpt/field2] pvg_test_leaf: accuracy 77.930000%  -> runs/2026-09-17-plant-grouped-field-comp/plant_resnet34_grouped_base_ckpt_field2_s1_logits_pvg_test_leaf.bin
plant resnet34 [grouped/base/ckpt/field2] pvg_test_none: accuracy 2.320000%  -> runs/2026-09-17-plant-grouped-field-comp/plant_resnet34_grouped_base_ckpt_field2_s1_logits_pvg_test_none.bin
plant resnet34 [grouped/base/ckpt/field2] pd_fold2_test: accuracy 39.490000%  -> runs/2026-09-17-plant-grouped-field-comp/plant_resnet34_grouped_base_ckpt_field2_s1_logits_pd_fold2_test.bin
