plant resnet34: 36 BN layers, 38 classes, split grouped, train base, init runs/2026-09-17-plant-grouped-comp-imagenet/plant_resnet34_grouped_comp_imagenet_s1, field 4, 5 epochs, batch 64, lr 0.000100, seed 1
I0917 18:49:16.550888 3189938 service.cc:154] XLA service 0x79b4f4028880 initialized for platform CUDA (this does not guarantee that XLA will be used). Devices:
I0917 18:49:16.550959 3189938 service.cc:170]   StreamExecutor [0]: NVIDIA GeForce RTX 4060 Ti, Compute Capability 8.9 (Driver: 12.9.0[575.57.8]; Runtime: 12.9.0; Toolkit: 12.9.0; DNN: 9.23.2)
I0917 18:49:16.552922 3189938 se_gpu_pjrt_client.cc:1342] Using BFC allocator.
I0917 18:49:16.552972 3189938 gpu_helpers.cc:162] XLA backend allocating 11.68GiB (12543066112 bytes) on device 0 for BFCAllocator.
I0917 18:49:16.562162 3189938 cuda_dnn.cc:440] Loaded cuDNN version 92302
[pjrt_ffi] XLA backend: PJRT 0.114, 1 device(s)
[pjrt_ffi] command buffers: enabled (CUDA default)
[pjrt_ffi] compiled .lake/build/plant_resnet34_fwd_eval.mlir (@forward_eval, 1 outputs, 1 replica) in 2156 ms
  21304166 params (21304166 by NetSpec.totalParams), 17024 BN stat floats, head 19494
  init: runs/2026-09-17-plant-grouped-comp-imagenet/plant_resnet34_grouped_comp_imagenet_s1_params.bin + _bn_stats.bin
  val 5484; eval parts #[pvg_test 10709, pvg_test_seg 10709, pvg_test_bg 10709, pvg_test_leaf 10709, pvg_test_none 10709, pd_fold4_test 505] (6510 ms)
  train 2073 images from #[pd_fold4_train] (168 ms)
[pjrt_ffi] compiled .lake/build/plant_resnet34_train_step.mlir (@main, 403 outputs, 1 replica) in 3689 ms
    step 0: loss 6.935200 (655 ms so far)
    step 1: loss 7.007400 (994 ms so far)
    step 2: loss 8.358900 (1330 ms so far)
  epoch 1/5: loss 6.647000  val acc 92.510000%  pd_fold4_test acc 27.330000%  (10 s train, 7 s eval)
  epoch 2/5: loss 4.572900  val acc 87.650000%  pd_fold4_test acc 34.850000%  (10 s train, 7 s eval)
  epoch 3/5: loss 3.284000  val acc 84.970000%  pd_fold4_test acc 38.610000%  (10 s train, 7 s eval)
  epoch 4/5: loss 2.837400  val acc 83.630000%  pd_fold4_test acc 41.190000%  (10 s train, 7 s eval)
  epoch 5/5: loss 2.629900  val acc 83.020000%  pd_fold4_test acc 40.990000%  (10 s train, 7 s eval)
trained: 160 steps in 88 s; fixed schedule, last epoch kept
score: .venv/bin/python scripts/plant_score.py runs/2026-09-17-plant-grouped-field-comp/plant_resnet34_grouped_base_ckpt_field4_s1_logits_pd_fold4_test.bin --part pd_fold4_test --restrict
plant resnet34 [grouped/base/ckpt/field4] pvg_test: accuracy 83.930000%  -> runs/2026-09-17-plant-grouped-field-comp/plant_resnet34_grouped_base_ckpt_field4_s1_logits_pvg_test.bin
plant resnet34 [grouped/base/ckpt/field4] pvg_test_seg: accuracy 81.850000%  -> runs/2026-09-17-plant-grouped-field-comp/plant_resnet34_grouped_base_ckpt_field4_s1_logits_pvg_test_seg.bin
plant resnet34 [grouped/base/ckpt/field4] pvg_test_bg: accuracy 7.860000%  -> runs/2026-09-17-plant-grouped-field-comp/plant_resnet34_grouped_base_ckpt_field4_s1_logits_pvg_test_bg.bin
plant resnet34 [grouped/base/ckpt/field4] pvg_test_leaf: accuracy 77.230000%  -> runs/2026-09-17-plant-grouped-field-comp/plant_resnet34_grouped_base_ckpt_field4_s1_logits_pvg_test_leaf.bin
plant resnet34 [grouped/base/ckpt/field4] pvg_test_none: accuracy 2.470000%  -> runs/2026-09-17-plant-grouped-field-comp/plant_resnet34_grouped_base_ckpt_field4_s1_logits_pvg_test_none.bin
plant resnet34 [grouped/base/ckpt/field4] pd_fold4_test: accuracy 40.990000%  -> runs/2026-09-17-plant-grouped-field-comp/plant_resnet34_grouped_base_ckpt_field4_s1_logits_pd_fold4_test.bin
