  arm: scratch  (He-init control)
  2.5D: ctx=±1 → 12 input channels, records from data/brats224c3
  artifacts: .lake/build/resnet_34_unet_skip__brats__224_224_12_channel_2_5d_1_mri___4_class_tumour__scratch_*
ResNet-34 UNet skip (BraTS, 224×224 12-channel 2.5D±1 MRI → 4-class tumour): 24540740 params
Generating train step MLIR...
  1900652 chars
Compiling vmfbs...
  forward (cached)
  eval forward (cached)
  train step (cached)
[pjrt_ffi] XLA backend: PJRT 0.114, 1 device(s)
[pjrt_ffi] command buffers: enabled (CUDA default)
[pjrt_ffi] residency: on — parameters stay on the device between steps (default)



[pjrt_ffi] compiled .lake/build/resnet_34_unet_skip__brats__224_224_12_channel_2_5d_1_mri___4_class_tumour__scratch_train_step.mlir (@main, 502 outputs, 1 replica) in 11465 ms
  session loaded
  train: 14415 images (602112 floats/image)
  24540740 params + m + v (280 MB)
training: 900 batches/epoch, batch=16, Adam, lr=0.001000, cosine warmup=1, label_smooth=0.000000, wd=0.000100
  BN layers: 45, BN stat floats: 19136
  step 0/900: loss=1.552685 (3267ms)
  step 1/900: loss=1.576813 (1550ms)
  step 2/900: loss=1.550932 (440ms)
  step 100/900: loss=0.599026 (396ms)
  step 200/900: loss=0.401776 (259ms)
  step 300/900: loss=0.246389 (264ms)
  step 400/900: loss=0.152362 (271ms)
  step 500/900: loss=0.092353 (241ms)
  step 600/900: loss=0.067884 (233ms)
  step 700/900: loss=0.047071 (409ms)
  step 800/900: loss=0.042984 (712ms)
Epoch 1/10: loss=0.259616 lr=0.001000 (326615ms)
[pjrt_ffi] compiled .lake/build/resnet_34_unet_skip__brats__224_224_12_channel_2_5d_1_mri___4_class_tumour__scratch_fwd_eval.mlir (@forward_eval, 1 outputs, 1 replica) in 472 ms
  val mIoU: 0.612891  (per-class: c0=0.993296 c1=0.626320 c2=0.179989 c3=0.651958)
  val Dice WT: 0.893843  (inter=3525986 gt=3891438 pred=3998055)
  val Dice TC: 0.719777  (inter=858445 gt=1455542 pred=929767)
  val Dice ET: 0.789315  (inter=616258 gt=768149 pred=793351)
  ✓ new best (score 0.800979) — saved .lake/build/resnet_34_unet_skip__brats__224_224_12_channel_2_5d_1_mri___4_class_tumour__scratch_best_*
  step 0/900: loss=0.030228 (510ms)
  step 1/900: loss=0.037604 (250ms)
  step 2/900: loss=0.034897 (257ms)
  step 100/900: loss=0.032225 (530ms)
  step 200/900: loss=0.025053 (268ms)
  step 300/900: loss=0.025913 (258ms)
  step 400/900: loss=0.017779 (436ms)
  step 500/900: loss=0.023537 (260ms)
  step 600/900: loss=0.021982 (245ms)
  step 700/900: loss=0.024116 (239ms)
  step 800/900: loss=0.022340 (234ms)
Epoch 2/10: loss=0.027932 lr=0.000970 (343408ms)
  checkpoint: wrote .lake/build/resnet_34_unet_skip__brats__224_224_12_channel_2_5d_1_mri___4_class_tumour__scratch_params_e2.bin + bn_stats_e2.bin
[pjrt_ffi] compiled .lake/build/resnet_34_unet_skip__brats__224_224_12_channel_2_5d_1_mri___4_class_tumour__scratch_fwd_eval.mlir (@forward_eval, 1 outputs, 1 replica) in 482 ms
  val mIoU: 0.718205  (per-class: c0=0.993956 c1=0.659433 c2=0.501310 c3=0.718120)
  val Dice WT: 0.898299  (inter=3339298 gt=3891438 pred=3543276)
  val Dice TC: 0.850277  (inter=1233458 gt=1455542 pred=1445766)
  val Dice ET: 0.835937  (inter=658979 gt=768149 pred=808475)
  ✓ new best (score 0.861504) — saved .lake/build/resnet_34_unet_skip__brats__224_224_12_channel_2_5d_1_mri___4_class_tumour__scratch_best_*
  step 0/900: loss=0.022487 (507ms)
  step 1/900: loss=0.022204 (256ms)
  step 2/900: loss=0.019563 (237ms)
  step 100/900: loss=0.027731 (281ms)
  step 200/900: loss=0.017938 (234ms)
  step 300/900: loss=0.020082 (237ms)
  step 400/900: loss=0.020677 (244ms)
  step 500/900: loss=0.022146 (285ms)
  step 600/900: loss=0.036811 (230ms)
  step 700/900: loss=0.019980 (239ms)
  step 800/900: loss=0.021356 (256ms)
Epoch 3/10: loss=0.021881 lr=0.000883 (293765ms)
[pjrt_ffi] compiled .lake/build/resnet_34_unet_skip__brats__224_224_12_channel_2_5d_1_mri___4_class_tumour__scratch_fwd_eval.mlir (@forward_eval, 1 outputs, 1 replica) in 487 ms
  val mIoU: 0.708881  (per-class: c0=0.992963 c1=0.632125 c2=0.485827 c3=0.724607)
  val Dice WT: 0.876865  (inter=3139600 gt=3891438 pred=3269525)
  val Dice TC: 0.841327  (inter=1143858 gt=1455542 pred=1263635)
  val Dice ET: 0.840316  (inter=638610 gt=768149 pred=751780)
  step 0/900: loss=0.021055 (514ms)
  step 1/900: loss=0.014126 (248ms)
  step 2/900: loss=0.023202 (242ms)
  step 100/900: loss=0.019192 (394ms)
  step 200/900: loss=0.021674 (405ms)
  step 300/900: loss=0.017648 (382ms)
  step 400/900: loss=0.020596 (389ms)
  step 500/900: loss=0.022579 (392ms)
  step 600/900: loss=0.018258 (386ms)
  step 700/900: loss=0.017512 (383ms)
  step 800/900: loss=0.018189 (252ms)
Epoch 4/10: loss=0.019283 lr=0.000750 (291249ms)
  checkpoint: wrote .lake/build/resnet_34_unet_skip__brats__224_224_12_channel_2_5d_1_mri___4_class_tumour__scratch_params_e4.bin + bn_stats_e4.bin
[pjrt_ffi] compiled .lake/build/resnet_34_unet_skip__brats__224_224_12_channel_2_5d_1_mri___4_class_tumour__scratch_fwd_eval.mlir (@forward_eval, 1 outputs, 1 replica) in 450 ms
  val mIoU: 0.725886  (per-class: c0=0.994353 c1=0.686069 c2=0.491472 c3=0.731650)
  val Dice WT: 0.905990  (inter=3402604 gt=3891438 pred=3619911)
  val Dice TC: 0.855031  (inter=1183715 gt=1455542 pred=1313283)
  val Dice ET: 0.845032  (inter=674652 gt=768149 pred=828600)
  ✓ new best (score 0.868684) — saved .lake/build/resnet_34_unet_skip__brats__224_224_12_channel_2_5d_1_mri___4_class_tumour__scratch_best_*
  step 0/900: loss=0.014184 (544ms)
  step 1/900: loss=0.014465 (240ms)
  step 2/900: loss=0.020094 (234ms)
  step 100/900: loss=0.021916 (398ms)
  step 200/900: loss=0.017039 (392ms)
  step 300/900: loss=0.014839 (387ms)
  step 400/900: loss=0.017258 (382ms)
  step 500/900: loss=0.015863 (383ms)
  step 600/900: loss=0.011693 (389ms)
  step 700/900: loss=0.013503 (380ms)
  step 800/900: loss=0.014651 (390ms)
Epoch 5/10: loss=0.017766 lr=0.000587 (292024ms)
[pjrt_ffi] compiled .lake/build/resnet_34_unet_skip__brats__224_224_12_channel_2_5d_1_mri___4_class_tumour__scratch_fwd_eval.mlir (@forward_eval, 1 outputs, 1 replica) in 451 ms
  val mIoU: 0.735728  (per-class: c0=0.994476 c1=0.687348 c2=0.524495 c3=0.736594)
  val Dice WT: 0.908890  (inter=3444600 gt=3891438 pred=3688357)
  val Dice TC: 0.863019  (inter=1230428 gt=1455542 pred=1395908)
  val Dice ET: 0.848320  (inter=664528 gt=768149 pred=798542)
  ✓ new best (score 0.873410) — saved .lake/build/resnet_34_unet_skip__brats__224_224_12_channel_2_5d_1_mri___4_class_tumour__scratch_best_*
  step 0/900: loss=0.016070 (505ms)
  step 1/900: loss=0.017123 (256ms)
  step 2/900: loss=0.017063 (236ms)
  step 100/900: loss=0.019408 (234ms)
  step 200/900: loss=0.016891 (241ms)
  step 300/900: loss=0.019334 (234ms)
  step 400/900: loss=0.018573 (236ms)
  step 500/900: loss=0.016800 (224ms)
  step 600/900: loss=0.016915 (236ms)
  step 700/900: loss=0.016743 (227ms)
  step 800/900: loss=0.016422 (242ms)
Epoch 6/10: loss=0.016096 lr=0.000413 (291643ms)
  checkpoint: wrote .lake/build/resnet_34_unet_skip__brats__224_224_12_channel_2_5d_1_mri___4_class_tumour__scratch_params_e6.bin + bn_stats_e6.bin
[pjrt_ffi] compiled .lake/build/resnet_34_unet_skip__brats__224_224_12_channel_2_5d_1_mri___4_class_tumour__scratch_fwd_eval.mlir (@forward_eval, 1 outputs, 1 replica) in 425 ms
  val mIoU: 0.736217  (per-class: c0=0.994317 c1=0.684782 c2=0.525622 c3=0.740147)
  val Dice WT: 0.905273  (inter=3395999 gt=3891438 pred=3611270)
  val Dice TC: 0.870793  (inter=1255516 gt=1455542 pred=1428073)
  val Dice ET: 0.850672  (inter=683007 gt=768149 pred=837657)
  ✓ new best (score 0.875579) — saved .lake/build/resnet_34_unet_skip__brats__224_224_12_channel_2_5d_1_mri___4_class_tumour__scratch_best_*
  step 0/900: loss=0.018552 (504ms)
  step 1/900: loss=0.013025 (241ms)
  step 2/900: loss=0.019076 (241ms)
  step 100/900: loss=0.012201 (234ms)
  step 200/900: loss=0.010946 (235ms)
  step 300/900: loss=0.010813 (244ms)
  step 400/900: loss=0.014276 (244ms)
  step 500/900: loss=0.015874 (238ms)
  step 600/900: loss=0.018396 (236ms)
  step 700/900: loss=0.012235 (236ms)
  step 800/900: loss=0.013803 (252ms)
Epoch 7/10: loss=0.014927 lr=0.000250 (291117ms)
[pjrt_ffi] compiled .lake/build/resnet_34_unet_skip__brats__224_224_12_channel_2_5d_1_mri___4_class_tumour__scratch_fwd_eval.mlir (@forward_eval, 1 outputs, 1 replica) in 446 ms
  val mIoU: 0.742189  (per-class: c0=0.994470 c1=0.695668 c2=0.534200 c3=0.744416)
  val Dice WT: 0.907895  (inter=3408115 gt=3891438 pred=3616292)
  val Dice TC: 0.868492  (inter=1215378 gt=1455542 pred=1343283)
  val Dice ET: 0.853485  (inter=653987 gt=768149 pred=764361)
  ✓ new best (score 0.876624) — saved .lake/build/resnet_34_unet_skip__brats__224_224_12_channel_2_5d_1_mri___4_class_tumour__scratch_best_*
  step 0/900: loss=0.014624 (530ms)
  step 1/900: loss=0.013210 (230ms)
  step 2/900: loss=0.015149 (236ms)
  step 100/900: loss=0.019692 (241ms)
  step 200/900: loss=0.017379 (232ms)
  step 300/900: loss=0.014319 (235ms)
  step 400/900: loss=0.016863 (238ms)
  step 500/900: loss=0.020671 (246ms)
  step 600/900: loss=0.016125 (240ms)
  step 700/900: loss=0.016322 (238ms)
  step 800/900: loss=0.014452 (416ms)
Epoch 8/10: loss=0.013759 lr=0.000117 (292676ms)
  checkpoint: wrote .lake/build/resnet_34_unet_skip__brats__224_224_12_channel_2_5d_1_mri___4_class_tumour__scratch_params_e8.bin + bn_stats_e8.bin
[pjrt_ffi] compiled .lake/build/resnet_34_unet_skip__brats__224_224_12_channel_2_5d_1_mri___4_class_tumour__scratch_fwd_eval.mlir (@forward_eval, 1 outputs, 1 replica) in 455 ms
  val mIoU: 0.738623  (per-class: c0=0.994565 c1=0.700150 c2=0.509583 c3=0.750195)
  val Dice WT: 0.910735  (inter=3465540 gt=3891438 pred=3718985)
  val Dice TC: 0.862167  (inter=1188824 gt=1455542 pred=1302215)
  val Dice ET: 0.857270  (inter=665979 gt=768149 pred=785571)
  ✓ new best (score 0.876724) — saved .lake/build/resnet_34_unet_skip__brats__224_224_12_channel_2_5d_1_mri___4_class_tumour__scratch_best_*
  step 0/900: loss=0.009332 (523ms)
  step 1/900: loss=0.013361 (264ms)
  step 2/900: loss=0.011518 (231ms)
  step 100/900: loss=0.014012 (376ms)
  step 200/900: loss=0.017763 (390ms)
  step 300/900: loss=0.012168 (402ms)
  step 400/900: loss=0.013428 (380ms)
  step 500/900: loss=0.010940 (389ms)
  step 600/900: loss=0.012711 (227ms)
  step 700/900: loss=0.013432 (237ms)
  step 800/900: loss=0.014878 (238ms)
Epoch 9/10: loss=0.012900 lr=0.000030 (294063ms)
[pjrt_ffi] compiled .lake/build/resnet_34_unet_skip__brats__224_224_12_channel_2_5d_1_mri___4_class_tumour__scratch_fwd_eval.mlir (@forward_eval, 1 outputs, 1 replica) in 476 ms
  val mIoU: 0.742951  (per-class: c0=0.994560 c1=0.700380 c2=0.526840 c3=0.750026)
  val Dice WT: 0.911205  (inter=3487910 gt=3891438 pred=3764163)
  val Dice TC: 0.868134  (inter=1227590 gt=1455542 pred=1372570)
  val Dice ET: 0.857160  (inter=668023 gt=768149 pred=790541)
  ✓ new best (score 0.878833) — saved .lake/build/resnet_34_unet_skip__brats__224_224_12_channel_2_5d_1_mri___4_class_tumour__scratch_best_*
  step 0/900: loss=0.011957 (521ms)
  step 1/900: loss=0.013681 (231ms)
  step 2/900: loss=0.008726 (249ms)
  step 100/900: loss=0.011859 (388ms)
  step 200/900: loss=0.014275 (399ms)
  step 300/900: loss=0.009382 (374ms)
  step 400/900: loss=0.016147 (391ms)
  step 500/900: loss=0.012003 (397ms)
  step 600/900: loss=0.014230 (396ms)
  step 700/900: loss=0.016072 (376ms)
  step 800/900: loss=0.015686 (369ms)
Epoch 10/10: loss=0.012367 lr=0.000000 (291696ms)
  checkpoint: wrote .lake/build/resnet_34_unet_skip__brats__224_224_12_channel_2_5d_1_mri___4_class_tumour__scratch_params_e10.bin + bn_stats_e10.bin
[pjrt_ffi] compiled .lake/build/resnet_34_unet_skip__brats__224_224_12_channel_2_5d_1_mri___4_class_tumour__scratch_fwd_eval.mlir (@forward_eval, 1 outputs, 1 replica) in 413 ms
  val mIoU: 0.743470  (per-class: c0=0.994557 c1=0.699709 c2=0.528033 c3=0.751583)
  val Dice WT: 0.910725  (inter=3470006 gt=3891438 pred=3728877)
  val Dice TC: 0.868021  (inter=1226286 gt=1455542 pred=1369934)
  val Dice ET: 0.858176  (inter=668483 gt=768149 pred=789767)
  ✓ new best (score 0.878974) — saved .lake/build/resnet_34_unet_skip__brats__224_224_12_channel_2_5d_1_mri___4_class_tumour__scratch_best_*
Saved params + BN stats.
