=== net=r34 arm=r34 best out=runs/2026-09-29-brats-25d/pervol_2d_r34.csv
  net: ResNet-34 UNet skip (BraTS, 224×224 4-modality MRI → 4-class tumour)
  checkpoint: .lake/build/resnet_34_unet_skip__brats__224_224_4_modality_mri___4_class_tumour__r34_best_params.bin
  loading data/brats224/val_full.bin at 224², 4 channels ...
  73 volumes, 11315 slices
=== Source Location Trace: === 
external/xla/xla/stream_executor/cuda/cuda_status.cc:50

uncaught exception: iree_ffi_session_create failed (see stderr)
=== net=r34 arm=scratch best out=runs/2026-09-29-brats-25d/pervol_2d_scratch.csv
  net: ResNet-34 UNet skip (BraTS, 224×224 4-modality MRI → 4-class tumour)
  checkpoint: .lake/build/resnet_34_unet_skip__brats__224_224_4_modality_mri___4_class_tumour__scratch_best_params.bin
  loading data/brats224/val_full.bin at 224², 4 channels ...
  73 volumes, 11315 slices
  708 eval forwards at batch 16 ...
    batch 0/708
    batch 100/708
    batch 200/708
    batch 300/708
    batch 400/708
    batch 500/708
    batch 600/708
    batch 700/708
  scored in 37 s
  wrote runs/2026-09-29-brats-25d/pervol_2d_scratch.csv
  pooled Dice, tumour-bearing slices (5103 slices): WT 0.9096  TC 0.8666  ET 0.8554  mIoU 0.7407
  pooled Dice, every slice (11315 slices): WT 0.9074  TC 0.8656  ET 0.8540  mIoU 0.7399
  per-volume Dice over 73 patients (mean ± sd, median; mean over volumes with the region; volumes without it):
    WT: 0.8885 ± 0.0774  median 0.9171   present-only 0.8885 (n=73)   absent in 0
    TC: 0.8190 ± 0.1575  median 0.8685   present-only 0.8190 (n=73)   absent in 0
    ET: 0.7828 ± 0.1858  median 0.8507   present-only 0.7936 (n=72)   absent in 1
