⚠ [3206/3208] Replayed demos.MainDiffusion2d
warning: demos/MainDiffusion2d.lean:611:57: `List.asString` has been deprecated: Use `String.ofList` instead

Note: The updated constant is in a different namespace. Dot notation may need to be changed (e.g., from `x.asString` to `String.ofList x`).
diffusion 2d denoiser (muller-brown): 18178 params, 20000 steps, sampler=euler, eta=0.000000, nGen=2048
Generating train step MLIR...
  17948 chars
  data: 36000 points from data/boltzmann/mb_kT20.bin
[pjrt_ffi] allocator: 1 create option(s), memory_fraction=0.100
I0911 17:54:24.186061 1916361 service.cc:154] XLA service 0x7401e4008530 initialized for platform CUDA (this does not guarantee that XLA will be used). Devices:
I0911 17:54:24.186105 1916361 service.cc:170]   StreamExecutor [0]: NVIDIA GeForce RTX 4060 Ti, Compute Capability 8.9 (Driver: 12.9.0[575.57.8]; Runtime: 12.9.0; Toolkit: 12.9.0; DNN: 9.23.2)
I0911 17:54:24.187662 1916361 se_gpu_pjrt_client.cc:1342] Using BFC allocator.
I0911 17:54:24.187690 1916361 gpu_helpers.cc:162] XLA backend allocating 1.56GiB (1673527296 bytes) on device 0 for BFCAllocator.
I0911 17:54:24.194678 1916361 cuda_dnn.cc:440] Loaded cuDNN version 92302
[pjrt_ffi] XLA backend: PJRT 0.114, 1 device(s)
[pjrt_ffi] command buffers: enabled (CUDA default)
I0911 17:54:24.615854 1916389 subprocess_compilation.cc:349] ptxas warning : Registers are spilled to local memory in function 'gemm_fusion_dot_10', 4 bytes spill stores, 4 bytes spill loads

I0911 17:54:24.654100 1916374 subprocess_compilation.cc:349] ptxas warning : Registers are spilled to local memory in function 'gemm_fusion_dot_9', 32 bytes spill stores, 32 bytes spill loads

I0911 17:54:25.028703 1916376 subprocess_compilation.cc:349] ptxas warning : Registers are spilled to local memory in function 'gemm_fusion_dot_14', 32 bytes spill stores, 32 bytes spill loads

I0911 17:54:25.094752 1916390 subprocess_compilation.cc:349] ptxas warning : Registers are spilled to local memory in function 'gemm_fusion_dot_9', 7276 bytes spill stores, 8032 bytes spill loads

I0911 17:54:25.143643 1916405 subprocess_compilation.cc:349] ptxas warning : Registers are spilled to local memory in function 'gemm_fusion_dot_14', 712 bytes spill stores, 712 bytes spill loads

[pjrt_ffi] compiled .lake/build/diffusion_2d_denoiser__muller_brown__train_step.mlir (@main, 19 outputs, 1 replica) in 1270 ms
  session loaded
training: 20000 steps, batch=256, lr=0.001000, DDPM
  step 0/20000: loss=2.530773
  step 500/20000: loss=0.227409
  step 1000/20000: loss=0.228514
  step 1500/20000: loss=0.221738
  step 2000/20000: loss=0.257528
  step 2500/20000: loss=0.281028
  step 3000/20000: loss=0.230140
  step 3500/20000: loss=0.270571
  step 4000/20000: loss=0.273228
  step 4500/20000: loss=0.219513
  step 5000/20000: loss=0.215098
  step 5500/20000: loss=0.265592
  step 6000/20000: loss=0.231572
  step 6500/20000: loss=0.271585
  step 7000/20000: loss=0.213195
  step 7500/20000: loss=0.270556
  step 8000/20000: loss=0.201943
  step 8500/20000: loss=0.238702
  step 9000/20000: loss=0.237182
  step 9500/20000: loss=0.271356
  step 10000/20000: loss=0.191906
  step 10500/20000: loss=0.261797
  step 11000/20000: loss=0.298975
  step 11500/20000: loss=0.245037
  step 12000/20000: loss=0.255967
  step 12500/20000: loss=0.218689
  step 13000/20000: loss=0.307929
  step 13500/20000: loss=0.307279
  step 14000/20000: loss=0.280669
  step 14500/20000: loss=0.237724
  step 15000/20000: loss=0.228518
  step 15500/20000: loss=0.221923
  step 16000/20000: loss=0.251830
  step 16500/20000: loss=0.228511
  step 17000/20000: loss=0.257888
  step 17500/20000: loss=0.265232
  step 18000/20000: loss=0.229356
  step 18500/20000: loss=0.185166
  step 19000/20000: loss=0.206296
  step 19500/20000: loss=0.270192
  step 19999/20000: loss=0.286700
trained in 34013ms
sampling 2048 points...
[pjrt_ffi] allocator: 1 create option(s), memory_fraction=0.100
I0911 17:54:59.483508 1916361 se_gpu_pjrt_client.cc:1342] Using BFC allocator.
I0911 17:54:59.483567 1916361 gpu_helpers.cc:162] XLA backend allocating 1.56GiB (1673527296 bytes) on device 0 for BFCAllocator.
[pjrt_ffi] XLA backend: PJRT 0.114, 1 device(s)
[pjrt_ffi] command buffers: enabled (CUDA default)
I0911 17:54:59.725241 1916725 subprocess_compilation.cc:349] ptxas warning : Registers are spilled to local memory in function 'gemm_fusion_dot_4', 40 bytes spill stores, 40 bytes spill loads

I0911 17:54:59.999641 1916750 subprocess_compilation.cc:349] ptxas warning : Registers are spilled to local memory in function 'gemm_fusion_dot_4', 6832 bytes spill stores, 8040 bytes spill loads

[pjrt_ffi] compiled .lake/build/diffusion_2d_denoiser__muller_brown__fwd_eval.mlir (@forward_eval, 1 outputs, 1 replica) in 740 ms
  sampler=euler (1 eval/step), NFE=50 => 50 solver steps
wrote .lake/build/diffusion2d_samples_muller_brown_euler_s20000_n50_e0.bin (2048 points) + .noise.bin
▶ score it: python3 scripts/boltzmann_metrics.py score " euler NFE 50=.lake/build/diffusion2d_samples_muller_brown_euler_s20000_n50_e0.bin" --gate
