Deep CFR on Leduc r = 13: 5148 information sets, F = 50, 11779 params per net; T = 100, K = 1000, reservoirs 1000000, 1000 / 4000 Adam steps at batch 512, lr 0.001000, seed 2
  CFR+ 1000: exploitability 0.000367, value -0.09267
I1008 00:37:59.299457 1691455 service.cc:154] XLA service 0x7034f4008460 initialized for platform CUDA (this does not guarantee that XLA will be used). Devices:
I1008 00:37:59.299503 1691455 service.cc:170]   StreamExecutor [0]: NVIDIA GeForce RTX 4060 Ti, Compute Capability 8.9 (Driver: 12.9.0[575.57.8]; Runtime: 12.9.0; Toolkit: 12.9.0; DNN: 9.23.2)
I1008 00:37:59.300960 1691455 se_gpu_pjrt_client.cc:1342] Using BFC allocator.
I1008 00:37:59.300999 1691455 gpu_helpers.cc:162] XLA backend allocating 11.68GiB (12543066112 bytes) on device 0 for BFCAllocator.
I1008 00:37:59.307685 1691455 cuda_dnn.cc:440] Loaded cuDNN version 92302
[pjrt_ffi] XLA backend: PJRT 0.114, 1 device(s)
[pjrt_ffi] command buffers: enabled (CUDA default)
[pjrt_ffi] residency: on — parameters stay on the device between steps (default)
[pjrt_ffi] compiled .lake/build/deep_cfr_leduc_f50_r13s2_train_step.mlir (@main, 25 outputs, 1 replica) in 1943 ms
I1008 00:38:01.737433 1691553 subprocess_compilation.cc:349] ptxas warning : Registers are spilled to local memory in function 'gemm_fusion_dot_4', 16 bytes spill stores, 16 bytes spill loads

[pjrt_ffi] compiled .lake/build/deep_cfr_leduc_f50_r13s2_fwd_eval.mlir (@forward_eval, 1 outputs, 1 replica) in 951 ms
[pjrt_ffi] compiled .lake/build/deep_cfr_leduc_f50_r13s2_fwd_eval_b.mlir (@forward_eval, 1 outputs, 1 replica) in 893 ms
  sessions loaded
  iter 1: nodes 39637, exploitability current 2.390067 sd-cfr 2.390067, losses 10.6928 / 17.1694 (3357 ms)
  iter 2: nodes 70046, exploitability current 1.812106 sd-cfr 1.762055, losses 12.6434 / 24.9868 (3380 ms)
  iter 3: nodes 104110, exploitability current 1.772699 sd-cfr 1.596648, losses 14.0114 / 23.6488 (3300 ms)
  iter 4: nodes 142649, exploitability current 1.465411 sd-cfr 1.156670, losses 13.7018 / 21.3389 (3262 ms)
  iter 5: nodes 182798, exploitability current 1.031297 sd-cfr 0.824039, losses 15.0716 / 21.3850 (3312 ms)
  iter 6: nodes 218725, exploitability current 0.648239 sd-cfr 0.570359, losses 15.3270 / 19.6402 (3317 ms)
  iter 7: nodes 251882, exploitability current 0.648660 sd-cfr 0.424031, losses 14.4644 / 18.2879 (3310 ms)
  iter 8: nodes 284427, exploitability current 0.747196 sd-cfr 0.385712, losses 13.5184 / 17.1274 (3512 ms)
  iter 9: nodes 320717, exploitability current 0.793783 sd-cfr 0.339351, losses 13.4083 / 15.8160 (3326 ms)
  iter 10: nodes 357521, exploitability current 0.516006 sd-cfr 0.291906, losses 13.8340 / 14.5308 (3415 ms)
  iter 11: nodes 393139, exploitability current 0.604197 sd-cfr 0.266135, losses 13.5304 / 13.7657 (3341 ms)
  iter 12: nodes 428679, exploitability current 0.702027 sd-cfr 0.258649, losses 13.4685 / 13.1718 (3538 ms)
  iter 13: nodes 465367, exploitability current 0.698851 sd-cfr 0.247001, losses 13.5826 / 12.8699 (3326 ms)
  iter 14: nodes 496818, exploitability current 0.764968 sd-cfr 0.243691, losses 13.3170 / 12.6398 (3380 ms)
  iter 15: nodes 532392, exploitability current 0.575982 sd-cfr 0.229944, losses 13.3579 / 11.9978 (3343 ms)
  iter 16: nodes 567756, exploitability current 0.680133 sd-cfr 0.226210, losses 13.1300 / 11.6443 (3388 ms)
  iter 17: nodes 605869, exploitability current 1.033200 sd-cfr 0.236045, losses 13.2480 / 12.2838 (3193 ms)
  iter 18: nodes 640686, exploitability current 1.028285 sd-cfr 0.246670, losses 13.1382 / 12.8175 (3357 ms)
  iter 19: nodes 677160, exploitability current 0.776419 sd-cfr 0.237134, losses 13.4821 / 12.7088 (3372 ms)
  iter 20: nodes 712768, exploitability current 0.999230 sd-cfr 0.206382, losses 13.3513 / 12.5596 (3420 ms)
  iter 21: nodes 747891, exploitability current 0.707228 sd-cfr 0.195419, losses 13.8750 / 12.6264 (3414 ms)
  iter 22: nodes 779870, exploitability current 0.972484 sd-cfr 0.186960, losses 13.8736 / 12.5373 (3288 ms)
  iter 23: nodes 816666, exploitability current 0.981527 sd-cfr 0.195585, losses 14.3289 / 12.4052 (3296 ms)
  iter 24: nodes 852483, exploitability current 0.604610 sd-cfr 0.183628, losses 14.7083 / 12.0702 (3270 ms)
  iter 25: nodes 885445, exploitability current 0.614486 sd-cfr 0.179393, losses 14.7750 / 11.9706 (3460 ms)
  iter 26: nodes 916649, exploitability current 1.400486 sd-cfr 0.199441, losses 14.4369 / 11.8874 (3440 ms)
  iter 27: nodes 954155, exploitability current 0.893171 sd-cfr 0.190531, losses 14.9131 / 11.6080 (3297 ms)
  iter 28: nodes 993218, exploitability current 0.675435 sd-cfr 0.178825, losses 15.3617 / 11.5448 (3012 ms)
  iter 29: nodes 1028498, exploitability current 0.729799 sd-cfr 0.173721, losses 15.5089 / 11.4419 (3283 ms)
  iter 30: nodes 1065020, exploitability current 1.449869 sd-cfr 0.175985, losses 15.4983 / 11.4940 (3352 ms)
  iter 31: nodes 1103110, exploitability current 1.512666 sd-cfr 0.177124, losses 15.8287 / 11.8289 (3425 ms)
  iter 32: nodes 1137989, exploitability current 1.052663 sd-cfr 0.174596, losses 15.8580 / 11.7722 (3485 ms)
  iter 33: nodes 1174688, exploitability current 0.883998 sd-cfr 0.178330, losses 16.0546 / 11.6588 (3397 ms)
  iter 34: nodes 1208421, exploitability current 0.866028 sd-cfr 0.176101, losses 15.9878 / 11.6812 (3392 ms)
  iter 35: nodes 1241677, exploitability current 0.589184 sd-cfr 0.174762, losses 16.0480 / 11.6914 (3302 ms)
  iter 36: nodes 1272171, exploitability current 0.735829 sd-cfr 0.170442, losses 15.7610 / 11.3194 (3247 ms)
  iter 37: nodes 1308044, exploitability current 1.207635 sd-cfr 0.169282, losses 15.6462 / 11.2964 (3261 ms)
  iter 38: nodes 1344277, exploitability current 0.802307 sd-cfr 0.163083, losses 15.5870 / 11.1578 (3405 ms)
  iter 39: nodes 1375334, exploitability current 0.453892 sd-cfr 0.153970, losses 15.3225 / 10.8980 (3333 ms)
  iter 40: nodes 1409730, exploitability current 0.660885 sd-cfr 0.151402, losses 15.2149 / 10.8848 (3353 ms)
  iter 41: nodes 1444774, exploitability current 0.792184 sd-cfr 0.149877, losses 15.2116 / 10.7586 (3417 ms)
  iter 42: nodes 1477224, exploitability current 0.847413 sd-cfr 0.148726, losses 14.9380 / 10.6671 (3435 ms)
  iter 43: nodes 1515085, exploitability current 0.694901 sd-cfr 0.153530, losses 14.9986 / 11.0545 (3365 ms)
  iter 44: nodes 1545773, exploitability current 0.822011 sd-cfr 0.145185, losses 14.8328 / 10.9940 (3353 ms)
  iter 45: nodes 1580965, exploitability current 0.980892 sd-cfr 0.137212, losses 14.8583 / 11.0352 (3459 ms)
  iter 46: nodes 1613676, exploitability current 0.818353 sd-cfr 0.136036, losses 14.8114 / 10.9403 (3382 ms)
  iter 47: nodes 1645315, exploitability current 0.777913 sd-cfr 0.133323, losses 14.5917 / 10.8222 (3207 ms)
  iter 48: nodes 1678938, exploitability current 1.229826 sd-cfr 0.130629, losses 14.4811 / 10.7788 (3394 ms)
  iter 49: nodes 1711815, exploitability current 1.176554 sd-cfr 0.129173, losses 14.4906 / 10.9005 (3374 ms)
  iter 50: nodes 1744221, exploitability current 1.177134 sd-cfr 0.128799, losses 14.3695 / 10.9728 (3317 ms)
  iter 51: nodes 1776935, exploitability current 0.961650 sd-cfr 0.128534, losses 14.3536 / 10.8959 (3352 ms)
  iter 52: nodes 1809584, exploitability current 0.735964 sd-cfr 0.127281, losses 14.4488 / 10.6783 (3271 ms)
  iter 53: nodes 1843352, exploitability current 0.767844 sd-cfr 0.128000, losses 14.3009 / 11.0775 (3284 ms)
  iter 54: nodes 1875880, exploitability current 0.980189 sd-cfr 0.128346, losses 14.3703 / 11.2206 (3458 ms)
  iter 55: nodes 1908771, exploitability current 0.640389 sd-cfr 0.126000, losses 14.2427 / 11.1582 (3392 ms)
  iter 56: nodes 1939757, exploitability current 0.846835 sd-cfr 0.125179, losses 14.2815 / 10.9564 (3182 ms)
  iter 57: nodes 1973066, exploitability current 0.685196 sd-cfr 0.121345, losses 14.3424 / 10.8750 (3599 ms)
  iter 58: nodes 2005110, exploitability current 0.598433 sd-cfr 0.119617, losses 14.2462 / 10.7212 (3243 ms)
  iter 59: nodes 2036910, exploitability current 1.033476 sd-cfr 0.119568, losses 14.1848 / 10.6695 (3344 ms)
  iter 60: nodes 2070166, exploitability current 1.168861 sd-cfr 0.120681, losses 14.3392 / 10.7717 (3171 ms)
  iter 61: nodes 2100225, exploitability current 1.137324 sd-cfr 0.119005, losses 14.2648 / 10.9098 (3402 ms)
  iter 62: nodes 2133432, exploitability current 0.879421 sd-cfr 0.121383, losses 14.2662 / 10.9641 (3506 ms)
  iter 63: nodes 2166395, exploitability current 1.345956 sd-cfr 0.121217, losses 14.2706 / 10.9823 (3481 ms)
  iter 64: nodes 2199092, exploitability current 1.002099 sd-cfr 0.119916, losses 14.2745 / 10.9373 (3458 ms)
  iter 65: nodes 2233214, exploitability current 0.723322 sd-cfr 0.117104, losses 14.3592 / 10.9246 (3164 ms)
  iter 66: nodes 2264811, exploitability current 1.249289 sd-cfr 0.117232, losses 14.4355 / 10.9560 (3473 ms)
  iter 67: nodes 2298382, exploitability current 1.600999 sd-cfr 0.118993, losses 14.3520 / 10.9222 (3399 ms)
  iter 68: nodes 2334901, exploitability current 0.976352 sd-cfr 0.118248, losses 14.6242 / 11.0382 (3311 ms)
  iter 69: nodes 2368187, exploitability current 1.032949 sd-cfr 0.116388, losses 14.6536 / 10.9857 (3331 ms)
  iter 70: nodes 2401665, exploitability current 1.089593 sd-cfr 0.114534, losses 14.5947 / 11.0344 (3397 ms)
  iter 71: nodes 2435821, exploitability current 2.006301 sd-cfr 0.120075, losses 14.7093 / 11.0619 (3334 ms)
  iter 72: nodes 2475664, exploitability current 2.130816 sd-cfr 0.132749, losses 15.2528 / 11.0962 (3410 ms)
  iter 73: nodes 2515609, exploitability current 1.633045 sd-cfr 0.137382, losses 15.8646 / 11.4458 (3589 ms)
  iter 74: nodes 2553546, exploitability current 1.348990 sd-cfr 0.138168, losses 15.9844 / 11.5560 (3323 ms)
  iter 75: nodes 2590994, exploitability current 0.821503 sd-cfr 0.136132, losses 16.3655 / 11.5357 (3326 ms)
  iter 76: nodes 2625816, exploitability current 1.081668 sd-cfr 0.134773, losses 16.3789 / 11.5802 (3390 ms)
  iter 77: nodes 2662420, exploitability current 1.111647 sd-cfr 0.138317, losses 16.7268 / 11.6179 (3360 ms)
  iter 78: nodes 2697852, exploitability current 0.904425 sd-cfr 0.137831, losses 16.9013 / 11.6866 (3508 ms)
  iter 79: nodes 2731071, exploitability current 0.728617 sd-cfr 0.136002, losses 16.9027 / 11.8144 (3226 ms)
  iter 80: nodes 2765492, exploitability current 1.140248 sd-cfr 0.133087, losses 16.8510 / 11.8488 (3289 ms)
  iter 81: nodes 2800042, exploitability current 1.381157 sd-cfr 0.133111, losses 16.9291 / 12.0252 (3460 ms)
  iter 82: nodes 2831557, exploitability current 1.002209 sd-cfr 0.133304, losses 17.1387 / 11.9916 (3430 ms)
  iter 83: nodes 2866650, exploitability current 0.698469 sd-cfr 0.132270, losses 17.1580 / 11.8991 (3315 ms)
  iter 84: nodes 2902469, exploitability current 1.289752 sd-cfr 0.136126, losses 17.1363 / 11.9775 (3220 ms)
  iter 85: nodes 2934544, exploitability current 0.798906 sd-cfr 0.138055, losses 17.1688 / 11.9896 (3526 ms)
  iter 86: nodes 2970233, exploitability current 0.681821 sd-cfr 0.136950, losses 17.1552 / 12.0547 (3430 ms)
  iter 87: nodes 3001680, exploitability current 0.805492 sd-cfr 0.135478, losses 17.0071 / 11.9928 (3300 ms)
  iter 88: nodes 3033823, exploitability current 1.005665 sd-cfr 0.136416, losses 17.0853 / 11.8926 (3316 ms)
  iter 89: nodes 3067032, exploitability current 0.611048 sd-cfr 0.133380, losses 17.0989 / 11.8976 (3437 ms)
  iter 90: nodes 3098284, exploitability current 0.637355 sd-cfr 0.134164, losses 17.0168 / 11.7021 (3280 ms)
  iter 91: nodes 3131356, exploitability current 1.316029 sd-cfr 0.136239, losses 17.0449 / 11.8035 (3626 ms)
  iter 92: nodes 3168212, exploitability current 0.586560 sd-cfr 0.133877, losses 16.9958 / 11.7270 (3433 ms)
  iter 93: nodes 3200228, exploitability current 0.869764 sd-cfr 0.132853, losses 16.9548 / 11.6506 (3421 ms)
  iter 94: nodes 3234281, exploitability current 0.480187 sd-cfr 0.133033, losses 16.8903 / 11.6225 (3467 ms)
  iter 95: nodes 3267184, exploitability current 0.737152 sd-cfr 0.132333, losses 16.8198 / 11.5546 (3476 ms)
  iter 96: nodes 3298952, exploitability current 0.782835 sd-cfr 0.130527, losses 16.6716 / 11.5629 (3286 ms)
  iter 97: nodes 3332546, exploitability current 1.125977 sd-cfr 0.128841, losses 16.5495 / 11.5599 (3266 ms)
  iter 98: nodes 3365055, exploitability current 0.757470 sd-cfr 0.127409, losses 16.5177 / 11.4928 (3378 ms)
  iter 99: nodes 3398564, exploitability current 0.762266 sd-cfr 0.123769, losses 16.4794 / 11.5808 (3408 ms)
  iter 100: nodes 3431482, exploitability current 0.733810 sd-cfr 0.119858, losses 16.4867 / 11.4999 (3378 ms)
  strategy reservoir: 1000000 rows held of 1149329 seen; training 4000 steps
strategy net: exploitability 0.132151 (loss 0.0990), vs CFR+ seat-averaged -0.03407
SD-CFR:       exploitability 0.119858, vs CFR+ seat-averaged -0.02637
ES-MCCFR:     exploitability 0.106953 at 3431482 nodes (coverage 1.000), vs CFR+ seat-averaged -0.03534
trained: 100 iterations, 3431482 nodes touched, 204000 steps, 348132 ms; wrote .lake/build/deep_cfr_leduc_f50_r13s2_curve.csv, .lake/build/deep_cfr_leduc_f50_r13s2_strategy.bin, .lake/build/deep_cfr_leduc_f50_r13s2_sdcfr.bin
