Deep CFR on Leduc r = 3: 288 information sets, F = 30, 10499 params per net; T = 100, K = 1000, reservoirs 1000000, 1000 / 4000 Adam steps at batch 512, lr 0.001000, seed 2
  CFR+ 1000: exploitability 0.000238, value -0.08559
I1008 00:16:33.187525 1679162 service.cc:154] XLA service 0x780abc033920 initialized for platform CUDA (this does not guarantee that XLA will be used). Devices:
I1008 00:16:33.187558 1679162 service.cc:170]   StreamExecutor [0]: NVIDIA GeForce RTX 4060 Ti, Compute Capability 8.9 (Driver: 12.9.0[575.57.8]; Runtime: 12.9.0; Toolkit: 12.9.0; DNN: 9.23.2)
I1008 00:16:33.188965 1679162 se_gpu_pjrt_client.cc:1342] Using BFC allocator.
I1008 00:16:33.188999 1679162 gpu_helpers.cc:162] XLA backend allocating 11.68GiB (12543066112 bytes) on device 0 for BFCAllocator.
I1008 00:16:33.196063 1679162 cuda_dnn.cc:440] Loaded cuDNN version 92302
[pjrt_ffi] XLA backend: PJRT 0.114, 1 device(s)
[pjrt_ffi] command buffers: enabled (CUDA default)
[pjrt_ffi] residency: on — parameters stay on the device between steps (default)
I1008 00:16:34.415989 1679278 subprocess_compilation.cc:349] ptxas warning : Registers are spilled to local memory in function 'gemm_fusion_dot', 8 bytes spill stores, 8 bytes spill loads

[pjrt_ffi] compiled .lake/build/deep_cfr_leduc_f30_r3s2_train_step.mlir (@main, 25 outputs, 1 replica) in 1975 ms
[pjrt_ffi] compiled .lake/build/deep_cfr_leduc_f30_r3s2_fwd_eval.mlir (@forward_eval, 1 outputs, 1 replica) in 680 ms
[pjrt_ffi] compiled .lake/build/deep_cfr_leduc_f30_r3s2_fwd_eval_b.mlir (@forward_eval, 1 outputs, 1 replica) in 523 ms
  sessions loaded
  iter 1: nodes 36038, exploitability current 2.860183 sd-cfr 2.860183, losses 2.9476 / 11.5669 (3354 ms)
  iter 2: nodes 74982, exploitability current 1.687314 sd-cfr 2.002273, losses 11.1660 / 21.6505 (3246 ms)
  iter 3: nodes 107101, exploitability current 2.533271 sd-cfr 2.109748, losses 12.4943 / 23.9083 (3178 ms)
  iter 4: nodes 151274, exploitability current 1.554088 sd-cfr 1.589112, losses 17.2656 / 20.5699 (3286 ms)
  iter 5: nodes 191040, exploitability current 1.233010 sd-cfr 1.216371, losses 16.8185 / 18.6486 (3285 ms)
  iter 6: nodes 237988, exploitability current 1.010454 sd-cfr 0.974139, losses 15.6300 / 17.4598 (3254 ms)
  iter 7: nodes 277781, exploitability current 1.003937 sd-cfr 0.783593, losses 14.8392 / 16.1804 (3182 ms)
  iter 8: nodes 314623, exploitability current 0.941904 sd-cfr 0.666292, losses 13.8730 / 15.2795 (3385 ms)
  iter 9: nodes 352744, exploitability current 1.125258 sd-cfr 0.584724, losses 13.7364 / 14.6963 (3190 ms)
  iter 10: nodes 398602, exploitability current 1.225018 sd-cfr 0.617782, losses 15.4491 / 16.0154 (3273 ms)
  iter 11: nodes 445243, exploitability current 1.719736 sd-cfr 0.620331, losses 15.6288 / 16.1780 (3297 ms)
  iter 12: nodes 491625, exploitability current 1.338293 sd-cfr 0.605156, losses 15.8016 / 16.1799 (3491 ms)
  iter 13: nodes 536684, exploitability current 1.031007 sd-cfr 0.539443, losses 15.9594 / 15.7626 (3431 ms)
  iter 14: nodes 576139, exploitability current 1.062958 sd-cfr 0.477450, losses 15.4515 / 15.1729 (3266 ms)
  iter 15: nodes 617627, exploitability current 1.021037 sd-cfr 0.441109, losses 14.8577 / 14.9353 (3129 ms)
  iter 16: nodes 658958, exploitability current 0.934161 sd-cfr 0.427636, losses 14.4260 / 14.6293 (3400 ms)
  iter 17: nodes 699431, exploitability current 1.268173 sd-cfr 0.407133, losses 14.2179 / 13.9575 (3421 ms)
  iter 18: nodes 737633, exploitability current 1.140311 sd-cfr 0.379988, losses 14.1160 / 13.8531 (3446 ms)
  iter 19: nodes 775788, exploitability current 1.898278 sd-cfr 0.396865, losses 13.8841 / 13.5902 (3533 ms)
  iter 20: nodes 820373, exploitability current 1.184485 sd-cfr 0.352878, losses 14.5485 / 13.5235 (3291 ms)
  iter 21: nodes 864664, exploitability current 0.664727 sd-cfr 0.314397, losses 14.7078 / 13.2391 (3394 ms)
  iter 22: nodes 903865, exploitability current 1.041233 sd-cfr 0.289417, losses 14.3237 / 12.9544 (3301 ms)
  iter 23: nodes 947656, exploitability current 1.122124 sd-cfr 0.276418, losses 14.1111 / 12.5169 (3365 ms)
  iter 24: nodes 990096, exploitability current 1.047743 sd-cfr 0.268385, losses 14.0527 / 12.0203 (3311 ms)
  iter 25: nodes 1030155, exploitability current 1.457039 sd-cfr 0.268939, losses 13.9704 / 12.1624 (3233 ms)
  iter 26: nodes 1073245, exploitability current 0.875948 sd-cfr 0.262102, losses 13.9642 / 12.3672 (3345 ms)
  iter 27: nodes 1112666, exploitability current 1.281368 sd-cfr 0.289614, losses 13.7293 / 12.1879 (3474 ms)
  iter 28: nodes 1157726, exploitability current 1.227385 sd-cfr 0.274782, losses 13.7136 / 13.0300 (3462 ms)
  iter 29: nodes 1200528, exploitability current 1.916325 sd-cfr 0.264608, losses 13.8209 / 13.3300 (3309 ms)
  iter 30: nodes 1245333, exploitability current 1.496094 sd-cfr 0.247050, losses 13.5531 / 14.1363 (3412 ms)
  iter 31: nodes 1284951, exploitability current 1.344850 sd-cfr 0.242526, losses 13.4652 / 14.1440 (3434 ms)
  iter 32: nodes 1324001, exploitability current 0.936280 sd-cfr 0.244077, losses 13.3107 / 14.1970 (3197 ms)
  iter 33: nodes 1359975, exploitability current 1.015388 sd-cfr 0.229593, losses 13.3095 / 13.8661 (3394 ms)
  iter 34: nodes 1404352, exploitability current 1.133652 sd-cfr 0.225894, losses 13.6275 / 13.7938 (3153 ms)
  iter 35: nodes 1444003, exploitability current 1.080254 sd-cfr 0.214771, losses 13.3187 / 13.8641 (3132 ms)
  iter 36: nodes 1486769, exploitability current 0.923964 sd-cfr 0.200010, losses 13.5931 / 13.4657 (3468 ms)
  iter 37: nodes 1527474, exploitability current 1.065533 sd-cfr 0.189092, losses 13.4670 / 13.5034 (3331 ms)
  iter 38: nodes 1568769, exploitability current 1.376107 sd-cfr 0.178429, losses 13.2960 / 13.5968 (3437 ms)
  iter 39: nodes 1612140, exploitability current 0.715687 sd-cfr 0.173368, losses 13.3868 / 13.3533 (3471 ms)
  iter 40: nodes 1654576, exploitability current 1.260497 sd-cfr 0.176250, losses 13.4821 / 13.0203 (3391 ms)
  iter 41: nodes 1696504, exploitability current 1.740868 sd-cfr 0.192459, losses 13.5764 / 13.3663 (3348 ms)
  iter 42: nodes 1739115, exploitability current 1.254542 sd-cfr 0.199701, losses 13.6543 / 13.4582 (3426 ms)
  iter 43: nodes 1779563, exploitability current 1.458567 sd-cfr 0.187248, losses 13.4314 / 13.7179 (3466 ms)
  iter 44: nodes 1826031, exploitability current 1.483972 sd-cfr 0.178993, losses 14.0111 / 13.6922 (3388 ms)
  iter 45: nodes 1870452, exploitability current 1.541301 sd-cfr 0.169723, losses 14.2650 / 13.6225 (3194 ms)
  iter 46: nodes 1913034, exploitability current 1.919692 sd-cfr 0.180620, losses 14.3801 / 13.6792 (3382 ms)
  iter 47: nodes 1954383, exploitability current 1.852620 sd-cfr 0.199590, losses 14.4977 / 13.5563 (3269 ms)
  iter 48: nodes 1994814, exploitability current 1.469560 sd-cfr 0.196189, losses 14.4912 / 13.4852 (3529 ms)
  iter 49: nodes 2037007, exploitability current 1.661855 sd-cfr 0.204418, losses 14.8313 / 13.2892 (3348 ms)
  iter 50: nodes 2082005, exploitability current 1.467647 sd-cfr 0.210680, losses 14.9882 / 13.1724 (3304 ms)
  iter 51: nodes 2120055, exploitability current 1.854534 sd-cfr 0.203020, losses 15.1463 / 12.9810 (3369 ms)
  iter 52: nodes 2170968, exploitability current 1.645441 sd-cfr 0.202524, losses 15.9105 / 13.0229 (3294 ms)
  iter 53: nodes 2210540, exploitability current 2.759847 sd-cfr 0.220242, losses 15.8127 / 12.9471 (3488 ms)
  iter 54: nodes 2262623, exploitability current 2.180409 sd-cfr 0.229209, losses 16.2687 / 13.0446 (3362 ms)
  iter 55: nodes 2311009, exploitability current 1.682828 sd-cfr 0.240387, losses 16.4502 / 13.0048 (3376 ms)
  iter 56: nodes 2354126, exploitability current 2.469194 sd-cfr 0.258617, losses 16.8117 / 13.6084 (3546 ms)
  iter 57: nodes 2401738, exploitability current 1.226725 sd-cfr 0.243118, losses 17.0267 / 13.8556 (3191 ms)
  iter 58: nodes 2440779, exploitability current 1.449918 sd-cfr 0.236372, losses 16.6863 / 14.2646 (3453 ms)
  iter 59: nodes 2484362, exploitability current 1.461926 sd-cfr 0.221161, losses 16.8711 / 14.4095 (3395 ms)
  iter 60: nodes 2530405, exploitability current 2.103752 sd-cfr 0.233052, losses 17.0254 / 14.9414 (3445 ms)
  iter 61: nodes 2569766, exploitability current 1.104112 sd-cfr 0.231144, losses 16.9233 / 15.0793 (3253 ms)
  iter 62: nodes 2607105, exploitability current 0.774733 sd-cfr 0.226029, losses 16.7659 / 14.8158 (3237 ms)
  iter 63: nodes 2646510, exploitability current 1.006624 sd-cfr 0.221157, losses 16.8873 / 14.6809 (3418 ms)
  iter 64: nodes 2691248, exploitability current 1.796650 sd-cfr 0.229957, losses 16.6455 / 14.9967 (3335 ms)
  iter 65: nodes 2730840, exploitability current 1.029857 sd-cfr 0.226253, losses 16.4988 / 14.9724 (3424 ms)
  iter 66: nodes 2777106, exploitability current 1.872182 sd-cfr 0.249160, losses 16.2894 / 15.0299 (3277 ms)
  iter 67: nodes 2823978, exploitability current 1.526415 sd-cfr 0.239954, losses 16.3607 / 15.1847 (3470 ms)
  iter 68: nodes 2869065, exploitability current 1.016250 sd-cfr 0.237112, losses 16.2684 / 15.0079 (3238 ms)
  iter 69: nodes 2914127, exploitability current 1.030174 sd-cfr 0.230023, losses 16.2353 / 15.0522 (3298 ms)
  iter 70: nodes 2960156, exploitability current 0.935111 sd-cfr 0.228059, losses 16.1956 / 14.7624 (3436 ms)
  iter 71: nodes 3006497, exploitability current 1.071314 sd-cfr 0.214458, losses 16.2275 / 14.9020 (3350 ms)
  iter 72: nodes 3046089, exploitability current 0.631462 sd-cfr 0.213918, losses 15.9960 / 14.6551 (3314 ms)
  iter 73: nodes 3082401, exploitability current 0.649932 sd-cfr 0.203756, losses 15.7410 / 14.4561 (3359 ms)
  iter 74: nodes 3119642, exploitability current 0.703898 sd-cfr 0.194163, losses 15.5992 / 14.4659 (3298 ms)
  iter 75: nodes 3151568, exploitability current 0.731902 sd-cfr 0.189811, losses 15.5565 / 14.2690 (3384 ms)
  iter 76: nodes 3194685, exploitability current 0.741362 sd-cfr 0.185134, losses 15.4303 / 14.0724 (3311 ms)
  iter 77: nodes 3238575, exploitability current 1.155737 sd-cfr 0.179963, losses 15.3066 / 14.1507 (3436 ms)
  iter 78: nodes 3278855, exploitability current 0.909473 sd-cfr 0.173628, losses 15.1468 / 14.0262 (3506 ms)
  iter 79: nodes 3321235, exploitability current 1.117545 sd-cfr 0.171023, losses 15.0119 / 13.9823 (3478 ms)
  iter 80: nodes 3361415, exploitability current 0.992588 sd-cfr 0.167279, losses 14.9065 / 13.8970 (3381 ms)
  iter 81: nodes 3403852, exploitability current 1.355240 sd-cfr 0.157485, losses 14.7880 / 14.0244 (3318 ms)
  iter 82: nodes 3441095, exploitability current 0.715035 sd-cfr 0.153814, losses 14.7817 / 13.8875 (3209 ms)
  iter 83: nodes 3479054, exploitability current 0.638383 sd-cfr 0.150857, losses 14.6836 / 13.8733 (3325 ms)
  iter 84: nodes 3517352, exploitability current 0.775512 sd-cfr 0.148648, losses 14.5592 / 13.9096 (3371 ms)
  iter 85: nodes 3559518, exploitability current 0.871844 sd-cfr 0.143190, losses 14.5650 / 13.8156 (3346 ms)
  iter 86: nodes 3596584, exploitability current 1.582220 sd-cfr 0.142433, losses 14.3379 / 13.8256 (3437 ms)
  iter 87: nodes 3635986, exploitability current 1.201963 sd-cfr 0.145242, losses 14.2251 / 13.9743 (3343 ms)
  iter 88: nodes 3673312, exploitability current 1.449304 sd-cfr 0.140678, losses 14.1215 / 13.9234 (3401 ms)
  iter 89: nodes 3712848, exploitability current 1.726107 sd-cfr 0.137195, losses 14.0538 / 13.9697 (3178 ms)
  iter 90: nodes 3754714, exploitability current 0.979891 sd-cfr 0.137635, losses 13.9939 / 13.9960 (3383 ms)
  iter 91: nodes 3790791, exploitability current 1.418579 sd-cfr 0.136803, losses 14.0894 / 13.9710 (3422 ms)
  iter 92: nodes 3837836, exploitability current 1.772052 sd-cfr 0.138241, losses 14.2262 / 13.7632 (3488 ms)
  iter 93: nodes 3883658, exploitability current 1.643221 sd-cfr 0.135567, losses 14.1999 / 13.8107 (3322 ms)
  iter 94: nodes 3920915, exploitability current 0.826609 sd-cfr 0.141572, losses 14.1379 / 13.7169 (3491 ms)
  iter 95: nodes 3960162, exploitability current 0.867872 sd-cfr 0.144603, losses 13.9884 / 13.6598 (3454 ms)
  iter 96: nodes 4002326, exploitability current 1.018896 sd-cfr 0.147545, losses 13.9668 / 13.6977 (3328 ms)
  iter 97: nodes 4042927, exploitability current 1.072104 sd-cfr 0.148578, losses 13.9859 / 13.6851 (3276 ms)
  iter 98: nodes 4088071, exploitability current 1.711650 sd-cfr 0.154765, losses 14.2642 / 13.7256 (3496 ms)
  iter 99: nodes 4127445, exploitability current 1.318250 sd-cfr 0.151603, losses 13.9532 / 13.6487 (3283 ms)
  iter 100: nodes 4172179, exploitability current 1.361109 sd-cfr 0.149779, losses 14.1805 / 13.7331 (3336 ms)
  strategy reservoir: 1000000 rows held of 1364137 seen; training 4000 steps
strategy net: exploitability 0.185240 (loss 0.0844), vs CFR+ seat-averaged -0.03851
SD-CFR:       exploitability 0.149779, vs CFR+ seat-averaged -0.03087
trained: 100 iterations, 4172179 nodes touched, 204000 steps, 345076 ms; wrote .lake/build/deep_cfr_leduc_f30_r3s2_curve.csv, .lake/build/deep_cfr_leduc_f30_r3s2_strategy.bin, .lake/build/deep_cfr_leduc_f30_r3s2_sdcfr.bin
