Deep CFR on Leduc r = 6: 1116 information sets, F = 36, 10883 params per net; T = 100, K = 1000, reservoirs 1000000, 1000 / 4000 Adam steps at batch 512, lr 0.001000, seed 3
  CFR+ 1000: exploitability 0.000444, value -0.10453
I1008 00:31:43.381767 1686598 service.cc:154] XLA service 0x7462d4033920 initialized for platform CUDA (this does not guarantee that XLA will be used). Devices:
I1008 00:31:43.381822 1686598 service.cc:170]   StreamExecutor [0]: NVIDIA GeForce RTX 4060 Ti, Compute Capability 8.9 (Driver: 12.9.0[575.57.8]; Runtime: 12.9.0; Toolkit: 12.9.0; DNN: 9.23.2)
I1008 00:31:43.383673 1686598 se_gpu_pjrt_client.cc:1342] Using BFC allocator.
I1008 00:31:43.383715 1686598 gpu_helpers.cc:162] XLA backend allocating 11.68GiB (12543066112 bytes) on device 0 for BFCAllocator.
I1008 00:31:43.394800 1686598 cuda_dnn.cc:440] Loaded cuDNN version 92302
[pjrt_ffi] XLA backend: PJRT 0.114, 1 device(s)
[pjrt_ffi] command buffers: enabled (CUDA default)
[pjrt_ffi] residency: on — parameters stay on the device between steps (default)
[pjrt_ffi] compiled .lake/build/deep_cfr_leduc_f36_r6s3_train_step.mlir (@main, 25 outputs, 1 replica) in 1940 ms
[pjrt_ffi] compiled .lake/build/deep_cfr_leduc_f36_r6s3_fwd_eval.mlir (@forward_eval, 1 outputs, 1 replica) in 838 ms
[pjrt_ffi] compiled .lake/build/deep_cfr_leduc_f36_r6s3_fwd_eval_b.mlir (@forward_eval, 1 outputs, 1 replica) in 685 ms
  sessions loaded
  iter 1: nodes 36358, exploitability current 3.849311 sd-cfr 3.849311, losses 13.8245 / 14.8103 (3279 ms)
  iter 2: nodes 79331, exploitability current 2.123152 sd-cfr 2.276789, losses 22.2058 / 18.3008 (3321 ms)
  iter 3: nodes 118609, exploitability current 1.475885 sd-cfr 1.435411, losses 26.0943 / 18.8334 (3496 ms)
  iter 4: nodes 155580, exploitability current 0.875266 sd-cfr 0.950498, losses 23.8557 / 17.7914 (3346 ms)
  iter 5: nodes 192894, exploitability current 0.915809 sd-cfr 0.675033, losses 21.4391 / 15.1533 (3323 ms)
  iter 6: nodes 228762, exploitability current 1.073047 sd-cfr 0.550197, losses 19.1927 / 13.9032 (3496 ms)
  iter 7: nodes 267811, exploitability current 0.827287 sd-cfr 0.454037, losses 19.2225 / 13.2921 (3136 ms)
  iter 8: nodes 305649, exploitability current 0.944635 sd-cfr 0.388593, losses 17.9504 / 13.3259 (3289 ms)
  iter 9: nodes 340518, exploitability current 1.212781 sd-cfr 0.443738, losses 16.3871 / 14.0307 (3230 ms)
  iter 10: nodes 378668, exploitability current 1.058277 sd-cfr 0.401915, losses 15.6587 / 13.6282 (3349 ms)
  iter 11: nodes 419336, exploitability current 0.703073 sd-cfr 0.359686, losses 16.0576 / 13.5242 (3370 ms)
  iter 12: nodes 454618, exploitability current 0.702280 sd-cfr 0.329964, losses 15.4852 / 13.0752 (3379 ms)
  iter 13: nodes 493176, exploitability current 0.742100 sd-cfr 0.288229, losses 15.5978 / 13.9514 (3326 ms)
  iter 14: nodes 530211, exploitability current 0.873290 sd-cfr 0.276807, losses 15.4604 / 14.5211 (3151 ms)
  iter 15: nodes 565665, exploitability current 0.700932 sd-cfr 0.263303, losses 15.4652 / 13.6785 (3380 ms)
  iter 16: nodes 602937, exploitability current 0.780335 sd-cfr 0.262076, losses 15.6956 / 13.6089 (3216 ms)
  iter 17: nodes 640206, exploitability current 0.758947 sd-cfr 0.243835, losses 15.3967 / 13.1727 (3377 ms)
  iter 18: nodes 676844, exploitability current 1.019773 sd-cfr 0.238166, losses 14.9532 / 13.0119 (3190 ms)
  iter 19: nodes 712431, exploitability current 0.738544 sd-cfr 0.220922, losses 15.0028 / 12.4765 (3307 ms)
  iter 20: nodes 748488, exploitability current 1.027219 sd-cfr 0.205192, losses 14.8092 / 12.3119 (3282 ms)
  iter 21: nodes 781044, exploitability current 0.612973 sd-cfr 0.191567, losses 14.8598 / 11.8740 (3320 ms)
  iter 22: nodes 817792, exploitability current 1.458783 sd-cfr 0.190387, losses 14.6444 / 12.3135 (3194 ms)
  iter 23: nodes 855319, exploitability current 1.118847 sd-cfr 0.191161, losses 14.8042 / 12.0402 (3395 ms)
  iter 24: nodes 891954, exploitability current 0.922258 sd-cfr 0.189006, losses 15.0099 / 12.0820 (3363 ms)
  iter 25: nodes 927936, exploitability current 0.905737 sd-cfr 0.172382, losses 15.0161 / 12.3313 (3231 ms)
  iter 26: nodes 963060, exploitability current 1.047173 sd-cfr 0.178926, losses 14.9843 / 12.2521 (3207 ms)
  iter 27: nodes 1001671, exploitability current 1.293566 sd-cfr 0.179339, losses 15.3668 / 12.7798 (3366 ms)
  iter 28: nodes 1039136, exploitability current 0.729129 sd-cfr 0.169126, losses 15.4755 / 12.7436 (3143 ms)
  iter 29: nodes 1075845, exploitability current 1.290405 sd-cfr 0.172939, losses 15.6444 / 13.4428 (3343 ms)
  iter 30: nodes 1110714, exploitability current 1.448896 sd-cfr 0.191334, losses 15.3519 / 14.0038 (3420 ms)
  iter 31: nodes 1147231, exploitability current 0.813304 sd-cfr 0.190937, losses 15.6026 / 13.9809 (3490 ms)
  iter 32: nodes 1179950, exploitability current 0.563977 sd-cfr 0.176037, losses 15.4424 / 14.0439 (3421 ms)
  iter 33: nodes 1215058, exploitability current 0.891569 sd-cfr 0.170970, losses 15.3747 / 13.8354 (3413 ms)
  iter 34: nodes 1249207, exploitability current 0.543544 sd-cfr 0.166223, losses 15.3874 / 13.3725 (3376 ms)
  iter 35: nodes 1284915, exploitability current 0.563135 sd-cfr 0.156854, losses 15.4041 / 13.4018 (3541 ms)
  iter 36: nodes 1317100, exploitability current 0.859839 sd-cfr 0.160788, losses 15.1735 / 13.3826 (3325 ms)
  iter 37: nodes 1353561, exploitability current 1.017839 sd-cfr 0.166059, losses 15.2334 / 13.6163 (3499 ms)
  iter 38: nodes 1387065, exploitability current 1.337530 sd-cfr 0.175692, losses 15.1369 / 13.5137 (3402 ms)
  iter 39: nodes 1426836, exploitability current 0.712587 sd-cfr 0.172239, losses 15.6148 / 13.3601 (3479 ms)
  iter 40: nodes 1462181, exploitability current 0.637001 sd-cfr 0.169019, losses 15.4646 / 13.0821 (3358 ms)
  iter 41: nodes 1497349, exploitability current 1.246788 sd-cfr 0.171815, losses 15.2905 / 13.1501 (3476 ms)
  iter 42: nodes 1533472, exploitability current 0.540581 sd-cfr 0.164766, losses 15.3696 / 12.8176 (3565 ms)
  iter 43: nodes 1567374, exploitability current 1.503725 sd-cfr 0.160309, losses 15.3310 / 12.7345 (3531 ms)
  iter 44: nodes 1610361, exploitability current 0.700868 sd-cfr 0.152849, losses 15.8111 / 12.5727 (3396 ms)
  iter 45: nodes 1645060, exploitability current 1.524459 sd-cfr 0.164577, losses 15.6067 / 12.7682 (3473 ms)
  iter 46: nodes 1685329, exploitability current 1.130840 sd-cfr 0.161121, losses 15.9924 / 12.7497 (3280 ms)
  iter 47: nodes 1720676, exploitability current 0.538402 sd-cfr 0.153933, losses 15.9458 / 12.5807 (3238 ms)
  iter 48: nodes 1755795, exploitability current 0.450135 sd-cfr 0.149046, losses 15.8927 / 12.3349 (3307 ms)
  iter 49: nodes 1790240, exploitability current 0.461743 sd-cfr 0.144944, losses 15.5799 / 12.2130 (3178 ms)
  iter 50: nodes 1822479, exploitability current 1.105317 sd-cfr 0.148477, losses 15.4067 / 12.0172 (3457 ms)
  iter 51: nodes 1864072, exploitability current 0.648291 sd-cfr 0.143637, losses 15.6501 / 11.8835 (3424 ms)
  iter 52: nodes 1901287, exploitability current 2.158329 sd-cfr 0.142439, losses 15.6023 / 12.1065 (3419 ms)
  iter 53: nodes 1942175, exploitability current 2.026859 sd-cfr 0.142146, losses 15.6580 / 12.2986 (3440 ms)
  iter 54: nodes 1979041, exploitability current 1.425596 sd-cfr 0.138453, losses 15.4320 / 12.5555 (3473 ms)
  iter 55: nodes 2016252, exploitability current 1.186226 sd-cfr 0.137612, losses 15.3428 / 12.4733 (3292 ms)
  iter 56: nodes 2051270, exploitability current 0.754161 sd-cfr 0.133478, losses 15.4697 / 12.3291 (3480 ms)
  iter 57: nodes 2085493, exploitability current 0.922418 sd-cfr 0.130001, losses 15.2726 / 12.1334 (3428 ms)
  iter 58: nodes 2121090, exploitability current 0.952695 sd-cfr 0.126027, losses 15.3336 / 11.9933 (3408 ms)
  iter 59: nodes 2155679, exploitability current 0.850729 sd-cfr 0.127471, losses 15.2969 / 11.8030 (3531 ms)
  iter 60: nodes 2193499, exploitability current 0.868262 sd-cfr 0.128284, losses 15.3001 / 11.6223 (3502 ms)
  iter 61: nodes 2229323, exploitability current 1.805782 sd-cfr 0.132583, losses 15.2548 / 11.8541 (3331 ms)
  iter 62: nodes 2269674, exploitability current 1.250587 sd-cfr 0.134672, losses 15.4139 / 11.9188 (3455 ms)
  iter 63: nodes 2308842, exploitability current 0.945312 sd-cfr 0.134251, losses 15.4820 / 11.9424 (3598 ms)
  iter 64: nodes 2346258, exploitability current 0.785531 sd-cfr 0.135248, losses 15.4595 / 11.8810 (3476 ms)
  iter 65: nodes 2382079, exploitability current 1.118128 sd-cfr 0.132209, losses 15.4521 / 12.0075 (3404 ms)
  iter 66: nodes 2418283, exploitability current 1.436882 sd-cfr 0.130878, losses 15.5067 / 12.0948 (3324 ms)
  iter 67: nodes 2455041, exploitability current 0.738169 sd-cfr 0.127745, losses 15.3567 / 11.9510 (3460 ms)
  iter 68: nodes 2491649, exploitability current 1.092137 sd-cfr 0.123926, losses 15.4119 / 12.1191 (3325 ms)
  iter 69: nodes 2528460, exploitability current 1.140725 sd-cfr 0.121511, losses 15.3696 / 12.0163 (3390 ms)
  iter 70: nodes 2567118, exploitability current 0.762122 sd-cfr 0.120867, losses 15.3378 / 12.0071 (3564 ms)
  iter 71: nodes 2602851, exploitability current 1.209350 sd-cfr 0.126315, losses 15.2321 / 12.2167 (3361 ms)
  iter 72: nodes 2638708, exploitability current 0.652934 sd-cfr 0.124369, losses 15.3060 / 12.1631 (3502 ms)
  iter 73: nodes 2674022, exploitability current 0.567387 sd-cfr 0.122163, losses 15.3111 / 12.0559 (3541 ms)
  iter 74: nodes 2706973, exploitability current 0.632149 sd-cfr 0.119159, losses 15.1685 / 12.0972 (3468 ms)
  iter 75: nodes 2740123, exploitability current 0.835101 sd-cfr 0.117444, losses 15.0666 / 11.8589 (3305 ms)
  iter 76: nodes 2777699, exploitability current 0.710789 sd-cfr 0.118253, losses 14.9391 / 11.8082 (3226 ms)
  iter 77: nodes 2810740, exploitability current 0.533694 sd-cfr 0.115888, losses 14.9492 / 11.6803 (3403 ms)
  iter 78: nodes 2844881, exploitability current 1.138701 sd-cfr 0.119320, losses 14.8000 / 11.9618 (3103 ms)
  iter 79: nodes 2876523, exploitability current 1.035124 sd-cfr 0.118941, losses 14.8690 / 11.7962 (3252 ms)
  iter 80: nodes 2909988, exploitability current 0.974198 sd-cfr 0.119056, losses 14.8680 / 11.7146 (3271 ms)
  iter 81: nodes 2945415, exploitability current 0.877816 sd-cfr 0.119836, losses 14.6933 / 11.6114 (3463 ms)
  iter 82: nodes 2978709, exploitability current 0.869235 sd-cfr 0.117377, losses 14.6902 / 11.7151 (3348 ms)
  iter 83: nodes 3010338, exploitability current 0.563735 sd-cfr 0.117371, losses 14.5751 / 11.6346 (3473 ms)
  iter 84: nodes 3043810, exploitability current 1.190641 sd-cfr 0.117055, losses 14.5736 / 11.6592 (3376 ms)
  iter 85: nodes 3077465, exploitability current 0.672637 sd-cfr 0.114417, losses 14.5012 / 11.5976 (3323 ms)
  iter 86: nodes 3111321, exploitability current 0.978700 sd-cfr 0.111995, losses 14.3900 / 11.7533 (3245 ms)
  iter 87: nodes 3148961, exploitability current 2.125308 sd-cfr 0.113641, losses 14.3674 / 12.2986 (3374 ms)
  iter 88: nodes 3182426, exploitability current 1.153899 sd-cfr 0.114570, losses 14.3674 / 12.2069 (3386 ms)
  iter 89: nodes 3216013, exploitability current 1.702312 sd-cfr 0.114939, losses 14.1860 / 12.3021 (3327 ms)
  iter 90: nodes 3254192, exploitability current 1.391728 sd-cfr 0.114535, losses 14.2636 / 12.5913 (3369 ms)
  iter 91: nodes 3290312, exploitability current 1.141602 sd-cfr 0.110064, losses 14.2598 / 12.5073 (3349 ms)
  iter 92: nodes 3327280, exploitability current 0.913756 sd-cfr 0.107173, losses 14.4982 / 12.4239 (3421 ms)
  iter 93: nodes 3362510, exploitability current 1.041734 sd-cfr 0.107925, losses 14.5579 / 12.7042 (3283 ms)
  iter 94: nodes 3399558, exploitability current 1.311824 sd-cfr 0.113637, losses 14.6829 / 12.6964 (3402 ms)
  iter 95: nodes 3435579, exploitability current 1.164498 sd-cfr 0.110833, losses 14.9117 / 12.6732 (3318 ms)
  iter 96: nodes 3473387, exploitability current 1.104115 sd-cfr 0.109261, losses 15.1223 / 12.6648 (3503 ms)
  iter 97: nodes 3507464, exploitability current 0.840162 sd-cfr 0.113081, losses 15.1265 / 12.5372 (3313 ms)
  iter 98: nodes 3542432, exploitability current 0.870560 sd-cfr 0.109520, losses 15.1288 / 12.5393 (3426 ms)
  iter 99: nodes 3577617, exploitability current 1.121093 sd-cfr 0.110087, losses 15.1522 / 12.3905 (3577 ms)
  iter 100: nodes 3611347, exploitability current 1.347182 sd-cfr 0.113184, losses 15.1441 / 12.3300 (3417 ms)
  strategy reservoir: 1000000 rows held of 1192498 seen; training 4000 steps
strategy net: exploitability 0.156520 (loss 0.0971), vs CFR+ seat-averaged -0.04116
SD-CFR:       exploitability 0.113184, vs CFR+ seat-averaged -0.02520
ES-MCCFR:     exploitability 0.057963 at 3611348 nodes (coverage 1.000), vs CFR+ seat-averaged -0.01752
trained: 100 iterations, 3611347 nodes touched, 204000 steps, 347165 ms; wrote .lake/build/deep_cfr_leduc_f36_r6s3_curve.csv, .lake/build/deep_cfr_leduc_f36_r6s3_strategy.bin, .lake/build/deep_cfr_leduc_f36_r6s3_sdcfr.bin
