rs cifar8w rgb: 3 planes #[3, 2, 1], 8 BN layers, train on eurosat_train, 20 epochs, batch 64, lr 0.001000, label smoothing 0.000000, seed 3, dihedral augmentation
I0929 15:29:58.919565 1454396 service.cc:154] XLA service 0x7738c4033910 initialized for platform CUDA (this does not guarantee that XLA will be used). Devices:
I0929 15:29:58.919622 1454396 service.cc:170]   StreamExecutor [0]: NVIDIA GeForce RTX 4060 Ti, Compute Capability 8.9 (Driver: 12.9.0[575.57.8]; Runtime: 12.9.0; Toolkit: 12.9.0; DNN: 9.23.2)
I0929 15:29:58.921184 1454396 se_gpu_pjrt_client.cc:1342] Using BFC allocator.
I0929 15:29:58.921218 1454396 gpu_helpers.cc:162] XLA backend allocating 11.68GiB (12543066112 bytes) on device 0 for BFCAllocator.
I0929 15:29:58.928006 1454396 cuda_dnn.cc:440] Loaded cuDNN version 92302
[pjrt_ffi] XLA backend: PJRT 0.114, 1 device(s)
[pjrt_ffi] command buffers: enabled (CUDA default)
I0929 15:29:59.621635 1454432 subprocess_compilation.cc:349] ptxas warning : Registers are spilled to local memory in function 'gemm_fusion_dot_1', 64 bytes spill stores, 64 bytes spill loads

I0929 15:29:59.720905 1454415 subprocess_compilation.cc:349] ptxas warning : Registers are spilled to local memory in function 'gemm_fusion_dot', 32 bytes spill stores, 32 bytes spill loads

I0929 15:29:59.803149 1454412 subprocess_compilation.cc:349] ptxas warning : Registers are spilled to local memory in function 'gemm_fusion_dot', 812 bytes spill stores, 812 bytes spill loads

I0929 15:29:59.878775 1454411 subprocess_compilation.cc:349] ptxas warning : Registers are spilled to local memory in function 'gemm_fusion_dot_1', 628 bytes spill stores, 628 bytes spill loads

[pjrt_ffi] compiled .lake/build/rs_cifar8w_rgb_fwd_eval.mlir (@forward_eval, 1 outputs, 1 replica) in 1357 ms
  570426 params (570426 by NetSpec.totalParams), 384 BN stat floats
  val eurosat_val: 5400 chips × 3 planes (553 ms)
  train eurosat_train: 16200 chips (2170 ms)
I0929 15:30:03.880735 1454440 subprocess_compilation.cc:349] ptxas warning : Registers are spilled to local memory in function 'gemm_fusion_dot_2', 32 bytes spill stores, 32 bytes spill loads

I0929 15:30:03.999673 1454435 subprocess_compilation.cc:349] ptxas warning : Registers are spilled to local memory in function 'gemm_fusion_dot_2', 712 bytes spill stores, 712 bytes spill loads

[pjrt_ffi] compiled .lake/build/rs_cifar8w_rgb_train_step.mlir (@main, 107 outputs, 1 replica) in 1470 ms
    step 0: loss 2.804000 (35 ms so far)
    step 1: loss 2.678900 (45 ms so far)
    step 2: loss 2.895000 (64 ms so far)
  epoch 1/20: loss 1.242100  val acc 71.110000%  (2542 ms train, 289 ms eval)
  epoch 2/20: loss 0.714500  val acc 74.020000%  (2702 ms train, 295 ms eval)
  epoch 3/20: loss 0.596600  val acc 81.850000%  (2589 ms train, 283 ms eval)
  epoch 4/20: loss 0.503700  val acc 84.000000%  (2614 ms train, 307 ms eval)
  epoch 5/20: loss 0.453800  val acc 83.800000%  (2766 ms train, 585 ms eval)
  epoch 6/20: loss 0.404800  val acc 85.220000%  (4744 ms train, 758 ms eval)
  epoch 7/20: loss 0.360500  val acc 88.480000%  (2709 ms train, 314 ms eval)
  epoch 8/20: loss 0.314300  val acc 89.410000%  (2761 ms train, 288 ms eval)
  epoch 9/20: loss 0.288200  val acc 90.430000%  (2581 ms train, 293 ms eval)
  epoch 10/20: loss 0.265400  val acc 89.810000%  (2576 ms train, 293 ms eval)
  epoch 11/20: loss 0.242000  val acc 92.410000%  (3324 ms train, 302 ms eval)
  epoch 12/20: loss 0.223400  val acc 92.430000%  (2873 ms train, 309 ms eval)
  epoch 13/20: loss 0.201800  val acc 93.040000%  (2938 ms train, 298 ms eval)
  epoch 14/20: loss 0.191700  val acc 93.350000%  (2885 ms train, 314 ms eval)
  epoch 15/20: loss 0.174400  val acc 93.740000%  (2817 ms train, 285 ms eval)
  epoch 16/20: loss 0.167000  val acc 93.780000%  (2648 ms train, 287 ms eval)
  epoch 17/20: loss 0.148800  val acc 94.170000%  (2581 ms train, 291 ms eval)
  epoch 18/20: loss 0.149300  val acc 94.280000%  (3478 ms train, 286 ms eval)
  epoch 19/20: loss 0.148300  val acc 94.500000%  (2583 ms train, 287 ms eval)
  epoch 20/20: loss 0.143900  val acc 94.650000%  (2580 ms train, 289 ms eval)
trained: 5060 steps in 63 s
score: .venv-rs/bin/python scripts/demos/rs_score.py runs/2026-09-29-rs-phase1/rs_cifar8w_rgb_s3_logits_<part>.bin --part <part>
rs cifar8w rgb on eurosat_val: 5400 chips, 10-way argmax accuracy 94.650000%  -> runs/2026-09-29-rs-phase1/rs_cifar8w_rgb_s3_logits_eurosat_val.bin
rs cifar8w rgb on eurosat_test: 5400 chips, 10-way argmax accuracy 94.300000%  -> runs/2026-09-29-rs-phase1/rs_cifar8w_rgb_s3_logits_eurosat_test.bin
