rs cifar8w rgbn: 4 planes #[3, 2, 1, 7], 8 BN layers, train on eurosat_train, 20 epochs, batch 64, lr 0.001000, label smoothing 0.000000, seed 3, dihedral augmentation
I0929 15:31:10.107792 1456474 service.cc:154] XLA service 0x7a3ca8033910 initialized for platform CUDA (this does not guarantee that XLA will be used). Devices:
I0929 15:31:10.107843 1456474 service.cc:170]   StreamExecutor [0]: NVIDIA GeForce RTX 4060 Ti, Compute Capability 8.9 (Driver: 12.9.0[575.57.8]; Runtime: 12.9.0; Toolkit: 12.9.0; DNN: 9.23.2)
I0929 15:31:10.109391 1456474 se_gpu_pjrt_client.cc:1342] Using BFC allocator.
I0929 15:31:10.109430 1456474 gpu_helpers.cc:162] XLA backend allocating 11.68GiB (12543066112 bytes) on device 0 for BFCAllocator.
I0929 15:31:10.116561 1456474 cuda_dnn.cc:440] Loaded cuDNN version 92302
[pjrt_ffi] XLA backend: PJRT 0.114, 1 device(s)
[pjrt_ffi] command buffers: enabled (CUDA default)
I0929 15:31:10.711624 1456500 subprocess_compilation.cc:349] ptxas warning : Registers are spilled to local memory in function 'gemm_fusion_dot', 32 bytes spill stores, 32 bytes spill loads

I0929 15:31:10.870052 1456490 subprocess_compilation.cc:349] ptxas warning : Registers are spilled to local memory in function 'gemm_fusion_dot_1', 64 bytes spill stores, 64 bytes spill loads

I0929 15:31:10.991732 1456516 subprocess_compilation.cc:349] ptxas warning : Registers are spilled to local memory in function 'gemm_fusion_dot', 812 bytes spill stores, 812 bytes spill loads

I0929 15:31:11.097776 1456509 subprocess_compilation.cc:349] ptxas warning : Registers are spilled to local memory in function 'gemm_fusion_dot_1', 628 bytes spill stores, 628 bytes spill loads

[pjrt_ffi] compiled .lake/build/rs_cifar8w_rgbn_fwd_eval.mlir (@forward_eval, 1 outputs, 1 replica) in 1323 ms
  570570 params (570570 by NetSpec.totalParams), 384 BN stat floats
  val eurosat_val: 5400 chips × 4 planes (543 ms)
  train eurosat_train: 16200 chips (2135 ms)
I0929 15:31:14.980365 1456502 subprocess_compilation.cc:349] ptxas warning : Registers are spilled to local memory in function 'gemm_fusion_dot_2', 32 bytes spill stores, 32 bytes spill loads

I0929 15:31:15.013192 1456490 subprocess_compilation.cc:349] ptxas warning : Registers are spilled to local memory in function 'gemm_fusion_dot_2', 712 bytes spill stores, 712 bytes spill loads

[pjrt_ffi] compiled .lake/build/rs_cifar8w_rgbn_train_step.mlir (@main, 107 outputs, 1 replica) in 1483 ms
    step 0: loss 2.781000 (34 ms so far)
    step 1: loss 2.851000 (44 ms so far)
    step 2: loss 2.898600 (65 ms so far)
  epoch 1/20: loss 1.116300  val acc 80.150000%  (2703 ms train, 428 ms eval)
  epoch 2/20: loss 0.513400  val acc 88.020000%  (2722 ms train, 314 ms eval)
  epoch 3/20: loss 0.392600  val acc 88.670000%  (2701 ms train, 317 ms eval)
  epoch 4/20: loss 0.348000  val acc 89.960000%  (3077 ms train, 319 ms eval)
  epoch 5/20: loss 0.297900  val acc 91.910000%  (2768 ms train, 311 ms eval)
  epoch 6/20: loss 0.276100  val acc 90.610000%  (2697 ms train, 311 ms eval)
  epoch 7/20: loss 0.249500  val acc 91.520000%  (2738 ms train, 312 ms eval)
  epoch 8/20: loss 0.220000  val acc 93.190000%  (2707 ms train, 312 ms eval)
  epoch 9/20: loss 0.187900  val acc 94.930000%  (2787 ms train, 389 ms eval)
  epoch 10/20: loss 0.187700  val acc 94.410000%  (2755 ms train, 314 ms eval)
  epoch 11/20: loss 0.168700  val acc 95.500000%  (2699 ms train, 310 ms eval)
  epoch 12/20: loss 0.149900  val acc 95.020000%  (2843 ms train, 320 ms eval)
  epoch 13/20: loss 0.134900  val acc 95.430000%  (2750 ms train, 362 ms eval)
  epoch 14/20: loss 0.127100  val acc 96.040000%  (2760 ms train, 395 ms eval)
  epoch 15/20: loss 0.116100  val acc 95.760000%  (3083 ms train, 310 ms eval)
  epoch 16/20: loss 0.111000  val acc 96.070000%  (3158 ms train, 343 ms eval)
  epoch 17/20: loss 0.098100  val acc 96.280000%  (2892 ms train, 355 ms eval)
  epoch 18/20: loss 0.096600  val acc 96.350000%  (4549 ms train, 548 ms eval)
  epoch 19/20: loss 0.093200  val acc 96.220000%  (4433 ms train, 336 ms eval)
  epoch 20/20: loss 0.088200  val acc 96.310000%  (2994 ms train, 345 ms eval)
trained: 5060 steps in 66 s
score: .venv-rs/bin/python scripts/demos/rs_score.py runs/2026-09-29-rs-phase1/rs_cifar8w_rgbn_s3_logits_<part>.bin --part <part>
rs cifar8w rgbn on eurosat_val: 5400 chips, 10-way argmax accuracy 96.310000%  -> runs/2026-09-29-rs-phase1/rs_cifar8w_rgbn_s3_logits_eurosat_val.bin
rs cifar8w rgbn on eurosat_test: 5400 chips, 10-way argmax accuracy 96.500000%  -> runs/2026-09-29-rs-phase1/rs_cifar8w_rgbn_s3_logits_eurosat_test.bin
