I0901 02:56:11.991813  908162 service.cc:154] XLA service 0x7edab472d690 initialized for platform CUDA (this does not guarantee that XLA will be used). Devices:
I0901 02:56:11.991864  908162 service.cc:170]   StreamExecutor [0]: NVIDIA GeForce RTX 4060 Ti, Compute Capability 8.9 (Driver: 12.9.0[575.57.8]; Runtime: 12.9.0; Toolkit: 12.9.0; DNN: 9.23.2)
I0901 02:56:11.993483  908162 se_gpu_pjrt_client.cc:1342] Using BFC allocator.
I0901 02:56:11.993512  908162 gpu_helpers.cc:162] XLA backend allocating 11.68GiB (12543066112 bytes) on device 0 for BFCAllocator.
I0901 02:56:12.000418  908162 cuda_dnn.cc:440] Loaded cuDNN version 92302
[pjrt_ffi] XLA backend: PJRT 0.114, 1 device(s)
[pjrt_ffi] command buffers: enabled (CUDA default)
I0901 02:56:12.759284  908178 subprocess_compilation.cc:349] ptxas warning : Registers are spilled to local memory in function 'gemm_fusion_dot_1', 72 bytes spill stores, 72 bytes spill loads

I0901 02:56:12.867602  908203 subprocess_compilation.cc:349] ptxas warning : Registers are spilled to local memory in function 'gemm_fusion_dot_16', 296 bytes spill stores, 296 bytes spill loads

I0901 02:56:12.987234  908207 subprocess_compilation.cc:349] ptxas warning : Registers are spilled to local memory in function 'gemm_fusion_dot_16', 360 bytes spill stores, 360 bytes spill loads

I0901 02:56:13.006442  908188 subprocess_compilation.cc:349] ptxas warning : Registers are spilled to local memory in function 'gemm_fusion_dot_16', 224 bytes spill stores, 224 bytes spill loads

I0901 02:56:13.176500  908186 subprocess_compilation.cc:349] ptxas warning : Registers are spilled to local memory in function 'gemm_fusion_dot_16', 240 bytes spill stores, 240 bytes spill loads

I0901 02:56:13.211070  908179 subprocess_compilation.cc:349] ptxas warning : Registers are spilled to local memory in function 'gemm_fusion_dot_3', 32 bytes spill stores, 32 bytes spill loads

I0901 02:56:13.259794  908183 subprocess_compilation.cc:349] ptxas warning : Registers are spilled to local memory in function 'gemm_fusion_dot_1', 628 bytes spill stores, 628 bytes spill loads

I0901 02:56:13.343242  908203 subprocess_compilation.cc:349] ptxas warning : Registers are spilled to local memory in function 'gemm_fusion_dot_16', 208 bytes spill stores, 208 bytes spill loads

I0901 02:56:13.433373  908192 subprocess_compilation.cc:349] ptxas warning : Registers are spilled to local memory in function 'gemm_fusion_dot_14', 56 bytes spill stores, 56 bytes spill loads

I0901 02:56:13.484950  908208 subprocess_compilation.cc:349] ptxas warning : Registers are spilled to local memory in function 'gemm_fusion_dot_14', 8332 bytes spill stores, 8508 bytes spill loads

I0901 02:56:13.486852  908209 subprocess_compilation.cc:349] ptxas warning : Registers are spilled to local memory in function 'gemm_fusion_dot', 40 bytes spill stores, 40 bytes spill loads

I0901 02:56:13.495164  908189 subprocess_compilation.cc:349] ptxas warning : Registers are spilled to local memory in function 'gemm_fusion_dot_16', 224 bytes spill stores, 224 bytes spill loads

I0901 02:56:13.550712  908181 subprocess_compilation.cc:349] ptxas warning : Registers are spilled to local memory in function 'gemm_fusion_dot_15', 256 bytes spill stores, 256 bytes spill loads

I0901 02:56:13.673533  908198 subprocess_compilation.cc:349] ptxas warning : Registers are spilled to local memory in function 'gemm_fusion_dot_15', 444 bytes spill stores, 444 bytes spill loads

I0901 02:56:13.714368  908187 subprocess_compilation.cc:349] ptxas warning : Registers are spilled to local memory in function 'gemm_fusion_dot_15', 396 bytes spill stores, 396 bytes spill loads

I0901 02:56:13.724364  908202 subprocess_compilation.cc:349] ptxas warning : Registers are spilled to local memory in function 'gemm_fusion_dot_16', 224 bytes spill stores, 224 bytes spill loads

I0901 02:56:13.757496  908200 subprocess_compilation.cc:349] ptxas warning : Registers are spilled to local memory in function 'gemm_fusion_dot_15', 344 bytes spill stores, 344 bytes spill loads

I0901 02:56:13.770471  908194 subprocess_compilation.cc:349] ptxas warning : Registers are spilled to local memory in function 'gemm_fusion_dot_15', 424 bytes spill stores, 424 bytes spill loads

I0901 02:56:14.032753  908197 subprocess_compilation.cc:349] ptxas warning : Registers are spilled to local memory in function 'gemm_fusion_dot_15', 412 bytes spill stores, 412 bytes spill loads

I0901 02:56:14.082108  908200 subprocess_compilation.cc:349] ptxas warning : Registers are spilled to local memory in function 'gemm_fusion_dot_3', 712 bytes spill stores, 712 bytes spill loads

I0901 02:56:14.144319  908181 subprocess_compilation.cc:349] ptxas warning : Registers are spilled to local memory in function 'gemm_fusion_dot_15', 432 bytes spill stores, 432 bytes spill loads

I0901 02:56:14.891936  908195 subprocess_compilation.cc:349] ptxas warning : Registers are spilled to local memory in function 'gemm_fusion_dot_16', 72 bytes spill stores, 72 bytes spill loads

I0901 02:56:15.312249  908179 subprocess_compilation.cc:349] ptxas warning : Registers are spilled to local memory in function 'gemm_fusion_dot_15', 32 bytes spill stores, 32 bytes spill loads

[pjrt_ffi] compiled verified_mlir/cnn_train_step.mlir (@cnn_train_step, 11 outputs, 1 replica) in 3908 ms
[pjrt_ffi] compiled verified_mlir/cnn_fwd.mlir (@cnn_fwd, 1 outputs, 1 replica) in 441 ms
MNIST-CNN via the VERIFIED renderer (conv→conv→pool→512→512→10) → XLA/PJRT → GPU
  xla/pjrt verified_mlir/cnn_train_step.mlir
  xla/pjrt verified_mlir/cnn_fwd.mlir
  train 60000, test 10000; bs 128, MNIST-CNN (10 params, 3489130 floats), mean-loss SGD lr=0.100000, He init
[pjrt_ffi] RESIDENT: @cnn_train_step holds 10 parameter tensors (13.3 MB) on 1 device; they stop crossing PCIe from here
[pjrt_ffi] RESIDENT: @cnn_fwd holds 10 parameter tensors (13.3 MB) on 1 device; they stop crossing PCIe from here
  epoch 1: loss = 0.353296, test_acc = 9198/10000 = 91.980000%  [95% CI 91.43–92.50] (1055ms)
[pjrt_ffi] RESIDENT: @cnn_fwd holds 10 parameter tensors (13.3 MB) on 1 device; they stop crossing PCIe from here
  epoch 2: loss = 0.095186, test_acc = 9741/10000 = 97.410000%  [95% CI 97.08–97.70] (1549ms)
[pjrt_ffi] RESIDENT: @cnn_fwd holds 10 parameter tensors (13.3 MB) on 1 device; they stop crossing PCIe from here
  epoch 3: loss = 0.056452, test_acc = 9792/10000 = 97.920000%  [95% CI 97.62–98.18] (1189ms)
[pjrt_ffi] RESIDENT: @cnn_fwd holds 10 parameter tensors (13.3 MB) on 1 device; they stop crossing PCIe from here
  epoch 4: loss = 0.037370, test_acc = 9832/10000 = 98.320000%  [95% CI 98.05–98.55] (1359ms)
[pjrt_ffi] RESIDENT: @cnn_fwd holds 10 parameter tensors (13.3 MB) on 1 device; they stop crossing PCIe from here
  epoch 5: loss = 0.025762, test_acc = 9848/10000 = 98.480000%  [95% CI 98.22–98.70] (1546ms)
[pjrt_ffi] RESIDENT: @cnn_fwd holds 10 parameter tensors (13.3 MB) on 1 device; they stop crossing PCIe from here
  epoch 6: loss = 0.017861, test_acc = 9846/10000 = 98.460000%  [95% CI 98.20–98.68] (1558ms)
[pjrt_ffi] RESIDENT: @cnn_fwd holds 10 parameter tensors (13.3 MB) on 1 device; they stop crossing PCIe from here
  epoch 7: loss = 0.011980, test_acc = 9853/10000 = 98.530000%  [95% CI 98.27–98.75] (1419ms)
[pjrt_ffi] RESIDENT: @cnn_fwd holds 10 parameter tensors (13.3 MB) on 1 device; they stop crossing PCIe from here
  epoch 8: loss = 0.009614, test_acc = 9839/10000 = 98.390000%  [95% CI 98.12–98.62] (1243ms)
[pjrt_ffi] RESIDENT: @cnn_fwd holds 10 parameter tensors (13.3 MB) on 1 device; they stop crossing PCIe from here
  epoch 9: loss = 0.006618, test_acc = 9865/10000 = 98.650000%  [95% CI 98.40–98.86] (1060ms)
[pjrt_ffi] RESIDENT: @cnn_fwd holds 10 parameter tensors (13.3 MB) on 1 device; they stop crossing PCIe from here
  epoch 10: loss = 0.004169, test_acc = 9873/10000 = 98.730000%  [95% CI 98.49–98.93] (1129ms)
[pjrt_ffi] RESIDENT: @cnn_fwd holds 10 parameter tensors (13.3 MB) on 1 device; they stop crossing PCIe from here
  epoch 11: loss = 0.003226, test_acc = 9870/10000 = 98.700000%  [95% CI 98.46–98.90] (1360ms)
[pjrt_ffi] RESIDENT: @cnn_fwd holds 10 parameter tensors (13.3 MB) on 1 device; they stop crossing PCIe from here
  epoch 12: loss = 0.001882, test_acc = 9885/10000 = 98.850000%  [95% CI 98.62–99.04] (1667ms)
done (trained MNIST-CNN via the proof-rendered StableHLO).
