I0901 02:55:08.936351  898716 service.cc:154] XLA service 0x7a9cc4009330 initialized for platform CUDA (this does not guarantee that XLA will be used). Devices:
I0901 02:55:08.936390  898716 service.cc:170]   StreamExecutor [0]: NVIDIA GeForce RTX 4060 Ti, Compute Capability 8.9 (Driver: 12.9.0[575.57.8]; Runtime: 12.9.0; Toolkit: 12.9.0; DNN: 9.23.2)
I0901 02:55:08.937704  898716 se_gpu_pjrt_client.cc:1342] Using BFC allocator.
I0901 02:55:08.937731  898716 gpu_helpers.cc:162] XLA backend allocating 11.68GiB (12543066112 bytes) on device 0 for BFCAllocator.
I0901 02:55:08.946182  898716 cuda_dnn.cc:440] Loaded cuDNN version 92302
[pjrt_ffi] XLA backend: PJRT 0.114, 1 device(s)
[pjrt_ffi] command buffers: enabled (CUDA default)
I0901 02:55:10.998728  898948 subprocess_compilation.cc:349] ptxas warning : Registers are spilled to local memory in function 'gemm_fusion_dot_1', 72 bytes spill stores, 72 bytes spill loads

I0901 02:55:11.035641  898958 subprocess_compilation.cc:349] ptxas warning : Registers are spilled to local memory in function 'gemm_fusion_dot_16', 224 bytes spill stores, 224 bytes spill loads

I0901 02:55:12.425336  898977 subprocess_compilation.cc:349] ptxas warning : Registers are spilled to local memory in function 'gemm_fusion_dot_16', 360 bytes spill stores, 360 bytes spill loads

I0901 02:55:12.490679  898973 subprocess_compilation.cc:349] ptxas warning : Registers are spilled to local memory in function 'gemm_fusion_dot_16', 296 bytes spill stores, 296 bytes spill loads

I0901 02:55:12.673072  898972 subprocess_compilation.cc:349] ptxas warning : Registers are spilled to local memory in function 'gemm_fusion_dot_16', 224 bytes spill stores, 224 bytes spill loads

I0901 02:55:12.830424  898956 subprocess_compilation.cc:349] ptxas warning : Registers are spilled to local memory in function 'gemm_fusion_dot_16', 240 bytes spill stores, 240 bytes spill loads

I0901 02:55:13.813387  898953 subprocess_compilation.cc:349] ptxas warning : Registers are spilled to local memory in function 'gemm_fusion_dot_1', 628 bytes spill stores, 628 bytes spill loads

I0901 02:55:13.857049  898949 subprocess_compilation.cc:349] ptxas warning : Registers are spilled to local memory in function 'gemm_fusion_dot_3', 32 bytes spill stores, 32 bytes spill loads

I0901 02:55:14.070185  898959 subprocess_compilation.cc:349] ptxas warning : Registers are spilled to local memory in function 'gemm_fusion_dot_16', 224 bytes spill stores, 224 bytes spill loads

I0901 02:55:14.096089  898957 subprocess_compilation.cc:349] ptxas warning : Registers are spilled to local memory in function 'gemm_fusion_dot_15', 396 bytes spill stores, 396 bytes spill loads

I0901 02:55:14.419136  898968 subprocess_compilation.cc:349] ptxas warning : Registers are spilled to local memory in function 'gemm_fusion_dot_15', 444 bytes spill stores, 444 bytes spill loads

I0901 02:55:14.497427  898962 subprocess_compilation.cc:349] ptxas warning : Registers are spilled to local memory in function 'gemm_fusion_dot_14', 56 bytes spill stores, 56 bytes spill loads

I0901 02:55:14.516418  898973 subprocess_compilation.cc:349] ptxas warning : Registers are spilled to local memory in function 'gemm_fusion_dot_16', 208 bytes spill stores, 208 bytes spill loads

I0901 02:55:14.705698  898979 subprocess_compilation.cc:349] ptxas warning : Registers are spilled to local memory in function 'gemm_fusion_dot', 40 bytes spill stores, 40 bytes spill loads

I0901 02:55:14.726622  898978 subprocess_compilation.cc:349] ptxas warning : Registers are spilled to local memory in function 'gemm_fusion_dot_14', 8332 bytes spill stores, 8508 bytes spill loads

I0901 02:55:14.728621  898975 subprocess_compilation.cc:349] ptxas warning : Registers are spilled to local memory in function 'gemm_fusion_dot_15', 344 bytes spill stores, 344 bytes spill loads

I0901 02:55:14.859307  898951 subprocess_compilation.cc:349] ptxas warning : Registers are spilled to local memory in function 'gemm_fusion_dot_15', 256 bytes spill stores, 256 bytes spill loads

I0901 02:55:14.868399  898964 subprocess_compilation.cc:349] ptxas warning : Registers are spilled to local memory in function 'gemm_fusion_dot_15', 424 bytes spill stores, 424 bytes spill loads

I0901 02:55:15.401610  898978 subprocess_compilation.cc:349] ptxas warning : Registers are spilled to local memory in function 'gemm_fusion_dot_3', 712 bytes spill stores, 712 bytes spill loads

I0901 02:55:15.693344  898969 subprocess_compilation.cc:349] ptxas warning : Registers are spilled to local memory in function 'gemm_fusion_dot_15', 432 bytes spill stores, 432 bytes spill loads

I0901 02:55:15.743020  898953 subprocess_compilation.cc:349] ptxas warning : Registers are spilled to local memory in function 'gemm_fusion_dot_15', 412 bytes spill stores, 412 bytes spill loads

I0901 02:55:16.070494  898965 subprocess_compilation.cc:349] ptxas warning : Registers are spilled to local memory in function 'gemm_fusion_dot_16', 72 bytes spill stores, 72 bytes spill loads

I0901 02:55:16.259273  898955 subprocess_compilation.cc:349] ptxas warning : Registers are spilled to local memory in function 'gemm_fusion_dot_15', 32 bytes spill stores, 32 bytes spill loads

[pjrt_ffi] compiled verified_mlir/cnn_train_step.mlir (@cnn_train_step, 11 outputs, 1 replica) in 7781 ms
[pjrt_ffi] compiled verified_mlir/cnn_fwd.mlir (@cnn_fwd, 1 outputs, 1 replica) in 1150 ms
MNIST-CNN via the VERIFIED renderer (conv→conv→pool→512→512→10) → XLA/PJRT → GPU
  xla/pjrt verified_mlir/cnn_train_step.mlir
  xla/pjrt verified_mlir/cnn_fwd.mlir
  train 60000, test 10000; bs 128, MNIST-CNN (10 params, 3489130 floats), mean-loss SGD lr=0.100000, He init
[pjrt_ffi] RESIDENT: @cnn_train_step holds 10 parameter tensors (13.3 MB) on 1 device; they stop crossing PCIe from here
[pjrt_ffi] RESIDENT: @cnn_fwd holds 10 parameter tensors (13.3 MB) on 1 device; they stop crossing PCIe from here
  epoch 1: loss = 0.347864, test_acc = 9404/10000 = 94.040000%  [95% CI 93.56–94.49] (1601ms)
[pjrt_ffi] RESIDENT: @cnn_fwd holds 10 parameter tensors (13.3 MB) on 1 device; they stop crossing PCIe from here
  epoch 2: loss = 0.094843, test_acc = 9754/10000 = 97.540000%  [95% CI 97.22–97.83] (1057ms)
[pjrt_ffi] RESIDENT: @cnn_fwd holds 10 parameter tensors (13.3 MB) on 1 device; they stop crossing PCIe from here
  epoch 3: loss = 0.057045, test_acc = 9800/10000 = 98.000000%  [95% CI 97.71–98.26] (1475ms)
[pjrt_ffi] RESIDENT: @cnn_fwd holds 10 parameter tensors (13.3 MB) on 1 device; they stop crossing PCIe from here
  epoch 4: loss = 0.037916, test_acc = 9828/10000 = 98.280000%  [95% CI 98.01–98.52] (1339ms)
[pjrt_ffi] RESIDENT: @cnn_fwd holds 10 parameter tensors (13.3 MB) on 1 device; they stop crossing PCIe from here
  epoch 5: loss = 0.026013, test_acc = 9843/10000 = 98.430000%  [95% CI 98.17–98.66] (1259ms)
[pjrt_ffi] RESIDENT: @cnn_fwd holds 10 parameter tensors (13.3 MB) on 1 device; they stop crossing PCIe from here
  epoch 6: loss = 0.017981, test_acc = 9844/10000 = 98.440000%  [95% CI 98.18–98.66] (1511ms)
[pjrt_ffi] RESIDENT: @cnn_fwd holds 10 parameter tensors (13.3 MB) on 1 device; they stop crossing PCIe from here
  epoch 7: loss = 0.025165, test_acc = 9833/10000 = 98.330000%  [95% CI 98.06–98.56] (1054ms)
[pjrt_ffi] RESIDENT: @cnn_fwd holds 10 parameter tensors (13.3 MB) on 1 device; they stop crossing PCIe from here
  epoch 8: loss = 0.011779, test_acc = 9840/10000 = 98.400000%  [95% CI 98.13–98.63] (1284ms)
[pjrt_ffi] RESIDENT: @cnn_fwd holds 10 parameter tensors (13.3 MB) on 1 device; they stop crossing PCIe from here
  epoch 9: loss = 0.046356, test_acc = 9833/10000 = 98.330000%  [95% CI 98.06–98.56] (1403ms)
[pjrt_ffi] RESIDENT: @cnn_fwd holds 10 parameter tensors (13.3 MB) on 1 device; they stop crossing PCIe from here
  epoch 10: loss = 0.018444, test_acc = 9870/10000 = 98.700000%  [95% CI 98.46–98.90] (1080ms)
[pjrt_ffi] RESIDENT: @cnn_fwd holds 10 parameter tensors (13.3 MB) on 1 device; they stop crossing PCIe from here
  epoch 11: loss = 0.007651, test_acc = 9867/10000 = 98.670000%  [95% CI 98.43–98.88] (1559ms)
[pjrt_ffi] RESIDENT: @cnn_fwd holds 10 parameter tensors (13.3 MB) on 1 device; they stop crossing PCIe from here
  epoch 12: loss = 0.005110, test_acc = 9867/10000 = 98.670000%  [95% CI 98.43–98.88] (1039ms)
done (trained MNIST-CNN via the proof-rendered StableHLO).
