I0901 02:56:43.832640  912822 service.cc:154] XLA service 0x7e3624678a30 initialized for platform CUDA (this does not guarantee that XLA will be used). Devices:
I0901 02:56:43.832700  912822 service.cc:170]   StreamExecutor [0]: NVIDIA GeForce RTX 4060 Ti, Compute Capability 8.9 (Driver: 12.9.0[575.57.8]; Runtime: 12.9.0; Toolkit: 12.9.0; DNN: 9.23.2)
I0901 02:56:43.834798  912822 se_gpu_pjrt_client.cc:1342] Using BFC allocator.
I0901 02:56:43.834844  912822 gpu_helpers.cc:162] XLA backend allocating 11.68GiB (12536774656 bytes) on device 0 for BFCAllocator.
I0901 02:56:43.845255  912822 cuda_dnn.cc:440] Loaded cuDNN version 92302
[pjrt_ffi] XLA backend: PJRT 0.114, 1 device(s)
[pjrt_ffi] command buffers: enabled (CUDA default)
[pjrt_ffi] compiled verified_mlir/linear_train_step.mlir (@linear_train_step, 2 outputs, 1 replica) in 756 ms
[pjrt_ffi] compiled verified_mlir/linear_fwd.mlir (@linear_fwd, 1 outputs, 1 replica) in 296 ms
MNIST-Linear via the VERIFIED renderer (pretty∘emit) → XLA/PJRT → GPU
  xla/pjrt verified_mlir/linear_train_step.mlir
  xla/pjrt verified_mlir/linear_fwd.mlir
  train 60000, test 10000; dense 784->10, bs 128, SGD
[pjrt_ffi] RESIDENT: @linear_train_step holds 2 parameter tensors (0.0 MB) on 1 device; they stop crossing PCIe from here
[pjrt_ffi] RESIDENT: @linear_fwd holds 2 parameter tensors (0.0 MB) on 1 device; they stop crossing PCIe from here
  epoch 1: test_acc = 8977/10000 = 89.770000%  [95% CI 89.16–90.35] (226ms)
[pjrt_ffi] RESIDENT: @linear_fwd holds 2 parameter tensors (0.0 MB) on 1 device; they stop crossing PCIe from here
  epoch 2: test_acc = 9081/10000 = 90.810000%  [95% CI 90.23–91.36] (212ms)
[pjrt_ffi] RESIDENT: @linear_fwd holds 2 parameter tensors (0.0 MB) on 1 device; they stop crossing PCIe from here
  epoch 3: test_acc = 9123/10000 = 91.230000%  [95% CI 90.66–91.77] (161ms)
[pjrt_ffi] RESIDENT: @linear_fwd holds 2 parameter tensors (0.0 MB) on 1 device; they stop crossing PCIe from here
  epoch 4: test_acc = 9157/10000 = 91.570000%  [95% CI 91.01–92.10] (217ms)
[pjrt_ffi] RESIDENT: @linear_fwd holds 2 parameter tensors (0.0 MB) on 1 device; they stop crossing PCIe from here
  epoch 5: test_acc = 9167/10000 = 91.670000%  [95% CI 91.11–92.20] (182ms)
[pjrt_ffi] RESIDENT: @linear_fwd holds 2 parameter tensors (0.0 MB) on 1 device; they stop crossing PCIe from here
  epoch 6: test_acc = 9176/10000 = 91.760000%  [95% CI 91.20–92.28] (91ms)
[pjrt_ffi] RESIDENT: @linear_fwd holds 2 parameter tensors (0.0 MB) on 1 device; they stop crossing PCIe from here
  epoch 7: test_acc = 9186/10000 = 91.860000%  [95% CI 91.31–92.38] (85ms)
[pjrt_ffi] RESIDENT: @linear_fwd holds 2 parameter tensors (0.0 MB) on 1 device; they stop crossing PCIe from here
  epoch 8: test_acc = 9194/10000 = 91.940000%  [95% CI 91.39–92.46] (83ms)
[pjrt_ffi] RESIDENT: @linear_fwd holds 2 parameter tensors (0.0 MB) on 1 device; they stop crossing PCIe from here
  epoch 9: test_acc = 9199/10000 = 91.990000%  [95% CI 91.44–92.51] (79ms)
[pjrt_ffi] RESIDENT: @linear_fwd holds 2 parameter tensors (0.0 MB) on 1 device; they stop crossing PCIe from here
  epoch 10: test_acc = 9198/10000 = 91.980000%  [95% CI 91.43–92.50] (82ms)
[pjrt_ffi] RESIDENT: @linear_fwd holds 2 parameter tensors (0.0 MB) on 1 device; they stop crossing PCIe from here
  epoch 11: test_acc = 9203/10000 = 92.030000%  [95% CI 91.48–92.54] (80ms)
[pjrt_ffi] RESIDENT: @linear_fwd holds 2 parameter tensors (0.0 MB) on 1 device; they stop crossing PCIe from here
  epoch 12: test_acc = 9210/10000 = 92.100000%  [95% CI 91.56–92.61] (76ms)
done (trained MNIST-Linear via the proof-rendered StableHLO).
