I0901 02:56:21.087729  909428 service.cc:154] XLA service 0x786fb4678010 initialized for platform CUDA (this does not guarantee that XLA will be used). Devices:
I0901 02:56:21.087770  909428 service.cc:170]   StreamExecutor [0]: NVIDIA GeForce RTX 4060 Ti, Compute Capability 8.9 (Driver: 12.9.0[575.57.8]; Runtime: 12.9.0; Toolkit: 12.9.0; DNN: 9.23.2)
I0901 02:56:21.089201  909428 se_gpu_pjrt_client.cc:1342] Using BFC allocator.
I0901 02:56:21.089231  909428 gpu_helpers.cc:162] XLA backend allocating 11.68GiB (12536774656 bytes) on device 0 for BFCAllocator.
I0901 02:56:21.096130  909428 cuda_dnn.cc:440] Loaded cuDNN version 92302
[pjrt_ffi] XLA backend: PJRT 0.114, 1 device(s)
[pjrt_ffi] command buffers: enabled (CUDA default)
I0901 02:56:21.878352  909492 subprocess_compilation.cc:349] ptxas warning : Registers are spilled to local memory in function 'gemm_fusion_dot_15', 272 bytes spill stores, 272 bytes spill loads

I0901 02:56:22.047837  909506 subprocess_compilation.cc:349] ptxas warning : Registers are spilled to local memory in function 'gemm_fusion_dot_1', 72 bytes spill stores, 72 bytes spill loads

I0901 02:56:22.118453  909491 subprocess_compilation.cc:349] ptxas warning : Registers are spilled to local memory in function 'gemm_fusion_dot_15', 364 bytes spill stores, 364 bytes spill loads

I0901 02:56:22.158655  909513 subprocess_compilation.cc:349] ptxas warning : Registers are spilled to local memory in function 'gemm_fusion_dot_3', 712 bytes spill stores, 712 bytes spill loads

I0901 02:56:22.177269  909507 subprocess_compilation.cc:349] ptxas warning : Registers are spilled to local memory in function 'gemm_fusion_dot_14', 240 bytes spill stores, 240 bytes spill loads

I0901 02:56:22.267762  909496 subprocess_compilation.cc:349] ptxas warning : Registers are spilled to local memory in function 'gemm_fusion_dot_15', 468 bytes spill stores, 468 bytes spill loads

I0901 02:56:22.281493  909495 subprocess_compilation.cc:349] ptxas warning : Registers are spilled to local memory in function 'gemm_fusion_dot_14', 296 bytes spill stores, 296 bytes spill loads

I0901 02:56:22.369459  909490 subprocess_compilation.cc:349] ptxas warning : Registers are spilled to local memory in function 'gemm_fusion_dot_15', 448 bytes spill stores, 448 bytes spill loads

I0901 02:56:22.385898  909500 subprocess_compilation.cc:349] ptxas warning : Registers are spilled to local memory in function 'gemm_fusion_dot_15', 428 bytes spill stores, 428 bytes spill loads

I0901 02:56:22.419373  909508 subprocess_compilation.cc:349] ptxas warning : Registers are spilled to local memory in function 'gemm_fusion_dot_14', 224 bytes spill stores, 224 bytes spill loads

I0901 02:56:22.441458  909499 subprocess_compilation.cc:349] ptxas warning : Registers are spilled to local memory in function 'gemm_fusion_dot_14', 224 bytes spill stores, 224 bytes spill loads

I0901 02:56:22.444431  909515 subprocess_compilation.cc:349] ptxas warning : Registers are spilled to local memory in function 'gemm_fusion_dot_15', 464 bytes spill stores, 464 bytes spill loads

I0901 02:56:22.450539  909502 subprocess_compilation.cc:349] ptxas warning : Registers are spilled to local memory in function 'gemm_fusion_dot_1', 628 bytes spill stores, 628 bytes spill loads

I0901 02:56:22.502135  909506 subprocess_compilation.cc:349] ptxas warning : Registers are spilled to local memory in function 'gemm_fusion_dot_14', 360 bytes spill stores, 360 bytes spill loads

I0901 02:56:22.599665  909495 subprocess_compilation.cc:349] ptxas warning : Registers are spilled to local memory in function 'gemm_fusion_dot_3', 32 bytes spill stores, 32 bytes spill loads

I0901 02:56:22.725946  909505 subprocess_compilation.cc:349] ptxas warning : Registers are spilled to local memory in function 'gemm_fusion_dot_15', 492 bytes spill stores, 492 bytes spill loads

I0901 02:56:22.796834  909517 subprocess_compilation.cc:349] ptxas warning : Registers are spilled to local memory in function 'gemm_fusion_dot_14', 224 bytes spill stores, 224 bytes spill loads

I0901 02:56:22.815431  909507 subprocess_compilation.cc:349] ptxas warning : Registers are spilled to local memory in function 'gemm_fusion_dot', 60 bytes spill stores, 60 bytes spill loads

I0901 02:56:22.910922  909493 subprocess_compilation.cc:349] ptxas warning : Registers are spilled to local memory in function 'gemm_fusion_dot_14', 208 bytes spill stores, 208 bytes spill loads

I0901 02:56:23.854434  909516 subprocess_compilation.cc:349] ptxas warning : Registers are spilled to local memory in function 'gemm_fusion_dot_15', 44 bytes spill stores, 44 bytes spill loads

I0901 02:56:23.888879  909511 subprocess_compilation.cc:349] ptxas warning : Registers are spilled to local memory in function 'gemm_fusion_dot_14', 72 bytes spill stores, 72 bytes spill loads

[pjrt_ffi] compiled verified_mlir/mlp_train_step.mlir (@mlp_train_step, 7 outputs, 1 replica) in 3438 ms
[pjrt_ffi] compiled verified_mlir/mlp_fwd.mlir (@mlp_fwd, 1 outputs, 1 replica) in 188 ms
MNIST-MLP via the VERIFIED renderer (784→512→512→10) → XLA/PJRT → GPU
  xla/pjrt verified_mlir/mlp_train_step.mlir
  xla/pjrt verified_mlir/mlp_fwd.mlir
  train 60000, test 10000; bs 128, MNIST-MLP (6 params, 669706 floats), mean-loss SGD lr=0.100000, He init
[pjrt_ffi] RESIDENT: @mlp_train_step holds 6 parameter tensors (2.6 MB) on 1 device; they stop crossing PCIe from here
[pjrt_ffi] RESIDENT: @mlp_fwd holds 6 parameter tensors (2.6 MB) on 1 device; they stop crossing PCIe from here
  epoch 1: loss = 0.402851, test_acc = 9200/10000 = 92.000000%  [95% CI 91.45–92.52] (191ms)
[pjrt_ffi] RESIDENT: @mlp_fwd holds 6 parameter tensors (2.6 MB) on 1 device; they stop crossing PCIe from here
  epoch 2: loss = 0.192698, test_acc = 9509/10000 = 95.090000%  [95% CI 94.65–95.50] (159ms)
[pjrt_ffi] RESIDENT: @mlp_fwd holds 6 parameter tensors (2.6 MB) on 1 device; they stop crossing PCIe from here
  epoch 3: loss = 0.140412, test_acc = 9622/10000 = 96.220000%  [95% CI 95.83–96.58] (380ms)
[pjrt_ffi] RESIDENT: @mlp_fwd holds 6 parameter tensors (2.6 MB) on 1 device; they stop crossing PCIe from here
  epoch 4: loss = 0.110179, test_acc = 9669/10000 = 96.690000%  [95% CI 96.32–97.02] (614ms)
[pjrt_ffi] RESIDENT: @mlp_fwd holds 6 parameter tensors (2.6 MB) on 1 device; they stop crossing PCIe from here
  epoch 5: loss = 0.089817, test_acc = 9711/10000 = 97.110000%  [95% CI 96.76–97.42] (502ms)
[pjrt_ffi] RESIDENT: @mlp_fwd holds 6 parameter tensors (2.6 MB) on 1 device; they stop crossing PCIe from here
  epoch 6: loss = 0.074929, test_acc = 9735/10000 = 97.350000%  [95% CI 97.02–97.65] (201ms)
[pjrt_ffi] RESIDENT: @mlp_fwd holds 6 parameter tensors (2.6 MB) on 1 device; they stop crossing PCIe from here
  epoch 7: loss = 0.063476, test_acc = 9750/10000 = 97.500000%  [95% CI 97.18–97.79] (185ms)
[pjrt_ffi] RESIDENT: @mlp_fwd holds 6 parameter tensors (2.6 MB) on 1 device; they stop crossing PCIe from here
  epoch 8: loss = 0.054289, test_acc = 9762/10000 = 97.620000%  [95% CI 97.30–97.90] (183ms)
[pjrt_ffi] RESIDENT: @mlp_fwd holds 6 parameter tensors (2.6 MB) on 1 device; they stop crossing PCIe from here
  epoch 9: loss = 0.046756, test_acc = 9777/10000 = 97.770000%  [95% CI 97.46–98.04] (166ms)
[pjrt_ffi] RESIDENT: @mlp_fwd holds 6 parameter tensors (2.6 MB) on 1 device; they stop crossing PCIe from here
  epoch 10: loss = 0.040482, test_acc = 9784/10000 = 97.840000%  [95% CI 97.54–98.11] (187ms)
[pjrt_ffi] RESIDENT: @mlp_fwd holds 6 parameter tensors (2.6 MB) on 1 device; they stop crossing PCIe from here
  epoch 11: loss = 0.035110, test_acc = 9787/10000 = 97.870000%  [95% CI 97.57–98.14] (166ms)
[pjrt_ffi] RESIDENT: @mlp_fwd holds 6 parameter tensors (2.6 MB) on 1 device; they stop crossing PCIe from here
  epoch 12: loss = 0.030500, test_acc = 9786/10000 = 97.860000%  [95% CI 97.56–98.13] (173ms)
done (trained MNIST-MLP via the proof-rendered StableHLO).
