I0901 02:57:03.684151  915737 service.cc:154] XLA service 0x7b879c0091d0 initialized for platform CUDA (this does not guarantee that XLA will be used). Devices:
I0901 02:57:03.684216  915737 service.cc:170]   StreamExecutor [0]: NVIDIA GeForce RTX 4060 Ti, Compute Capability 8.9 (Driver: 12.9.0[575.57.8]; Runtime: 12.9.0; Toolkit: 12.9.0; DNN: 9.23.2)
I0901 02:57:03.685969  915737 se_gpu_pjrt_client.cc:1342] Using BFC allocator.
I0901 02:57:03.686000  915737 gpu_helpers.cc:162] XLA backend allocating 11.68GiB (12543066112 bytes) on device 0 for BFCAllocator.
I0901 02:57:03.693264  915737 cuda_dnn.cc:440] Loaded cuDNN version 92302
[pjrt_ffi] XLA backend: PJRT 0.114, 1 device(s)
[pjrt_ffi] command buffers: enabled (CUDA default)
I0901 02:57:04.378742  915754 subprocess_compilation.cc:349] ptxas warning : Registers are spilled to local memory in function 'gemm_fusion_dot_15', 364 bytes spill stores, 364 bytes spill loads

I0901 02:57:04.420232  915769 subprocess_compilation.cc:349] ptxas warning : Registers are spilled to local memory in function 'gemm_fusion_dot_1', 72 bytes spill stores, 72 bytes spill loads

I0901 02:57:04.622278  915770 subprocess_compilation.cc:349] ptxas warning : Registers are spilled to local memory in function 'gemm_fusion_dot_14', 240 bytes spill stores, 240 bytes spill loads

I0901 02:57:04.640992  915762 subprocess_compilation.cc:349] ptxas warning : Registers are spilled to local memory in function 'gemm_fusion_dot_15', 272 bytes spill stores, 272 bytes spill loads

I0901 02:57:04.703105  915761 subprocess_compilation.cc:349] ptxas warning : Registers are spilled to local memory in function 'gemm_fusion_dot_3', 712 bytes spill stores, 712 bytes spill loads

I0901 02:57:04.782795  915771 subprocess_compilation.cc:349] ptxas warning : Registers are spilled to local memory in function 'gemm_fusion_dot_14', 224 bytes spill stores, 224 bytes spill loads

I0901 02:57:04.788958  915765 subprocess_compilation.cc:349] ptxas warning : Registers are spilled to local memory in function 'gemm_fusion_dot_1', 628 bytes spill stores, 628 bytes spill loads

I0901 02:57:04.827347  915769 subprocess_compilation.cc:349] ptxas warning : Registers are spilled to local memory in function 'gemm_fusion_dot_14', 360 bytes spill stores, 360 bytes spill loads

I0901 02:57:04.912134  915776 subprocess_compilation.cc:349] ptxas warning : Registers are spilled to local memory in function 'gemm_fusion_dot_3', 32 bytes spill stores, 32 bytes spill loads

I0901 02:57:04.934538  915763 subprocess_compilation.cc:349] ptxas warning : Registers are spilled to local memory in function 'gemm_fusion_dot_15', 428 bytes spill stores, 428 bytes spill loads

I0901 02:57:04.970948  915759 subprocess_compilation.cc:349] ptxas warning : Registers are spilled to local memory in function 'gemm_fusion_dot_15', 468 bytes spill stores, 468 bytes spill loads

I0901 02:57:05.067487  915778 subprocess_compilation.cc:349] ptxas warning : Registers are spilled to local memory in function 'gemm_fusion_dot_15', 464 bytes spill stores, 464 bytes spill loads

I0901 02:57:05.191210  915770 subprocess_compilation.cc:349] ptxas warning : Registers are spilled to local memory in function 'gemm_fusion_dot', 60 bytes spill stores, 60 bytes spill loads

I0901 02:57:05.191212  915758 subprocess_compilation.cc:349] ptxas warning : Registers are spilled to local memory in function 'gemm_fusion_dot_14', 296 bytes spill stores, 296 bytes spill loads

I0901 02:57:05.200538  915762 subprocess_compilation.cc:349] ptxas warning : Registers are spilled to local memory in function 'gemm_fusion_dot_14', 224 bytes spill stores, 224 bytes spill loads

I0901 02:57:05.266123  915753 subprocess_compilation.cc:349] ptxas warning : Registers are spilled to local memory in function 'gemm_fusion_dot_14', 224 bytes spill stores, 224 bytes spill loads

I0901 02:57:05.353169  915768 subprocess_compilation.cc:349] ptxas warning : Registers are spilled to local memory in function 'gemm_fusion_dot_15', 492 bytes spill stores, 492 bytes spill loads

I0901 02:57:05.361013  915769 subprocess_compilation.cc:349] ptxas warning : Registers are spilled to local memory in function 'gemm_fusion_dot_14', 208 bytes spill stores, 208 bytes spill loads

I0901 02:57:05.518394  915759 subprocess_compilation.cc:349] ptxas warning : Registers are spilled to local memory in function 'gemm_fusion_dot_15', 448 bytes spill stores, 448 bytes spill loads

I0901 02:57:05.757808  915779 subprocess_compilation.cc:349] ptxas warning : Registers are spilled to local memory in function 'gemm_fusion_dot_15', 44 bytes spill stores, 44 bytes spill loads

I0901 02:57:05.895485  915774 subprocess_compilation.cc:349] ptxas warning : Registers are spilled to local memory in function 'gemm_fusion_dot_14', 72 bytes spill stores, 72 bytes spill loads

[pjrt_ffi] compiled verified_mlir/mlp_train_step.mlir (@mlp_train_step, 7 outputs, 1 replica) in 2797 ms
[pjrt_ffi] compiled verified_mlir/mlp_fwd.mlir (@mlp_fwd, 1 outputs, 1 replica) in 293 ms
MNIST-MLP via the VERIFIED renderer (784→512→512→10) → XLA/PJRT → GPU
  xla/pjrt verified_mlir/mlp_train_step.mlir
  xla/pjrt verified_mlir/mlp_fwd.mlir
  train 60000, test 10000; bs 128, MNIST-MLP (6 params, 669706 floats), mean-loss SGD lr=0.100000, He init
[pjrt_ffi] RESIDENT: @mlp_train_step holds 6 parameter tensors (2.6 MB) on 1 device; they stop crossing PCIe from here
[pjrt_ffi] RESIDENT: @mlp_fwd holds 6 parameter tensors (2.6 MB) on 1 device; they stop crossing PCIe from here
  epoch 1: loss = 0.411562, test_acc = 9160/10000 = 91.600000%  [95% CI 91.04–92.13] (696ms)
[pjrt_ffi] RESIDENT: @mlp_fwd holds 6 parameter tensors (2.6 MB) on 1 device; they stop crossing PCIe from here
  epoch 2: loss = 0.195060, test_acc = 9475/10000 = 94.750000%  [95% CI 94.30–95.17] (258ms)
[pjrt_ffi] RESIDENT: @mlp_fwd holds 6 parameter tensors (2.6 MB) on 1 device; they stop crossing PCIe from here
  epoch 3: loss = 0.142656, test_acc = 9586/10000 = 95.860000%  [95% CI 95.45–96.23] (189ms)
[pjrt_ffi] RESIDENT: @mlp_fwd holds 6 parameter tensors (2.6 MB) on 1 device; they stop crossing PCIe from here
  epoch 4: loss = 0.112047, test_acc = 9625/10000 = 96.250000%  [95% CI 95.86–96.60] (229ms)
[pjrt_ffi] RESIDENT: @mlp_fwd holds 6 parameter tensors (2.6 MB) on 1 device; they stop crossing PCIe from here
  epoch 5: loss = 0.091399, test_acc = 9662/10000 = 96.620000%  [95% CI 96.25–96.96] (180ms)
[pjrt_ffi] RESIDENT: @mlp_fwd holds 6 parameter tensors (2.6 MB) on 1 device; they stop crossing PCIe from here
  epoch 6: loss = 0.076180, test_acc = 9684/10000 = 96.840000%  [95% CI 96.48–97.17] (179ms)
[pjrt_ffi] RESIDENT: @mlp_fwd holds 6 parameter tensors (2.6 MB) on 1 device; they stop crossing PCIe from here
  epoch 7: loss = 0.064415, test_acc = 9716/10000 = 97.160000%  [95% CI 96.82–97.47] (191ms)
[pjrt_ffi] RESIDENT: @mlp_fwd holds 6 parameter tensors (2.6 MB) on 1 device; they stop crossing PCIe from here
  epoch 8: loss = 0.054969, test_acc = 9723/10000 = 97.230000%  [95% CI 96.89–97.53] (177ms)
[pjrt_ffi] RESIDENT: @mlp_fwd holds 6 parameter tensors (2.6 MB) on 1 device; they stop crossing PCIe from here
  epoch 9: loss = 0.047178, test_acc = 9745/10000 = 97.450000%  [95% CI 97.12–97.74] (183ms)
[pjrt_ffi] RESIDENT: @mlp_fwd holds 6 parameter tensors (2.6 MB) on 1 device; they stop crossing PCIe from here
  epoch 10: loss = 0.040706, test_acc = 9747/10000 = 97.470000%  [95% CI 97.14–97.76] (490ms)
[pjrt_ffi] RESIDENT: @mlp_fwd holds 6 parameter tensors (2.6 MB) on 1 device; they stop crossing PCIe from here
  epoch 11: loss = 0.035215, test_acc = 9752/10000 = 97.520000%  [95% CI 97.20–97.81] (615ms)
[pjrt_ffi] RESIDENT: @mlp_fwd holds 6 parameter tensors (2.6 MB) on 1 device; they stop crossing PCIe from here
  epoch 12: loss = 0.030571, test_acc = 9763/10000 = 97.630000%  [95% CI 97.31–97.91] (296ms)
done (trained MNIST-MLP via the proof-rendered StableHLO).
