I0901 02:56:47.199064  913342 service.cc:154] XLA service 0x7c3c1c009330 initialized for platform CUDA (this does not guarantee that XLA will be used). Devices:
I0901 02:56:47.199123  913342 service.cc:170]   StreamExecutor [0]: NVIDIA GeForce RTX 4060 Ti, Compute Capability 8.9 (Driver: 12.9.0[575.57.8]; Runtime: 12.9.0; Toolkit: 12.9.0; DNN: 9.23.2)
I0901 02:56:47.201028  913342 se_gpu_pjrt_client.cc:1342] Using BFC allocator.
I0901 02:56:47.201064  913342 gpu_helpers.cc:162] XLA backend allocating 11.68GiB (12536774656 bytes) on device 0 for BFCAllocator.
I0901 02:56:47.210485  913342 cuda_dnn.cc:440] Loaded cuDNN version 92302
[pjrt_ffi] XLA backend: PJRT 0.114, 1 device(s)
[pjrt_ffi] command buffers: enabled (CUDA default)
I0901 02:56:47.934770  913393 subprocess_compilation.cc:349] ptxas warning : Registers are spilled to local memory in function 'gemm_fusion_dot_15', 272 bytes spill stores, 272 bytes spill loads

I0901 02:56:47.938142  913400 subprocess_compilation.cc:349] ptxas warning : Registers are spilled to local memory in function 'gemm_fusion_dot_1', 72 bytes spill stores, 72 bytes spill loads

I0901 02:56:48.085197  913401 subprocess_compilation.cc:349] ptxas warning : Registers are spilled to local memory in function 'gemm_fusion_dot_14', 240 bytes spill stores, 240 bytes spill loads

I0901 02:56:48.118171  913407 subprocess_compilation.cc:349] ptxas warning : Registers are spilled to local memory in function 'gemm_fusion_dot_3', 712 bytes spill stores, 712 bytes spill loads

I0901 02:56:48.140408  913385 subprocess_compilation.cc:349] ptxas warning : Registers are spilled to local memory in function 'gemm_fusion_dot_15', 364 bytes spill stores, 364 bytes spill loads

I0901 02:56:48.247478  913389 subprocess_compilation.cc:349] ptxas warning : Registers are spilled to local memory in function 'gemm_fusion_dot_14', 296 bytes spill stores, 296 bytes spill loads

I0901 02:56:48.278472  913386 subprocess_compilation.cc:349] ptxas warning : Registers are spilled to local memory in function 'gemm_fusion_dot_15', 428 bytes spill stores, 428 bytes spill loads

I0901 02:56:48.329404  913402 subprocess_compilation.cc:349] ptxas warning : Registers are spilled to local memory in function 'gemm_fusion_dot_14', 224 bytes spill stores, 224 bytes spill loads

I0901 02:56:48.353098  913396 subprocess_compilation.cc:349] ptxas warning : Registers are spilled to local memory in function 'gemm_fusion_dot_1', 628 bytes spill stores, 628 bytes spill loads

I0901 02:56:48.372434  913400 subprocess_compilation.cc:349] ptxas warning : Registers are spilled to local memory in function 'gemm_fusion_dot_14', 360 bytes spill stores, 360 bytes spill loads

I0901 02:56:48.380026  913390 subprocess_compilation.cc:349] ptxas warning : Registers are spilled to local memory in function 'gemm_fusion_dot_15', 468 bytes spill stores, 468 bytes spill loads

I0901 02:56:48.509330  913389 subprocess_compilation.cc:349] ptxas warning : Registers are spilled to local memory in function 'gemm_fusion_dot_3', 32 bytes spill stores, 32 bytes spill loads

I0901 02:56:48.528435  913384 subprocess_compilation.cc:349] ptxas warning : Registers are spilled to local memory in function 'gemm_fusion_dot_14', 224 bytes spill stores, 224 bytes spill loads

I0901 02:56:48.596066  913393 subprocess_compilation.cc:349] ptxas warning : Registers are spilled to local memory in function 'gemm_fusion_dot_14', 224 bytes spill stores, 224 bytes spill loads

I0901 02:56:48.618577  913409 subprocess_compilation.cc:349] ptxas warning : Registers are spilled to local memory in function 'gemm_fusion_dot_15', 464 bytes spill stores, 464 bytes spill loads

I0901 02:56:48.678365  913401 subprocess_compilation.cc:349] ptxas warning : Registers are spilled to local memory in function 'gemm_fusion_dot', 60 bytes spill stores, 60 bytes spill loads

I0901 02:56:48.739636  913382 subprocess_compilation.cc:349] ptxas warning : Registers are spilled to local memory in function 'gemm_fusion_dot_14', 208 bytes spill stores, 208 bytes spill loads

I0901 02:56:48.823316  913399 subprocess_compilation.cc:349] ptxas warning : Registers are spilled to local memory in function 'gemm_fusion_dot_15', 492 bytes spill stores, 492 bytes spill loads

I0901 02:56:48.951776  913390 subprocess_compilation.cc:349] ptxas warning : Registers are spilled to local memory in function 'gemm_fusion_dot_15', 448 bytes spill stores, 448 bytes spill loads

I0901 02:56:49.246280  913410 subprocess_compilation.cc:349] ptxas warning : Registers are spilled to local memory in function 'gemm_fusion_dot_15', 44 bytes spill stores, 44 bytes spill loads

I0901 02:56:49.343889  913405 subprocess_compilation.cc:349] ptxas warning : Registers are spilled to local memory in function 'gemm_fusion_dot_14', 72 bytes spill stores, 72 bytes spill loads

[pjrt_ffi] compiled verified_mlir/mlp_train_step.mlir (@mlp_train_step, 7 outputs, 1 replica) in 2469 ms
[pjrt_ffi] compiled verified_mlir/mlp_fwd.mlir (@mlp_fwd, 1 outputs, 1 replica) in 261 ms
MNIST-MLP via the VERIFIED renderer (784→512→512→10) → XLA/PJRT → GPU
  xla/pjrt verified_mlir/mlp_train_step.mlir
  xla/pjrt verified_mlir/mlp_fwd.mlir
  train 60000, test 10000; bs 128, MNIST-MLP (6 params, 669706 floats), mean-loss SGD lr=0.100000, He init
[pjrt_ffi] RESIDENT: @mlp_train_step holds 6 parameter tensors (2.6 MB) on 1 device; they stop crossing PCIe from here
[pjrt_ffi] RESIDENT: @mlp_fwd holds 6 parameter tensors (2.6 MB) on 1 device; they stop crossing PCIe from here
  epoch 1: loss = 0.410824, test_acc = 9162/10000 = 91.620000%  [95% CI 91.06–92.15] (196ms)
[pjrt_ffi] RESIDENT: @mlp_fwd holds 6 parameter tensors (2.6 MB) on 1 device; they stop crossing PCIe from here
  epoch 2: loss = 0.194511, test_acc = 9464/10000 = 94.640000%  [95% CI 94.18–95.06] (188ms)
[pjrt_ffi] RESIDENT: @mlp_fwd holds 6 parameter tensors (2.6 MB) on 1 device; they stop crossing PCIe from here
  epoch 3: loss = 0.142900, test_acc = 9590/10000 = 95.900000%  [95% CI 95.49–96.27] (180ms)
[pjrt_ffi] RESIDENT: @mlp_fwd holds 6 parameter tensors (2.6 MB) on 1 device; they stop crossing PCIe from here
  epoch 4: loss = 0.112966, test_acc = 9641/10000 = 96.410000%  [95% CI 96.03–96.76] (189ms)
[pjrt_ffi] RESIDENT: @mlp_fwd holds 6 parameter tensors (2.6 MB) on 1 device; they stop crossing PCIe from here
  epoch 5: loss = 0.092531, test_acc = 9674/10000 = 96.740000%  [95% CI 96.37–97.07] (184ms)
[pjrt_ffi] RESIDENT: @mlp_fwd holds 6 parameter tensors (2.6 MB) on 1 device; they stop crossing PCIe from here
  epoch 6: loss = 0.077358, test_acc = 9696/10000 = 96.960000%  [95% CI 96.61–97.28] (181ms)
[pjrt_ffi] RESIDENT: @mlp_fwd holds 6 parameter tensors (2.6 MB) on 1 device; they stop crossing PCIe from here
  epoch 7: loss = 0.065679, test_acc = 9717/10000 = 97.170000%  [95% CI 96.83–97.48] (167ms)
[pjrt_ffi] RESIDENT: @mlp_fwd holds 6 parameter tensors (2.6 MB) on 1 device; they stop crossing PCIe from here
  epoch 8: loss = 0.056221, test_acc = 9740/10000 = 97.400000%  [95% CI 97.07–97.69] (165ms)
[pjrt_ffi] RESIDENT: @mlp_fwd holds 6 parameter tensors (2.6 MB) on 1 device; they stop crossing PCIe from here
  epoch 9: loss = 0.048422, test_acc = 9752/10000 = 97.520000%  [95% CI 97.20–97.81] (197ms)
[pjrt_ffi] RESIDENT: @mlp_fwd holds 6 parameter tensors (2.6 MB) on 1 device; they stop crossing PCIe from here
  epoch 10: loss = 0.041909, test_acc = 9765/10000 = 97.650000%  [95% CI 97.33–97.93] (516ms)
[pjrt_ffi] RESIDENT: @mlp_fwd holds 6 parameter tensors (2.6 MB) on 1 device; they stop crossing PCIe from here
  epoch 11: loss = 0.036388, test_acc = 9770/10000 = 97.700000%  [95% CI 97.39–97.98] (595ms)
[pjrt_ffi] RESIDENT: @mlp_fwd holds 6 parameter tensors (2.6 MB) on 1 device; they stop crossing PCIe from here
  epoch 12: loss = 0.031659, test_acc = 9778/10000 = 97.780000%  [95% CI 97.47–98.05] (587ms)
done (trained MNIST-MLP via the proof-rendered StableHLO).
