I0901 02:56:42.282623  912558 service.cc:154] XLA service 0x741f740092e0 initialized for platform CUDA (this does not guarantee that XLA will be used). Devices:
I0901 02:56:42.282667  912558 service.cc:170]   StreamExecutor [0]: NVIDIA GeForce RTX 4060 Ti, Compute Capability 8.9 (Driver: 12.9.0[575.57.8]; Runtime: 12.9.0; Toolkit: 12.9.0; DNN: 9.23.2)
I0901 02:56:42.284378  912558 se_gpu_pjrt_client.cc:1342] Using BFC allocator.
I0901 02:56:42.284424  912558 gpu_helpers.cc:162] XLA backend allocating 11.68GiB (12543066112 bytes) on device 0 for BFCAllocator.
I0901 02:56:42.293186  912558 cuda_dnn.cc:440] Loaded cuDNN version 92302
[pjrt_ffi] XLA backend: PJRT 0.114, 1 device(s)
[pjrt_ffi] command buffers: enabled (CUDA default)
I0901 02:56:42.933577  912600 subprocess_compilation.cc:349] ptxas warning : Registers are spilled to local memory in function 'gemm_fusion_dot_15', 364 bytes spill stores, 364 bytes spill loads

I0901 02:56:43.025298  912615 subprocess_compilation.cc:349] ptxas warning : Registers are spilled to local memory in function 'gemm_fusion_dot_1', 72 bytes spill stores, 72 bytes spill loads

I0901 02:56:43.049657  912608 subprocess_compilation.cc:349] ptxas warning : Registers are spilled to local memory in function 'gemm_fusion_dot_15', 272 bytes spill stores, 272 bytes spill loads

I0901 02:56:43.108147  912616 subprocess_compilation.cc:349] ptxas warning : Registers are spilled to local memory in function 'gemm_fusion_dot_14', 240 bytes spill stores, 240 bytes spill loads

I0901 02:56:43.201662  912622 subprocess_compilation.cc:349] ptxas warning : Registers are spilled to local memory in function 'gemm_fusion_dot_3', 712 bytes spill stores, 712 bytes spill loads

I0901 02:56:43.399085  912617 subprocess_compilation.cc:349] ptxas warning : Registers are spilled to local memory in function 'gemm_fusion_dot_14', 224 bytes spill stores, 224 bytes spill loads

I0901 02:56:43.423597  912605 subprocess_compilation.cc:349] ptxas warning : Registers are spilled to local memory in function 'gemm_fusion_dot_15', 468 bytes spill stores, 468 bytes spill loads

I0901 02:56:43.432611  912611 subprocess_compilation.cc:349] ptxas warning : Registers are spilled to local memory in function 'gemm_fusion_dot_1', 628 bytes spill stores, 628 bytes spill loads

I0901 02:56:43.433037  912609 subprocess_compilation.cc:349] ptxas warning : Registers are spilled to local memory in function 'gemm_fusion_dot_15', 428 bytes spill stores, 428 bytes spill loads

I0901 02:56:43.462456  912615 subprocess_compilation.cc:349] ptxas warning : Registers are spilled to local memory in function 'gemm_fusion_dot_14', 360 bytes spill stores, 360 bytes spill loads

I0901 02:56:43.520840  912624 subprocess_compilation.cc:349] ptxas warning : Registers are spilled to local memory in function 'gemm_fusion_dot_15', 464 bytes spill stores, 464 bytes spill loads

I0901 02:56:43.558787  912604 subprocess_compilation.cc:349] ptxas warning : Registers are spilled to local memory in function 'gemm_fusion_dot_14', 296 bytes spill stores, 296 bytes spill loads

I0901 02:56:43.647906  912622 subprocess_compilation.cc:349] ptxas warning : Registers are spilled to local memory in function 'gemm_fusion_dot_3', 32 bytes spill stores, 32 bytes spill loads

I0901 02:56:43.664181  912614 subprocess_compilation.cc:349] ptxas warning : Registers are spilled to local memory in function 'gemm_fusion_dot_15', 492 bytes spill stores, 492 bytes spill loads

I0901 02:56:43.664629  912608 subprocess_compilation.cc:349] ptxas warning : Registers are spilled to local memory in function 'gemm_fusion_dot_14', 224 bytes spill stores, 224 bytes spill loads

I0901 02:56:43.719157  912616 subprocess_compilation.cc:349] ptxas warning : Registers are spilled to local memory in function 'gemm_fusion_dot', 60 bytes spill stores, 60 bytes spill loads

I0901 02:56:43.917069  912617 subprocess_compilation.cc:349] ptxas warning : Registers are spilled to local memory in function 'gemm_fusion_dot_14', 224 bytes spill stores, 224 bytes spill loads

I0901 02:56:43.926233  912624 subprocess_compilation.cc:349] ptxas warning : Registers are spilled to local memory in function 'gemm_fusion_dot_14', 208 bytes spill stores, 208 bytes spill loads

I0901 02:56:44.065236  912605 subprocess_compilation.cc:349] ptxas warning : Registers are spilled to local memory in function 'gemm_fusion_dot_15', 448 bytes spill stores, 448 bytes spill loads

I0901 02:56:44.322119  912599 subprocess_compilation.cc:349] ptxas warning : Registers are spilled to local memory in function 'gemm_fusion_dot_15', 44 bytes spill stores, 44 bytes spill loads

I0901 02:56:44.572778  912620 subprocess_compilation.cc:349] ptxas warning : Registers are spilled to local memory in function 'gemm_fusion_dot_14', 72 bytes spill stores, 72 bytes spill loads

[pjrt_ffi] compiled verified_mlir/mlp_train_step.mlir (@mlp_train_step, 7 outputs, 1 replica) in 2881 ms
[pjrt_ffi] compiled verified_mlir/mlp_fwd.mlir (@mlp_fwd, 1 outputs, 1 replica) in 294 ms
MNIST-MLP via the VERIFIED renderer (784→512→512→10) → XLA/PJRT → GPU
  xla/pjrt verified_mlir/mlp_train_step.mlir
  xla/pjrt verified_mlir/mlp_fwd.mlir
  train 60000, test 10000; bs 128, MNIST-MLP (6 params, 669706 floats), mean-loss SGD lr=0.100000, He init
[pjrt_ffi] RESIDENT: @mlp_train_step holds 6 parameter tensors (2.6 MB) on 1 device; they stop crossing PCIe from here
[pjrt_ffi] RESIDENT: @mlp_fwd holds 6 parameter tensors (2.6 MB) on 1 device; they stop crossing PCIe from here
  epoch 1: loss = 0.407579, test_acc = 9203/10000 = 92.030000%  [95% CI 91.48–92.54] (483ms)
[pjrt_ffi] RESIDENT: @mlp_fwd holds 6 parameter tensors (2.6 MB) on 1 device; they stop crossing PCIe from here
  epoch 2: loss = 0.190896, test_acc = 9487/10000 = 94.870000%  [95% CI 94.42–95.29] (182ms)
[pjrt_ffi] RESIDENT: @mlp_fwd holds 6 parameter tensors (2.6 MB) on 1 device; they stop crossing PCIe from here
  epoch 3: loss = 0.138443, test_acc = 9606/10000 = 96.060000%  [95% CI 95.66–96.42] (177ms)
[pjrt_ffi] RESIDENT: @mlp_fwd holds 6 parameter tensors (2.6 MB) on 1 device; they stop crossing PCIe from here
  epoch 4: loss = 0.108404, test_acc = 9664/10000 = 96.640000%  [95% CI 96.27–96.98] (177ms)
[pjrt_ffi] RESIDENT: @mlp_fwd holds 6 parameter tensors (2.6 MB) on 1 device; they stop crossing PCIe from here
  epoch 5: loss = 0.088229, test_acc = 9698/10000 = 96.980000%  [95% CI 96.63–97.30] (180ms)
[pjrt_ffi] RESIDENT: @mlp_fwd holds 6 parameter tensors (2.6 MB) on 1 device; they stop crossing PCIe from here
  epoch 6: loss = 0.073323, test_acc = 9719/10000 = 97.190000%  [95% CI 96.85–97.50] (174ms)
[pjrt_ffi] RESIDENT: @mlp_fwd holds 6 parameter tensors (2.6 MB) on 1 device; they stop crossing PCIe from here
  epoch 7: loss = 0.061806, test_acc = 9740/10000 = 97.400000%  [95% CI 97.07–97.69] (183ms)
[pjrt_ffi] RESIDENT: @mlp_fwd holds 6 parameter tensors (2.6 MB) on 1 device; they stop crossing PCIe from here
  epoch 8: loss = 0.052582, test_acc = 9752/10000 = 97.520000%  [95% CI 97.20–97.81] (171ms)
[pjrt_ffi] RESIDENT: @mlp_fwd holds 6 parameter tensors (2.6 MB) on 1 device; they stop crossing PCIe from here
  epoch 9: loss = 0.045106, test_acc = 9766/10000 = 97.660000%  [95% CI 97.34–97.94] (640ms)
[pjrt_ffi] RESIDENT: @mlp_fwd holds 6 parameter tensors (2.6 MB) on 1 device; they stop crossing PCIe from here
  epoch 10: loss = 0.038840, test_acc = 9770/10000 = 97.700000%  [95% CI 97.39–97.98] (606ms)
[pjrt_ffi] RESIDENT: @mlp_fwd holds 6 parameter tensors (2.6 MB) on 1 device; they stop crossing PCIe from here
  epoch 11: loss = 0.033564, test_acc = 9776/10000 = 97.760000%  [95% CI 97.45–98.03] (202ms)
[pjrt_ffi] RESIDENT: @mlp_fwd holds 6 parameter tensors (2.6 MB) on 1 device; they stop crossing PCIe from here
  epoch 12: loss = 0.029077, test_acc = 9776/10000 = 97.760000%  [95% CI 97.45–98.03] (156ms)
done (trained MNIST-MLP via the proof-rendered StableHLO).
