# A/B: the sampleNoise seeding fix, SAME checkpoint, SAME sampler settings
# 8-gaussians, 20k train steps, 200 sampler steps, eta 0.25.
# The only difference between the two arms is lean_ddpm_sample_noise's seeding.

=== BEFORE (x_T on a circle of radius 1.913) ===
target: 8-gaussians   samples: 2048   reference: 8192 (independent draw)

  cell recall        8/8      (true sample: 8/8)
  energy distance    0.01042  (true-vs-true floor: 0.00080)
  off-support        6.69%   (true sample: 0.02%, tau=0.200)

  per-cell mass (%):   13.6  11.6  15.0   8.1  17.5  13.5  11.7   8.9
  true               :   12.9  12.5  12.2  12.7  12.3  12.0  12.7  12.9

  wrote .lake/build/diffusion2d_scatter_eight_gaussians.ppm  (left: generated, right: true)
  => gate: cell recall 8/8 (need 8) and energy 0.0104 < 0.05  [PASS]
     (energy is 13x the true-vs-true floor)

=== AFTER (x_T ~ N(0, I)) ===
target: 8-gaussians   samples: 2048   reference: 8192 (independent draw)

  cell recall        8/8      (true sample: 8/8)
  energy distance    0.00545  (true-vs-true floor: 0.00080)
  off-support        8.59%   (true sample: 0.02%, tau=0.200)

  per-cell mass (%):   14.0  13.5  11.4  11.4  17.1  12.0   9.8  10.7
  true               :   12.9  12.5  12.2  12.7  12.3  12.0  12.7  12.9

  wrote .lake/build/diffusion2d_scatter_eight_gaussians.ppm  (left: generated, right: true)
  => gate: cell recall 8/8 (need 8) and energy 0.0054 < 0.05  [PASS]
     (energy is 7x the true-vs-true floor)
