nqs-ising-gpt-n64-q1: 27056 params, N = 64, h = 0.600000, J = 1.000000, 2000 steps, 1024 chains, mean-field reference, seed 1
  mean field: φ = 0.3047, E_MF = -69.760000
[pjrt_ffi] allocator: 1 create option(s), memory_fraction=0.150
I0912 00:42:40.573830 2081899 service.cc:154] XLA service 0x7156d4028880 initialized for platform CUDA (this does not guarantee that XLA will be used). Devices:
I0912 00:42:40.573868 2081899 service.cc:170]   StreamExecutor [0]: NVIDIA GeForce RTX 4060 Ti, Compute Capability 8.9 (Driver: 12.9.0[575.57.8]; Runtime: 12.9.0; Toolkit: 12.9.0; DNN: 9.23.2)
I0912 00:42:40.575674 2081899 se_gpu_pjrt_client.cc:1342] Using BFC allocator.
I0912 00:42:40.575714 2081899 gpu_helpers.cc:162] XLA backend allocating 2.34GiB (2510290944 bytes) on device 0 for BFCAllocator.
I0912 00:42:40.583462 2081899 cuda_dnn.cc:440] Loaded cuDNN version 92302
[pjrt_ffi] XLA backend: PJRT 0.114, 1 device(s)
[pjrt_ffi] command buffers: enabled (CUDA default)
I0912 00:42:41.940296 2081927 subprocess_compilation.cc:349] ptxas warning : Registers are spilled to local memory in function 'gemm_fusion_dot_131', 4 bytes spill stores, 4 bytes spill loads

I0912 00:42:42.586632 2081917 subprocess_compilation.cc:349] ptxas warning : Registers are spilled to local memory in function 'gemm_fusion_dot_129', 8 bytes spill stores, 8 bytes spill loads

[pjrt_ffi] compiled .lake/build/nqs_ising_gpt_n64_q1_train_step.mlir (@main, 115 outputs, 1 replica) in 3497 ms
[pjrt_ffi] compiled .lake/build/nqs_ising_gpt_n64_q1_fwd_eval.mlir (@forward_eval, 1 outputs, 1 replica) in 585 ms
[pjrt_ffi] compiled .lake/build/nqs_ising_gpt_n64_q1_fwd_flip.mlir (@forward_eval, 1 outputs, 1 replica) in 2404 ms
  sessions loaded
  step 0  E = -69.752694  E/N = -1.089886  Var(E_loc) = 4.71e-1  (343 ms)
  step 100  E = -69.889491  E/N = -1.092023  Var(E_loc) = 3.83e-3  (46138 ms)
  step 200  E = -69.896437  E/N = -1.092132  Var(E_loc) = 9.19e-3  (90271 ms)
  step 300  E = -69.901461  E/N = -1.092210  Var(E_loc) = 3.40e-3  (134815 ms)
  step 400  E = -69.901722  E/N = -1.092214  Var(E_loc) = 1.19e-3  (178865 ms)
  step 500  E = -69.902379  E/N = -1.092225  Var(E_loc) = 1.36e-3  (222632 ms)
  step 600  E = -69.903503  E/N = -1.092242  Var(E_loc) = 1.60e-3  (265976 ms)
  step 700  E = -69.902035  E/N = -1.092219  Var(E_loc) = 1.05e-3  (310051 ms)
  step 800  E = -69.901908  E/N = -1.092217  Var(E_loc) = 2.02e-3  (355881 ms)
  step 900  E = -69.903284  E/N = -1.092239  Var(E_loc) = 8.68e-4  (403664 ms)
  step 1000  E = -69.902741  E/N = -1.092230  Var(E_loc) = 3.82e-4  (450492 ms)
  step 1100  E = -69.902267  E/N = -1.092223  Var(E_loc) = 5.27e-4  (498742 ms)
  step 1200  E = -69.902469  E/N = -1.092226  Var(E_loc) = 4.74e-4  (547114 ms)
  step 1300  E = -69.903478  E/N = -1.092242  Var(E_loc) = 5.79e-4  (595377 ms)
  step 1400  E = -69.902841  E/N = -1.092232  Var(E_loc) = 6.42e-4  (643048 ms)
  step 1500  E = -69.901444  E/N = -1.092210  Var(E_loc) = 1.07e-3  (690634 ms)
  step 1600  E = -69.902677  E/N = -1.092229  Var(E_loc) = 1.79e-4  (738428 ms)
  step 1700  E = -69.903171  E/N = -1.092237  Var(E_loc) = 1.36e-4  (786619 ms)
  step 1800  E = -69.903765  E/N = -1.092246  Var(E_loc) = 5.40e-4  (834860 ms)
  step 1900  E = -69.903191  E/N = -1.092237  Var(E_loc) = 1.53e-4  (882651 ms)
  step 2000  E = -69.903587  E/N = -1.092244  Var(E_loc) = 2.37e-4  (931291 ms)
trained: 2000 steps, 931298 ms
wrote .lake/build/nqs_ising_gpt_n64_q1_h60_metrics.json, _curve.csv, _samples.bin, _params.bin
gpt N=64 h=0.600000: E = -69.903512  E/N = -1.092242  Var(E_loc) = 5.60e-4  <sx> = 0.31805  C(N/2) = 0.89339  (8192 samples, 27056 params, 948 s)
