nqs-ising-vit-n64-q6: 26529 params, N = 64, h = 2.000000, J = 1.000000, 2000 steps, 1024 chains, mean-field reference, seed 1
  mean field: φ = 1.5708, E_MF = -128.000000
[pjrt_ffi] allocator: 1 create option(s), memory_fraction=0.150
I0911 23:55:38.738679 2041511 service.cc:154] XLA service 0x78c2e0028880 initialized for platform CUDA (this does not guarantee that XLA will be used). Devices:
I0911 23:55:38.738709 2041511 service.cc:170]   StreamExecutor [0]: NVIDIA GeForce RTX 4060 Ti, Compute Capability 8.9 (Driver: 12.9.0[575.57.8]; Runtime: 12.9.0; Toolkit: 12.9.0; DNN: 9.23.2)
I0911 23:55:38.742242 2041511 se_gpu_pjrt_client.cc:1342] Using BFC allocator.
I0911 23:55:38.742493 2041511 gpu_helpers.cc:162] XLA backend allocating 2.34GiB (2510290944 bytes) on device 0 for BFCAllocator.
I0911 23:55:38.767657 2041511 cuda_dnn.cc:440] Loaded cuDNN version 92302
[pjrt_ffi] XLA backend: PJRT 0.114, 1 device(s)
[pjrt_ffi] command buffers: enabled (CUDA default)
I0911 23:55:44.619721 2041767 subprocess_compilation.cc:349] ptxas warning : Registers are spilled to local memory in function 'gemm_fusion_dot_130', 4 bytes spill stores, 4 bytes spill loads

I0911 23:55:49.663636 2041773 subprocess_compilation.cc:349] ptxas warning : Registers are spilled to local memory in function 'gemm_fusion_dot_128', 8 bytes spill stores, 8 bytes spill loads

[pjrt_ffi] compiled .lake/build/nqs_ising_vit_n64_q6_train_step.mlir (@main, 115 outputs, 1 replica) in 13328 ms
[pjrt_ffi] compiled .lake/build/nqs_ising_vit_n64_q6_fwd_eval.mlir (@forward_eval, 1 outputs, 1 replica) in 731 ms
[pjrt_ffi] compiled .lake/build/nqs_ising_vit_n64_q6_fwd_flip.mlir (@forward_eval, 1 outputs, 1 replica) in 3485 ms
  sessions loaded
  burn-in: 20 sweeps, acceptance 1.000
  step 0  E = -128.140625  E/N = -2.002197  Var(E_loc) = 6.78e+1  (1717 ms)
  step 100  E = -134.033753  E/N = -2.094277  Var(E_loc) = 1.87e+1  (133315 ms)
  step 200  E = -134.360023  E/N = -2.099375  Var(E_loc) = 1.62e+1  (247226 ms)
  step 300  E = -135.728219  E/N = -2.120753  Var(E_loc) = 4.78e+0  (424962 ms)
  step 400  E = -136.019569  E/N = -2.125306  Var(E_loc) = 1.55e+0  (601154 ms)
  step 500  E = -136.067444  E/N = -2.126054  Var(E_loc) = 9.66e-1  (774895 ms)
  step 600  E = -136.060365  E/N = -2.125943  Var(E_loc) = 8.07e-1  (951590 ms)
  step 700  E = -136.070216  E/N = -2.126097  Var(E_loc) = 6.79e-1  (1127014 ms)
  step 800  E = -136.092329  E/N = -2.126443  Var(E_loc) = 5.14e-1  (1278822 ms)
  step 900  E = -136.061312  E/N = -2.125958  Var(E_loc) = 4.66e-1  (1364272 ms)
  step 1000  E = -136.112481  E/N = -2.126758  Var(E_loc) = 5.74e-1  (1452068 ms)
  step 1100  E = -136.129428  E/N = -2.127022  Var(E_loc) = 6.39e-1  (1536494 ms)
  step 1200  E = -136.107463  E/N = -2.126679  Var(E_loc) = 5.54e-1  (1621112 ms)
  step 1300  E = -136.097309  E/N = -2.126520  Var(E_loc) = 3.81e-1  (1705841 ms)
  step 1400  E = -136.087210  E/N = -2.126363  Var(E_loc) = 6.70e-1  (1798821 ms)
  step 1500  E = -136.106615  E/N = -2.126666  Var(E_loc) = 3.51e-1  (1891432 ms)
  step 1600  E = -136.086233  E/N = -2.126347  Var(E_loc) = 3.63e-1  (1976075 ms)
  step 1700  E = -136.117724  E/N = -2.126839  Var(E_loc) = 3.71e-1  (2055870 ms)
  step 1800  E = -136.048634  E/N = -2.125760  Var(E_loc) = 3.95e-1  (2154111 ms)
  step 1900  E = -136.114744  E/N = -2.126793  Var(E_loc) = 3.45e-1  (2238126 ms)
  step 2000  E = -136.115501  E/N = -2.126805  Var(E_loc) = 3.37e-1  (2322631 ms)
trained: 2000 steps, 2322638 ms
wrote .lake/build/nqs_ising_vit_n64_q6_h200_metrics.json, _curve.csv, _samples.bin, _params.bin
vit N=64 h=2.000000: E = -136.123007  E/N = -2.126922  Var(E_loc) = 3.44e-1  <sx> = 0.93344  C(N/2) = -0.00136  (8192 samples, 26529 params, 2352 s)
