I1002 17:37:26.442099 3515794 service.cc:154] XLA service 0x57fbfd991210 initialized for platform CUDA (this does not guarantee that XLA will be used). Devices:
I1002 17:37:26.442128 3515794 service.cc:170]   StreamExecutor [0]: NVIDIA GeForce RTX 4060 Ti, Compute Capability 8.9 (Driver: 12.9.0[575.57.8]; Runtime: 12.9.0; Toolkit: 12.9.0; DNN: 9.23.2)
I1002 17:37:26.442132 3515794 service.cc:170]   StreamExecutor [1]: NVIDIA GeForce RTX 4060 Ti, Compute Capability 8.9 (Driver: 12.9.0[575.57.8]; Runtime: 12.9.0; Toolkit: 12.9.0; DNN: 9.23.2)
I1002 17:37:26.442135 3515794 service.cc:170]   StreamExecutor [2]: NVIDIA GeForce RTX 4060 Ti, Compute Capability 8.9 (Driver: 12.9.0[575.57.8]; Runtime: 12.9.0; Toolkit: 12.9.0; DNN: 9.23.2)
I1002 17:37:26.444267 3515794 se_gpu_pjrt_client.cc:1342] Using BFC allocator.
I1002 17:37:26.444296 3515794 gpu_helpers.cc:162] XLA backend allocating 11.68GiB (12543066112 bytes) on device 0 for BFCAllocator.
I1002 17:37:26.444336 3515794 gpu_helpers.cc:162] XLA backend allocating 11.68GiB (12543066112 bytes) on device 1 for BFCAllocator.
I1002 17:37:26.444351 3515794 gpu_helpers.cc:162] XLA backend allocating 11.68GiB (12543066112 bytes) on device 2 for BFCAllocator.
I1002 17:37:26.453307 3515794 cuda_dnn.cc:440] Loaded cuDNN version 92302
[pjrt_ffi] XLA backend: PJRT 0.114, 3 device(s)
[pjrt_ffi] command buffers: enabled (CUDA default)
[pjrt_ffi] residency: on — parameters stay on the device between steps (default)
E1002 17:37:29.357705 3515844 cuda_timer.cc:88] Delay kernel timed out: measured time has sub-optimal accuracy. There may be a missing warmup execution, please investigate in Nsight Systems.
E1002 17:37:29.842122 3515834 cuda_timer.cc:88] Delay kernel timed out: measured time has sub-optimal accuracy. There may be a missing warmup execution, please investigate in Nsight Systems.
I1002 17:37:30.118718 3515833 subprocess_compilation.cc:349] ptxas warning : Registers are spilled to local memory in function 'gemm_fusion_dot_283', 12 bytes spill stores, 12 bytes spill loads

E1002 17:37:30.539808 3515839 cuda_timer.cc:88] Delay kernel timed out: measured time has sub-optimal accuracy. There may be a missing warmup execution, please investigate in Nsight Systems.
I1002 17:37:30.661480 3515841 subprocess_compilation.cc:349] ptxas warning : Registers are spilled to local memory in function 'gemm_fusion_dot_255', 12 bytes spill stores, 12 bytes spill loads

E1002 17:37:32.974000 3515852 cuda_timer.cc:88] Delay kernel timed out: measured time has sub-optimal accuracy. There may be a missing warmup execution, please investigate in Nsight Systems.
E1002 17:37:33.332668 3515831 cuda_timer.cc:88] Delay kernel timed out: measured time has sub-optimal accuracy. There may be a missing warmup execution, please investigate in Nsight Systems.
E1002 17:37:34.077272 3515854 cuda_timer.cc:88] Delay kernel timed out: measured time has sub-optimal accuracy. There may be a missing warmup execution, please investigate in Nsight Systems.
[pjrt_ffi] compiled /home/skoonce/lean/klawd_max_power/lean4-jax-mlir/verified_mlir/efficientnet_adam_train_step.mlir (@efficientnet_adam_train_step, 740 outputs, 1 replica) in 10982 ms
compile 11512 ms, first call 232 ms
OK swish-se/f32: median 4.0e-03 (≤0.015), p90 7.2e-03 (≤0.02), max 1.8e-02 at output 264
