I1002 17:36:24.419520 3507143 service.cc:154] XLA service 0x57b1ba1bfce0 initialized for platform CUDA (this does not guarantee that XLA will be used). Devices:
I1002 17:36:24.419569 3507143 service.cc:170]   StreamExecutor [0]: NVIDIA GeForce RTX 4060 Ti, Compute Capability 8.9 (Driver: 12.9.0[575.57.8]; Runtime: 12.9.0; Toolkit: 12.9.0; DNN: 9.23.2)
I1002 17:36:24.419577 3507143 service.cc:170]   StreamExecutor [1]: NVIDIA GeForce RTX 4060 Ti, Compute Capability 8.9 (Driver: 12.9.0[575.57.8]; Runtime: 12.9.0; Toolkit: 12.9.0; DNN: 9.23.2)
I1002 17:36:24.419581 3507143 service.cc:170]   StreamExecutor [2]: NVIDIA GeForce RTX 4060 Ti, Compute Capability 8.9 (Driver: 12.9.0[575.57.8]; Runtime: 12.9.0; Toolkit: 12.9.0; DNN: 9.23.2)
I1002 17:36:24.421929 3507143 se_gpu_pjrt_client.cc:1342] Using BFC allocator.
I1002 17:36:24.421959 3507143 gpu_helpers.cc:162] XLA backend allocating 11.68GiB (12543066112 bytes) on device 0 for BFCAllocator.
I1002 17:36:24.421996 3507143 gpu_helpers.cc:162] XLA backend allocating 11.68GiB (12543066112 bytes) on device 1 for BFCAllocator.
I1002 17:36:24.422009 3507143 gpu_helpers.cc:162] XLA backend allocating 11.68GiB (12543066112 bytes) on device 2 for BFCAllocator.
I1002 17:36:24.430813 3507143 cuda_dnn.cc:440] Loaded cuDNN version 92302
[pjrt_ffi] XLA backend: PJRT 0.114, 3 device(s)
[pjrt_ffi] command buffers: enabled (CUDA default)
[pjrt_ffi] residency: on — parameters stay on the device between steps (default)
I1002 17:36:24.997218 3507179 subprocess_compilation.cc:349] ptxas warning : Registers are spilled to local memory in function 'gemm_fusion_dot_15', 272 bytes spill stores, 272 bytes spill loads

I1002 17:36:25.091665 3507177 subprocess_compilation.cc:349] ptxas warning : Registers are spilled to local memory in function 'gemm_fusion_dot_14', 224 bytes spill stores, 224 bytes spill loads

I1002 17:36:25.143048 3507203 subprocess_compilation.cc:349] ptxas warning : Registers are spilled to local memory in function 'gemm_fusion_dot_1', 72 bytes spill stores, 72 bytes spill loads

I1002 17:36:25.162043 3507176 subprocess_compilation.cc:349] ptxas warning : Registers are spilled to local memory in function 'gemm_fusion_dot_3', 712 bytes spill stores, 712 bytes spill loads

I1002 17:36:25.192035 3507195 subprocess_compilation.cc:349] ptxas warning : Registers are spilled to local memory in function 'gemm_fusion_dot_14', 208 bytes spill stores, 208 bytes spill loads

I1002 17:36:25.279605 3507202 subprocess_compilation.cc:349] ptxas warning : Registers are spilled to local memory in function 'gemm_fusion_dot_3', 32 bytes spill stores, 32 bytes spill loads

I1002 17:36:25.339456 3507194 subprocess_compilation.cc:349] ptxas warning : Registers are spilled to local memory in function 'gemm_fusion_dot_14', 296 bytes spill stores, 296 bytes spill loads

I1002 17:36:25.374980 3507198 subprocess_compilation.cc:349] ptxas warning : Registers are spilled to local memory in function 'gemm_fusion_dot_15', 364 bytes spill stores, 364 bytes spill loads

I1002 17:36:25.400069 3507197 subprocess_compilation.cc:349] ptxas warning : Registers are spilled to local memory in function 'gemm_fusion_dot_14', 224 bytes spill stores, 224 bytes spill loads

I1002 17:36:25.437986 3507196 subprocess_compilation.cc:349] ptxas warning : Registers are spilled to local memory in function 'gemm_fusion_dot_14', 240 bytes spill stores, 240 bytes spill loads

I1002 17:36:25.465263 3507180 subprocess_compilation.cc:349] ptxas warning : Registers are spilled to local memory in function 'gemm_fusion_dot_15', 428 bytes spill stores, 428 bytes spill loads

I1002 17:36:25.496692 3507184 subprocess_compilation.cc:349] ptxas warning : Registers are spilled to local memory in function 'gemm_fusion_dot_15', 468 bytes spill stores, 468 bytes spill loads

I1002 17:36:25.553919 3507178 subprocess_compilation.cc:349] ptxas warning : Registers are spilled to local memory in function 'gemm_fusion_dot_15', 492 bytes spill stores, 492 bytes spill loads

I1002 17:36:25.612020 3507207 subprocess_compilation.cc:349] ptxas warning : Registers are spilled to local memory in function 'gemm_fusion_dot_1', 628 bytes spill stores, 628 bytes spill loads

I1002 17:36:25.659818 3507190 subprocess_compilation.cc:349] ptxas warning : Registers are spilled to local memory in function 'gemm_fusion_dot_14', 224 bytes spill stores, 224 bytes spill loads

I1002 17:36:25.744203 3507182 subprocess_compilation.cc:349] ptxas warning : Registers are spilled to local memory in function 'gemm_fusion_dot_15', 448 bytes spill stores, 448 bytes spill loads

I1002 17:36:25.795183 3507187 subprocess_compilation.cc:349] ptxas warning : Registers are spilled to local memory in function 'gemm_fusion_dot_15', 464 bytes spill stores, 464 bytes spill loads

I1002 17:36:25.857227 3507196 subprocess_compilation.cc:349] ptxas warning : Registers are spilled to local memory in function 'gemm_fusion_dot_14', 360 bytes spill stores, 360 bytes spill loads

I1002 17:36:25.933120 3507205 subprocess_compilation.cc:349] ptxas warning : Registers are spilled to local memory in function 'gemm_fusion_dot', 60 bytes spill stores, 60 bytes spill loads

I1002 17:36:26.350120 3507193 subprocess_compilation.cc:349] ptxas warning : Registers are spilled to local memory in function 'gemm_fusion_dot_15', 44 bytes spill stores, 44 bytes spill loads

I1002 17:36:26.697559 3507203 subprocess_compilation.cc:349] ptxas warning : Registers are spilled to local memory in function 'gemm_fusion_dot_14', 72 bytes spill stores, 72 bytes spill loads

[pjrt_ffi] compiled /home/skoonce/lean/klawd_max_power/lean4-jax-mlir/verified_mlir/mlp_train_step.mlir (@mlp_train_step, 7 outputs, 1 replica) in 2563 ms
compile 3042 ms, first call 9 ms
OK dot/f32: median 5.1e-04 (≤0.003), p90 8.6e-03 (≤0.03), max 1.1e-02 at output 0
