I1002 17:38:08.959613 3523513 service.cc:154] XLA service 0x5d5f722adc70 initialized for platform CUDA (this does not guarantee that XLA will be used). Devices:
I1002 17:38:08.959652 3523513 service.cc:170]   StreamExecutor [0]: NVIDIA GeForce RTX 4060 Ti, Compute Capability 8.9 (Driver: 12.9.0[575.57.8]; Runtime: 12.9.0; Toolkit: 12.9.0; DNN: 9.23.2)
I1002 17:38:08.959657 3523513 service.cc:170]   StreamExecutor [1]: NVIDIA GeForce RTX 4060 Ti, Compute Capability 8.9 (Driver: 12.9.0[575.57.8]; Runtime: 12.9.0; Toolkit: 12.9.0; DNN: 9.23.2)
I1002 17:38:08.959660 3523513 service.cc:170]   StreamExecutor [2]: NVIDIA GeForce RTX 4060 Ti, Compute Capability 8.9 (Driver: 12.9.0[575.57.8]; Runtime: 12.9.0; Toolkit: 12.9.0; DNN: 9.23.2)
I1002 17:38:08.961863 3523513 se_gpu_pjrt_client.cc:1342] Using BFC allocator.
I1002 17:38:08.961894 3523513 gpu_helpers.cc:162] XLA backend allocating 11.68GiB (12543066112 bytes) on device 0 for BFCAllocator.
I1002 17:38:08.961937 3523513 gpu_helpers.cc:162] XLA backend allocating 11.68GiB (12543066112 bytes) on device 1 for BFCAllocator.
I1002 17:38:08.961950 3523513 gpu_helpers.cc:162] XLA backend allocating 11.68GiB (12543066112 bytes) on device 2 for BFCAllocator.
I1002 17:38:08.971099 3523513 cuda_dnn.cc:440] Loaded cuDNN version 92302
[pjrt_ffi] XLA backend: PJRT 0.114, 3 device(s)
[pjrt_ffi] command buffers: enabled (CUDA default)
[pjrt_ffi] residency: on — parameters stay on the device between steps (default)
I1002 17:38:12.372670 3523568 subprocess_compilation.cc:349] ptxas warning : Registers are spilled to local memory in function 'gemm_fusion_dot_72', 64 bytes spill stores, 64 bytes spill loads

I1002 17:38:12.567685 3523573 subprocess_compilation.cc:349] ptxas warning : Registers are spilled to local memory in function 'gemm_fusion_dot_72', 104 bytes spill stores, 56 bytes spill loads

I1002 17:38:12.962494 3523577 subprocess_compilation.cc:349] ptxas warning : Registers are spilled to local memory in function 'gemm_fusion_dot_964', 88 bytes spill stores, 56 bytes spill loads

I1002 17:38:13.262322 3523546 subprocess_compilation.cc:349] ptxas warning : Registers are spilled to local memory in function 'gemm_fusion_dot_438', 8 bytes spill stores, 8 bytes spill loads

I1002 17:38:13.314402 3523561 subprocess_compilation.cc:349] ptxas warning : Registers are spilled to local memory in function 'gemm_fusion_dot_580', 12 bytes spill stores, 12 bytes spill loads

I1002 17:38:13.389681 3523569 subprocess_compilation.cc:349] ptxas warning : Registers are spilled to local memory in function 'gemm_fusion_dot_5', 9884 bytes spill stores, 9800 bytes spill loads

I1002 17:38:13.492535 3523576 subprocess_compilation.cc:349] ptxas warning : Registers are spilled to local memory in function 'gemm_fusion_dot_73', 9124 bytes spill stores, 9032 bytes spill loads

I1002 17:38:13.574655 3523556 subprocess_compilation.cc:349] ptxas warning : Registers are spilled to local memory in function 'gemm_fusion_dot_963', 12 bytes spill stores, 4 bytes spill loads

I1002 17:38:13.805368 3523553 subprocess_compilation.cc:349] ptxas warning : Registers are spilled to local memory in function 'gemm_fusion_dot_3', 4 bytes spill stores, 4 bytes spill loads

I1002 17:38:14.185045 3523556 subprocess_compilation.cc:349] ptxas warning : Registers are spilled to local memory in function 'gemm_fusion_dot_3', 72 bytes spill stores, 40 bytes spill loads

I1002 17:38:14.197564 3523558 subprocess_compilation.cc:349] ptxas warning : Registers are spilled to local memory in function 'gemm_fusion_dot_4', 92 bytes spill stores, 92 bytes spill loads

I1002 17:38:14.282524 3523575 subprocess_compilation.cc:349] ptxas warning : Registers are spilled to local memory in function 'gemm_fusion_dot_73', 64 bytes spill stores, 64 bytes spill loads

I1002 17:38:14.350867 3523564 subprocess_compilation.cc:349] ptxas warning : Registers are spilled to local memory in function 'gemm_fusion_dot_951', 12 bytes spill stores, 4 bytes spill loads

I1002 17:38:14.861207 3523553 subprocess_compilation.cc:349] ptxas warning : Registers are spilled to local memory in function 'gemm_fusion_dot_74', 64 bytes spill stores, 64 bytes spill loads

I1002 17:38:14.882113 3523550 subprocess_compilation.cc:349] ptxas warning : Registers are spilled to local memory in function 'gemm_fusion_dot_965', 200 bytes spill stores, 136 bytes spill loads

I1002 17:38:15.232748 3523575 subprocess_compilation.cc:349] ptxas warning : Registers are spilled to local memory in function 'gemm_fusion_dot_966', 112 bytes spill stores, 80 bytes spill loads

I1002 17:38:15.258078 3523569 subprocess_compilation.cc:349] ptxas warning : Registers are spilled to local memory in function 'gemm_fusion_dot_5', 4 bytes spill stores, 4 bytes spill loads

I1002 17:38:15.278211 3523560 subprocess_compilation.cc:349] ptxas warning : Registers are spilled to local memory in function 'gemm_fusion_dot_4', 804 bytes spill stores, 548 bytes spill loads

I1002 17:38:15.343161 3523567 subprocess_compilation.cc:349] ptxas warning : Registers are spilled to local memory in function 'gemm_fusion_dot_589', 12 bytes spill stores, 12 bytes spill loads

I1002 17:38:15.368303 3523546 subprocess_compilation.cc:349] ptxas warning : Registers are spilled to local memory in function 'gemm_fusion_dot_216', 12 bytes spill stores, 12 bytes spill loads

I1002 17:38:15.405882 3523551 subprocess_compilation.cc:349] ptxas warning : Registers are spilled to local memory in function 'gemm_fusion_dot_5', 100 bytes spill stores, 64 bytes spill loads

I1002 17:38:15.408518 3523576 subprocess_compilation.cc:349] ptxas warning : Registers are spilled to local memory in function 'gemm_fusion_dot_3', 100 bytes spill stores, 64 bytes spill loads

I1002 17:38:15.520023 3523564 subprocess_compilation.cc:349] ptxas warning : Registers are spilled to local memory in function 'gemm_fusion_dot_74', 100 bytes spill stores, 72 bytes spill loads

[pjrt_ffi] compiled /home/skoonce/lean/klawd_max_power/lean4-jax-mlir/verified_mlir/vit_adam_train_step.mlir (@vit_adam_train_step, 603 outputs, 1 replica) in 8281 ms
compile 8820 ms, first call 179 ms
OK attention/f32: median 6.0e-04 (≤0.003), p90 1.1e-03 (≤0.005), max 1.6e-02 at output 209
