⚠ [13/477] Replayed LeanMlir.Verified.Train
warning: LeanMlir/Verified/Train.lean:1421:6: Variable name `emaOn` is not explicitly referenced.

Hint: The binding can be removed (if unused) or named `_` (if used implicitly). Alternatively, prefix the name with `_` to silence this warning:
  [apply] _emaOn

Note: This linter can be disabled with `set_option linter.unusedVariables false`
distogram r16x64-esm650: PairTile(L=64,1289→64) → Conv(64→64,1x1/1)+BN → Res16(64→64,s1) → Conv(64→66,1x1); 33 BN layers; list train_full, 30 epochs, batch 32, lr 0.001000, 1 crop(s) per chain per epoch, seed 1
I1002 04:51:36.947151 3106022 service.cc:154] XLA service 0x7143240084a0 initialized for platform CUDA (this does not guarantee that XLA will be used). Devices:
I1002 04:51:36.947209 3106022 service.cc:170]   StreamExecutor [0]: NVIDIA GeForce RTX 4060 Ti, Compute Capability 8.9 (Driver: 12.9.0[575.57.8]; Runtime: 12.9.0; Toolkit: 12.9.0; DNN: 9.23.2)
I1002 04:51:36.948937 3106022 se_gpu_pjrt_client.cc:1342] Using BFC allocator.
I1002 04:51:36.948972 3106022 gpu_helpers.cc:162] XLA backend allocating 11.68GiB (12543066112 bytes) on device 0 for BFCAllocator.
I1002 04:51:36.955829 3106022 cuda_dnn.cc:440] Loaded cuDNN version 92302
[pjrt_ffi] XLA backend: PJRT 0.114, 1 device(s)
[pjrt_ffi] command buffers: enabled (CUDA default)
[pjrt_ffi] residency: on — parameters stay on the device between steps (default)
[pjrt_ffi] compiled .lake/build/distogram_r16x64_esm650_train_step.mlir (@main, 376 outputs, 1 replica) in 3312 ms
[pjrt_ffi] compiled .lake/build/distogram_r16x64_esm650_fwd_eval.mlir (@forward_eval, 1 outputs, 1 replica) in 240 ms
  1357250 params (1357250 by NetSpec.totalParams), 4224 BN stat floats
  26310 train chains, 1380 val chains; features 16609 MB, labels 1888 MB (7439 ms)
    step 0: loss 12.257900 (233 ms so far)
    step 1: loss 12.126100 (406 ms so far)
    step 2: loss 12.224300 (566 ms so far)
  epoch 1/30: loss 3.301200  val CE 2.795200  val top-L/5 LR precision 25.510000%  (136 s train, 6289 ms val, 166.600000 ms/step)
  epoch 2/30: loss 2.235600  val CE 2.557700  val top-L/5 LR precision 36.500000%  (136 s train, 6066 ms val, 165.500000 ms/step)
  epoch 3/30: loss 2.101700  val CE 2.426900  val top-L/5 LR precision 41.540000%  (137 s train, 6062 ms val, 166.800000 ms/step)
  epoch 4/30: loss 2.032300  val CE 2.372400  val top-L/5 LR precision 44.210000%  (137 s train, 6089 ms val, 166.700000 ms/step)
  epoch 5/30: loss 1.988200  val CE 2.327200  val top-L/5 LR precision 46.020000%  (137 s train, 6218 ms val, 167.000000 ms/step)
  epoch 6/30: loss 1.958300  val CE 2.298300  val top-L/5 LR precision 46.990000%  (136 s train, 6074 ms val, 166.200000 ms/step)
  epoch 7/30: loss 1.934600  val CE 2.283100  val top-L/5 LR precision 47.980000%  (137 s train, 6133 ms val, 167.100000 ms/step)
  epoch 8/30: loss 1.921400  val CE 2.271000  val top-L/5 LR precision 48.200000%  (137 s train, 6186 ms val, 167.100000 ms/step)
  epoch 9/30: loss 1.895100  val CE 2.249900  val top-L/5 LR precision 48.690000%  (136 s train, 6166 ms val, 165.700000 ms/step)
  epoch 10/30: loss 1.887900  val CE 2.243100  val top-L/5 LR precision 48.870000%  (136 s train, 6204 ms val, 166.500000 ms/step)
  epoch 11/30: loss 1.879500  val CE 2.245900  val top-L/5 LR precision 49.400000%  (137 s train, 6120 ms val, 166.800000 ms/step)
  epoch 12/30: loss 1.864500  val CE 2.239500  val top-L/5 LR precision 49.500000%  (136 s train, 6141 ms val, 166.600000 ms/step)
  epoch 13/30: loss 1.854700  val CE 2.210000  val top-L/5 LR precision 49.730000%  (137 s train, 6086 ms val, 167.300000 ms/step)
  epoch 14/30: loss 1.848200  val CE 2.198300  val top-L/5 LR precision 50.360000%  (138 s train, 6072 ms val, 168.500000 ms/step)
  epoch 15/30: loss 1.840600  val CE 2.202500  val top-L/5 LR precision 50.400000%  (136 s train, 6148 ms val, 166.300000 ms/step)
  epoch 16/30: loss 1.828900  val CE 2.187800  val top-L/5 LR precision 50.580000%  (137 s train, 6199 ms val, 167.500000 ms/step)
  epoch 17/30: loss 1.825800  val CE 2.188600  val top-L/5 LR precision 50.870000%  (136 s train, 6116 ms val, 166.000000 ms/step)
  epoch 18/30: loss 1.818500  val CE 2.176200  val top-L/5 LR precision 50.870000%  (136 s train, 6127 ms val, 166.000000 ms/step)
  epoch 19/30: loss 1.812900  val CE 2.170300  val top-L/5 LR precision 51.030000%  (137 s train, 6257 ms val, 166.900000 ms/step)
  epoch 20/30: loss 1.804400  val CE 2.169900  val top-L/5 LR precision 51.140000%  (136 s train, 6043 ms val, 165.800000 ms/step)
  epoch 21/30: loss 1.799400  val CE 2.166400  val top-L/5 LR precision 51.270000%  (130 s train, 6032 ms val, 158.500000 ms/step)
  epoch 22/30: loss 1.801000  val CE 2.162000  val top-L/5 LR precision 51.290000%  (129 s train, 6007 ms val, 157.400000 ms/step)
  epoch 23/30: loss 1.793300  val CE 2.158900  val top-L/5 LR precision 51.560000%  (129 s train, 6000 ms val, 157.100000 ms/step)
  epoch 24/30: loss 1.790000  val CE 2.156500  val top-L/5 LR precision 51.500000%  (129 s train, 6040 ms val, 157.200000 ms/step)
  epoch 25/30: loss 1.786500  val CE 2.155100  val top-L/5 LR precision 51.450000%  (129 s train, 6016 ms val, 157.500000 ms/step)
  epoch 26/30: loss 1.785300  val CE 2.155300  val top-L/5 LR precision 51.550000%  (128 s train, 5993 ms val, 156.800000 ms/step)
  epoch 27/30: loss 1.788700  val CE 2.152900  val top-L/5 LR precision 51.600000%  (129 s train, 6009 ms val, 157.100000 ms/step)
  epoch 28/30: loss 1.786700  val CE 2.153300  val top-L/5 LR precision 51.660000%  (129 s train, 6029 ms val, 157.200000 ms/step)
  epoch 29/30: loss 1.781800  val CE 2.153200  val top-L/5 LR precision 51.550000%  (129 s train, 6009 ms val, 157.400000 ms/step)
  epoch 30/30: loss 1.781400  val CE 2.152200  val top-L/5 LR precision 51.460000%  (129 s train, 6005 ms val, 157.100000 ms/step)
predict: lake exe distogram-casp predict list=train_full fs=esm650 dim=1289 ch=64 units=16 tag=e30-esm650
trained: 24660 steps in 4216 s -> .lake/build/distogram_r16x64_esm650_train_full_e30-esm650_params.bin
