plant resnet34: 36 BN layers, 38 classes, split grouped, train comp, init imagenet, field none, 10 epochs, batch 64, lr 0.001000, seed 2
I0917 18:53:32.943669 3192052 service.cc:154] XLA service 0x7e5838028880 initialized for platform CUDA (this does not guarantee that XLA will be used). Devices:
I0917 18:53:32.943708 3192052 service.cc:170]   StreamExecutor [0]: NVIDIA GeForce RTX 4060 Ti, Compute Capability 8.9 (Driver: 12.9.0[575.57.8]; Runtime: 12.9.0; Toolkit: 12.9.0; DNN: 9.23.2)
I0917 18:53:32.945168 3192052 se_gpu_pjrt_client.cc:1342] Using BFC allocator.
I0917 18:53:32.945211 3192052 gpu_helpers.cc:162] XLA backend allocating 11.68GiB (12543066112 bytes) on device 0 for BFCAllocator.
I0917 18:53:32.952140 3192052 cuda_dnn.cc:440] Loaded cuDNN version 92302
[pjrt_ffi] XLA backend: PJRT 0.114, 1 device(s)
[pjrt_ffi] command buffers: enabled (CUDA default)
[pjrt_ffi] compiled .lake/build/plant_resnet34_fwd_eval.mlir (@forward_eval, 1 outputs, 1 replica) in 2214 ms
  21304166 params (21304166 by NetSpec.totalParams), 17024 BN stat floats, head 19494
  bootstrap: 21284672 floats from .lake/build/jax_r34_imagenet.bin (BN statistics start fresh)
  val 5484; eval parts #[pvg_test 10709, pvg_test_seg 10709, pvg_test_bg 10709, pvg_test_leaf 10709, pvg_test_none 10709, pd_all 2578] (6467 ms)
  train 76224 images from #[pvg_train, pvg_train_comp] (10884 ms)
[pjrt_ffi] compiled .lake/build/plant_resnet34_train_step.mlir (@main, 403 outputs, 1 replica) in 3729 ms
    step 0: loss 4.456900 (2190 ms so far)
    step 1: loss 4.331300 (2664 ms so far)
    step 2: loss 4.503600 (2996 ms so far)
  epoch 1/10: loss 0.418400  val acc 90.040000%  pd_all acc 15.670000%  (406 s train, 9 s eval) *
  epoch 2/10: loss 0.135000  val acc 95.860000%  pd_all acc 13.890000%  (391 s train, 9 s eval) *
  epoch 3/10: loss 0.086300  val acc 96.660000%  pd_all acc 15.480000%  (377 s train, 9 s eval) *
  epoch 4/10: loss 0.066900  val acc 97.990000%  pd_all acc 16.370000%  (373 s train, 9 s eval) *
  epoch 5/10: loss 0.047900  val acc 97.880000%  pd_all acc 15.590000%  (371 s train, 9 s eval)
  epoch 6/10: loss 0.030500  val acc 98.800000%  pd_all acc 18.660000%  (372 s train, 9 s eval) *
  epoch 7/10: loss 0.016800  val acc 99.090000%  pd_all acc 14.660000%  (372 s train, 9 s eval) *
  epoch 8/10: loss 0.007600  val acc 99.330000%  pd_all acc 16.870000%  (371 s train, 9 s eval) *
  epoch 9/10: loss 0.002900  val acc 99.400000%  pd_all acc 18.350000%  (372 s train, 9 s eval) *
  epoch 10/10: loss 0.002000  val acc 99.380000%  pd_all acc 17.690000%  (372 s train, 9 s eval)
trained: 11910 steps in 3881 s; best val epoch 9 (99.400000%)
score: .venv/bin/python scripts/plant_score.py runs/2026-09-17-plant-grouped-comp-imagenet/plant_resnet34_grouped_comp_imagenet_s2_logits_pd_all.bin --part pd_all --restrict
plant resnet34 [grouped/comp/imagenet] pvg_test: accuracy 99.330000%  -> runs/2026-09-17-plant-grouped-comp-imagenet/plant_resnet34_grouped_comp_imagenet_s2_logits_pvg_test.bin
plant resnet34 [grouped/comp/imagenet] pvg_test_seg: accuracy 96.310000%  -> runs/2026-09-17-plant-grouped-comp-imagenet/plant_resnet34_grouped_comp_imagenet_s2_logits_pvg_test_seg.bin
plant resnet34 [grouped/comp/imagenet] pvg_test_bg: accuracy 14.600000%  -> runs/2026-09-17-plant-grouped-comp-imagenet/plant_resnet34_grouped_comp_imagenet_s2_logits_pvg_test_bg.bin
plant resnet34 [grouped/comp/imagenet] pvg_test_leaf: accuracy 98.710000%  -> runs/2026-09-17-plant-grouped-comp-imagenet/plant_resnet34_grouped_comp_imagenet_s2_logits_pvg_test_leaf.bin
plant resnet34 [grouped/comp/imagenet] pvg_test_none: accuracy 3.340000%  -> runs/2026-09-17-plant-grouped-comp-imagenet/plant_resnet34_grouped_comp_imagenet_s2_logits_pvg_test_none.bin
plant resnet34 [grouped/comp/imagenet] pd_all: accuracy 18.350000%  -> runs/2026-09-17-plant-grouped-comp-imagenet/plant_resnet34_grouped_comp_imagenet_s2_logits_pd_all.bin
