[pjrt_ffi] allocator: 1 create option(s), memory_fraction=0.970
I0827 23:41:23.492585 3010117 service.cc:154] XLA service 0x76bf980517d0 initialized for platform CUDA (this does not guarantee that XLA will be used). Devices:
I0827 23:41:23.492646 3010117 service.cc:170]   StreamExecutor [0]: NVIDIA GeForce RTX 4060 Ti, Compute Capability 8.9 (Driver: 12.9.0[575.57.8]; Runtime: 12.9.0; Toolkit: 12.9.0; DNN: 9.23.2)
I0827 23:41:23.492655 3010117 service.cc:170]   StreamExecutor [1]: NVIDIA GeForce RTX 4060 Ti, Compute Capability 8.9 (Driver: 12.9.0[575.57.8]; Runtime: 12.9.0; Toolkit: 12.9.0; DNN: 9.23.2)
I0827 23:41:23.492661 3010117 service.cc:170]   StreamExecutor [2]: NVIDIA GeForce RTX 4060 Ti, Compute Capability 8.9 (Driver: 12.9.0[575.57.8]; Runtime: 12.9.0; Toolkit: 12.9.0; DNN: 9.23.2)
I0827 23:41:23.492666 3010117 service.cc:170]   StreamExecutor [3]: NVIDIA GeForce RTX 4060 Ti, Compute Capability 8.9 (Driver: 12.9.0[575.57.8]; Runtime: 12.9.0; Toolkit: 12.9.0; DNN: 9.23.2)
I0827 23:41:23.496836 3010117 se_gpu_pjrt_client.cc:1342] Using BFC allocator.
I0827 23:41:23.496879 3010117 gpu_helpers.cc:162] XLA backend allocating 15.11GiB (16221470720 bytes) on device 0 for BFCAllocator.
I0827 23:41:23.496946 3010117 gpu_helpers.cc:162] XLA backend allocating 15.11GiB (16221470720 bytes) on device 1 for BFCAllocator.
I0827 23:41:23.496964 3010117 gpu_helpers.cc:162] XLA backend allocating 15.11GiB (16221470720 bytes) on device 2 for BFCAllocator.
I0827 23:41:23.496984 3010117 gpu_helpers.cc:162] XLA backend allocating 15.11GiB (16221470720 bytes) on device 3 for BFCAllocator.
I0827 23:41:23.512576 3010117 cuda_dnn.cc:440] Loaded cuDNN version 92302
[pjrt_ffi] XLA backend: PJRT 0.114, 4 device(s)
[pjrt_ffi] command buffers: enabled (CUDA default)
I0827 23:41:30.791014 3010163 subprocess_compilation.cc:349] ptxas warning : Registers are spilled to local memory in function 'gemm_fusion_dot_867', 72 bytes spill stores, 40 bytes spill loads

I0827 23:41:30.847146 3010166 subprocess_compilation.cc:349] ptxas warning : Registers are spilled to local memory in function 'gemm_fusion_dot_72', 32 bytes spill stores, 32 bytes spill loads

I0827 23:41:31.205589 3010170 subprocess_compilation.cc:349] ptxas warning : Registers are spilled to local memory in function 'gemm_fusion_dot_1359', 32 bytes spill stores, 32 bytes spill loads

I0827 23:41:31.396331 3010190 subprocess_compilation.cc:349] ptxas warning : Registers are spilled to local memory in function 'gemm_fusion_dot_72', 32 bytes spill stores, 32 bytes spill loads

I0827 23:41:31.444796 3010160 subprocess_compilation.cc:349] ptxas warning : Registers are spilled to local memory in function 'gemm_fusion_dot_654', 16 bytes spill stores, 16 bytes spill loads

I0827 23:41:31.557724 3010168 subprocess_compilation.cc:349] ptxas warning : Registers are spilled to local memory in function 'gemm_fusion_dot_74', 32 bytes spill stores, 32 bytes spill loads

I0827 23:41:31.558337 3010180 subprocess_compilation.cc:349] ptxas warning : Registers are spilled to local memory in function 'gemm_fusion_dot_867', 9652 bytes spill stores, 9476 bytes spill loads

I0827 23:41:31.640072 3010167 subprocess_compilation.cc:349] ptxas warning : Registers are spilled to local memory in function 'gemm_fusion_dot_73', 32 bytes spill stores, 32 bytes spill loads

I0827 23:41:32.620216 3010172 subprocess_compilation.cc:349] ptxas warning : Registers are spilled to local memory in function 'gemm_fusion_dot_74', 32 bytes spill stores, 32 bytes spill loads

I0827 23:41:32.826879 3010169 subprocess_compilation.cc:349] ptxas warning : Registers are spilled to local memory in function 'gemm_fusion_dot_73', 32 bytes spill stores, 32 bytes spill loads

I0827 23:41:32.848899 3010178 subprocess_compilation.cc:349] ptxas warning : Registers are spilled to local memory in function 'gemm_fusion_dot_1359', 712 bytes spill stores, 712 bytes spill loads

I0827 23:41:35.069088 3010165 subprocess_compilation.cc:349] ptxas warning : Registers are spilled to local memory in function 'fusion_2076', 124 bytes spill stores, 124 bytes spill loads

I0827 23:41:35.415101 3010175 subprocess_compilation.cc:349] ptxas warning : Registers are spilled to local memory in function 'fusion_2120', 124 bytes spill stores, 124 bytes spill loads

I0827 23:41:35.450184 3010162 subprocess_compilation.cc:349] ptxas warning : Registers are spilled to local memory in function 'fusion_2122', 88 bytes spill stores, 88 bytes spill loads

I0827 23:41:35.531555 3010163 subprocess_compilation.cc:349] ptxas warning : Registers are spilled to local memory in function 'fusion_2078', 264 bytes spill stores, 264 bytes spill loads

[pjrt_ffi] compiled verified_mlir/vitsin_adamdp128x4wxclipdropbf16_train_step.mlir (@vitsin_adamdp128x4wxclipdropbf16_train_step, 627 outputs, 4 replicas) in 12270 ms
I0827 23:41:37.228526 3010180 subprocess_compilation.cc:349] ptxas warning : Registers are spilled to local memory in function 'gemm_fusion_dot_4', 92 bytes spill stores, 92 bytes spill loads

I0827 23:41:37.329567 3010171 subprocess_compilation.cc:349] ptxas warning : Registers are spilled to local memory in function 'gemm_fusion_dot_156', 12 bytes spill stores, 4 bytes spill loads

I0827 23:41:37.607801 3010160 subprocess_compilation.cc:349] ptxas warning : Registers are spilled to local memory in function 'gemm_fusion_dot_3', 4 bytes spill stores, 4 bytes spill loads

I0827 23:41:37.652917 3010178 subprocess_compilation.cc:349] ptxas warning : Registers are spilled to local memory in function 'gemm_fusion_dot_3', 60 bytes spill stores, 60 bytes spill loads

I0827 23:41:37.866418 3010189 subprocess_compilation.cc:349] ptxas warning : Registers are spilled to local memory in function 'gemm_fusion_dot_156', 240 bytes spill stores, 224 bytes spill loads

I0827 23:41:37.939165 3010165 subprocess_compilation.cc:349] ptxas warning : Registers are spilled to local memory in function 'gemm_fusion_dot_5', 4 bytes spill stores, 4 bytes spill loads

I0827 23:41:38.092736 3010176 subprocess_compilation.cc:349] ptxas warning : Registers are spilled to local memory in function 'gemm_fusion_dot_3', 9080 bytes spill stores, 9196 bytes spill loads

I0827 23:41:38.121699 3010181 subprocess_compilation.cc:349] ptxas warning : Registers are spilled to local memory in function 'gemm_fusion_dot_5', 60 bytes spill stores, 60 bytes spill loads

I0827 23:41:38.290019 3010191 subprocess_compilation.cc:349] ptxas warning : Registers are spilled to local memory in function 'gemm_fusion_dot_220', 8 bytes spill stores, 8 bytes spill loads

I0827 23:41:38.293391 3010175 subprocess_compilation.cc:349] ptxas warning : Registers are spilled to local memory in function 'gemm_fusion_dot_4', 1360 bytes spill stores, 1120 bytes spill loads

I0827 23:41:39.072593 3010163 subprocess_compilation.cc:349] ptxas warning : Registers are spilled to local memory in function 'gemm_fusion_dot_156', 4220 bytes spill stores, 3700 bytes spill loads

I0827 23:41:39.072590 3010173 subprocess_compilation.cc:349] ptxas warning : Registers are spilled to local memory in function 'gemm_fusion_dot_5', 9120 bytes spill stores, 9176 bytes spill loads

[pjrt_ffi] compiled verified_mlir/vitsin_fwd.mlir (@vitsin_fwd, 1 outputs, 1 replica) in 3820 ms
WARNING: All log messages before absl::InitializeLog() is called are written to STDERR
I0000 00:00:1787874100.007268 3010911 cpu_feature_guard.cc:227] This TensorFlow binary is optimized to use available CPU instructions in performance-critical operations.
To enable the following instructions: AVX2 FMA, in other operations, rebuild TensorFlow with the appropriate compiler flags.
I0000 00:00:1787874102.036266 3011051 tf_record_dataset_op.cc:396] The default buffer size is 262144, which is overridden by the user specified `buffer_size` of 8388608
ViT-Small on full 1000-class ImageNet via the VERIFIED renderer → XLA/PJRT → GPU (Tiny widened: D 384 = 6 heads x 64, MLP 1536, same depth 12)
  xla/pjrt verified_mlir/vitsin_adamdp128x4wxclipdropbf16_train_step.mlir
  xla/pjrt verified_mlir/vitsin_fwd.mlir
  imagenet shim: jax/.lake/build/generated_vit_tiny_imagenet_shim.py — validation split, batch 256, 150528 floats/img (seed 0)
  imagenet: draining the val split into RAM (~30 GB, one time)…
  imagenet: val ready — 50000 images, 28710 MB
  ▸ val = all 50,000 (timm's denominator; drop_remainder=False on the val split)
  train 1281167, test 50000; bs 128, ViT-Small (ImageNet-1k) adamdp128x4wxclipdropbf16 (cosine+warmup 5ep, baseLR 0.000500), He init
  ▸ STOCHASTIC DEPTH: 24 drop sites, keeps #[1.000000, 1.000000, 0.991000, 0.991000, 0.982000, 0.982000, 0.973000, 0.973000, 0.964000, 0.964000, 0.955000, 0.955000, 0.945000, 0.945000, 0.936000, 0.936000, 0.927000, 0.927000, 0.918000, 0.918000, 0.909000, 0.909000, 0.900000, 0.900000] — host-drawn per step, 1/keep folded in, NOT on the resident path. Eval is the identity (drop-free forward).
  eval batch 32 (the batch @vitsin_fwd was RENDERED at) != train batch 128 — sound because eval is class-batch-independent
  DATA-PARALLEL: 4 replicas x bs 128 = global batch 512, 2502 steps/epoch
WARNING: All log messages before absl::InitializeLog() is called are written to STDERR
I0000 00:00:1787874148.311716 3011135 cpu_feature_guard.cc:227] This TensorFlow binary is optimized to use available CPU instructions in performance-critical operations.
To enable the following instructions: AVX2 FMA, in other operations, rebuild TensorFlow with the appropriate compiler flags.
E0000 00:00:1787874151.923229 3011135 node_def_util.cc:682] NodeDef mentions attribute use_unbounded_threadpool which is not in the op definition: Op<name=MapDataset; signature=input_dataset:variant, other_arguments: -> handle:variant; attr=f:func; attr=Targuments:list(type),min=0; attr=output_types:list(type),min=1; attr=output_shapes:list(shape),min=1; attr=use_inter_op_parallelism:bool,default=true; attr=preserve_cardinality:bool,default=false; attr=force_synchronous:bool,default=false; attr=metadata:string,default=""> This may be expected if your graph generating binary is newer  than this binary. Unknown attributes will be ignored. NodeDef: {{node ParallelMapDatasetV2/_16}}
I0000 00:00:1787874152.196170 3011350 tf_record_dataset_op.cc:396] The default buffer size is 262144, which is overridden by the user specified `buffer_size` of 8388608
WARNING: All log messages before absl::InitializeLog() is called are written to STDERR
I0000 00:00:1787874153.197865 3011358 cpu_feature_guard.cc:227] This TensorFlow binary is optimized to use available CPU instructions in performance-critical operations.
To enable the following instructions: AVX2 FMA, in other operations, rebuild TensorFlow with the appropriate compiler flags.
E0000 00:00:1787874156.928660 3011358 node_def_util.cc:682] NodeDef mentions attribute use_unbounded_threadpool which is not in the op definition: Op<name=MapDataset; signature=input_dataset:variant, other_arguments: -> handle:variant; attr=f:func; attr=Targuments:list(type),min=0; attr=output_types:list(type),min=1; attr=output_shapes:list(shape),min=1; attr=use_inter_op_parallelism:bool,default=true; attr=preserve_cardinality:bool,default=false; attr=force_synchronous:bool,default=false; attr=metadata:string,default=""> This may be expected if your graph generating binary is newer  than this binary. Unknown attributes will be ignored. NodeDef: {{node ParallelMapDatasetV2/_16}}
I0000 00:00:1787874157.189269 3011504 tf_record_dataset_op.cc:396] The default buffer size is 262144, which is overridden by the user specified `buffer_size` of 8388608
WARNING: All log messages before absl::InitializeLog() is called are written to STDERR
I0000 00:00:1787874158.288655 3011511 cpu_feature_guard.cc:227] This TensorFlow binary is optimized to use available CPU instructions in performance-critical operations.
To enable the following instructions: AVX2 FMA, in other operations, rebuild TensorFlow with the appropriate compiler flags.
E0000 00:00:1787874162.324625 3011511 node_def_util.cc:682] NodeDef mentions attribute use_unbounded_threadpool which is not in the op definition: Op<name=MapDataset; signature=input_dataset:variant, other_arguments: -> handle:variant; attr=f:func; attr=Targuments:list(type),min=0; attr=output_types:list(type),min=1; attr=output_shapes:list(shape),min=1; attr=use_inter_op_parallelism:bool,default=true; attr=preserve_cardinality:bool,default=false; attr=force_synchronous:bool,default=false; attr=metadata:string,default=""> This may be expected if your graph generating binary is newer  than this binary. Unknown attributes will be ignored. NodeDef: {{node ParallelMapDatasetV2/_16}}
I0000 00:00:1787874162.589350 3011650 tf_record_dataset_op.cc:396] The default buffer size is 262144, which is overridden by the user specified `buffer_size` of 8388608
WARNING: All log messages before absl::InitializeLog() is called are written to STDERR
I0000 00:00:1787874163.697606 3011657 cpu_feature_guard.cc:227] This TensorFlow binary is optimized to use available CPU instructions in performance-critical operations.
To enable the following instructions: AVX2 FMA, in other operations, rebuild TensorFlow with the appropriate compiler flags.
E0000 00:00:1787874167.688353 3011657 node_def_util.cc:682] NodeDef mentions attribute use_unbounded_threadpool which is not in the op definition: Op<name=MapDataset; signature=input_dataset:variant, other_arguments: -> handle:variant; attr=f:func; attr=Targuments:list(type),min=0; attr=output_types:list(type),min=1; attr=output_shapes:list(shape),min=1; attr=use_inter_op_parallelism:bool,default=true; attr=preserve_cardinality:bool,default=false; attr=force_synchronous:bool,default=false; attr=metadata:string,default=""> This may be expected if your graph generating binary is newer  than this binary. Unknown attributes will be ignored. NodeDef: {{node ParallelMapDatasetV2/_16}}
I0000 00:00:1787874167.953018 3011795 tf_record_dataset_op.cc:396] The default buffer size is 262144, which is overridden by the user specified `buffer_size` of 8388608
WARNING: All log messages before absl::InitializeLog() is called are written to STDERR
I0000 00:00:1787874169.041101 3011803 cpu_feature_guard.cc:227] This TensorFlow binary is optimized to use available CPU instructions in performance-critical operations.
To enable the following instructions: AVX2 FMA, in other operations, rebuild TensorFlow with the appropriate compiler flags.
E0000 00:00:1787874172.909144 3011803 node_def_util.cc:682] NodeDef mentions attribute use_unbounded_threadpool which is not in the op definition: Op<name=MapDataset; signature=input_dataset:variant, other_arguments: -> handle:variant; attr=f:func; attr=Targuments:list(type),min=0; attr=output_types:list(type),min=1; attr=output_shapes:list(shape),min=1; attr=use_inter_op_parallelism:bool,default=true; attr=preserve_cardinality:bool,default=false; attr=force_synchronous:bool,default=false; attr=metadata:string,default=""> This may be expected if your graph generating binary is newer  than this binary. Unknown attributes will be ignored. NodeDef: {{node ParallelMapDatasetV2/_16}}
I0000 00:00:1787874173.208951 3011940 tf_record_dataset_op.cc:396] The default buffer size is 262144, which is overridden by the user specified `buffer_size` of 8388608
WARNING: All log messages before absl::InitializeLog() is called are written to STDERR
I0000 00:00:1787874174.225167 3011949 cpu_feature_guard.cc:227] This TensorFlow binary is optimized to use available CPU instructions in performance-critical operations.
To enable the following instructions: AVX2 FMA, in other operations, rebuild TensorFlow with the appropriate compiler flags.
E0000 00:00:1787874177.987980 3011949 node_def_util.cc:682] NodeDef mentions attribute use_unbounded_threadpool which is not in the op definition: Op<name=MapDataset; signature=input_dataset:variant, other_arguments: -> handle:variant; attr=f:func; attr=Targuments:list(type),min=0; attr=output_types:list(type),min=1; attr=output_shapes:list(shape),min=1; attr=use_inter_op_parallelism:bool,default=true; attr=preserve_cardinality:bool,default=false; attr=force_synchronous:bool,default=false; attr=metadata:string,default=""> This may be expected if your graph generating binary is newer  than this binary. Unknown attributes will be ignored. NodeDef: {{node ParallelMapDatasetV2/_16}}
I0000 00:00:1787874178.266190 3012088 tf_record_dataset_op.cc:396] The default buffer size is 262144, which is overridden by the user specified `buffer_size` of 8388608
WARNING: All log messages before absl::InitializeLog() is called are written to STDERR
I0000 00:00:1787874179.284671 3012095 cpu_feature_guard.cc:227] This TensorFlow binary is optimized to use available CPU instructions in performance-critical operations.
To enable the following instructions: AVX2 FMA, in other operations, rebuild TensorFlow with the appropriate compiler flags.
E0000 00:00:1787874183.132939 3012095 node_def_util.cc:682] NodeDef mentions attribute use_unbounded_threadpool which is not in the op definition: Op<name=MapDataset; signature=input_dataset:variant, other_arguments: -> handle:variant; attr=f:func; attr=Targuments:list(type),min=0; attr=output_types:list(type),min=1; attr=output_shapes:list(shape),min=1; attr=use_inter_op_parallelism:bool,default=true; attr=preserve_cardinality:bool,default=false; attr=force_synchronous:bool,default=false; attr=metadata:string,default=""> This may be expected if your graph generating binary is newer  than this binary. Unknown attributes will be ignored. NodeDef: {{node ParallelMapDatasetV2/_16}}
I0000 00:00:1787874183.410428 3012236 tf_record_dataset_op.cc:396] The default buffer size is 262144, which is overridden by the user specified `buffer_size` of 8388608
WARNING: All log messages before absl::InitializeLog() is called are written to STDERR
I0000 00:00:1787874184.451730 3012244 cpu_feature_guard.cc:227] This TensorFlow binary is optimized to use available CPU instructions in performance-critical operations.
To enable the following instructions: AVX2 FMA, in other operations, rebuild TensorFlow with the appropriate compiler flags.
E0000 00:00:1787874188.543372 3012244 node_def_util.cc:682] NodeDef mentions attribute use_unbounded_threadpool which is not in the op definition: Op<name=MapDataset; signature=input_dataset:variant, other_arguments: -> handle:variant; attr=f:func; attr=Targuments:list(type),min=0; attr=output_types:list(type),min=1; attr=output_shapes:list(shape),min=1; attr=use_inter_op_parallelism:bool,default=true; attr=preserve_cardinality:bool,default=false; attr=force_synchronous:bool,default=false; attr=metadata:string,default=""> This may be expected if your graph generating binary is newer  than this binary. Unknown attributes will be ignored. NodeDef: {{node ParallelMapDatasetV2/_16}}
I0000 00:00:1787874188.865622 3012409 tf_record_dataset_op.cc:396] The default buffer size is 262144, which is overridden by the user specified `buffer_size` of 8388608
[pjrt_ffi] RESIDENT: @vitsin_adamdp128x4wxclipdropbf16_train_step holds 600 parameter tensors (252.3 MB) on 4 devices; they stop crossing PCIe from here
I0827 23:43:11.179239 3010151 cuda_dnn.cc:440] Loaded cuDNN version 92302
I0827 23:43:11.179272 3010157 cuda_dnn.cc:440] Loaded cuDNN version 92302
I0827 23:43:11.179353 3010154 cuda_dnn.cc:440] Loaded cuDNN version 92302
  ▸ MIXUP/CUTMIX: this net's recipe declares SHIM_MIX=both; ON (wire v2, soft float32 targets — the reference recipe). ⚠ λ is drawn from numpy's Generator, not jax.random — agreement with the reference is DISTRIBUTIONAL, never per-step.
  imagenet shim: jax/.lake/build/generated_vit_tiny_imagenet_shim.py — train split, batch 512, 150528 floats/img (seed 1), wire v4 soft targets [512x1000]
  imagenet shim: jax/.lake/build/generated_vit_tiny_imagenet_shim.py — train split, batch 512, 150528 floats/img (seed 2), wire v4 soft targets [512x1000]
  imagenet shim: jax/.lake/build/generated_vit_tiny_imagenet_shim.py — train split, batch 512, 150528 floats/img (seed 3), wire v4 soft targets [512x1000]
  imagenet shim: jax/.lake/build/generated_vit_tiny_imagenet_shim.py — train split, batch 512, 150528 floats/img (seed 4), wire v4 soft targets [512x1000]
  imagenet shim: jax/.lake/build/generated_vit_tiny_imagenet_shim.py — train split, batch 512, 150528 floats/img (seed 5), wire v4 soft targets [512x1000]
  imagenet shim: jax/.lake/build/generated_vit_tiny_imagenet_shim.py — train split, batch 512, 150528 floats/img (seed 6), wire v4 soft targets [512x1000]
  imagenet shim: jax/.lake/build/generated_vit_tiny_imagenet_shim.py — train split, batch 512, 150528 floats/img (seed 7), wire v4 soft targets [512x1000]
  imagenet shim: jax/.lake/build/generated_vit_tiny_imagenet_shim.py — train split, batch 512, 150528 floats/img (seed 8), wire v4 soft targets [512x1000]
  imagenet shim: 8 sharded producers (round-robin over batches)
  ▸ SHIM PREFETCH: ON (depth 8 over 8 producer handle(s) — each step's read is issued before the previous step's invoke, one in flight PER HANDLE, so every producer drains during compute instead of blocking in write()). Measured 377 → 224 ms/step on R34/ImageNet 4×bs64 for depth 1.
  step 0/2502: loss=7.160362
  step 1/2502: loss=7.157763
  step 2/2502: loss=7.101454
  PROBE: 319 ms/step (median of 32 steps 9..40, ViT-Small (ImageNet-1k))
