[pjrt_ffi] allocator: 1 create option(s), memory_fraction=0.970
I0827 23:39:04.102326 3007337 service.cc:154] XLA service 0x7852ec0517d0 initialized for platform CUDA (this does not guarantee that XLA will be used). Devices:
I0827 23:39:04.102392 3007337 service.cc:170]   StreamExecutor [0]: NVIDIA GeForce RTX 4060 Ti, Compute Capability 8.9 (Driver: 12.9.0[575.57.8]; Runtime: 12.9.0; Toolkit: 12.9.0; DNN: 9.23.2)
I0827 23:39:04.102413 3007337 service.cc:170]   StreamExecutor [1]: NVIDIA GeForce RTX 4060 Ti, Compute Capability 8.9 (Driver: 12.9.0[575.57.8]; Runtime: 12.9.0; Toolkit: 12.9.0; DNN: 9.23.2)
I0827 23:39:04.102419 3007337 service.cc:170]   StreamExecutor [2]: NVIDIA GeForce RTX 4060 Ti, Compute Capability 8.9 (Driver: 12.9.0[575.57.8]; Runtime: 12.9.0; Toolkit: 12.9.0; DNN: 9.23.2)
I0827 23:39:04.102424 3007337 service.cc:170]   StreamExecutor [3]: NVIDIA GeForce RTX 4060 Ti, Compute Capability 8.9 (Driver: 12.9.0[575.57.8]; Runtime: 12.9.0; Toolkit: 12.9.0; DNN: 9.23.2)
I0827 23:39:04.105550 3007337 se_gpu_pjrt_client.cc:1342] Using BFC allocator.
I0827 23:39:04.105579 3007337 gpu_helpers.cc:162] XLA backend allocating 15.11GiB (16221470720 bytes) on device 0 for BFCAllocator.
I0827 23:39:04.105617 3007337 gpu_helpers.cc:162] XLA backend allocating 15.11GiB (16221470720 bytes) on device 1 for BFCAllocator.
I0827 23:39:04.105632 3007337 gpu_helpers.cc:162] XLA backend allocating 15.11GiB (16221470720 bytes) on device 2 for BFCAllocator.
I0827 23:39:04.105644 3007337 gpu_helpers.cc:162] XLA backend allocating 15.11GiB (16221470720 bytes) on device 3 for BFCAllocator.
I0827 23:39:04.115582 3007337 cuda_dnn.cc:440] Loaded cuDNN version 92302
[pjrt_ffi] XLA backend: PJRT 0.114, 4 device(s)
[pjrt_ffi] command buffers: enabled (CUDA default)
I0827 23:39:09.193164 3007384 subprocess_compilation.cc:349] ptxas warning : Registers are spilled to local memory in function 'gemm_fusion_dot_867', 72 bytes spill stores, 40 bytes spill loads

I0827 23:39:09.610161 3007381 subprocess_compilation.cc:349] ptxas warning : Registers are spilled to local memory in function 'gemm_fusion_dot_867', 9652 bytes spill stores, 9476 bytes spill loads

I0827 23:39:09.770861 3007400 subprocess_compilation.cc:349] ptxas warning : Registers are spilled to local memory in function 'gemm_fusion_dot_654', 8 bytes spill stores, 8 bytes spill loads

I0827 23:39:09.913649 3007390 subprocess_compilation.cc:349] ptxas warning : Registers are spilled to local memory in function 'gemm_fusion_dot_1327', 64 bytes spill stores, 48 bytes spill loads

I0827 23:39:10.053888 3007391 subprocess_compilation.cc:349] ptxas warning : Registers are spilled to local memory in function 'gemm_fusion_dot_1323', 32 bytes spill stores, 32 bytes spill loads

I0827 23:39:10.083469 3007405 subprocess_compilation.cc:349] ptxas warning : Registers are spilled to local memory in function 'gemm_fusion_dot_216', 12 bytes spill stores, 12 bytes spill loads

I0827 23:39:10.187791 3007383 subprocess_compilation.cc:349] ptxas warning : Registers are spilled to local memory in function 'gemm_fusion_dot_1324', 36 bytes spill stores, 36 bytes spill loads

I0827 23:39:10.361398 3007393 subprocess_compilation.cc:349] ptxas warning : Registers are spilled to local memory in function 'gemm_fusion_dot_1323', 712 bytes spill stores, 712 bytes spill loads

I0827 23:39:10.381431 3007407 subprocess_compilation.cc:349] ptxas warning : Registers are spilled to local memory in function 'gemm_fusion_dot_148', 8808 bytes spill stores, 8772 bytes spill loads

I0827 23:39:10.457780 3007401 subprocess_compilation.cc:349] ptxas warning : Registers are spilled to local memory in function 'gemm_fusion_dot_3', 44 bytes spill stores, 44 bytes spill loads

I0827 23:39:10.475776 3007397 subprocess_compilation.cc:349] ptxas warning : Registers are spilled to local memory in function 'gemm_fusion_dot_73', 8212 bytes spill stores, 8356 bytes spill loads

I0827 23:39:10.742276 3007410 subprocess_compilation.cc:349] ptxas warning : Registers are spilled to local memory in function 'gemm_fusion_dot_5', 44 bytes spill stores, 44 bytes spill loads

I0827 23:39:10.913702 3007406 subprocess_compilation.cc:349] ptxas warning : Registers are spilled to local memory in function 'gemm_fusion_dot_3', 8836 bytes spill stores, 8872 bytes spill loads

I0827 23:39:10.971565 3007390 subprocess_compilation.cc:349] ptxas warning : Registers are spilled to local memory in function 'gemm_fusion_dot_73', 72 bytes spill stores, 72 bytes spill loads

I0827 23:39:11.269838 3007409 subprocess_compilation.cc:349] ptxas warning : Registers are spilled to local memory in function 'gemm_fusion_dot_148', 40 bytes spill stores, 40 bytes spill loads

I0827 23:39:11.673856 3007386 subprocess_compilation.cc:349] ptxas warning : Registers are spilled to local memory in function 'gemm_fusion_dot_877', 12 bytes spill stores, 12 bytes spill loads

I0827 23:39:11.777593 3007396 subprocess_compilation.cc:349] ptxas warning : Registers are spilled to local memory in function 'gemm_fusion_dot_75', 72 bytes spill stores, 72 bytes spill loads

I0827 23:39:11.877790 3007407 subprocess_compilation.cc:349] ptxas warning : Registers are spilled to local memory in function 'gemm_fusion_dot_75', 8160 bytes spill stores, 8256 bytes spill loads

I0827 23:39:12.099847 3007382 subprocess_compilation.cc:349] ptxas warning : Registers are spilled to local memory in function 'gemm_fusion_dot_5', 8648 bytes spill stores, 8716 bytes spill loads

I0827 23:39:12.190839 3007391 subprocess_compilation.cc:349] ptxas warning : Registers are spilled to local memory in function 'gemm_fusion_dot_149', 80 bytes spill stores, 80 bytes spill loads

[pjrt_ffi] compiled verified_mlir/vitsin_adamdp128x4wxclipdrop_train_step.mlir (@vitsin_adamdp128x4wxclipdrop_train_step, 627 outputs, 4 replicas) in 10322 ms
I0827 23:39:15.954218 3007380 subprocess_compilation.cc:349] ptxas warning : Registers are spilled to local memory in function 'gemm_fusion_dot_156', 12 bytes spill stores, 4 bytes spill loads

I0827 23:39:16.226407 3007390 subprocess_compilation.cc:349] ptxas warning : Registers are spilled to local memory in function 'gemm_fusion_dot_5', 9120 bytes spill stores, 9176 bytes spill loads

I0827 23:39:16.365787 3007389 subprocess_compilation.cc:349] ptxas warning : Registers are spilled to local memory in function 'gemm_fusion_dot_4', 92 bytes spill stores, 92 bytes spill loads

I0827 23:39:16.467866 3007384 subprocess_compilation.cc:349] ptxas warning : Registers are spilled to local memory in function 'gemm_fusion_dot_156', 240 bytes spill stores, 224 bytes spill loads

I0827 23:39:16.539857 3007390 subprocess_compilation.cc:349] ptxas warning : Registers are spilled to local memory in function 'gemm_fusion_dot_5', 60 bytes spill stores, 60 bytes spill loads

I0827 23:39:16.552204 3007386 subprocess_compilation.cc:349] ptxas warning : Registers are spilled to local memory in function 'gemm_fusion_dot_220', 8 bytes spill stores, 8 bytes spill loads

I0827 23:39:16.564824 3007410 subprocess_compilation.cc:349] ptxas warning : Registers are spilled to local memory in function 'gemm_fusion_dot_3', 4 bytes spill stores, 4 bytes spill loads

I0827 23:39:16.638243 3007405 subprocess_compilation.cc:349] ptxas warning : Registers are spilled to local memory in function 'gemm_fusion_dot_4', 1360 bytes spill stores, 1120 bytes spill loads

I0827 23:39:16.699265 3007390 subprocess_compilation.cc:349] ptxas warning : Registers are spilled to local memory in function 'gemm_fusion_dot_5', 4 bytes spill stores, 4 bytes spill loads

I0827 23:39:16.763312 3007394 subprocess_compilation.cc:349] ptxas warning : Registers are spilled to local memory in function 'gemm_fusion_dot_3', 60 bytes spill stores, 60 bytes spill loads

I0827 23:39:16.940222 3007398 subprocess_compilation.cc:349] ptxas warning : Registers are spilled to local memory in function 'gemm_fusion_dot_3', 9080 bytes spill stores, 9196 bytes spill loads

I0827 23:39:17.729394 3007387 subprocess_compilation.cc:349] ptxas warning : Registers are spilled to local memory in function 'gemm_fusion_dot_156', 4220 bytes spill stores, 3700 bytes spill loads

[pjrt_ffi] compiled verified_mlir/vitsin_fwd.mlir (@vitsin_fwd, 1 outputs, 1 replica) in 3767 ms
WARNING: All log messages before absl::InitializeLog() is called are written to STDERR
I0000 00:00:1787873958.584031 3008145 cpu_feature_guard.cc:227] This TensorFlow binary is optimized to use available CPU instructions in performance-critical operations.
To enable the following instructions: AVX2 FMA, in other operations, rebuild TensorFlow with the appropriate compiler flags.
I0000 00:00:1787873960.596239 3008285 tf_record_dataset_op.cc:396] The default buffer size is 262144, which is overridden by the user specified `buffer_size` of 8388608
ViT-Small on full 1000-class ImageNet via the VERIFIED renderer → XLA/PJRT → GPU (Tiny widened: D 384 = 6 heads x 64, MLP 1536, same depth 12)
  xla/pjrt verified_mlir/vitsin_adamdp128x4wxclipdrop_train_step.mlir
  xla/pjrt verified_mlir/vitsin_fwd.mlir
  imagenet shim: jax/.lake/build/generated_vit_tiny_imagenet_shim.py — validation split, batch 256, 150528 floats/img (seed 0)
  imagenet: draining the val split into RAM (~30 GB, one time)…
  imagenet: val ready — 50000 images, 28710 MB
  ▸ val = all 50,000 (timm's denominator; drop_remainder=False on the val split)
  train 1281167, test 50000; bs 128, ViT-Small (ImageNet-1k) adamdp128x4wxclipdrop (cosine+warmup 5ep, baseLR 0.000500), He init
  ▸ STOCHASTIC DEPTH: 24 drop sites, keeps #[1.000000, 1.000000, 0.991000, 0.991000, 0.982000, 0.982000, 0.973000, 0.973000, 0.964000, 0.964000, 0.955000, 0.955000, 0.945000, 0.945000, 0.936000, 0.936000, 0.927000, 0.927000, 0.918000, 0.918000, 0.909000, 0.909000, 0.900000, 0.900000] — host-drawn per step, 1/keep folded in, NOT on the resident path. Eval is the identity (drop-free forward).
  eval batch 32 (the batch @vitsin_fwd was RENDERED at) != train batch 128 — sound because eval is class-batch-independent
  DATA-PARALLEL: 4 replicas x bs 128 = global batch 512, 2502 steps/epoch
WARNING: All log messages before absl::InitializeLog() is called are written to STDERR
I0000 00:00:1787874006.945069 3008410 cpu_feature_guard.cc:227] This TensorFlow binary is optimized to use available CPU instructions in performance-critical operations.
To enable the following instructions: AVX2 FMA, in other operations, rebuild TensorFlow with the appropriate compiler flags.
E0000 00:00:1787874010.775691 3008410 node_def_util.cc:682] NodeDef mentions attribute use_unbounded_threadpool which is not in the op definition: Op<name=MapDataset; signature=input_dataset:variant, other_arguments: -> handle:variant; attr=f:func; attr=Targuments:list(type),min=0; attr=output_types:list(type),min=1; attr=output_shapes:list(shape),min=1; attr=use_inter_op_parallelism:bool,default=true; attr=preserve_cardinality:bool,default=false; attr=force_synchronous:bool,default=false; attr=metadata:string,default=""> This may be expected if your graph generating binary is newer  than this binary. Unknown attributes will be ignored. NodeDef: {{node ParallelMapDatasetV2/_16}}
I0000 00:00:1787874011.039089 3008548 tf_record_dataset_op.cc:396] The default buffer size is 262144, which is overridden by the user specified `buffer_size` of 8388608
WARNING: All log messages before absl::InitializeLog() is called are written to STDERR
I0000 00:00:1787874011.973650 3008556 cpu_feature_guard.cc:227] This TensorFlow binary is optimized to use available CPU instructions in performance-critical operations.
To enable the following instructions: AVX2 FMA, in other operations, rebuild TensorFlow with the appropriate compiler flags.
E0000 00:00:1787874015.616685 3008556 node_def_util.cc:682] NodeDef mentions attribute use_unbounded_threadpool which is not in the op definition: Op<name=MapDataset; signature=input_dataset:variant, other_arguments: -> handle:variant; attr=f:func; attr=Targuments:list(type),min=0; attr=output_types:list(type),min=1; attr=output_shapes:list(shape),min=1; attr=use_inter_op_parallelism:bool,default=true; attr=preserve_cardinality:bool,default=false; attr=force_synchronous:bool,default=false; attr=metadata:string,default=""> This may be expected if your graph generating binary is newer  than this binary. Unknown attributes will be ignored. NodeDef: {{node ParallelMapDatasetV2/_16}}
I0000 00:00:1787874015.885950 3008694 tf_record_dataset_op.cc:396] The default buffer size is 262144, which is overridden by the user specified `buffer_size` of 8388608
WARNING: All log messages before absl::InitializeLog() is called are written to STDERR
I0000 00:00:1787874016.828925 3008702 cpu_feature_guard.cc:227] This TensorFlow binary is optimized to use available CPU instructions in performance-critical operations.
To enable the following instructions: AVX2 FMA, in other operations, rebuild TensorFlow with the appropriate compiler flags.
E0000 00:00:1787874020.585136 3008702 node_def_util.cc:682] NodeDef mentions attribute use_unbounded_threadpool which is not in the op definition: Op<name=MapDataset; signature=input_dataset:variant, other_arguments: -> handle:variant; attr=f:func; attr=Targuments:list(type),min=0; attr=output_types:list(type),min=1; attr=output_shapes:list(shape),min=1; attr=use_inter_op_parallelism:bool,default=true; attr=preserve_cardinality:bool,default=false; attr=force_synchronous:bool,default=false; attr=metadata:string,default=""> This may be expected if your graph generating binary is newer  than this binary. Unknown attributes will be ignored. NodeDef: {{node ParallelMapDatasetV2/_16}}
I0000 00:00:1787874020.853791 3008842 tf_record_dataset_op.cc:396] The default buffer size is 262144, which is overridden by the user specified `buffer_size` of 8388608
WARNING: All log messages before absl::InitializeLog() is called are written to STDERR
I0000 00:00:1787874021.792399 3008849 cpu_feature_guard.cc:227] This TensorFlow binary is optimized to use available CPU instructions in performance-critical operations.
To enable the following instructions: AVX2 FMA, in other operations, rebuild TensorFlow with the appropriate compiler flags.
E0000 00:00:1787874025.591407 3008849 node_def_util.cc:682] NodeDef mentions attribute use_unbounded_threadpool which is not in the op definition: Op<name=MapDataset; signature=input_dataset:variant, other_arguments: -> handle:variant; attr=f:func; attr=Targuments:list(type),min=0; attr=output_types:list(type),min=1; attr=output_shapes:list(shape),min=1; attr=use_inter_op_parallelism:bool,default=true; attr=preserve_cardinality:bool,default=false; attr=force_synchronous:bool,default=false; attr=metadata:string,default=""> This may be expected if your graph generating binary is newer  than this binary. Unknown attributes will be ignored. NodeDef: {{node ParallelMapDatasetV2/_16}}
I0000 00:00:1787874025.859250 3008987 tf_record_dataset_op.cc:396] The default buffer size is 262144, which is overridden by the user specified `buffer_size` of 8388608
WARNING: All log messages before absl::InitializeLog() is called are written to STDERR
I0000 00:00:1787874026.832824 3008995 cpu_feature_guard.cc:227] This TensorFlow binary is optimized to use available CPU instructions in performance-critical operations.
To enable the following instructions: AVX2 FMA, in other operations, rebuild TensorFlow with the appropriate compiler flags.
E0000 00:00:1787874030.615177 3008995 node_def_util.cc:682] NodeDef mentions attribute use_unbounded_threadpool which is not in the op definition: Op<name=MapDataset; signature=input_dataset:variant, other_arguments: -> handle:variant; attr=f:func; attr=Targuments:list(type),min=0; attr=output_types:list(type),min=1; attr=output_shapes:list(shape),min=1; attr=use_inter_op_parallelism:bool,default=true; attr=preserve_cardinality:bool,default=false; attr=force_synchronous:bool,default=false; attr=metadata:string,default=""> This may be expected if your graph generating binary is newer  than this binary. Unknown attributes will be ignored. NodeDef: {{node ParallelMapDatasetV2/_16}}
I0000 00:00:1787874030.879587 3009134 tf_record_dataset_op.cc:396] The default buffer size is 262144, which is overridden by the user specified `buffer_size` of 8388608
WARNING: All log messages before absl::InitializeLog() is called are written to STDERR
I0000 00:00:1787874031.803757 3009145 cpu_feature_guard.cc:227] This TensorFlow binary is optimized to use available CPU instructions in performance-critical operations.
To enable the following instructions: AVX2 FMA, in other operations, rebuild TensorFlow with the appropriate compiler flags.
E0000 00:00:1787874035.772314 3009145 node_def_util.cc:682] NodeDef mentions attribute use_unbounded_threadpool which is not in the op definition: Op<name=MapDataset; signature=input_dataset:variant, other_arguments: -> handle:variant; attr=f:func; attr=Targuments:list(type),min=0; attr=output_types:list(type),min=1; attr=output_shapes:list(shape),min=1; attr=use_inter_op_parallelism:bool,default=true; attr=preserve_cardinality:bool,default=false; attr=force_synchronous:bool,default=false; attr=metadata:string,default=""> This may be expected if your graph generating binary is newer  than this binary. Unknown attributes will be ignored. NodeDef: {{node ParallelMapDatasetV2/_16}}
I0000 00:00:1787874036.086678 3009329 tf_record_dataset_op.cc:396] The default buffer size is 262144, which is overridden by the user specified `buffer_size` of 8388608
WARNING: All log messages before absl::InitializeLog() is called are written to STDERR
I0000 00:00:1787874037.047464 3009336 cpu_feature_guard.cc:227] This TensorFlow binary is optimized to use available CPU instructions in performance-critical operations.
To enable the following instructions: AVX2 FMA, in other operations, rebuild TensorFlow with the appropriate compiler flags.
E0000 00:00:1787874041.162789 3009336 node_def_util.cc:682] NodeDef mentions attribute use_unbounded_threadpool which is not in the op definition: Op<name=MapDataset; signature=input_dataset:variant, other_arguments: -> handle:variant; attr=f:func; attr=Targuments:list(type),min=0; attr=output_types:list(type),min=1; attr=output_shapes:list(shape),min=1; attr=use_inter_op_parallelism:bool,default=true; attr=preserve_cardinality:bool,default=false; attr=force_synchronous:bool,default=false; attr=metadata:string,default=""> This may be expected if your graph generating binary is newer  than this binary. Unknown attributes will be ignored. NodeDef: {{node ParallelMapDatasetV2/_16}}
I0000 00:00:1787874041.441370 3009475 tf_record_dataset_op.cc:396] The default buffer size is 262144, which is overridden by the user specified `buffer_size` of 8388608
WARNING: All log messages before absl::InitializeLog() is called are written to STDERR
I0000 00:00:1787874042.461450 3009483 cpu_feature_guard.cc:227] This TensorFlow binary is optimized to use available CPU instructions in performance-critical operations.
To enable the following instructions: AVX2 FMA, in other operations, rebuild TensorFlow with the appropriate compiler flags.
E0000 00:00:1787874046.457467 3009483 node_def_util.cc:682] NodeDef mentions attribute use_unbounded_threadpool which is not in the op definition: Op<name=MapDataset; signature=input_dataset:variant, other_arguments: -> handle:variant; attr=f:func; attr=Targuments:list(type),min=0; attr=output_types:list(type),min=1; attr=output_shapes:list(shape),min=1; attr=use_inter_op_parallelism:bool,default=true; attr=preserve_cardinality:bool,default=false; attr=force_synchronous:bool,default=false; attr=metadata:string,default=""> This may be expected if your graph generating binary is newer  than this binary. Unknown attributes will be ignored. NodeDef: {{node ParallelMapDatasetV2/_16}}
I0000 00:00:1787874046.715415 3009622 tf_record_dataset_op.cc:396] The default buffer size is 262144, which is overridden by the user specified `buffer_size` of 8388608
[pjrt_ffi] RESIDENT: @vitsin_adamdp128x4wxclipdrop_train_step holds 600 parameter tensors (252.3 MB) on 4 devices; they stop crossing PCIe from here
I0827 23:40:49.001625 3007371 cuda_dnn.cc:440] Loaded cuDNN version 92302
I0827 23:40:49.001727 3007377 cuda_dnn.cc:440] Loaded cuDNN version 92302
I0827 23:40:49.001790 3007374 cuda_dnn.cc:440] Loaded cuDNN version 92302
  ▸ MIXUP/CUTMIX: this net's recipe declares SHIM_MIX=both; ON (wire v2, soft float32 targets — the reference recipe). ⚠ λ is drawn from numpy's Generator, not jax.random — agreement with the reference is DISTRIBUTIONAL, never per-step.
  imagenet shim: jax/.lake/build/generated_vit_tiny_imagenet_shim.py — train split, batch 512, 150528 floats/img (seed 1), wire v4 soft targets [512x1000]
  imagenet shim: jax/.lake/build/generated_vit_tiny_imagenet_shim.py — train split, batch 512, 150528 floats/img (seed 2), wire v4 soft targets [512x1000]
  imagenet shim: jax/.lake/build/generated_vit_tiny_imagenet_shim.py — train split, batch 512, 150528 floats/img (seed 3), wire v4 soft targets [512x1000]
  imagenet shim: jax/.lake/build/generated_vit_tiny_imagenet_shim.py — train split, batch 512, 150528 floats/img (seed 4), wire v4 soft targets [512x1000]
  imagenet shim: jax/.lake/build/generated_vit_tiny_imagenet_shim.py — train split, batch 512, 150528 floats/img (seed 5), wire v4 soft targets [512x1000]
  imagenet shim: jax/.lake/build/generated_vit_tiny_imagenet_shim.py — train split, batch 512, 150528 floats/img (seed 6), wire v4 soft targets [512x1000]
  imagenet shim: jax/.lake/build/generated_vit_tiny_imagenet_shim.py — train split, batch 512, 150528 floats/img (seed 7), wire v4 soft targets [512x1000]
  imagenet shim: jax/.lake/build/generated_vit_tiny_imagenet_shim.py — train split, batch 512, 150528 floats/img (seed 8), wire v4 soft targets [512x1000]
  imagenet shim: 8 sharded producers (round-robin over batches)
  ▸ SHIM PREFETCH: ON (depth 8 over 8 producer handle(s) — each step's read is issued before the previous step's invoke, one in flight PER HANDLE, so every producer drains during compute instead of blocking in write()). Measured 377 → 224 ms/step on R34/ImageNet 4×bs64 for depth 1.
  step 0/2502: loss=7.160254
  step 1/2502: loss=7.157911
  step 2/2502: loss=7.101807
  PROBE: 528 ms/step (median of 32 steps 9..40, ViT-Small (ImageNet-1k))
