⚠ [13/537] Replayed LeanMlir.Verified.Train
warning: LeanMlir/Verified/Train.lean:1421:6: Variable name `emaOn` is not explicitly referenced.

Hint: The binding can be removed (if unused) or named `_` (if used implicitly). Alternatively, prefix the name with `_` to silence this warning:
  [apply] _emaOn

Note: This linter can be disabled with `set_option linter.unusedVariables false`
[pjrt_ffi] allocator: 1 create option(s), memory_fraction=0.500
I1002 03:22:17.464942 3084605 service.cc:154] XLA service 0x759274008490 initialized for platform CUDA (this does not guarantee that XLA will be used). Devices:
I1002 03:22:17.464984 3084605 service.cc:170]   StreamExecutor [0]: NVIDIA GeForce RTX 4060 Ti, Compute Capability 8.9 (Driver: 12.9.0[575.57.8]; Runtime: 12.9.0; Toolkit: 12.9.0; DNN: 9.23.2)
I1002 03:22:17.466492 3084605 se_gpu_pjrt_client.cc:1342] Using BFC allocator.
I1002 03:22:17.466530 3084605 gpu_helpers.cc:162] XLA backend allocating 7.79GiB (8361345024 bytes) on device 0 for BFCAllocator.
I1002 03:22:17.473521 3084605 cuda_dnn.cc:440] Loaded cuDNN version 92302
[pjrt_ffi] XLA backend: PJRT 0.114, 1 device(s)
[pjrt_ffi] command buffers: enabled (CUDA default)
[pjrt_ffi] residency: on — parameters stay on the device between steps (default)
[pjrt_ffi] compiled .lake/build/distogram_r16x64_orient_fwd_eval.mlir (@forward_eval, 1 outputs, 1 replica) in 1117 ms
  3A1G_1: L 80, 4 windows
  8B2L_13: L 86, 4 windows
  1XL3_2: L 92, 4 windows
  4Z8T_2: L 98, 9 windows
  7AB3_2: L 103, 9 windows
  3GK5_1: L 108, 9 windows
  2CGQ_1: L 113, 9 windows
  5JLV_2: L 117, 9 windows
  1ZH2_1: L 121, 9 windows
  5HB7_1: L 125, 9 windows
  2F9H_1: L 129, 16 windows
  2OHW_1: L 133, 16 windows
  2GSL_1: L 137, 16 windows
  2BYK_1: L 140, 16 windows
  5DKK_1: L 145, 16 windows
  5ML3_1: L 149, 16 windows
  1Z9F_1: L 153, 16 windows
  3NI8_1: L 158, 16 windows
  8HY9_1: L 163, 25 windows
  5Z1N_1: L 168, 25 windows
  2Y3M_1: L 175, 25 windows
  6LAC_1: L 181, 25 windows
  3PIM_1: L 187, 25 windows
  3ON4_1: L 191, 25 windows
assemble + score: .venv-casp/bin/python scripts/demos/casp16_predict.py .lake/build/distogram_r16x64_orient_train_full_e30-orient_valsub
predicted 24 EUs, 353 windows in 3 s -> .lake/build/distogram_r16x64_orient_train_full_e30-orient_valsub/
