rs cifar8w all: 13 planes #[0, 1, 2, 3, 4, 5, 6, 7, 8, 9, 10, 11, 12], 8 BN layers, train on eurosat_train, 80 epochs, batch 64, lr 0.001000, label smoothing 0.000000, seed 1, dihedral augmentation
I0929 15:53:42.182732 1480510 service.cc:154] XLA service 0x7508e402fcf0 initialized for platform CUDA (this does not guarantee that XLA will be used). Devices:
I0929 15:53:42.182836 1480510 service.cc:170]   StreamExecutor [0]: NVIDIA GeForce RTX 4060 Ti, Compute Capability 8.9 (Driver: 12.9.0[575.57.8]; Runtime: 12.9.0; Toolkit: 12.9.0; DNN: 9.23.2)
I0929 15:53:42.188084 1480510 se_gpu_pjrt_client.cc:1342] Using BFC allocator.
I0929 15:53:42.188169 1480510 gpu_helpers.cc:162] XLA backend allocating 11.68GiB (12543066112 bytes) on device 0 for BFCAllocator.
I0929 15:53:42.206441 1480510 cuda_dnn.cc:440] Loaded cuDNN version 92302
[pjrt_ffi] XLA backend: PJRT 0.114, 1 device(s)
[pjrt_ffi] command buffers: enabled (CUDA default)
I0929 15:53:43.922265 1480603 subprocess_compilation.cc:349] ptxas warning : Registers are spilled to local memory in function 'gemm_fusion_dot', 32 bytes spill stores, 32 bytes spill loads

I0929 15:53:43.964245 1480592 subprocess_compilation.cc:349] ptxas warning : Registers are spilled to local memory in function 'gemm_fusion_dot', 812 bytes spill stores, 812 bytes spill loads

I0929 15:53:43.965720 1480609 subprocess_compilation.cc:349] ptxas warning : Registers are spilled to local memory in function 'gemm_fusion_dot_1', 64 bytes spill stores, 64 bytes spill loads

I0929 15:53:44.129647 1480613 subprocess_compilation.cc:349] ptxas warning : Registers are spilled to local memory in function 'gemm_fusion_dot_1', 628 bytes spill stores, 628 bytes spill loads

[pjrt_ffi] compiled .lake/build/rs_cifar8w_all_fwd_eval.mlir (@forward_eval, 1 outputs, 1 replica) in 2166 ms
  571866 params (571866 by NetSpec.totalParams), 384 BN stat floats
  val eurosat_val: 5400 chips × 13 planes (638 ms)
  train eurosat_train: 16200 chips (2409 ms)
I0929 15:53:48.245381 1480587 subprocess_compilation.cc:349] ptxas warning : Registers are spilled to local memory in function 'gemm_fusion_dot_2', 32 bytes spill stores, 32 bytes spill loads

I0929 15:53:48.342147 1480599 subprocess_compilation.cc:349] ptxas warning : Registers are spilled to local memory in function 'gemm_fusion_dot_2', 712 bytes spill stores, 712 bytes spill loads

[pjrt_ffi] compiled .lake/build/rs_cifar8w_all_train_step.mlir (@main, 107 outputs, 1 replica) in 1479 ms
    step 0: loss 3.025600 (44 ms so far)
    step 1: loss 2.925100 (67 ms so far)
    step 2: loss 2.878500 (82 ms so far)
  epoch 1/80: loss 1.118600  val acc 79.870000%  (3944 ms train, 629 ms eval)
  epoch 2/80: loss 0.503800  val acc 88.220000%  (3835 ms train, 592 ms eval)
  epoch 3/80: loss 0.393400  val acc 86.810000%  (3946 ms train, 593 ms eval)
  epoch 4/80: loss 0.309000  val acc 92.500000%  (3785 ms train, 581 ms eval)
  epoch 5/80: loss 0.286800  val acc 93.090000%  (4150 ms train, 587 ms eval)
  epoch 6/80: loss 0.268600  val acc 92.350000%  (3833 ms train, 583 ms eval)
  epoch 7/80: loss 0.225500  val acc 93.740000%  (3869 ms train, 588 ms eval)
  epoch 8/80: loss 0.215700  val acc 94.390000%  (3912 ms train, 581 ms eval)
  epoch 9/80: loss 0.204600  val acc 93.960000%  (3965 ms train, 601 ms eval)
  epoch 10/80: loss 0.200300  val acc 92.870000%  (3846 ms train, 591 ms eval)
  epoch 11/80: loss 0.183000  val acc 95.040000%  (4008 ms train, 647 ms eval)
  epoch 12/80: loss 0.169400  val acc 94.780000%  (3870 ms train, 682 ms eval)
  epoch 13/80: loss 0.158500  val acc 95.310000%  (3812 ms train, 575 ms eval)
  epoch 14/80: loss 0.161900  val acc 95.370000%  (3857 ms train, 638 ms eval)
  epoch 15/80: loss 0.154000  val acc 95.870000%  (6600 ms train, 676 ms eval)
  epoch 16/80: loss 0.149500  val acc 96.130000%  (4323 ms train, 629 ms eval)
  epoch 17/80: loss 0.142300  val acc 96.520000%  (3998 ms train, 599 ms eval)
  epoch 18/80: loss 0.136700  val acc 95.460000%  (3897 ms train, 1058 ms eval)
  epoch 19/80: loss 0.125100  val acc 96.520000%  (4086 ms train, 592 ms eval)
  epoch 20/80: loss 0.130900  val acc 96.700000%  (3896 ms train, 699 ms eval)
  epoch 21/80: loss 0.131800  val acc 96.720000%  (3834 ms train, 596 ms eval)
  epoch 22/80: loss 0.110000  val acc 96.440000%  (4674 ms train, 611 ms eval)
  epoch 23/80: loss 0.109200  val acc 97.000000%  (3856 ms train, 605 ms eval)
  epoch 24/80: loss 0.109600  val acc 96.350000%  (4246 ms train, 594 ms eval)
  epoch 25/80: loss 0.104600  val acc 96.240000%  (3859 ms train, 589 ms eval)
  epoch 26/80: loss 0.104400  val acc 96.240000%  (3980 ms train, 601 ms eval)
  epoch 27/80: loss 0.095300  val acc 97.460000%  (3869 ms train, 584 ms eval)
  epoch 28/80: loss 0.100600  val acc 96.940000%  (4178 ms train, 598 ms eval)
  epoch 29/80: loss 0.095700  val acc 97.330000%  (3911 ms train, 729 ms eval)
  epoch 30/80: loss 0.089600  val acc 96.910000%  (3883 ms train, 595 ms eval)
  epoch 31/80: loss 0.084500  val acc 97.310000%  (4105 ms train, 598 ms eval)
  epoch 32/80: loss 0.086500  val acc 96.780000%  (3854 ms train, 580 ms eval)
  epoch 33/80: loss 0.074300  val acc 97.170000%  (4032 ms train, 777 ms eval)
  epoch 34/80: loss 0.079100  val acc 97.480000%  (4086 ms train, 643 ms eval)
  epoch 35/80: loss 0.074100  val acc 97.560000%  (4003 ms train, 606 ms eval)
  epoch 36/80: loss 0.064100  val acc 96.300000%  (4271 ms train, 901 ms eval)
  epoch 37/80: loss 0.069200  val acc 97.350000%  (4435 ms train, 1056 ms eval)
  epoch 38/80: loss 0.072400  val acc 97.020000%  (5858 ms train, 621 ms eval)
  epoch 39/80: loss 0.065200  val acc 97.170000%  (3952 ms train, 604 ms eval)
  epoch 40/80: loss 0.063500  val acc 97.670000%  (3932 ms train, 620 ms eval)
  epoch 41/80: loss 0.060800  val acc 97.740000%  (3881 ms train, 625 ms eval)
  epoch 42/80: loss 0.052800  val acc 97.800000%  (4096 ms train, 616 ms eval)
  epoch 43/80: loss 0.055900  val acc 97.910000%  (4446 ms train, 657 ms eval)
  epoch 44/80: loss 0.051900  val acc 97.870000%  (3891 ms train, 624 ms eval)
  epoch 45/80: loss 0.053400  val acc 97.910000%  (3954 ms train, 708 ms eval)
  epoch 46/80: loss 0.048300  val acc 97.650000%  (3877 ms train, 615 ms eval)
  epoch 47/80: loss 0.046700  val acc 97.870000%  (4060 ms train, 614 ms eval)
  epoch 48/80: loss 0.045700  val acc 97.870000%  (3862 ms train, 613 ms eval)
  epoch 49/80: loss 0.043100  val acc 97.940000%  (4221 ms train, 616 ms eval)
  epoch 50/80: loss 0.039700  val acc 97.780000%  (3880 ms train, 604 ms eval)
  epoch 51/80: loss 0.041300  val acc 97.740000%  (4012 ms train, 626 ms eval)
  epoch 52/80: loss 0.037000  val acc 97.980000%  (3965 ms train, 690 ms eval)
  epoch 53/80: loss 0.035900  val acc 98.110000%  (3870 ms train, 830 ms eval)
  epoch 54/80: loss 0.036600  val acc 97.590000%  (4334 ms train, 609 ms eval)
  epoch 55/80: loss 0.033200  val acc 97.690000%  (3859 ms train, 672 ms eval)
  epoch 56/80: loss 0.034400  val acc 98.040000%  (3937 ms train, 611 ms eval)
  epoch 57/80: loss 0.030200  val acc 97.810000%  (3963 ms train, 605 ms eval)
  epoch 58/80: loss 0.029700  val acc 98.060000%  (4403 ms train, 1043 ms eval)
  epoch 59/80: loss 0.026200  val acc 98.130000%  (5969 ms train, 643 ms eval)
  epoch 60/80: loss 0.026300  val acc 98.280000%  (3945 ms train, 613 ms eval)
  epoch 61/80: loss 0.023300  val acc 97.930000%  (3971 ms train, 661 ms eval)
  epoch 62/80: loss 0.023400  val acc 98.090000%  (3903 ms train, 621 ms eval)
  epoch 63/80: loss 0.024900  val acc 98.040000%  (3941 ms train, 614 ms eval)
  epoch 64/80: loss 0.024500  val acc 98.220000%  (3830 ms train, 665 ms eval)
  epoch 65/80: loss 0.020500  val acc 98.240000%  (4322 ms train, 602 ms eval)
  epoch 66/80: loss 0.019100  val acc 98.220000%  (3919 ms train, 597 ms eval)
  epoch 67/80: loss 0.020600  val acc 98.280000%  (3888 ms train, 600 ms eval)
  epoch 68/80: loss 0.017700  val acc 98.240000%  (3994 ms train, 757 ms eval)
  epoch 69/80: loss 0.018000  val acc 98.130000%  (4195 ms train, 835 ms eval)
  epoch 70/80: loss 0.017600  val acc 98.190000%  (4196 ms train, 616 ms eval)
  epoch 71/80: loss 0.017200  val acc 98.240000%  (3863 ms train, 614 ms eval)
  epoch 72/80: loss 0.014000  val acc 98.170000%  (3882 ms train, 610 ms eval)
  epoch 73/80: loss 0.015300  val acc 98.200000%  (3805 ms train, 607 ms eval)
  epoch 74/80: loss 0.015400  val acc 98.220000%  (3882 ms train, 602 ms eval)
  epoch 75/80: loss 0.015800  val acc 98.260000%  (3814 ms train, 607 ms eval)
  epoch 76/80: loss 0.015900  val acc 98.260000%  (3910 ms train, 606 ms eval)
  epoch 77/80: loss 0.014300  val acc 98.170000%  (3815 ms train, 621 ms eval)
  epoch 78/80: loss 0.013900  val acc 98.260000%  (3943 ms train, 605 ms eval)
  epoch 79/80: loss 0.013500  val acc 98.130000%  (3848 ms train, 669 ms eval)
  epoch 80/80: loss 0.015900  val acc 98.190000%  (6709 ms train, 677 ms eval)
trained: 20240 steps in 380 s
score: .venv-rs/bin/python scripts/demos/rs_score.py runs/2026-09-29-rs-phase1/rs_cifar8w_all_s1_logits_<part>.bin --part <part>
rs cifar8w all on eurosat_val: 5400 chips, 10-way argmax accuracy 98.190000%  -> runs/2026-09-29-rs-phase1/rs_cifar8w_all_s1_logits_eurosat_val.bin
rs cifar8w all on eurosat_test: 5400 chips, 10-way argmax accuracy 98.200000%  -> runs/2026-09-29-rs-phase1/rs_cifar8w_all_s1_logits_eurosat_test.bin
