rs cifar8w rgb: 3 planes #[3, 2, 1], 8 BN layers, train on eurosat_train, 80 epochs, batch 64, lr 0.001000, label smoothing 0.000000, seed 2, dihedral augmentation
I0929 16:05:17.311656 1498024 service.cc:154] XLA service 0x7e2268033910 initialized for platform CUDA (this does not guarantee that XLA will be used). Devices:
I0929 16:05:17.311699 1498024 service.cc:170]   StreamExecutor [0]: NVIDIA GeForce RTX 4060 Ti, Compute Capability 8.9 (Driver: 12.9.0[575.57.8]; Runtime: 12.9.0; Toolkit: 12.9.0; DNN: 9.23.2)
I0929 16:05:17.313174 1498024 se_gpu_pjrt_client.cc:1342] Using BFC allocator.
I0929 16:05:17.313208 1498024 gpu_helpers.cc:162] XLA backend allocating 11.68GiB (12543066112 bytes) on device 0 for BFCAllocator.
I0929 16:05:17.319869 1498024 cuda_dnn.cc:440] Loaded cuDNN version 92302
[pjrt_ffi] XLA backend: PJRT 0.114, 1 device(s)
[pjrt_ffi] command buffers: enabled (CUDA default)
I0929 16:05:18.078738 1498064 subprocess_compilation.cc:349] ptxas warning : Registers are spilled to local memory in function 'gemm_fusion_dot_1', 64 bytes spill stores, 64 bytes spill loads

I0929 16:05:18.112575 1498071 subprocess_compilation.cc:349] ptxas warning : Registers are spilled to local memory in function 'gemm_fusion_dot', 32 bytes spill stores, 32 bytes spill loads

I0929 16:05:18.225699 1498061 subprocess_compilation.cc:349] ptxas warning : Registers are spilled to local memory in function 'gemm_fusion_dot', 812 bytes spill stores, 812 bytes spill loads

I0929 16:05:18.249358 1498043 subprocess_compilation.cc:349] ptxas warning : Registers are spilled to local memory in function 'gemm_fusion_dot_1', 628 bytes spill stores, 628 bytes spill loads

[pjrt_ffi] compiled .lake/build/rs_cifar8w_rgb_fwd_eval.mlir (@forward_eval, 1 outputs, 1 replica) in 1354 ms
  570426 params (570426 by NetSpec.totalParams), 384 BN stat floats
  val eurosat_val: 5400 chips × 3 planes (542 ms)
  train eurosat_train: 16200 chips (2132 ms)
I0929 16:05:22.244091 1498060 subprocess_compilation.cc:349] ptxas warning : Registers are spilled to local memory in function 'gemm_fusion_dot_2', 32 bytes spill stores, 32 bytes spill loads

I0929 16:05:22.368515 1498062 subprocess_compilation.cc:349] ptxas warning : Registers are spilled to local memory in function 'gemm_fusion_dot_2', 712 bytes spill stores, 712 bytes spill loads

[pjrt_ffi] compiled .lake/build/rs_cifar8w_rgb_train_step.mlir (@main, 107 outputs, 1 replica) in 1491 ms
    step 0: loss 2.664700 (36 ms so far)
    step 1: loss 2.713300 (56 ms so far)
    step 2: loss 2.931100 (67 ms so far)
  epoch 1/80: loss 1.229900  val acc 70.440000%  (2825 ms train, 315 ms eval)
  epoch 2/80: loss 0.701400  val acc 78.110000%  (2808 ms train, 301 ms eval)
  epoch 3/80: loss 0.572800  val acc 82.170000%  (2906 ms train, 305 ms eval)
  epoch 4/80: loss 0.524800  val acc 82.560000%  (2819 ms train, 296 ms eval)
  epoch 5/80: loss 0.455400  val acc 83.930000%  (2871 ms train, 306 ms eval)
  epoch 6/80: loss 0.415800  val acc 86.300000%  (2554 ms train, 288 ms eval)
  epoch 7/80: loss 0.387600  val acc 87.610000%  (2552 ms train, 291 ms eval)
  epoch 8/80: loss 0.348500  val acc 88.330000%  (3236 ms train, 599 ms eval)
  epoch 9/80: loss 0.313900  val acc 88.520000%  (2571 ms train, 285 ms eval)
  epoch 10/80: loss 0.309700  val acc 88.980000%  (2604 ms train, 286 ms eval)
  epoch 11/80: loss 0.285900  val acc 89.690000%  (2577 ms train, 398 ms eval)
  epoch 12/80: loss 0.260100  val acc 90.060000%  (2613 ms train, 283 ms eval)
  epoch 13/80: loss 0.256400  val acc 90.720000%  (2574 ms train, 308 ms eval)
  epoch 14/80: loss 0.240500  val acc 92.390000%  (2689 ms train, 295 ms eval)
  epoch 15/80: loss 0.227700  val acc 92.670000%  (2581 ms train, 288 ms eval)
  epoch 16/80: loss 0.217400  val acc 91.870000%  (2559 ms train, 293 ms eval)
  epoch 17/80: loss 0.207000  val acc 91.300000%  (2906 ms train, 289 ms eval)
  epoch 18/80: loss 0.198800  val acc 92.720000%  (2615 ms train, 294 ms eval)
  epoch 19/80: loss 0.183700  val acc 92.310000%  (2565 ms train, 289 ms eval)
  epoch 20/80: loss 0.187800  val acc 91.570000%  (2610 ms train, 286 ms eval)
  epoch 21/80: loss 0.180500  val acc 90.910000%  (2564 ms train, 291 ms eval)
  epoch 22/80: loss 0.168400  val acc 93.850000%  (2549 ms train, 287 ms eval)
  epoch 23/80: loss 0.164000  val acc 94.460000%  (2620 ms train, 294 ms eval)
  epoch 24/80: loss 0.158200  val acc 93.430000%  (2550 ms train, 291 ms eval)
  epoch 25/80: loss 0.147400  val acc 94.310000%  (2581 ms train, 292 ms eval)
  epoch 26/80: loss 0.150600  val acc 93.610000%  (2696 ms train, 292 ms eval)
  epoch 27/80: loss 0.141200  val acc 94.870000%  (2564 ms train, 285 ms eval)
  epoch 28/80: loss 0.134200  val acc 94.370000%  (2587 ms train, 285 ms eval)
  epoch 29/80: loss 0.135300  val acc 93.690000%  (2679 ms train, 290 ms eval)
  epoch 30/80: loss 0.131800  val acc 94.090000%  (2561 ms train, 289 ms eval)
  epoch 31/80: loss 0.119700  val acc 95.240000%  (2612 ms train, 303 ms eval)
  epoch 32/80: loss 0.120900  val acc 94.650000%  (3615 ms train, 775 ms eval)
  epoch 33/80: loss 0.121400  val acc 95.000000%  (4043 ms train, 296 ms eval)
  epoch 34/80: loss 0.112300  val acc 95.500000%  (2758 ms train, 310 ms eval)
  epoch 35/80: loss 0.113600  val acc 95.410000%  (2856 ms train, 324 ms eval)
  epoch 36/80: loss 0.108200  val acc 95.440000%  (2941 ms train, 304 ms eval)
  epoch 37/80: loss 0.104200  val acc 95.500000%  (2874 ms train, 314 ms eval)
  epoch 38/80: loss 0.100100  val acc 95.610000%  (2901 ms train, 310 ms eval)
  epoch 39/80: loss 0.096900  val acc 95.760000%  (2853 ms train, 304 ms eval)
  epoch 40/80: loss 0.093600  val acc 94.760000%  (2744 ms train, 290 ms eval)
  epoch 41/80: loss 0.094600  val acc 94.980000%  (2612 ms train, 290 ms eval)
  epoch 42/80: loss 0.088700  val acc 95.390000%  (2593 ms train, 291 ms eval)
  epoch 43/80: loss 0.085700  val acc 95.520000%  (3533 ms train, 285 ms eval)
  epoch 44/80: loss 0.082800  val acc 95.800000%  (2561 ms train, 289 ms eval)
  epoch 45/80: loss 0.078700  val acc 95.040000%  (2574 ms train, 295 ms eval)
  epoch 46/80: loss 0.082100  val acc 95.670000%  (2766 ms train, 332 ms eval)
  epoch 47/80: loss 0.071400  val acc 95.800000%  (2598 ms train, 294 ms eval)
  epoch 48/80: loss 0.077800  val acc 96.150000%  (2565 ms train, 292 ms eval)
  epoch 49/80: loss 0.071200  val acc 96.150000%  (2676 ms train, 288 ms eval)
  epoch 50/80: loss 0.071300  val acc 95.810000%  (2585 ms train, 293 ms eval)
  epoch 51/80: loss 0.063700  val acc 96.090000%  (2558 ms train, 295 ms eval)
  epoch 52/80: loss 0.057400  val acc 96.060000%  (3160 ms train, 314 ms eval)
  epoch 53/80: loss 0.057400  val acc 96.200000%  (2646 ms train, 289 ms eval)
  epoch 54/80: loss 0.057400  val acc 95.630000%  (2617 ms train, 288 ms eval)
  epoch 55/80: loss 0.054400  val acc 96.150000%  (2598 ms train, 290 ms eval)
  epoch 56/80: loss 0.058200  val acc 96.110000%  (2559 ms train, 287 ms eval)
  epoch 57/80: loss 0.050700  val acc 96.410000%  (2691 ms train, 288 ms eval)
  epoch 58/80: loss 0.050500  val acc 96.240000%  (2597 ms train, 286 ms eval)
  epoch 59/80: loss 0.045700  val acc 96.330000%  (2558 ms train, 290 ms eval)
  epoch 60/80: loss 0.047400  val acc 96.570000%  (2673 ms train, 307 ms eval)
  epoch 61/80: loss 0.044600  val acc 96.560000%  (2607 ms train, 289 ms eval)
  epoch 62/80: loss 0.041100  val acc 96.670000%  (2563 ms train, 284 ms eval)
  epoch 63/80: loss 0.041800  val acc 96.570000%  (2699 ms train, 286 ms eval)
  epoch 64/80: loss 0.040400  val acc 96.720000%  (2579 ms train, 290 ms eval)
  epoch 65/80: loss 0.039400  val acc 96.590000%  (2621 ms train, 284 ms eval)
  epoch 66/80: loss 0.037100  val acc 96.570000%  (3375 ms train, 486 ms eval)
  epoch 67/80: loss 0.037000  val acc 96.700000%  (4330 ms train, 305 ms eval)
  epoch 68/80: loss 0.033900  val acc 96.570000%  (2742 ms train, 317 ms eval)
  epoch 69/80: loss 0.035600  val acc 96.350000%  (2767 ms train, 301 ms eval)
  epoch 70/80: loss 0.032400  val acc 96.610000%  (2752 ms train, 301 ms eval)
  epoch 71/80: loss 0.031600  val acc 96.570000%  (2826 ms train, 309 ms eval)
  epoch 72/80: loss 0.032500  val acc 96.590000%  (2837 ms train, 300 ms eval)
  epoch 73/80: loss 0.032800  val acc 96.690000%  (2756 ms train, 313 ms eval)
  epoch 74/80: loss 0.033400  val acc 96.700000%  (2661 ms train, 293 ms eval)
  epoch 75/80: loss 0.028600  val acc 96.650000%  (2802 ms train, 321 ms eval)
  epoch 76/80: loss 0.027000  val acc 96.720000%  (2932 ms train, 296 ms eval)
  epoch 77/80: loss 0.028600  val acc 96.690000%  (2782 ms train, 298 ms eval)
  epoch 78/80: loss 0.029200  val acc 96.780000%  (3063 ms train, 312 ms eval)
  epoch 79/80: loss 0.029100  val acc 96.740000%  (2958 ms train, 346 ms eval)
  epoch 80/80: loss 0.027400  val acc 96.670000%  (2930 ms train, 330 ms eval)
trained: 20240 steps in 246 s
score: .venv-rs/bin/python scripts/demos/rs_score.py runs/2026-09-29-rs-phase1/rs_cifar8w_rgb_s2_logits_<part>.bin --part <part>
rs cifar8w rgb on eurosat_val: 5400 chips, 10-way argmax accuracy 96.670000%  -> runs/2026-09-29-rs-phase1/rs_cifar8w_rgb_s2_logits_eurosat_val.bin
rs cifar8w rgb on eurosat_test: 5400 chips, 10-way argmax accuracy 97.060000%  -> runs/2026-09-29-rs-phase1/rs_cifar8w_rgb_s2_logits_eurosat_test.bin
