rs cifar8w rgb: 3 planes #[3, 2, 1], 8 BN layers, train on eurosat_train, 40 epochs, batch 64, lr 0.001000, label smoothing 0.000000, seed 1, dihedral augmentation
I0929 15:22:49.846150 1442379 service.cc:154] XLA service 0x7ecbcc033910 initialized for platform CUDA (this does not guarantee that XLA will be used). Devices:
I0929 15:22:49.846197 1442379 service.cc:170]   StreamExecutor [0]: NVIDIA GeForce RTX 4060 Ti, Compute Capability 8.9 (Driver: 12.9.0[575.57.8]; Runtime: 12.9.0; Toolkit: 12.9.0; DNN: 9.23.2)
I0929 15:22:49.848062 1442379 se_gpu_pjrt_client.cc:1342] Using BFC allocator.
I0929 15:22:49.848118 1442379 gpu_helpers.cc:162] XLA backend allocating 11.68GiB (12543066112 bytes) on device 0 for BFCAllocator.
I0929 15:22:49.855893 1442379 cuda_dnn.cc:440] Loaded cuDNN version 92302
[pjrt_ffi] XLA backend: PJRT 0.114, 1 device(s)
[pjrt_ffi] command buffers: enabled (CUDA default)
I0929 15:22:50.604046 1442427 subprocess_compilation.cc:349] ptxas warning : Registers are spilled to local memory in function 'gemm_fusion_dot_1', 64 bytes spill stores, 64 bytes spill loads

I0929 15:22:50.643528 1442404 subprocess_compilation.cc:349] ptxas warning : Registers are spilled to local memory in function 'gemm_fusion_dot', 32 bytes spill stores, 32 bytes spill loads

I0929 15:22:50.769352 1442435 subprocess_compilation.cc:349] ptxas warning : Registers are spilled to local memory in function 'gemm_fusion_dot', 812 bytes spill stores, 812 bytes spill loads

I0929 15:22:50.828304 1442406 subprocess_compilation.cc:349] ptxas warning : Registers are spilled to local memory in function 'gemm_fusion_dot_1', 628 bytes spill stores, 628 bytes spill loads

[pjrt_ffi] compiled .lake/build/rs_cifar8w_rgb_fwd_eval.mlir (@forward_eval, 1 outputs, 1 replica) in 1371 ms
  570426 params (570426 by NetSpec.totalParams), 384 BN stat floats
  val eurosat_val: 5400 chips × 3 planes (590 ms)
  train eurosat_train: 16200 chips (2242 ms)
I0929 15:22:54.957985 1442435 subprocess_compilation.cc:349] ptxas warning : Registers are spilled to local memory in function 'gemm_fusion_dot_2', 32 bytes spill stores, 32 bytes spill loads

I0929 15:22:55.039309 1442414 subprocess_compilation.cc:349] ptxas warning : Registers are spilled to local memory in function 'gemm_fusion_dot_2', 712 bytes spill stores, 712 bytes spill loads

[pjrt_ffi] compiled .lake/build/rs_cifar8w_rgb_train_step.mlir (@main, 107 outputs, 1 replica) in 1615 ms
    step 0: loss 2.887300 (37 ms so far)
    step 1: loss 2.812500 (58 ms so far)
    step 2: loss 2.828200 (69 ms so far)
  epoch 1/40: loss 1.226200  val acc 73.480000%  (2851 ms train, 323 ms eval)
  epoch 2/40: loss 0.726800  val acc 76.720000%  (2792 ms train, 308 ms eval)
  epoch 3/40: loss 0.600900  val acc 80.810000%  (2812 ms train, 296 ms eval)
  epoch 4/40: loss 0.516900  val acc 82.800000%  (2819 ms train, 313 ms eval)
  epoch 5/40: loss 0.449400  val acc 85.350000%  (2839 ms train, 319 ms eval)
  epoch 6/40: loss 0.412500  val acc 87.480000%  (2874 ms train, 321 ms eval)
  epoch 7/40: loss 0.362300  val acc 86.390000%  (2820 ms train, 307 ms eval)
  epoch 8/40: loss 0.335300  val acc 87.590000%  (2818 ms train, 317 ms eval)
  epoch 9/40: loss 0.315500  val acc 87.390000%  (2869 ms train, 322 ms eval)
  epoch 10/40: loss 0.292000  val acc 89.570000%  (2765 ms train, 318 ms eval)
  epoch 11/40: loss 0.266900  val acc 90.440000%  (2841 ms train, 314 ms eval)
  epoch 12/40: loss 0.246900  val acc 91.740000%  (2826 ms train, 307 ms eval)
  epoch 13/40: loss 0.244600  val acc 90.430000%  (2798 ms train, 307 ms eval)
  epoch 14/40: loss 0.227500  val acc 89.940000%  (2792 ms train, 308 ms eval)
  epoch 15/40: loss 0.220000  val acc 92.980000%  (2743 ms train, 307 ms eval)
  epoch 16/40: loss 0.194600  val acc 93.110000%  (2869 ms train, 290 ms eval)
  epoch 17/40: loss 0.191300  val acc 91.170000%  (2869 ms train, 593 ms eval)
  epoch 18/40: loss 0.182100  val acc 93.280000%  (3251 ms train, 311 ms eval)
  epoch 19/40: loss 0.175000  val acc 93.330000%  (2769 ms train, 302 ms eval)
  epoch 20/40: loss 0.162200  val acc 93.460000%  (2882 ms train, 314 ms eval)
  epoch 21/40: loss 0.152600  val acc 94.410000%  (2759 ms train, 309 ms eval)
  epoch 22/40: loss 0.140800  val acc 93.500000%  (2814 ms train, 305 ms eval)
  epoch 23/40: loss 0.132300  val acc 94.370000%  (2866 ms train, 303 ms eval)
  epoch 24/40: loss 0.127700  val acc 94.310000%  (2707 ms train, 313 ms eval)
  epoch 25/40: loss 0.124100  val acc 95.150000%  (2756 ms train, 317 ms eval)
  epoch 26/40: loss 0.117200  val acc 94.830000%  (2942 ms train, 308 ms eval)
  epoch 27/40: loss 0.114700  val acc 95.300000%  (2751 ms train, 319 ms eval)
  epoch 28/40: loss 0.103800  val acc 95.350000%  (2786 ms train, 301 ms eval)
  epoch 29/40: loss 0.099900  val acc 95.220000%  (2833 ms train, 334 ms eval)
  epoch 30/40: loss 0.096600  val acc 95.190000%  (2738 ms train, 307 ms eval)
  epoch 31/40: loss 0.090800  val acc 95.760000%  (2733 ms train, 307 ms eval)
  epoch 32/40: loss 0.086400  val acc 95.570000%  (2865 ms train, 311 ms eval)
  epoch 33/40: loss 0.078700  val acc 95.800000%  (2775 ms train, 305 ms eval)
  epoch 34/40: loss 0.080800  val acc 95.870000%  (2743 ms train, 367 ms eval)
  epoch 35/40: loss 0.075400  val acc 95.690000%  (2732 ms train, 310 ms eval)
  epoch 36/40: loss 0.077700  val acc 95.800000%  (2744 ms train, 308 ms eval)
  epoch 37/40: loss 0.074600  val acc 95.830000%  (2852 ms train, 307 ms eval)
  epoch 38/40: loss 0.073900  val acc 95.780000%  (2729 ms train, 304 ms eval)
  epoch 39/40: loss 0.069300  val acc 95.850000%  (2716 ms train, 292 ms eval)
  epoch 40/40: loss 0.069100  val acc 95.930000%  (2974 ms train, 323 ms eval)
trained: 10120 steps in 125 s
score: .venv-rs/bin/python scripts/demos/rs_score.py runs/2026-09-29-rs-phase1/e40/rs_cifar8w_rgb_e40_logits_<part>.bin --part <part>
rs cifar8w rgb on eurosat_val: 5400 chips, 10-way argmax accuracy 95.930000%  -> runs/2026-09-29-rs-phase1/e40/rs_cifar8w_rgb_e40_logits_eurosat_val.bin
rs cifar8w rgb on eurosat_test: 5400 chips, 10-way argmax accuracy 96.200000%  -> runs/2026-09-29-rs-phase1/e40/rs_cifar8w_rgb_e40_logits_eurosat_test.bin
