I0912 07:58:21.752079 2240199 service.cc:154] XLA service 0x72e364009da0 initialized for platform CUDA (this does not guarantee that XLA will be used). Devices:
I0912 07:58:21.752234 2240199 service.cc:170]   StreamExecutor [0]: NVIDIA GeForce RTX 4060 Ti, Compute Capability 8.9 (Driver: 12.9.0[575.57.8]; Runtime: 12.9.0; Toolkit: 12.9.0; DNN: 9.23.2)
I0912 07:58:21.754949 2240199 se_gpu_pjrt_client.cc:1342] Using BFC allocator.
I0912 07:58:21.755114 2240199 gpu_helpers.cc:162] XLA backend allocating 11.68GiB (12543066112 bytes) on device 0 for BFCAllocator.
I0912 07:58:21.766423 2240199 cuda_dnn.cc:440] Loaded cuDNN version 92302
[pjrt_ffi] XLA backend: PJRT 0.114, 1 device(s)
[pjrt_ffi] command buffers: enabled (CUDA default)
I0912 07:58:23.820008 2240242 subprocess_compilation.cc:349] ptxas warning : Registers are spilled to local memory in function 'gemm_fusion_dot_3', 8 bytes spill stores, 8 bytes spill loads

I0912 07:58:24.217146 2240233 subprocess_compilation.cc:349] ptxas warning : Registers are spilled to local memory in function 'gemm_fusion_dot_3', 4 bytes spill stores, 4 bytes spill loads

[pjrt_ffi] compiled verified_mlir/resnet34_adam_train_step.mlir (@resnet34_adam_train_step, 405 outputs, 1 replica) in 5681 ms
I0912 07:58:27.717465 2240226 subprocess_compilation.cc:349] ptxas warning : Registers are spilled to local memory in function 'gemm_fusion_dot_1', 8 bytes spill stores, 8 bytes spill loads

I0912 07:58:27.728784 2240243 subprocess_compilation.cc:349] ptxas warning : Registers are spilled to local memory in function 'gemm_fusion_dot_1', 4 bytes spill stores, 4 bytes spill loads

[pjrt_ffi] compiled verified_mlir/resnet34_fwd.mlir (@resnet34_fwd, 1 outputs, 1 replica) in 648 ms
[pjrt_ffi] compiled verified_mlir/resnet34_fwd_eval.mlir (@resnet34_fwd_eval, 1 outputs, 1 replica) in 289 ms
════════ resnet34 ablation — arm `nocos` (fp32) ════════
Real ResNet-34 on Imagenette 224² (7×7-s2 stem→3×3-s2 overlapping max pool→[3,4,6,3] blocks w/ batch-norm, He et al. option-B 1×1 projection shortcuts, no conv biases; 56→28→14→7→GAP→dense) via the VERIFIED renderer → XLA/PJRT → GPU
  xla/pjrt verified_mlir/resnet34_adam_train_step.mlir
  xla/pjrt verified_mlir/resnet34_fwd.mlir
  xla/pjrt verified_mlir/resnet34_fwd_eval.mlir
  train 9469, val 3925; bs 32, ResNet-34 adam (constant lr 0.001000), He init
  running-stats BN: 36 layers, 17024 stat floats → eval via @resnet34_fwd_eval
     decay 0.990000 (TF sense; = PyTorch/timm momentum 0.010000), new-batch weight 0.010000
[pjrt_ffi] RESIDENT: @resnet34_adam_train_step holds 330 parameter tensors (243.6 MB) on 1 device; they stop crossing PCIe from here
  step 0/295: loss=2.721851
  step 1/295: loss=2.689591
  step 2/295: loss=2.827912
  step 100/295: loss=2.135778
  step 200/295: loss=1.790509
[pjrt_ffi] RESIDENT: @resnet34_fwd_eval holds 182 parameter tensors (81.3 MB) on 1 device; they stop crossing PCIe from here
Epoch 1/80: loss=1.981264 lr=0.000333
  epoch 1: val_acc = 867/3925 = 22.089172%  top5 = 2606/3925 = 66.394904%  [95% CI 20.82–23.41]
  step 0/295: loss=1.687491
  step 1/295: loss=1.515664
  step 2/295: loss=1.393831
  step 100/295: loss=1.414230
  step 200/295: loss=1.348549
[pjrt_ffi] RESIDENT: @resnet34_fwd_eval holds 182 parameter tensors (81.3 MB) on 1 device; they stop crossing PCIe from here
Epoch 2/80: loss=1.551377 lr=0.000667
  epoch 2: val_acc = 1470/3925 = 37.452229%  top5 = 2828/3925 = 72.050955%  [95% CI 35.95–38.98]
  step 0/295: loss=1.219483
  step 1/295: loss=1.788499
  step 2/295: loss=1.461048
  step 100/295: loss=1.334333
  step 200/295: loss=1.184966
[pjrt_ffi] RESIDENT: @resnet34_fwd_eval holds 182 parameter tensors (81.3 MB) on 1 device; they stop crossing PCIe from here
Epoch 3/80: loss=1.383018 lr=0.001000
  epoch 3: val_acc = 1917/3925 = 48.840764%  top5 = 3618/3925 = 92.178344%  [95% CI 47.28–50.40]
  step 0/295: loss=1.504211
  step 1/295: loss=0.978755
  step 2/295: loss=1.148220
  step 100/295: loss=1.209069
  step 200/295: loss=1.344714
[pjrt_ffi] RESIDENT: @resnet34_fwd_eval holds 182 parameter tensors (81.3 MB) on 1 device; they stop crossing PCIe from here
Epoch 4/80: loss=1.307280 lr=0.001000
  epoch 4: val_acc = 2333/3925 = 59.439490%  top5 = 3544/3925 = 90.292994%  [95% CI 57.89–60.97]
  step 0/295: loss=1.176777
  step 1/295: loss=1.317362
  step 2/295: loss=1.181409
  step 100/295: loss=1.411451
  step 200/295: loss=1.098735
[pjrt_ffi] RESIDENT: @resnet34_fwd_eval holds 182 parameter tensors (81.3 MB) on 1 device; they stop crossing PCIe from here
Epoch 5/80: loss=1.191727 lr=0.001000
  epoch 5: val_acc = 2339/3925 = 59.592357%  top5 = 3628/3925 = 92.433121%  [95% CI 58.05–61.12]
  step 0/295: loss=1.082819
  step 1/295: loss=1.032015
  step 2/295: loss=1.081192
  step 100/295: loss=1.115588
  step 200/295: loss=1.189974
[pjrt_ffi] RESIDENT: @resnet34_fwd_eval holds 182 parameter tensors (81.3 MB) on 1 device; they stop crossing PCIe from here
Epoch 6/80: loss=1.117010 lr=0.001000
  epoch 6: val_acc = 2456/3925 = 62.573248%  top5 = 3540/3925 = 90.191083%  [95% CI 61.05–64.07]
  step 0/295: loss=1.059071
  step 1/295: loss=1.190470
  step 2/295: loss=0.943821
  step 100/295: loss=1.137668
  step 200/295: loss=1.295863
[pjrt_ffi] RESIDENT: @resnet34_fwd_eval holds 182 parameter tensors (81.3 MB) on 1 device; they stop crossing PCIe from here
Epoch 7/80: loss=1.095533 lr=0.001000
  epoch 7: val_acc = 2564/3925 = 65.324841%  top5 = 3709/3925 = 94.496815%  [95% CI 63.82–66.80]
  step 0/295: loss=1.054717
  step 1/295: loss=1.129685
  step 2/295: loss=1.215962
  step 100/295: loss=1.174801
  step 200/295: loss=1.055121
[pjrt_ffi] RESIDENT: @resnet34_fwd_eval holds 182 parameter tensors (81.3 MB) on 1 device; they stop crossing PCIe from here
Epoch 8/80: loss=1.061854 lr=0.001000
  epoch 8: val_acc = 2632/3925 = 67.057325%  top5 = 3681/3925 = 93.783439%  [95% CI 65.57–68.51]
  step 0/295: loss=1.092250
  step 1/295: loss=0.979965
  step 2/295: loss=1.171358
  step 100/295: loss=0.949612
  step 200/295: loss=1.011252
[pjrt_ffi] RESIDENT: @resnet34_fwd_eval holds 182 parameter tensors (81.3 MB) on 1 device; they stop crossing PCIe from here
Epoch 9/80: loss=1.035303 lr=0.001000
  epoch 9: val_acc = 2601/3925 = 66.267516%  top5 = 3718/3925 = 94.726115%  [95% CI 64.77–67.73]
  step 0/295: loss=1.013356
  step 1/295: loss=0.786975
  step 2/295: loss=0.858238
  step 100/295: loss=1.210446
  step 200/295: loss=0.961503
[pjrt_ffi] RESIDENT: @resnet34_fwd_eval holds 182 parameter tensors (81.3 MB) on 1 device; they stop crossing PCIe from here
Epoch 10/80: loss=1.009614 lr=0.001000
  epoch 10: val_acc = 2766/3925 = 70.471338%  top5 = 3687/3925 = 93.936306%  [95% CI 69.02–71.88]
  step 0/295: loss=1.001976
  step 1/295: loss=0.809440
  step 2/295: loss=0.840824
  step 100/295: loss=1.251010
  step 200/295: loss=0.923248
[pjrt_ffi] RESIDENT: @resnet34_fwd_eval holds 182 parameter tensors (81.3 MB) on 1 device; they stop crossing PCIe from here
Epoch 11/80: loss=0.979983 lr=0.001000
  epoch 11: val_acc = 2213/3925 = 56.382166%  top5 = 3633/3925 = 92.560510%  [95% CI 54.83–57.93]
  step 0/295: loss=1.048894
  step 1/295: loss=0.794281
  step 2/295: loss=0.934874
  step 100/295: loss=0.854424
  step 200/295: loss=0.848916
[pjrt_ffi] RESIDENT: @resnet34_fwd_eval holds 182 parameter tensors (81.3 MB) on 1 device; they stop crossing PCIe from here
Epoch 12/80: loss=0.961235 lr=0.001000
  epoch 12: val_acc = 2989/3925 = 76.152866%  top5 = 3811/3925 = 97.095541%  [95% CI 74.79–77.46]
  step 0/295: loss=1.161497
  step 1/295: loss=1.040218
  step 2/295: loss=0.997331
  step 100/295: loss=0.890942
  step 200/295: loss=0.993698
[pjrt_ffi] RESIDENT: @resnet34_fwd_eval holds 182 parameter tensors (81.3 MB) on 1 device; they stop crossing PCIe from here
Epoch 13/80: loss=0.931061 lr=0.001000
  epoch 13: val_acc = 2880/3925 = 73.375796%  top5 = 3776/3925 = 96.203822%  [95% CI 71.97–74.74]
  step 0/295: loss=0.824366
  step 1/295: loss=0.887768
  step 2/295: loss=1.028016
  step 100/295: loss=0.829570
  step 200/295: loss=0.908627
[pjrt_ffi] RESIDENT: @resnet34_fwd_eval holds 182 parameter tensors (81.3 MB) on 1 device; they stop crossing PCIe from here
Epoch 14/80: loss=0.931936 lr=0.001000
  epoch 14: val_acc = 2920/3925 = 74.394904%  top5 = 3775/3925 = 96.178344%  [95% CI 73.01–75.74]
  step 0/295: loss=1.079481
  step 1/295: loss=0.958635
  step 2/295: loss=0.807369
  step 100/295: loss=0.938201
  step 200/295: loss=0.798331
[pjrt_ffi] RESIDENT: @resnet34_fwd_eval holds 182 parameter tensors (81.3 MB) on 1 device; they stop crossing PCIe from here
Epoch 15/80: loss=0.897666 lr=0.001000
  epoch 15: val_acc = 2232/3925 = 56.866242%  top5 = 3739/3925 = 95.261146%  [95% CI 55.31–58.41]
  step 0/295: loss=0.988667
  step 1/295: loss=1.012691
  step 2/295: loss=0.770931
  step 100/295: loss=0.738805
  step 200/295: loss=0.715556
[pjrt_ffi] RESIDENT: @resnet34_fwd_eval holds 182 parameter tensors (81.3 MB) on 1 device; they stop crossing PCIe from here
Epoch 16/80: loss=0.879017 lr=0.001000
  epoch 16: val_acc = 2196/3925 = 55.949045%  top5 = 3651/3925 = 93.019108%  [95% CI 54.39–57.50]
  step 0/295: loss=0.876494
  step 1/295: loss=1.154181
  step 2/295: loss=0.970271
  step 100/295: loss=0.863899
  step 200/295: loss=0.992789
[pjrt_ffi] RESIDENT: @resnet34_fwd_eval holds 182 parameter tensors (81.3 MB) on 1 device; they stop crossing PCIe from here
Epoch 17/80: loss=0.881683 lr=0.001000
  epoch 17: val_acc = 2880/3925 = 73.375796%  top5 = 3803/3925 = 96.891720%  [95% CI 71.97–74.74]
  step 0/295: loss=0.876753
  step 1/295: loss=0.734455
  step 2/295: loss=0.982780
  step 100/295: loss=0.851740
  step 200/295: loss=0.811810
[pjrt_ffi] RESIDENT: @resnet34_fwd_eval holds 182 parameter tensors (81.3 MB) on 1 device; they stop crossing PCIe from here
Epoch 18/80: loss=0.853419 lr=0.001000
  epoch 18: val_acc = 2973/3925 = 75.745223%  top5 = 3794/3925 = 96.662420%  [95% CI 74.38–77.06]
  step 0/295: loss=0.771359
  step 1/295: loss=0.675059
  step 2/295: loss=0.835072
  step 100/295: loss=0.738674
  step 200/295: loss=0.908062
[pjrt_ffi] RESIDENT: @resnet34_fwd_eval holds 182 parameter tensors (81.3 MB) on 1 device; they stop crossing PCIe from here
Epoch 19/80: loss=0.831764 lr=0.001000
  epoch 19: val_acc = 2997/3925 = 76.356688%  top5 = 3794/3925 = 96.662420%  [95% CI 75.00–77.66]
  step 0/295: loss=0.968410
  step 1/295: loss=0.861736
  step 2/295: loss=0.812242
  step 100/295: loss=0.793706
  step 200/295: loss=0.775611
[pjrt_ffi] RESIDENT: @resnet34_fwd_eval holds 182 parameter tensors (81.3 MB) on 1 device; they stop crossing PCIe from here
Epoch 20/80: loss=0.816934 lr=0.001000
  epoch 20: val_acc = 2802/3925 = 71.388535%  top5 = 3669/3925 = 93.477707%  [95% CI 69.95–72.78]
  step 0/295: loss=0.827964
  step 1/295: loss=0.720853
  step 2/295: loss=0.827079
  step 100/295: loss=0.632535
  step 200/295: loss=0.675880
[pjrt_ffi] RESIDENT: @resnet34_fwd_eval holds 182 parameter tensors (81.3 MB) on 1 device; they stop crossing PCIe from here
Epoch 21/80: loss=0.805289 lr=0.001000
  epoch 21: val_acc = 2923/3925 = 74.471338%  top5 = 3752/3925 = 95.592357%  [95% CI 73.08–75.81]
  step 0/295: loss=0.763625
  step 1/295: loss=0.812051
  step 2/295: loss=0.767215
  step 100/295: loss=0.892333
  step 200/295: loss=0.923615
[pjrt_ffi] RESIDENT: @resnet34_fwd_eval holds 182 parameter tensors (81.3 MB) on 1 device; they stop crossing PCIe from here
Epoch 22/80: loss=0.789165 lr=0.001000
  epoch 22: val_acc = 2207/3925 = 56.229299%  top5 = 3587/3925 = 91.388535%  [95% CI 54.67–57.77]
  step 0/295: loss=0.998161
  step 1/295: loss=0.645446
  step 2/295: loss=0.832662
  step 100/295: loss=0.779109
  step 200/295: loss=0.828122
[pjrt_ffi] RESIDENT: @resnet34_fwd_eval holds 182 parameter tensors (81.3 MB) on 1 device; they stop crossing PCIe from here
Epoch 23/80: loss=0.775319 lr=0.001000
  epoch 23: val_acc = 3199/3925 = 81.503185%  top5 = 3845/3925 = 97.961783%  [95% CI 80.26–82.69]
  step 0/295: loss=0.836813
  step 1/295: loss=0.812017
  step 2/295: loss=0.653465
  step 100/295: loss=0.702646
  step 200/295: loss=0.840073
[pjrt_ffi] RESIDENT: @resnet34_fwd_eval holds 182 parameter tensors (81.3 MB) on 1 device; they stop crossing PCIe from here
Epoch 24/80: loss=0.766634 lr=0.001000
  epoch 24: val_acc = 3065/3925 = 78.089172%  top5 = 3789/3925 = 96.535032%  [95% CI 76.77–79.36]
  step 0/295: loss=0.631803
  step 1/295: loss=0.791832
  step 2/295: loss=0.669438
  step 100/295: loss=0.691705
  step 200/295: loss=0.740734
[pjrt_ffi] RESIDENT: @resnet34_fwd_eval holds 182 parameter tensors (81.3 MB) on 1 device; they stop crossing PCIe from here
Epoch 25/80: loss=0.747618 lr=0.001000
  epoch 25: val_acc = 3142/3925 = 80.050955%  top5 = 3831/3925 = 97.605096%  [95% CI 78.77–81.27]
  step 0/295: loss=0.796279
  step 1/295: loss=0.702370
  step 2/295: loss=0.786438
  step 100/295: loss=0.656257
  step 200/295: loss=0.849791
[pjrt_ffi] RESIDENT: @resnet34_fwd_eval holds 182 parameter tensors (81.3 MB) on 1 device; they stop crossing PCIe from here
Epoch 26/80: loss=0.735252 lr=0.001000
  epoch 26: val_acc = 3182/3925 = 81.070064%  top5 = 3817/3925 = 97.248408%  [95% CI 79.81–82.27]
  step 0/295: loss=0.724485
  step 1/295: loss=0.696964
  step 2/295: loss=0.606920
  step 100/295: loss=0.586036
  step 200/295: loss=0.758844
[pjrt_ffi] RESIDENT: @resnet34_fwd_eval holds 182 parameter tensors (81.3 MB) on 1 device; they stop crossing PCIe from here
Epoch 27/80: loss=0.723884 lr=0.001000
  epoch 27: val_acc = 2891/3925 = 73.656051%  top5 = 3756/3925 = 95.694268%  [95% CI 72.26–75.01]
  step 0/295: loss=0.593395
  step 1/295: loss=0.700163
  step 2/295: loss=0.760736
  step 100/295: loss=0.718751
  step 200/295: loss=0.727418
[pjrt_ffi] RESIDENT: @resnet34_fwd_eval holds 182 parameter tensors (81.3 MB) on 1 device; they stop crossing PCIe from here
Epoch 28/80: loss=0.704425 lr=0.001000
  epoch 28: val_acc = 3067/3925 = 78.140127%  top5 = 3777/3925 = 96.229299%  [95% CI 76.82–79.41]
  step 0/295: loss=0.636551
  step 1/295: loss=0.631925
  step 2/295: loss=0.602012
  step 100/295: loss=0.621417
  step 200/295: loss=0.581842
[pjrt_ffi] RESIDENT: @resnet34_fwd_eval holds 182 parameter tensors (81.3 MB) on 1 device; they stop crossing PCIe from here
Epoch 29/80: loss=0.709693 lr=0.001000
  epoch 29: val_acc = 2962/3925 = 75.464968%  top5 = 3803/3925 = 96.891720%  [95% CI 74.09–76.79]
  step 0/295: loss=0.663575
  step 1/295: loss=0.692936
  step 2/295: loss=0.858450
  step 100/295: loss=0.635698
  step 200/295: loss=0.667295
[pjrt_ffi] RESIDENT: @resnet34_fwd_eval holds 182 parameter tensors (81.3 MB) on 1 device; they stop crossing PCIe from here
Epoch 30/80: loss=0.696207 lr=0.001000
  epoch 30: val_acc = 3105/3925 = 79.108280%  top5 = 3799/3925 = 96.789809%  [95% CI 77.81–80.35]
  step 0/295: loss=0.719979
  step 1/295: loss=0.789661
  step 2/295: loss=0.689338
  step 100/295: loss=0.769400
  step 200/295: loss=0.864285
[pjrt_ffi] RESIDENT: @resnet34_fwd_eval holds 182 parameter tensors (81.3 MB) on 1 device; they stop crossing PCIe from here
Epoch 31/80: loss=0.668797 lr=0.001000
  epoch 31: val_acc = 3118/3925 = 79.439490%  top5 = 3818/3925 = 97.273885%  [95% CI 78.15–80.67]
  step 0/295: loss=0.649846
  step 1/295: loss=0.698125
  step 2/295: loss=0.681322
  step 100/295: loss=0.579746
  step 200/295: loss=0.588683
[pjrt_ffi] RESIDENT: @resnet34_fwd_eval holds 182 parameter tensors (81.3 MB) on 1 device; they stop crossing PCIe from here
Epoch 32/80: loss=0.664553 lr=0.001000
  epoch 32: val_acc = 3285/3925 = 83.694268%  top5 = 3832/3925 = 97.630573%  [95% CI 82.51–84.82]
  step 0/295: loss=0.578416
  step 1/295: loss=0.592063
  step 2/295: loss=0.654221
  step 100/295: loss=0.703417
  step 200/295: loss=0.788456
[pjrt_ffi] RESIDENT: @resnet34_fwd_eval holds 182 parameter tensors (81.3 MB) on 1 device; they stop crossing PCIe from here
Epoch 33/80: loss=0.656890 lr=0.001000
  epoch 33: val_acc = 3200/3925 = 81.528662%  top5 = 3807/3925 = 96.993631%  [95% CI 80.28–82.71]
  step 0/295: loss=0.677182
  step 1/295: loss=0.660889
  step 2/295: loss=0.591284
  step 100/295: loss=0.620384
  step 200/295: loss=0.693787
[pjrt_ffi] RESIDENT: @resnet34_fwd_eval holds 182 parameter tensors (81.3 MB) on 1 device; they stop crossing PCIe from here
Epoch 34/80: loss=0.642034 lr=0.001000
  epoch 34: val_acc = 2804/3925 = 71.439490%  top5 = 3696/3925 = 94.165605%  [95% CI 70.01–72.83]
  step 0/295: loss=0.678255
  step 1/295: loss=0.664765
  step 2/295: loss=0.660983
  step 100/295: loss=0.597140
  step 200/295: loss=0.583281
[pjrt_ffi] RESIDENT: @resnet34_fwd_eval holds 182 parameter tensors (81.3 MB) on 1 device; they stop crossing PCIe from here
Epoch 35/80: loss=0.641934 lr=0.001000
  epoch 35: val_acc = 3192/3925 = 81.324841%  top5 = 3778/3925 = 96.254777%  [95% CI 80.08–82.51]
  step 0/295: loss=0.549664
  step 1/295: loss=0.577828
  step 2/295: loss=0.621124
  step 100/295: loss=0.628228
  step 200/295: loss=0.600421
[pjrt_ffi] RESIDENT: @resnet34_fwd_eval holds 182 parameter tensors (81.3 MB) on 1 device; they stop crossing PCIe from here
Epoch 36/80: loss=0.622649 lr=0.001000
  epoch 36: val_acc = 3260/3925 = 83.057325%  top5 = 3818/3925 = 97.273885%  [95% CI 81.85–84.20]
  step 0/295: loss=0.538731
  step 1/295: loss=0.614265
  step 2/295: loss=0.620064
  step 100/295: loss=0.616923
  step 200/295: loss=0.725991
[pjrt_ffi] RESIDENT: @resnet34_fwd_eval holds 182 parameter tensors (81.3 MB) on 1 device; they stop crossing PCIe from here
Epoch 37/80: loss=0.629992 lr=0.001000
  epoch 37: val_acc = 3260/3925 = 83.057325%  top5 = 3828/3925 = 97.528662%  [95% CI 81.85–84.20]
  step 0/295: loss=0.761655
  step 1/295: loss=0.545682
  step 2/295: loss=0.573126
  step 100/295: loss=0.629881
  step 200/295: loss=0.565585
[pjrt_ffi] RESIDENT: @resnet34_fwd_eval holds 182 parameter tensors (81.3 MB) on 1 device; they stop crossing PCIe from here
Epoch 38/80: loss=0.621735 lr=0.001000
  epoch 38: val_acc = 3085/3925 = 78.598726%  top5 = 3795/3925 = 96.687898%  [95% CI 77.29–79.85]
  step 0/295: loss=0.548225
  step 1/295: loss=0.706174
  step 2/295: loss=0.556297
  step 100/295: loss=0.561005
  step 200/295: loss=0.644480
[pjrt_ffi] RESIDENT: @resnet34_fwd_eval holds 182 parameter tensors (81.3 MB) on 1 device; they stop crossing PCIe from here
Epoch 39/80: loss=0.613234 lr=0.001000
  epoch 39: val_acc = 3200/3925 = 81.528662%  top5 = 3810/3925 = 97.070064%  [95% CI 80.28–82.71]
  step 0/295: loss=0.606834
  step 1/295: loss=0.545500
  step 2/295: loss=0.674074
  step 100/295: loss=0.620838
  step 200/295: loss=0.535483
[pjrt_ffi] RESIDENT: @resnet34_fwd_eval holds 182 parameter tensors (81.3 MB) on 1 device; they stop crossing PCIe from here
Epoch 40/80: loss=0.597029 lr=0.001000
  epoch 40: val_acc = 3322/3925 = 84.636943%  top5 = 3843/3925 = 97.910828%  [95% CI 83.48–85.73]
  step 0/295: loss=0.595699
  step 1/295: loss=0.536928
  step 2/295: loss=0.535960
  step 100/295: loss=0.545638
  step 200/295: loss=0.580633
[pjrt_ffi] RESIDENT: @resnet34_fwd_eval holds 182 parameter tensors (81.3 MB) on 1 device; they stop crossing PCIe from here
Epoch 41/80: loss=0.594636 lr=0.001000
  epoch 41: val_acc = 3203/3925 = 81.605096%  top5 = 3836/3925 = 97.732484%  [95% CI 80.36–82.79]
  step 0/295: loss=0.561523
  step 1/295: loss=0.585605
  step 2/295: loss=0.598319
  step 100/295: loss=0.637961
  step 200/295: loss=0.584044
[pjrt_ffi] RESIDENT: @resnet34_fwd_eval holds 182 parameter tensors (81.3 MB) on 1 device; they stop crossing PCIe from here
Epoch 42/80: loss=0.608249 lr=0.001000
  epoch 42: val_acc = 3345/3925 = 85.222930%  top5 = 3833/3925 = 97.656051%  [95% CI 84.08–86.30]
  step 0/295: loss=0.559929
  step 1/295: loss=0.577566
  step 2/295: loss=0.535261
  step 100/295: loss=0.543037
  step 200/295: loss=0.555596
[pjrt_ffi] RESIDENT: @resnet34_fwd_eval holds 182 parameter tensors (81.3 MB) on 1 device; they stop crossing PCIe from here
Epoch 43/80: loss=0.589327 lr=0.001000
  epoch 43: val_acc = 3360/3925 = 85.605096%  top5 = 3858/3925 = 98.292994%  [95% CI 84.47–86.67]
  step 0/295: loss=0.538423
  step 1/295: loss=0.577998
  step 2/295: loss=0.644060
  step 100/295: loss=0.629166
  step 200/295: loss=0.604902
[pjrt_ffi] RESIDENT: @resnet34_fwd_eval holds 182 parameter tensors (81.3 MB) on 1 device; they stop crossing PCIe from here
Epoch 44/80: loss=0.580378 lr=0.001000
  epoch 44: val_acc = 3334/3925 = 84.942675%  top5 = 3849/3925 = 98.063694%  [95% CI 83.79–86.03]
  step 0/295: loss=0.534767
  step 1/295: loss=0.539728
  step 2/295: loss=0.627898
  step 100/295: loss=0.637134
  step 200/295: loss=0.565309
[pjrt_ffi] RESIDENT: @resnet34_fwd_eval holds 182 parameter tensors (81.3 MB) on 1 device; they stop crossing PCIe from here
Epoch 45/80: loss=0.583027 lr=0.001000
  epoch 45: val_acc = 3185/3925 = 81.146497%  top5 = 3820/3925 = 97.324841%  [95% CI 79.89–82.34]
  step 0/295: loss=0.635718
  step 1/295: loss=0.547482
  step 2/295: loss=0.564170
  step 100/295: loss=0.571182
  step 200/295: loss=0.560522
[pjrt_ffi] RESIDENT: @resnet34_fwd_eval holds 182 parameter tensors (81.3 MB) on 1 device; they stop crossing PCIe from here
Epoch 46/80: loss=0.584481 lr=0.001000
  epoch 46: val_acc = 3328/3925 = 84.789809%  top5 = 3808/3925 = 97.019108%  [95% CI 83.63–85.88]
  step 0/295: loss=0.605586
  step 1/295: loss=0.558639
  step 2/295: loss=0.603869
  step 100/295: loss=0.536188
  step 200/295: loss=0.521479
[pjrt_ffi] RESIDENT: @resnet34_fwd_eval holds 182 parameter tensors (81.3 MB) on 1 device; they stop crossing PCIe from here
Epoch 47/80: loss=0.571424 lr=0.001000
  epoch 47: val_acc = 3296/3925 = 83.974522%  top5 = 3849/3925 = 98.063694%  [95% CI 82.79–85.09]
  step 0/295: loss=0.646656
  step 1/295: loss=0.579211
  step 2/295: loss=0.581367
  step 100/295: loss=0.610144
  step 200/295: loss=0.552468
[pjrt_ffi] RESIDENT: @resnet34_fwd_eval holds 182 parameter tensors (81.3 MB) on 1 device; they stop crossing PCIe from here
Epoch 48/80: loss=0.565018 lr=0.001000
  epoch 48: val_acc = 3340/3925 = 85.095541%  top5 = 3871/3925 = 98.624204%  [95% CI 83.95–86.18]
  step 0/295: loss=0.611292
  step 1/295: loss=0.551286
  step 2/295: loss=0.553371
  step 100/295: loss=0.542520
  step 200/295: loss=0.518486
[pjrt_ffi] RESIDENT: @resnet34_fwd_eval holds 182 parameter tensors (81.3 MB) on 1 device; they stop crossing PCIe from here
Epoch 49/80: loss=0.571916 lr=0.001000
  epoch 49: val_acc = 3407/3925 = 86.802548%  top5 = 3845/3925 = 97.961783%  [95% CI 85.71–87.83]
  step 0/295: loss=0.601100
  step 1/295: loss=0.563487
  step 2/295: loss=0.562498
  step 100/295: loss=0.565177
  step 200/295: loss=0.576726
[pjrt_ffi] RESIDENT: @resnet34_fwd_eval holds 182 parameter tensors (81.3 MB) on 1 device; they stop crossing PCIe from here
Epoch 50/80: loss=0.568976 lr=0.001000
  epoch 50: val_acc = 3362/3925 = 85.656051%  top5 = 3838/3925 = 97.783439%  [95% CI 84.52–86.72]
  step 0/295: loss=0.558061
  step 1/295: loss=0.580874
  step 2/295: loss=0.529222
  step 100/295: loss=0.534229
  step 200/295: loss=0.592407
[pjrt_ffi] RESIDENT: @resnet34_fwd_eval holds 182 parameter tensors (81.3 MB) on 1 device; they stop crossing PCIe from here
Epoch 51/80: loss=0.562440 lr=0.001000
  epoch 51: val_acc = 3249/3925 = 82.777070%  top5 = 3821/3925 = 97.350318%  [95% CI 81.56–83.93]
  step 0/295: loss=0.610467
  step 1/295: loss=0.542495
  step 2/295: loss=0.586366
  step 100/295: loss=0.557791
  step 200/295: loss=0.532675
[pjrt_ffi] RESIDENT: @resnet34_fwd_eval holds 182 parameter tensors (81.3 MB) on 1 device; they stop crossing PCIe from here
Epoch 52/80: loss=0.562759 lr=0.001000
  epoch 52: val_acc = 3317/3925 = 84.509554%  top5 = 3846/3925 = 97.987261%  [95% CI 83.34–85.61]
  step 0/295: loss=0.521626
  step 1/295: loss=0.536448
  step 2/295: loss=0.524572
  step 100/295: loss=0.668446
  step 200/295: loss=0.556002
[pjrt_ffi] RESIDENT: @resnet34_fwd_eval holds 182 parameter tensors (81.3 MB) on 1 device; they stop crossing PCIe from here
Epoch 53/80: loss=0.557360 lr=0.001000
  epoch 53: val_acc = 3267/3925 = 83.235669%  top5 = 3825/3925 = 97.452229%  [95% CI 82.03–84.37]
  step 0/295: loss=0.534570
  step 1/295: loss=0.608125
  step 2/295: loss=0.547130
  step 100/295: loss=0.532129
  step 200/295: loss=0.595399
[pjrt_ffi] RESIDENT: @resnet34_fwd_eval holds 182 parameter tensors (81.3 MB) on 1 device; they stop crossing PCIe from here
Epoch 54/80: loss=0.554775 lr=0.001000
  epoch 54: val_acc = 3281/3925 = 83.592357%  top5 = 3835/3925 = 97.707006%  [95% CI 82.40–84.72]
  step 0/295: loss=0.522466
  step 1/295: loss=0.543923
  step 2/295: loss=0.520673
  step 100/295: loss=0.536763
  step 200/295: loss=0.521768
[pjrt_ffi] RESIDENT: @resnet34_fwd_eval holds 182 parameter tensors (81.3 MB) on 1 device; they stop crossing PCIe from here
Epoch 55/80: loss=0.554768 lr=0.001000
  epoch 55: val_acc = 3297/3925 = 84.000000%  top5 = 3804/3925 = 96.917197%  [95% CI 82.82–85.11]
  step 0/295: loss=0.525441
  step 1/295: loss=0.562792
  step 2/295: loss=0.523368
  step 100/295: loss=0.525831
  step 200/295: loss=0.537836
[pjrt_ffi] RESIDENT: @resnet34_fwd_eval holds 182 parameter tensors (81.3 MB) on 1 device; they stop crossing PCIe from here
Epoch 56/80: loss=0.551214 lr=0.001000
  epoch 56: val_acc = 3321/3925 = 84.611465%  top5 = 3837/3925 = 97.757962%  [95% CI 83.45–85.71]
  step 0/295: loss=0.517487
  step 1/295: loss=0.531551
  step 2/295: loss=0.523274
  step 100/295: loss=0.631905
  step 200/295: loss=0.550370
[pjrt_ffi] RESIDENT: @resnet34_fwd_eval holds 182 parameter tensors (81.3 MB) on 1 device; they stop crossing PCIe from here
Epoch 57/80: loss=0.541780 lr=0.001000
  epoch 57: val_acc = 3206/3925 = 81.681529%  top5 = 3800/3925 = 96.815287%  [95% CI 80.44–82.86]
  step 0/295: loss=0.531203
  step 1/295: loss=0.593819
  step 2/295: loss=0.519182
  step 100/295: loss=0.520229
  step 200/295: loss=0.518032
[pjrt_ffi] RESIDENT: @resnet34_fwd_eval holds 182 parameter tensors (81.3 MB) on 1 device; they stop crossing PCIe from here
Epoch 58/80: loss=0.557432 lr=0.001000
  epoch 58: val_acc = 3356/3925 = 85.503185%  top5 = 3826/3925 = 97.477707%  [95% CI 84.37–86.57]
  step 0/295: loss=0.517049
  step 1/295: loss=0.559021
  step 2/295: loss=0.581636
  step 100/295: loss=0.541186
  step 200/295: loss=0.573571
[pjrt_ffi] RESIDENT: @resnet34_fwd_eval holds 182 parameter tensors (81.3 MB) on 1 device; they stop crossing PCIe from here
Epoch 59/80: loss=0.554903 lr=0.001000
  epoch 59: val_acc = 3402/3925 = 86.675159%  top5 = 3854/3925 = 98.191083%  [95% CI 85.58–87.70]
  step 0/295: loss=0.532292
  step 1/295: loss=0.548189
  step 2/295: loss=0.555435
  step 100/295: loss=0.569618
  step 200/295: loss=0.534787
[pjrt_ffi] RESIDENT: @resnet34_fwd_eval holds 182 parameter tensors (81.3 MB) on 1 device; they stop crossing PCIe from here
Epoch 60/80: loss=0.544409 lr=0.001000
  epoch 60: val_acc = 3381/3925 = 86.140127%  top5 = 3834/3925 = 97.681529%  [95% CI 85.02–87.19]
  step 0/295: loss=0.513283
  step 1/295: loss=0.520482
  step 2/295: loss=0.517388
  step 100/295: loss=0.513452
  step 200/295: loss=0.563539
[pjrt_ffi] RESIDENT: @resnet34_fwd_eval holds 182 parameter tensors (81.3 MB) on 1 device; they stop crossing PCIe from here
Epoch 61/80: loss=0.544566 lr=0.001000
  epoch 61: val_acc = 3416/3925 = 87.031847%  top5 = 3842/3925 = 97.885350%  [95% CI 85.94–88.05]
  step 0/295: loss=0.527123
  step 1/295: loss=0.517307
  step 2/295: loss=0.588220
  step 100/295: loss=0.571747
  step 200/295: loss=0.593086
[pjrt_ffi] RESIDENT: @resnet34_fwd_eval holds 182 parameter tensors (81.3 MB) on 1 device; they stop crossing PCIe from here
Epoch 62/80: loss=0.544011 lr=0.001000
  epoch 62: val_acc = 3269/3925 = 83.286624%  top5 = 3837/3925 = 97.757962%  [95% CI 82.09–84.42]
  step 0/295: loss=0.537571
  step 1/295: loss=0.526944
  step 2/295: loss=0.517211
  step 100/295: loss=0.635989
  step 200/295: loss=0.513114
[pjrt_ffi] RESIDENT: @resnet34_fwd_eval holds 182 parameter tensors (81.3 MB) on 1 device; they stop crossing PCIe from here
Epoch 63/80: loss=0.551679 lr=0.001000
  epoch 63: val_acc = 3363/3925 = 85.681529%  top5 = 3854/3925 = 98.191083%  [95% CI 84.55–86.74]
  step 0/295: loss=0.515491
  step 1/295: loss=0.537488
  step 2/295: loss=0.540716
  step 100/295: loss=0.517016
  step 200/295: loss=0.551965
[pjrt_ffi] RESIDENT: @resnet34_fwd_eval holds 182 parameter tensors (81.3 MB) on 1 device; they stop crossing PCIe from here
Epoch 64/80: loss=0.541589 lr=0.001000
  epoch 64: val_acc = 3351/3925 = 85.375796%  top5 = 3817/3925 = 97.248408%  [95% CI 84.24–86.45]
  step 0/295: loss=0.512826
  step 1/295: loss=0.621811
  step 2/295: loss=0.528967
  step 100/295: loss=0.544929
  step 200/295: loss=0.519296
[pjrt_ffi] RESIDENT: @resnet34_fwd_eval holds 182 parameter tensors (81.3 MB) on 1 device; they stop crossing PCIe from here
Epoch 65/80: loss=0.545463 lr=0.001000
  epoch 65: val_acc = 3374/3925 = 85.961783%  top5 = 3848/3925 = 98.038217%  [95% CI 84.84–87.01]
  step 0/295: loss=0.518812
  step 1/295: loss=0.522329
  step 2/295: loss=0.519876
  step 100/295: loss=0.529257
  step 200/295: loss=0.551943
[pjrt_ffi] RESIDENT: @resnet34_fwd_eval holds 182 parameter tensors (81.3 MB) on 1 device; they stop crossing PCIe from here
Epoch 66/80: loss=0.533258 lr=0.001000
  epoch 66: val_acc = 3411/3925 = 86.904459%  top5 = 3856/3925 = 98.242038%  [95% CI 85.81–87.92]
  step 0/295: loss=0.532871
  step 1/295: loss=0.516977
  step 2/295: loss=0.513058
  step 100/295: loss=0.512771
  step 200/295: loss=0.525416
[pjrt_ffi] RESIDENT: @resnet34_fwd_eval holds 182 parameter tensors (81.3 MB) on 1 device; they stop crossing PCIe from here
Epoch 67/80: loss=0.527393 lr=0.001000
  epoch 67: val_acc = 3294/3925 = 83.923567%  top5 = 3784/3925 = 96.407643%  [95% CI 82.74–85.04]
  step 0/295: loss=0.512163
  step 1/295: loss=0.571456
  step 2/295: loss=0.569990
  step 100/295: loss=0.551331
  step 200/295: loss=0.582484
[pjrt_ffi] RESIDENT: @resnet34_fwd_eval holds 182 parameter tensors (81.3 MB) on 1 device; they stop crossing PCIe from here
Epoch 68/80: loss=0.546460 lr=0.001000
  epoch 68: val_acc = 3214/3925 = 81.885350%  top5 = 3759/3925 = 95.770701%  [95% CI 80.65–83.06]
  step 0/295: loss=0.534332
  step 1/295: loss=0.611331
  step 2/295: loss=0.545941
  step 100/295: loss=0.527104
  step 200/295: loss=0.550396
[pjrt_ffi] RESIDENT: @resnet34_fwd_eval holds 182 parameter tensors (81.3 MB) on 1 device; they stop crossing PCIe from here
Epoch 69/80: loss=0.547280 lr=0.001000
  epoch 69: val_acc = 3386/3925 = 86.267516%  top5 = 3855/3925 = 98.216561%  [95% CI 85.16–87.31]
  step 0/295: loss=0.575189
  step 1/295: loss=0.519153
  step 2/295: loss=0.516095
  step 100/295: loss=0.654820
  step 200/295: loss=0.520009
[pjrt_ffi] RESIDENT: @resnet34_fwd_eval holds 182 parameter tensors (81.3 MB) on 1 device; they stop crossing PCIe from here
Epoch 70/80: loss=0.535341 lr=0.001000
  epoch 70: val_acc = 3342/3925 = 85.146497%  top5 = 3824/3925 = 97.426752%  [95% CI 84.00–86.22]
  step 0/295: loss=0.506920
  step 1/295: loss=0.530088
  step 2/295: loss=0.544389
  step 100/295: loss=0.546473
  step 200/295: loss=0.580062
[pjrt_ffi] RESIDENT: @resnet34_fwd_eval holds 182 parameter tensors (81.3 MB) on 1 device; they stop crossing PCIe from here
Epoch 71/80: loss=0.528224 lr=0.001000
  epoch 71: val_acc = 3427/3925 = 87.312102%  top5 = 3843/3925 = 97.910828%  [95% CI 86.23–88.32]
  step 0/295: loss=0.512588
  step 1/295: loss=0.547083
  step 2/295: loss=0.520357
  step 100/295: loss=0.527614
  step 200/295: loss=0.544974
[pjrt_ffi] RESIDENT: @resnet34_fwd_eval holds 182 parameter tensors (81.3 MB) on 1 device; they stop crossing PCIe from here
Epoch 72/80: loss=0.542662 lr=0.001000
  epoch 72: val_acc = 3378/3925 = 86.063694%  top5 = 3835/3925 = 97.707006%  [95% CI 84.94–87.11]
  step 0/295: loss=0.552344
  step 1/295: loss=0.541923
  step 2/295: loss=0.515474
  step 100/295: loss=0.521185
  step 200/295: loss=0.516288
[pjrt_ffi] RESIDENT: @resnet34_fwd_eval holds 182 parameter tensors (81.3 MB) on 1 device; they stop crossing PCIe from here
Epoch 73/80: loss=0.531935 lr=0.001000
  epoch 73: val_acc = 3362/3925 = 85.656051%  top5 = 3845/3925 = 97.961783%  [95% CI 84.52–86.72]
  step 0/295: loss=0.582205
  step 1/295: loss=0.528311
  step 2/295: loss=0.510239
  step 100/295: loss=0.586078
  step 200/295: loss=0.632712
[pjrt_ffi] RESIDENT: @resnet34_fwd_eval holds 182 parameter tensors (81.3 MB) on 1 device; they stop crossing PCIe from here
Epoch 74/80: loss=0.538615 lr=0.001000
  epoch 74: val_acc = 3445/3925 = 87.770701%  top5 = 3857/3925 = 98.267516%  [95% CI 86.71–88.76]
  step 0/295: loss=0.509994
  step 1/295: loss=0.508976
  step 2/295: loss=0.508235
  step 100/295: loss=0.523178
  step 200/295: loss=0.518992
[pjrt_ffi] RESIDENT: @resnet34_fwd_eval holds 182 parameter tensors (81.3 MB) on 1 device; they stop crossing PCIe from here
Epoch 75/80: loss=0.529404 lr=0.001000
  epoch 75: val_acc = 3385/3925 = 86.242038%  top5 = 3851/3925 = 98.114650%  [95% CI 85.13–87.28]
  step 0/295: loss=0.506666
  step 1/295: loss=0.532657
  step 2/295: loss=0.507565
  step 100/295: loss=0.617191
  step 200/295: loss=0.505410
[pjrt_ffi] RESIDENT: @resnet34_fwd_eval holds 182 parameter tensors (81.3 MB) on 1 device; they stop crossing PCIe from here
Epoch 76/80: loss=0.526020 lr=0.001000
  epoch 76: val_acc = 3413/3925 = 86.955414%  top5 = 3825/3925 = 97.452229%  [95% CI 85.87–87.97]
  step 0/295: loss=0.513740
  step 1/295: loss=0.513220
  step 2/295: loss=0.520478
  step 100/295: loss=0.512250
  step 200/295: loss=0.521203
[pjrt_ffi] RESIDENT: @resnet34_fwd_eval holds 182 parameter tensors (81.3 MB) on 1 device; they stop crossing PCIe from here
Epoch 77/80: loss=0.527918 lr=0.001000
  epoch 77: val_acc = 3387/3925 = 86.292994%  top5 = 3836/3925 = 97.732484%  [95% CI 85.18–87.33]
  step 0/295: loss=0.517954
  step 1/295: loss=0.514007
  step 2/295: loss=0.515903
  step 100/295: loss=0.545932
  step 200/295: loss=0.544857
[pjrt_ffi] RESIDENT: @resnet34_fwd_eval holds 182 parameter tensors (81.3 MB) on 1 device; they stop crossing PCIe from here
Epoch 78/80: loss=0.544488 lr=0.001000
  epoch 78: val_acc = 3411/3925 = 86.904459%  top5 = 3824/3925 = 97.426752%  [95% CI 85.81–87.92]
  step 0/295: loss=0.510544
  step 1/295: loss=0.519033
  step 2/295: loss=0.513587
  step 100/295: loss=0.508298
  step 200/295: loss=0.533041
[pjrt_ffi] RESIDENT: @resnet34_fwd_eval holds 182 parameter tensors (81.3 MB) on 1 device; they stop crossing PCIe from here
Epoch 79/80: loss=0.528198 lr=0.001000
  epoch 79: val_acc = 3431/3925 = 87.414013%  top5 = 3833/3925 = 97.656051%  [95% CI 86.34–88.42]
  step 0/295: loss=0.525569
  step 1/295: loss=0.531572
  step 2/295: loss=0.525622
  step 100/295: loss=0.511175
  step 200/295: loss=0.507188
[pjrt_ffi] RESIDENT: @resnet34_fwd_eval holds 182 parameter tensors (81.3 MB) on 1 device; they stop crossing PCIe from here
Epoch 80/80: loss=0.523004 lr=0.001000
  epoch 80: val_acc = 3408/3925 = 86.828025%  top5 = 3848/3925 = 98.038217%  [95% CI 85.73–87.85]
done (trained ResNet-34 adam + constant lr via packed threading).
