I0912 07:10:35.574712 2220551 service.cc:154] XLA service 0x7d14b4009da0 initialized for platform CUDA (this does not guarantee that XLA will be used). Devices:
I0912 07:10:35.574860 2220551 service.cc:170]   StreamExecutor [0]: NVIDIA GeForce RTX 4060 Ti, Compute Capability 8.9 (Driver: 12.9.0[575.57.8]; Runtime: 12.9.0; Toolkit: 12.9.0; DNN: 9.23.2)
I0912 07:10:35.576868 2220551 se_gpu_pjrt_client.cc:1342] Using BFC allocator.
I0912 07:10:35.577007 2220551 gpu_helpers.cc:162] XLA backend allocating 11.68GiB (12543066112 bytes) on device 0 for BFCAllocator.
I0912 07:10:35.586008 2220551 cuda_dnn.cc:440] Loaded cuDNN version 92302
[pjrt_ffi] XLA backend: PJRT 0.114, 1 device(s)
[pjrt_ffi] command buffers: enabled (CUDA default)
I0912 07:10:37.668642 2220566 subprocess_compilation.cc:349] ptxas warning : Registers are spilled to local memory in function 'gemm_fusion_dot_3', 4 bytes spill stores, 4 bytes spill loads

I0912 07:10:37.774273 2220579 subprocess_compilation.cc:349] ptxas warning : Registers are spilled to local memory in function 'gemm_fusion_dot_3', 8 bytes spill stores, 8 bytes spill loads

[pjrt_ffi] compiled verified_mlir/resnet34_adamwd00_train_step.mlir (@resnet34_adamwd00_train_step, 405 outputs, 1 replica) in 5712 ms
I0912 07:10:41.537401 2220593 subprocess_compilation.cc:349] ptxas warning : Registers are spilled to local memory in function 'gemm_fusion_dot_1', 8 bytes spill stores, 8 bytes spill loads

I0912 07:10:41.574680 2220575 subprocess_compilation.cc:349] ptxas warning : Registers are spilled to local memory in function 'gemm_fusion_dot_1', 4 bytes spill stores, 4 bytes spill loads

[pjrt_ffi] compiled verified_mlir/resnet34_fwd.mlir (@resnet34_fwd, 1 outputs, 1 replica) in 577 ms
[pjrt_ffi] compiled verified_mlir/resnet34_fwd_eval.mlir (@resnet34_fwd_eval, 1 outputs, 1 replica) in 274 ms
════════ resnet34 ablation — arm `nowd` (fp32) ════════
Real ResNet-34 on Imagenette 224² (7×7-s2 stem→3×3-s2 overlapping max pool→[3,4,6,3] blocks w/ batch-norm, He et al. option-B 1×1 projection shortcuts, no conv biases; 56→28→14→7→GAP→dense) via the VERIFIED renderer → XLA/PJRT → GPU
  xla/pjrt verified_mlir/resnet34_adamwd00_train_step.mlir
  xla/pjrt verified_mlir/resnet34_fwd.mlir
  xla/pjrt verified_mlir/resnet34_fwd_eval.mlir
  train 9469, val 3925; bs 32, ResNet-34 adamwd00 (cosine+warmup 3ep, baseLR 0.001000), He init
  running-stats BN: 36 layers, 17024 stat floats → eval via @resnet34_fwd_eval
     decay 0.990000 (TF sense; = PyTorch/timm momentum 0.010000), new-batch weight 0.010000
[pjrt_ffi] RESIDENT: @resnet34_adamwd00_train_step holds 330 parameter tensors (243.6 MB) on 1 device; they stop crossing PCIe from here
  step 0/295: loss=2.763872
  step 1/295: loss=2.546310
  step 2/295: loss=2.480735
  step 100/295: loss=2.155889
  step 200/295: loss=1.777616
[pjrt_ffi] RESIDENT: @resnet34_fwd_eval holds 182 parameter tensors (81.3 MB) on 1 device; they stop crossing PCIe from here
Epoch 1/80: loss=1.958957 lr=0.000333
  epoch 1: val_acc = 875/3925 = 22.292994%  top5 = 2858/3925 = 72.815287%  [95% CI 21.02–23.62]
  step 0/295: loss=1.745754
  step 1/295: loss=1.643001
  step 2/295: loss=1.454443
  step 100/295: loss=1.542242
  step 200/295: loss=1.499853
[pjrt_ffi] RESIDENT: @resnet34_fwd_eval holds 182 parameter tensors (81.3 MB) on 1 device; they stop crossing PCIe from here
Epoch 2/80: loss=1.542631 lr=0.000667
  epoch 2: val_acc = 1169/3925 = 29.783439%  top5 = 2984/3925 = 76.025478%  [95% CI 28.37–31.23]
  step 0/295: loss=1.269049
  step 1/295: loss=1.680475
  step 2/295: loss=1.428913
  step 100/295: loss=1.290118
  step 200/295: loss=1.095381
[pjrt_ffi] RESIDENT: @resnet34_fwd_eval holds 182 parameter tensors (81.3 MB) on 1 device; they stop crossing PCIe from here
Epoch 3/80: loss=1.376680 lr=0.001000
  epoch 3: val_acc = 1777/3925 = 45.273885%  top5 = 3408/3925 = 86.828025%  [95% CI 43.72–46.83]
  step 0/295: loss=1.430964
  step 1/295: loss=0.967973
  step 2/295: loss=1.129755
  step 100/295: loss=1.228643
  step 200/295: loss=1.230422
[pjrt_ffi] RESIDENT: @resnet34_fwd_eval holds 182 parameter tensors (81.3 MB) on 1 device; they stop crossing PCIe from here
Epoch 4/80: loss=1.305901 lr=0.001000
  epoch 4: val_acc = 1823/3925 = 46.445860%  top5 = 3552/3925 = 90.496815%  [95% CI 44.89–48.01]
  step 0/295: loss=1.130279
  step 1/295: loss=1.439050
  step 2/295: loss=1.255527
  step 100/295: loss=1.508551
  step 200/295: loss=1.103193
[pjrt_ffi] RESIDENT: @resnet34_fwd_eval holds 182 parameter tensors (81.3 MB) on 1 device; they stop crossing PCIe from here
Epoch 5/80: loss=1.190200 lr=0.000998
  epoch 5: val_acc = 2301/3925 = 58.624204%  top5 = 3552/3925 = 90.496815%  [95% CI 57.08–60.16]
  step 0/295: loss=1.201550
  step 1/295: loss=0.946655
  step 2/295: loss=1.072869
  step 100/295: loss=1.250577
  step 200/295: loss=1.219205
[pjrt_ffi] RESIDENT: @resnet34_fwd_eval holds 182 parameter tensors (81.3 MB) on 1 device; they stop crossing PCIe from here
Epoch 6/80: loss=1.126847 lr=0.000996
  epoch 6: val_acc = 2592/3925 = 66.038217%  top5 = 3607/3925 = 91.898089%  [95% CI 64.54–67.50]
  step 0/295: loss=1.087361
  step 1/295: loss=1.060492
  step 2/295: loss=1.058146
  step 100/295: loss=1.197134
  step 200/295: loss=1.296602
[pjrt_ffi] RESIDENT: @resnet34_fwd_eval holds 182 parameter tensors (81.3 MB) on 1 device; they stop crossing PCIe from here
Epoch 7/80: loss=1.090052 lr=0.000993
  epoch 7: val_acc = 2165/3925 = 55.159236%  top5 = 3503/3925 = 89.248408%  [95% CI 53.60–56.71]
  step 0/295: loss=1.151697
  step 1/295: loss=1.165408
  step 2/295: loss=1.253103
  step 100/295: loss=1.049928
  step 200/295: loss=1.120466
[pjrt_ffi] RESIDENT: @resnet34_fwd_eval holds 182 parameter tensors (81.3 MB) on 1 device; they stop crossing PCIe from here
Epoch 8/80: loss=1.054918 lr=0.000990
  epoch 8: val_acc = 2583/3925 = 65.808917%  top5 = 3680/3925 = 93.757962%  [95% CI 64.31–67.28]
  step 0/295: loss=1.137872
  step 1/295: loss=0.994084
  step 2/295: loss=1.306054
  step 100/295: loss=0.870372
  step 200/295: loss=0.951815
[pjrt_ffi] RESIDENT: @resnet34_fwd_eval holds 182 parameter tensors (81.3 MB) on 1 device; they stop crossing PCIe from here
Epoch 9/80: loss=1.034178 lr=0.000985
  epoch 9: val_acc = 2933/3925 = 74.726115%  top5 = 3763/3925 = 95.872611%  [95% CI 73.34–76.06]
  step 0/295: loss=1.027818
  step 1/295: loss=0.886168
  step 2/295: loss=0.978612
  step 100/295: loss=1.191383
  step 200/295: loss=0.835052
[pjrt_ffi] RESIDENT: @resnet34_fwd_eval holds 182 parameter tensors (81.3 MB) on 1 device; they stop crossing PCIe from here
Epoch 10/80: loss=1.001558 lr=0.000980
  epoch 10: val_acc = 2657/3925 = 67.694268%  top5 = 3584/3925 = 91.312102%  [95% CI 66.21–69.14]
  step 0/295: loss=1.031602
  step 1/295: loss=0.783861
  step 2/295: loss=0.960825
  step 100/295: loss=1.320628
  step 200/295: loss=0.936667
[pjrt_ffi] RESIDENT: @resnet34_fwd_eval holds 182 parameter tensors (81.3 MB) on 1 device; they stop crossing PCIe from here
Epoch 11/80: loss=0.978792 lr=0.000974
  epoch 11: val_acc = 2808/3925 = 71.541401%  top5 = 3764/3925 = 95.898089%  [95% CI 70.11–72.93]
  step 0/295: loss=0.986339
  step 1/295: loss=0.807674
  step 2/295: loss=0.864457
  step 100/295: loss=0.843337
  step 200/295: loss=0.823013
[pjrt_ffi] RESIDENT: @resnet34_fwd_eval holds 182 parameter tensors (81.3 MB) on 1 device; they stop crossing PCIe from here
Epoch 12/80: loss=0.947240 lr=0.000967
  epoch 12: val_acc = 2934/3925 = 74.751592%  top5 = 3786/3925 = 96.458599%  [95% CI 73.37–76.09]
  step 0/295: loss=1.197449
  step 1/295: loss=1.006899
  step 2/295: loss=1.026343
  step 100/295: loss=0.988106
  step 200/295: loss=0.916323
[pjrt_ffi] RESIDENT: @resnet34_fwd_eval holds 182 parameter tensors (81.3 MB) on 1 device; they stop crossing PCIe from here
Epoch 13/80: loss=0.926863 lr=0.000959
  epoch 13: val_acc = 2908/3925 = 74.089172%  top5 = 3790/3925 = 96.560510%  [95% CI 72.70–75.44]
  step 0/295: loss=0.786542
  step 1/295: loss=0.851585
  step 2/295: loss=1.030516
  step 100/295: loss=0.879993
  step 200/295: loss=0.925505
[pjrt_ffi] RESIDENT: @resnet34_fwd_eval holds 182 parameter tensors (81.3 MB) on 1 device; they stop crossing PCIe from here
Epoch 14/80: loss=0.922925 lr=0.000950
  epoch 14: val_acc = 3087/3925 = 78.649682%  top5 = 3833/3925 = 97.656051%  [95% CI 77.34–79.90]
  step 0/295: loss=1.026412
  step 1/295: loss=0.964481
  step 2/295: loss=0.755402
  step 100/295: loss=0.982102
  step 200/295: loss=0.737469
[pjrt_ffi] RESIDENT: @resnet34_fwd_eval holds 182 parameter tensors (81.3 MB) on 1 device; they stop crossing PCIe from here
Epoch 15/80: loss=0.884164 lr=0.000941
  epoch 15: val_acc = 2906/3925 = 74.038217%  top5 = 3790/3925 = 96.560510%  [95% CI 72.64–75.39]
  step 0/295: loss=1.058573
  step 1/295: loss=0.853380
  step 2/295: loss=0.645478
  step 100/295: loss=0.732574
  step 200/295: loss=0.730019
[pjrt_ffi] RESIDENT: @resnet34_fwd_eval holds 182 parameter tensors (81.3 MB) on 1 device; they stop crossing PCIe from here
Epoch 16/80: loss=0.869188 lr=0.000931
  epoch 16: val_acc = 2964/3925 = 75.515924%  top5 = 3803/3925 = 96.891720%  [95% CI 74.15–76.84]
  step 0/295: loss=0.755866
  step 1/295: loss=1.140557
  step 2/295: loss=0.947821
  step 100/295: loss=0.806041
  step 200/295: loss=1.134910
[pjrt_ffi] RESIDENT: @resnet34_fwd_eval holds 182 parameter tensors (81.3 MB) on 1 device; they stop crossing PCIe from here
Epoch 17/80: loss=0.870323 lr=0.000921
  epoch 17: val_acc = 2929/3925 = 74.624204%  top5 = 3802/3925 = 96.866242%  [95% CI 73.24–75.96]
  step 0/295: loss=0.837699
  step 1/295: loss=0.722328
  step 2/295: loss=0.911248
  step 100/295: loss=0.766885
  step 200/295: loss=0.746241
[pjrt_ffi] RESIDENT: @resnet34_fwd_eval holds 182 parameter tensors (81.3 MB) on 1 device; they stop crossing PCIe from here
Epoch 18/80: loss=0.832382 lr=0.000909
  epoch 18: val_acc = 3057/3925 = 77.885350%  top5 = 3809/3925 = 97.044586%  [95% CI 76.56–79.16]
  step 0/295: loss=0.726578
  step 1/295: loss=0.655309
  step 2/295: loss=0.906393
  step 100/295: loss=0.733488
  step 200/295: loss=0.889277
[pjrt_ffi] RESIDENT: @resnet34_fwd_eval holds 182 parameter tensors (81.3 MB) on 1 device; they stop crossing PCIe from here
Epoch 19/80: loss=0.821490 lr=0.000897
  epoch 19: val_acc = 3011/3925 = 76.713376%  top5 = 3751/3925 = 95.566879%  [95% CI 75.37–78.01]
  step 0/295: loss=0.819935
  step 1/295: loss=0.865352
  step 2/295: loss=0.912353
  step 100/295: loss=0.776875
  step 200/295: loss=0.800775
[pjrt_ffi] RESIDENT: @resnet34_fwd_eval holds 182 parameter tensors (81.3 MB) on 1 device; they stop crossing PCIe from here
Epoch 20/80: loss=0.806399 lr=0.000884
  epoch 20: val_acc = 3045/3925 = 77.579618%  top5 = 3793/3925 = 96.636943%  [95% CI 76.25–78.86]
  step 0/295: loss=0.810768
  step 1/295: loss=0.673729
  step 2/295: loss=0.703347
  step 100/295: loss=0.661876
  step 200/295: loss=0.771233
[pjrt_ffi] RESIDENT: @resnet34_fwd_eval holds 182 parameter tensors (81.3 MB) on 1 device; they stop crossing PCIe from here
Epoch 21/80: loss=0.791575 lr=0.000871
  epoch 21: val_acc = 3019/3925 = 76.917197%  top5 = 3786/3925 = 96.458599%  [95% CI 75.57–78.21]
  step 0/295: loss=0.722711
  step 1/295: loss=0.823364
  step 2/295: loss=0.785412
  step 100/295: loss=0.880627
  step 200/295: loss=0.878607
[pjrt_ffi] RESIDENT: @resnet34_fwd_eval holds 182 parameter tensors (81.3 MB) on 1 device; they stop crossing PCIe from here
Epoch 22/80: loss=0.779881 lr=0.000857
  epoch 22: val_acc = 2778/3925 = 70.777070%  top5 = 3748/3925 = 95.490446%  [95% CI 69.33–72.18]
  step 0/295: loss=0.921900
  step 1/295: loss=0.637675
  step 2/295: loss=0.697114
  step 100/295: loss=0.813637
  step 200/295: loss=0.928083
[pjrt_ffi] RESIDENT: @resnet34_fwd_eval holds 182 parameter tensors (81.3 MB) on 1 device; they stop crossing PCIe from here
Epoch 23/80: loss=0.760482 lr=0.000843
  epoch 23: val_acc = 3160/3925 = 80.509554%  top5 = 3822/3925 = 97.375796%  [95% CI 79.24–81.72]
  step 0/295: loss=0.779494
  step 1/295: loss=0.769667
  step 2/295: loss=0.664071
  step 100/295: loss=0.747781
  step 200/295: loss=0.758943
[pjrt_ffi] RESIDENT: @resnet34_fwd_eval holds 182 parameter tensors (81.3 MB) on 1 device; they stop crossing PCIe from here
Epoch 24/80: loss=0.743939 lr=0.000827
  epoch 24: val_acc = 3102/3925 = 79.031847%  top5 = 3796/3925 = 96.713376%  [95% CI 77.73–80.28]
  step 0/295: loss=0.631729
  step 1/295: loss=0.776117
  step 2/295: loss=0.685550
  step 100/295: loss=0.677881
  step 200/295: loss=0.831339
[pjrt_ffi] RESIDENT: @resnet34_fwd_eval holds 182 parameter tensors (81.3 MB) on 1 device; they stop crossing PCIe from here
Epoch 25/80: loss=0.720705 lr=0.000812
  epoch 25: val_acc = 3181/3925 = 81.044586%  top5 = 3818/3925 = 97.273885%  [95% CI 79.79–82.24]
  step 0/295: loss=0.681391
  step 1/295: loss=0.644323
  step 2/295: loss=0.684910
  step 100/295: loss=0.730489
  step 200/295: loss=0.862342
[pjrt_ffi] RESIDENT: @resnet34_fwd_eval holds 182 parameter tensors (81.3 MB) on 1 device; they stop crossing PCIe from here
Epoch 26/80: loss=0.709075 lr=0.000796
  epoch 26: val_acc = 3204/3925 = 81.630573%  top5 = 3809/3925 = 97.044586%  [95% CI 80.39–82.81]
  step 0/295: loss=0.686211
  step 1/295: loss=0.633247
  step 2/295: loss=0.598433
  step 100/295: loss=0.631436
  step 200/295: loss=0.843453
[pjrt_ffi] RESIDENT: @resnet34_fwd_eval holds 182 parameter tensors (81.3 MB) on 1 device; they stop crossing PCIe from here
Epoch 27/80: loss=0.706071 lr=0.000779
  epoch 27: val_acc = 2996/3925 = 76.331210%  top5 = 3778/3925 = 96.254777%  [95% CI 74.98–77.63]
  step 0/295: loss=0.564088
  step 1/295: loss=0.666518
  step 2/295: loss=0.835877
  step 100/295: loss=0.666359
  step 200/295: loss=0.680125
[pjrt_ffi] RESIDENT: @resnet34_fwd_eval holds 182 parameter tensors (81.3 MB) on 1 device; they stop crossing PCIe from here
Epoch 28/80: loss=0.682452 lr=0.000762
  epoch 28: val_acc = 3278/3925 = 83.515924%  top5 = 3832/3925 = 97.630573%  [95% CI 82.32–84.64]
  step 0/295: loss=0.683560
  step 1/295: loss=0.602530
  step 2/295: loss=0.557974
  step 100/295: loss=0.644812
  step 200/295: loss=0.577914
[pjrt_ffi] RESIDENT: @resnet34_fwd_eval holds 182 parameter tensors (81.3 MB) on 1 device; they stop crossing PCIe from here
Epoch 29/80: loss=0.671008 lr=0.000744
  epoch 29: val_acc = 3204/3925 = 81.630573%  top5 = 3844/3925 = 97.936306%  [95% CI 80.39–82.81]
  step 0/295: loss=0.638434
  step 1/295: loss=0.659971
  step 2/295: loss=0.725907
  step 100/295: loss=0.616779
  step 200/295: loss=0.626659
[pjrt_ffi] RESIDENT: @resnet34_fwd_eval holds 182 parameter tensors (81.3 MB) on 1 device; they stop crossing PCIe from here
Epoch 30/80: loss=0.665684 lr=0.000726
  epoch 30: val_acc = 3134/3925 = 79.847134%  top5 = 3795/3925 = 96.687898%  [95% CI 78.56–81.07]
  step 0/295: loss=0.675306
  step 1/295: loss=0.777918
  step 2/295: loss=0.658126
  step 100/295: loss=0.746950
  step 200/295: loss=0.704463
[pjrt_ffi] RESIDENT: @resnet34_fwd_eval holds 182 parameter tensors (81.3 MB) on 1 device; they stop crossing PCIe from here
Epoch 31/80: loss=0.647671 lr=0.000708
  epoch 31: val_acc = 3308/3925 = 84.280255%  top5 = 3847/3925 = 98.012739%  [95% CI 83.11–85.39]
  step 0/295: loss=0.553547
  step 1/295: loss=0.682631
  step 2/295: loss=0.690819
  step 100/295: loss=0.613057
  step 200/295: loss=0.622191
[pjrt_ffi] RESIDENT: @resnet34_fwd_eval holds 182 parameter tensors (81.3 MB) on 1 device; they stop crossing PCIe from here
Epoch 32/80: loss=0.631389 lr=0.000689
  epoch 32: val_acc = 3265/3925 = 83.184713%  top5 = 3822/3925 = 97.375796%  [95% CI 81.98–84.32]
  step 0/295: loss=0.576012
  step 1/295: loss=0.641707
  step 2/295: loss=0.581097
  step 100/295: loss=0.642343
  step 200/295: loss=0.673087
[pjrt_ffi] RESIDENT: @resnet34_fwd_eval holds 182 parameter tensors (81.3 MB) on 1 device; they stop crossing PCIe from here
Epoch 33/80: loss=0.619460 lr=0.000670
  epoch 33: val_acc = 3304/3925 = 84.178344%  top5 = 3838/3925 = 97.783439%  [95% CI 83.00–85.29]
  step 0/295: loss=0.549637
  step 1/295: loss=0.602494
  step 2/295: loss=0.559755
  step 100/295: loss=0.581671
  step 200/295: loss=0.604099
[pjrt_ffi] RESIDENT: @resnet34_fwd_eval holds 182 parameter tensors (81.3 MB) on 1 device; they stop crossing PCIe from here
Epoch 34/80: loss=0.611439 lr=0.000651
  epoch 34: val_acc = 3265/3925 = 83.184713%  top5 = 3826/3925 = 97.477707%  [95% CI 81.98–84.32]
  step 0/295: loss=0.580280
  step 1/295: loss=0.640503
  step 2/295: loss=0.619530
  step 100/295: loss=0.565843
  step 200/295: loss=0.543938
[pjrt_ffi] RESIDENT: @resnet34_fwd_eval holds 182 parameter tensors (81.3 MB) on 1 device; they stop crossing PCIe from here
Epoch 35/80: loss=0.615107 lr=0.000631
  epoch 35: val_acc = 3317/3925 = 84.509554%  top5 = 3840/3925 = 97.834395%  [95% CI 83.34–85.61]
  step 0/295: loss=0.591914
  step 1/295: loss=0.645741
  step 2/295: loss=0.540730
  step 100/295: loss=0.558176
  step 200/295: loss=0.591106
[pjrt_ffi] RESIDENT: @resnet34_fwd_eval holds 182 parameter tensors (81.3 MB) on 1 device; they stop crossing PCIe from here
Epoch 36/80: loss=0.599956 lr=0.000611
  epoch 36: val_acc = 3368/3925 = 85.808917%  top5 = 3855/3925 = 98.216561%  [95% CI 84.68–86.87]
  step 0/295: loss=0.552492
  step 1/295: loss=0.603940
  step 2/295: loss=0.575745
  step 100/295: loss=0.554916
  step 200/295: loss=0.565959
[pjrt_ffi] RESIDENT: @resnet34_fwd_eval holds 182 parameter tensors (81.3 MB) on 1 device; they stop crossing PCIe from here
Epoch 37/80: loss=0.581871 lr=0.000591
  epoch 37: val_acc = 3341/3925 = 85.121019%  top5 = 3852/3925 = 98.140127%  [95% CI 83.97–86.20]
  step 0/295: loss=0.585952
  step 1/295: loss=0.529118
  step 2/295: loss=0.529113
  step 100/295: loss=0.542454
  step 200/295: loss=0.549861
[pjrt_ffi] RESIDENT: @resnet34_fwd_eval holds 182 parameter tensors (81.3 MB) on 1 device; they stop crossing PCIe from here
Epoch 38/80: loss=0.580511 lr=0.000571
  epoch 38: val_acc = 3325/3925 = 84.713376%  top5 = 3837/3925 = 97.757962%  [95% CI 83.55–85.81]
  step 0/295: loss=0.552043
  step 1/295: loss=0.585938
  step 2/295: loss=0.545929
  step 100/295: loss=0.555266
  step 200/295: loss=0.649629
[pjrt_ffi] RESIDENT: @resnet34_fwd_eval holds 182 parameter tensors (81.3 MB) on 1 device; they stop crossing PCIe from here
Epoch 39/80: loss=0.571482 lr=0.000551
  epoch 39: val_acc = 3308/3925 = 84.280255%  top5 = 3837/3925 = 97.757962%  [95% CI 83.11–85.39]
  step 0/295: loss=0.598416
  step 1/295: loss=0.629190
  step 2/295: loss=0.581716
  step 100/295: loss=0.541248
  step 200/295: loss=0.545028
[pjrt_ffi] RESIDENT: @resnet34_fwd_eval holds 182 parameter tensors (81.3 MB) on 1 device; they stop crossing PCIe from here
Epoch 40/80: loss=0.560803 lr=0.000531
  epoch 40: val_acc = 3317/3925 = 84.509554%  top5 = 3832/3925 = 97.630573%  [95% CI 83.34–85.61]
  step 0/295: loss=0.530155
  step 1/295: loss=0.542196
  step 2/295: loss=0.530480
  step 100/295: loss=0.517200
  step 200/295: loss=0.531356
[pjrt_ffi] RESIDENT: @resnet34_fwd_eval holds 182 parameter tensors (81.3 MB) on 1 device; they stop crossing PCIe from here
Epoch 41/80: loss=0.554773 lr=0.000510
  epoch 41: val_acc = 3296/3925 = 83.974522%  top5 = 3824/3925 = 97.426752%  [95% CI 82.79–85.09]
  step 0/295: loss=0.551143
  step 1/295: loss=0.548851
  step 2/295: loss=0.545286
  step 100/295: loss=0.553626
  step 200/295: loss=0.546025
[pjrt_ffi] RESIDENT: @resnet34_fwd_eval holds 182 parameter tensors (81.3 MB) on 1 device; they stop crossing PCIe from here
Epoch 42/80: loss=0.556110 lr=0.000490
  epoch 42: val_acc = 3331/3925 = 84.866242%  top5 = 3825/3925 = 97.452229%  [95% CI 83.71–85.95]
  step 0/295: loss=0.575929
  step 1/295: loss=0.550253
  step 2/295: loss=0.536282
  step 100/295: loss=0.525168
  step 200/295: loss=0.526306
[pjrt_ffi] RESIDENT: @resnet34_fwd_eval holds 182 parameter tensors (81.3 MB) on 1 device; they stop crossing PCIe from here
Epoch 43/80: loss=0.558478 lr=0.000469
  epoch 43: val_acc = 3353/3925 = 85.426752%  top5 = 3847/3925 = 98.012739%  [95% CI 84.29–86.50]
  step 0/295: loss=0.588015
  step 1/295: loss=0.548393
  step 2/295: loss=0.572398
  step 100/295: loss=0.543391
  step 200/295: loss=0.534929
[pjrt_ffi] RESIDENT: @resnet34_fwd_eval holds 182 parameter tensors (81.3 MB) on 1 device; they stop crossing PCIe from here
Epoch 44/80: loss=0.542950 lr=0.000449
  epoch 44: val_acc = 3418/3925 = 87.082803%  top5 = 3856/3925 = 98.242038%  [95% CI 86.00–88.10]
  step 0/295: loss=0.510795
  step 1/295: loss=0.523136
  step 2/295: loss=0.514776
  step 100/295: loss=0.551168
  step 200/295: loss=0.561214
[pjrt_ffi] RESIDENT: @resnet34_fwd_eval holds 182 parameter tensors (81.3 MB) on 1 device; they stop crossing PCIe from here
Epoch 45/80: loss=0.535436 lr=0.000429
  epoch 45: val_acc = 3426/3925 = 87.286624%  top5 = 3844/3925 = 97.936306%  [95% CI 86.21–88.29]
  step 0/295: loss=0.544871
  step 1/295: loss=0.522299
  step 2/295: loss=0.591942
  step 100/295: loss=0.533786
  step 200/295: loss=0.521833
[pjrt_ffi] RESIDENT: @resnet34_fwd_eval holds 182 parameter tensors (81.3 MB) on 1 device; they stop crossing PCIe from here
Epoch 46/80: loss=0.537266 lr=0.000409
  epoch 46: val_acc = 3343/3925 = 85.171975%  top5 = 3842/3925 = 97.885350%  [95% CI 84.03–86.25]
  step 0/295: loss=0.523994
  step 1/295: loss=0.519994
  step 2/295: loss=0.620784
  step 100/295: loss=0.522165
  step 200/295: loss=0.512477
[pjrt_ffi] RESIDENT: @resnet34_fwd_eval holds 182 parameter tensors (81.3 MB) on 1 device; they stop crossing PCIe from here
Epoch 47/80: loss=0.534283 lr=0.000389
  epoch 47: val_acc = 3389/3925 = 86.343949%  top5 = 3848/3925 = 98.038217%  [95% CI 85.23–87.38]
  step 0/295: loss=0.570698
  step 1/295: loss=0.519572
  step 2/295: loss=0.519516
  step 100/295: loss=0.516620
  step 200/295: loss=0.617450
[pjrt_ffi] RESIDENT: @resnet34_fwd_eval holds 182 parameter tensors (81.3 MB) on 1 device; they stop crossing PCIe from here
Epoch 48/80: loss=0.532613 lr=0.000369
  epoch 48: val_acc = 3406/3925 = 86.777070%  top5 = 3855/3925 = 98.216561%  [95% CI 85.68–87.80]
  step 0/295: loss=0.518864
  step 1/295: loss=0.522235
  step 2/295: loss=0.545357
  step 100/295: loss=0.524379
  step 200/295: loss=0.525864
[pjrt_ffi] RESIDENT: @resnet34_fwd_eval holds 182 parameter tensors (81.3 MB) on 1 device; they stop crossing PCIe from here
Epoch 49/80: loss=0.527021 lr=0.000349
  epoch 49: val_acc = 3445/3925 = 87.770701%  top5 = 3851/3925 = 98.114650%  [95% CI 86.71–88.76]
  step 0/295: loss=0.516105
  step 1/295: loss=0.541942
  step 2/295: loss=0.515888
  step 100/295: loss=0.517588
  step 200/295: loss=0.520971
[pjrt_ffi] RESIDENT: @resnet34_fwd_eval holds 182 parameter tensors (81.3 MB) on 1 device; they stop crossing PCIe from here
Epoch 50/80: loss=0.523568 lr=0.000330
  epoch 50: val_acc = 3406/3925 = 86.777070%  top5 = 3853/3925 = 98.165605%  [95% CI 85.68–87.80]
  step 0/295: loss=0.508444
  step 1/295: loss=0.512635
  step 2/295: loss=0.515966
  step 100/295: loss=0.511978
  step 200/295: loss=0.531305
[pjrt_ffi] RESIDENT: @resnet34_fwd_eval holds 182 parameter tensors (81.3 MB) on 1 device; they stop crossing PCIe from here
Epoch 51/80: loss=0.524623 lr=0.000311
  epoch 51: val_acc = 3450/3925 = 87.898089%  top5 = 3859/3925 = 98.318471%  [95% CI 86.84–88.88]
  step 0/295: loss=0.508784
  step 1/295: loss=0.527626
  step 2/295: loss=0.517642
  step 100/295: loss=0.509864
  step 200/295: loss=0.507970
[pjrt_ffi] RESIDENT: @resnet34_fwd_eval holds 182 parameter tensors (81.3 MB) on 1 device; they stop crossing PCIe from here
Epoch 52/80: loss=0.519123 lr=0.000292
  epoch 52: val_acc = 3473/3925 = 88.484076%  top5 = 3863/3925 = 98.420382%  [95% CI 87.45–89.45]
  step 0/295: loss=0.504682
  step 1/295: loss=0.510347
  step 2/295: loss=0.505911
  step 100/295: loss=0.511223
  step 200/295: loss=0.510088
[pjrt_ffi] RESIDENT: @resnet34_fwd_eval holds 182 parameter tensors (81.3 MB) on 1 device; they stop crossing PCIe from here
Epoch 53/80: loss=0.516265 lr=0.000274
  epoch 53: val_acc = 3396/3925 = 86.522293%  top5 = 3835/3925 = 97.707006%  [95% CI 85.42–87.55]
  step 0/295: loss=0.515350
  step 1/295: loss=0.547926
  step 2/295: loss=0.521613
  step 100/295: loss=0.508450
  step 200/295: loss=0.507635
[pjrt_ffi] RESIDENT: @resnet34_fwd_eval holds 182 parameter tensors (81.3 MB) on 1 device; they stop crossing PCIe from here
Epoch 54/80: loss=0.512314 lr=0.000256
  epoch 54: val_acc = 3466/3925 = 88.305732%  top5 = 3866/3925 = 98.496815%  [95% CI 87.26–89.27]
  step 0/295: loss=0.506861
  step 1/295: loss=0.521319
  step 2/295: loss=0.508985
  step 100/295: loss=0.505630
  step 200/295: loss=0.505616
[pjrt_ffi] RESIDENT: @resnet34_fwd_eval holds 182 parameter tensors (81.3 MB) on 1 device; they stop crossing PCIe from here
Epoch 55/80: loss=0.510623 lr=0.000238
  epoch 55: val_acc = 3446/3925 = 87.796178%  top5 = 3860/3925 = 98.343949%  [95% CI 86.74–88.78]
  step 0/295: loss=0.503703
  step 1/295: loss=0.553099
  step 2/295: loss=0.504933
  step 100/295: loss=0.504058
  step 200/295: loss=0.517444
[pjrt_ffi] RESIDENT: @resnet34_fwd_eval holds 182 parameter tensors (81.3 MB) on 1 device; they stop crossing PCIe from here
Epoch 56/80: loss=0.511059 lr=0.000221
  epoch 56: val_acc = 3470/3925 = 88.407643%  top5 = 3853/3925 = 98.165605%  [95% CI 87.37–89.37]
  step 0/295: loss=0.504148
  step 1/295: loss=0.504871
  step 2/295: loss=0.504356
  step 100/295: loss=0.524357
  step 200/295: loss=0.503343
[pjrt_ffi] RESIDENT: @resnet34_fwd_eval holds 182 parameter tensors (81.3 MB) on 1 device; they stop crossing PCIe from here
Epoch 57/80: loss=0.507251 lr=0.000204
  epoch 57: val_acc = 3483/3925 = 88.738854%  top5 = 3852/3925 = 98.140127%  [95% CI 87.71–89.69]
  step 0/295: loss=0.524902
  step 1/295: loss=0.503647
  step 2/295: loss=0.504170
  step 100/295: loss=0.503541
  step 200/295: loss=0.504117
[pjrt_ffi] RESIDENT: @resnet34_fwd_eval holds 182 parameter tensors (81.3 MB) on 1 device; they stop crossing PCIe from here
Epoch 58/80: loss=0.507818 lr=0.000188
  epoch 58: val_acc = 3466/3925 = 88.305732%  top5 = 3844/3925 = 97.936306%  [95% CI 87.26–89.27]
  step 0/295: loss=0.502773
  step 1/295: loss=0.509674
  step 2/295: loss=0.510324
  step 100/295: loss=0.575581
  step 200/295: loss=0.507150
[pjrt_ffi] RESIDENT: @resnet34_fwd_eval holds 182 parameter tensors (81.3 MB) on 1 device; they stop crossing PCIe from here
Epoch 59/80: loss=0.511915 lr=0.000173
  epoch 59: val_acc = 3455/3925 = 88.025478%  top5 = 3858/3925 = 98.292994%  [95% CI 86.97–89.00]
  step 0/295: loss=0.505089
  step 1/295: loss=0.509841
  step 2/295: loss=0.519842
  step 100/295: loss=0.508844
  step 200/295: loss=0.509460
[pjrt_ffi] RESIDENT: @resnet34_fwd_eval holds 182 parameter tensors (81.3 MB) on 1 device; they stop crossing PCIe from here
Epoch 60/80: loss=0.510309 lr=0.000157
  epoch 60: val_acc = 3421/3925 = 87.159236%  top5 = 3840/3925 = 97.834395%  [95% CI 86.08–88.17]
  step 0/295: loss=0.504976
  step 1/295: loss=0.508010
  step 2/295: loss=0.504066
  step 100/295: loss=0.542213
  step 200/295: loss=0.511629
[pjrt_ffi] RESIDENT: @resnet34_fwd_eval holds 182 parameter tensors (81.3 MB) on 1 device; they stop crossing PCIe from here
Epoch 61/80: loss=0.508142 lr=0.000143
  epoch 61: val_acc = 3460/3925 = 88.152866%  top5 = 3857/3925 = 98.267516%  [95% CI 87.10–89.13]
  step 0/295: loss=0.506144
  step 1/295: loss=0.503969
  step 2/295: loss=0.503750
  step 100/295: loss=0.503013
  step 200/295: loss=0.511715
[pjrt_ffi] RESIDENT: @resnet34_fwd_eval holds 182 parameter tensors (81.3 MB) on 1 device; they stop crossing PCIe from here
Epoch 62/80: loss=0.505449 lr=0.000129
  epoch 62: val_acc = 3476/3925 = 88.560510%  top5 = 3855/3925 = 98.216561%  [95% CI 87.53–89.52]
  step 0/295: loss=0.505637
  step 1/295: loss=0.503204
  step 2/295: loss=0.504603
  step 100/295: loss=0.506628
  step 200/295: loss=0.504445
[pjrt_ffi] RESIDENT: @resnet34_fwd_eval holds 182 parameter tensors (81.3 MB) on 1 device; they stop crossing PCIe from here
Epoch 63/80: loss=0.505614 lr=0.000116
  epoch 63: val_acc = 3502/3925 = 89.222930%  top5 = 3860/3925 = 98.343949%  [95% CI 88.21–90.15]
  step 0/295: loss=0.501904
  step 1/295: loss=0.503187
  step 2/295: loss=0.509448
  step 100/295: loss=0.504086
  step 200/295: loss=0.504615
[pjrt_ffi] RESIDENT: @resnet34_fwd_eval holds 182 parameter tensors (81.3 MB) on 1 device; they stop crossing PCIe from here
Epoch 64/80: loss=0.503855 lr=0.000103
  epoch 64: val_acc = 3511/3925 = 89.452229%  top5 = 3855/3925 = 98.216561%  [95% CI 88.45–90.37]
  step 0/295: loss=0.501818
  step 1/295: loss=0.505555
  step 2/295: loss=0.503262
  step 100/295: loss=0.502795
  step 200/295: loss=0.502406
[pjrt_ffi] RESIDENT: @resnet34_fwd_eval holds 182 parameter tensors (81.3 MB) on 1 device; they stop crossing PCIe from here
Epoch 65/80: loss=0.503899 lr=0.000091
  epoch 65: val_acc = 3509/3925 = 89.401274%  top5 = 3847/3925 = 98.012739%  [95% CI 88.40–90.33]
  step 0/295: loss=0.503278
  step 1/295: loss=0.503260
  step 2/295: loss=0.502977
  step 100/295: loss=0.502958
  step 200/295: loss=0.502522
[pjrt_ffi] RESIDENT: @resnet34_fwd_eval holds 182 parameter tensors (81.3 MB) on 1 device; they stop crossing PCIe from here
Epoch 66/80: loss=0.503719 lr=0.000079
  epoch 66: val_acc = 3516/3925 = 89.579618%  top5 = 3846/3925 = 97.987261%  [95% CI 88.58–90.50]
  step 0/295: loss=0.502659
  step 1/295: loss=0.502700
  step 2/295: loss=0.503725
  step 100/295: loss=0.502457
  step 200/295: loss=0.502319
[pjrt_ffi] RESIDENT: @resnet34_fwd_eval holds 182 parameter tensors (81.3 MB) on 1 device; they stop crossing PCIe from here
Epoch 67/80: loss=0.503338 lr=0.000069
  epoch 67: val_acc = 3515/3925 = 89.554140%  top5 = 3850/3925 = 98.089172%  [95% CI 88.56–90.47]
  step 0/295: loss=0.503531
  step 1/295: loss=0.502071
  step 2/295: loss=0.503061
  step 100/295: loss=0.503579
  step 200/295: loss=0.502104
[pjrt_ffi] RESIDENT: @resnet34_fwd_eval holds 182 parameter tensors (81.3 MB) on 1 device; they stop crossing PCIe from here
Epoch 68/80: loss=0.502897 lr=0.000059
  epoch 68: val_acc = 3532/3925 = 89.987261%  top5 = 3859/3925 = 98.318471%  [95% CI 89.01–90.89]
  step 0/295: loss=0.504153
  step 1/295: loss=0.503399
  step 2/295: loss=0.502822
  step 100/295: loss=0.501699
  step 200/295: loss=0.501925
[pjrt_ffi] RESIDENT: @resnet34_fwd_eval holds 182 parameter tensors (81.3 MB) on 1 device; they stop crossing PCIe from here
Epoch 69/80: loss=0.502507 lr=0.000050
  epoch 69: val_acc = 3520/3925 = 89.681529%  top5 = 3858/3925 = 98.292994%  [95% CI 88.69–90.59]
  step 0/295: loss=0.504079
  step 1/295: loss=0.501691
  step 2/295: loss=0.502448
  step 100/295: loss=0.502956
  step 200/295: loss=0.503226
[pjrt_ffi] RESIDENT: @resnet34_fwd_eval holds 182 parameter tensors (81.3 MB) on 1 device; they stop crossing PCIe from here
Epoch 70/80: loss=0.502517 lr=0.000041
  epoch 70: val_acc = 3523/3925 = 89.757962%  top5 = 3859/3925 = 98.318471%  [95% CI 88.77–90.67]
  step 0/295: loss=0.501310
  step 1/295: loss=0.502178
  step 2/295: loss=0.502692
  step 100/295: loss=0.507198
  step 200/295: loss=0.502026
[pjrt_ffi] RESIDENT: @resnet34_fwd_eval holds 182 parameter tensors (81.3 MB) on 1 device; they stop crossing PCIe from here
Epoch 71/80: loss=0.502349 lr=0.000033
  epoch 71: val_acc = 3522/3925 = 89.732484%  top5 = 3854/3925 = 98.191083%  [95% CI 88.74–90.64]
  step 0/295: loss=0.501437
  step 1/295: loss=0.501600
  step 2/295: loss=0.502943
  step 100/295: loss=0.502140
  step 200/295: loss=0.508322
[pjrt_ffi] RESIDENT: @resnet34_fwd_eval holds 182 parameter tensors (81.3 MB) on 1 device; they stop crossing PCIe from here
Epoch 72/80: loss=0.502217 lr=0.000026
  epoch 72: val_acc = 3524/3925 = 89.783439%  top5 = 3850/3925 = 98.089172%  [95% CI 88.80–90.69]
  step 0/295: loss=0.501873
  step 1/295: loss=0.501287
  step 2/295: loss=0.501843
  step 100/295: loss=0.501737
  step 200/295: loss=0.501170
[pjrt_ffi] RESIDENT: @resnet34_fwd_eval holds 182 parameter tensors (81.3 MB) on 1 device; they stop crossing PCIe from here
Epoch 73/80: loss=0.502322 lr=0.000020
  epoch 73: val_acc = 3531/3925 = 89.961783%  top5 = 3851/3925 = 98.114650%  [95% CI 88.98–90.86]
  step 0/295: loss=0.502483
  step 1/295: loss=0.502843
  step 2/295: loss=0.501493
  step 100/295: loss=0.501284
  step 200/295: loss=0.501353
[pjrt_ffi] RESIDENT: @resnet34_fwd_eval holds 182 parameter tensors (81.3 MB) on 1 device; they stop crossing PCIe from here
Epoch 74/80: loss=0.502165 lr=0.000015
  epoch 74: val_acc = 3531/3925 = 89.961783%  top5 = 3854/3925 = 98.191083%  [95% CI 88.98–90.86]
  step 0/295: loss=0.501304
  step 1/295: loss=0.501637
  step 2/295: loss=0.501219
  step 100/295: loss=0.501365
  step 200/295: loss=0.501516
[pjrt_ffi] RESIDENT: @resnet34_fwd_eval holds 182 parameter tensors (81.3 MB) on 1 device; they stop crossing PCIe from here
Epoch 75/80: loss=0.502075 lr=0.000010
  epoch 75: val_acc = 3529/3925 = 89.910828%  top5 = 3848/3925 = 98.038217%  [95% CI 88.93–90.81]
  step 0/295: loss=0.501401
  step 1/295: loss=0.502362
  step 2/295: loss=0.501435
  step 100/295: loss=0.502456
  step 200/295: loss=0.501110
[pjrt_ffi] RESIDENT: @resnet34_fwd_eval holds 182 parameter tensors (81.3 MB) on 1 device; they stop crossing PCIe from here
Epoch 76/80: loss=0.501942 lr=0.000007
  epoch 76: val_acc = 3532/3925 = 89.987261%  top5 = 3848/3925 = 98.038217%  [95% CI 89.01–90.89]
  step 0/295: loss=0.501903
  step 1/295: loss=0.501570
  step 2/295: loss=0.501607
  step 100/295: loss=0.501701
  step 200/295: loss=0.501811
[pjrt_ffi] RESIDENT: @resnet34_fwd_eval holds 182 parameter tensors (81.3 MB) on 1 device; they stop crossing PCIe from here
Epoch 77/80: loss=0.501841 lr=0.000004
  epoch 77: val_acc = 3530/3925 = 89.936306%  top5 = 3847/3925 = 98.012739%  [95% CI 88.96–90.84]
  step 0/295: loss=0.501916
  step 1/295: loss=0.501675
  step 2/295: loss=0.501413
  step 100/295: loss=0.501313
  step 200/295: loss=0.501671
[pjrt_ffi] RESIDENT: @resnet34_fwd_eval holds 182 parameter tensors (81.3 MB) on 1 device; they stop crossing PCIe from here
Epoch 78/80: loss=0.501996 lr=0.000002
  epoch 78: val_acc = 3532/3925 = 89.987261%  top5 = 3848/3925 = 98.038217%  [95% CI 89.01–90.89]
  step 0/295: loss=0.501676
  step 1/295: loss=0.501733
  step 2/295: loss=0.501188
  step 100/295: loss=0.501128
  step 200/295: loss=0.501783
[pjrt_ffi] RESIDENT: @resnet34_fwd_eval holds 182 parameter tensors (81.3 MB) on 1 device; they stop crossing PCIe from here
Epoch 79/80: loss=0.501869 lr=0.000000
  epoch 79: val_acc = 3528/3925 = 89.885350%  top5 = 3847/3925 = 98.012739%  [95% CI 88.90–90.79]
  step 0/295: loss=0.503000
  step 1/295: loss=0.501303
  step 2/295: loss=0.503030
  step 100/295: loss=0.501337
  step 200/295: loss=0.502033
[pjrt_ffi] RESIDENT: @resnet34_fwd_eval holds 182 parameter tensors (81.3 MB) on 1 device; they stop crossing PCIe from here
Epoch 80/80: loss=0.501788 lr=0.000000
  epoch 80: val_acc = 3529/3925 = 89.910828%  top5 = 3847/3925 = 98.012739%  [95% CI 88.93–90.81]
done (trained ResNet-34 adamwd00 + cosine/warmup via packed threading).
