I0912 13:01:24.178069 2316917 service.cc:154] XLA service 0x7416ec009c90 initialized for platform CUDA (this does not guarantee that XLA will be used). Devices:
I0912 13:01:24.178166 2316917 service.cc:170]   StreamExecutor [0]: NVIDIA GeForce RTX 4060 Ti, Compute Capability 8.9 (Driver: 12.9.0[575.57.8]; Runtime: 12.9.0; Toolkit: 12.9.0; DNN: 9.23.2)
I0912 13:01:24.180774 2316917 se_gpu_pjrt_client.cc:1342] Using BFC allocator.
I0912 13:01:24.180888 2316917 gpu_helpers.cc:162] XLA backend allocating 11.68GiB (12543066112 bytes) on device 0 for BFCAllocator.
I0912 13:01:24.195134 2316917 cuda_dnn.cc:440] Loaded cuDNN version 92302
[pjrt_ffi] XLA backend: PJRT 0.114, 1 device(s)
[pjrt_ffi] command buffers: enabled (CUDA default)
I0912 13:01:30.905498 2317081 subprocess_compilation.cc:349] ptxas warning : Registers are spilled to local memory in function 'gemm_fusion_dot_3', 4 bytes spill stores, 4 bytes spill loads

I0912 13:01:31.311154 2317084 subprocess_compilation.cc:349] ptxas warning : Registers are spilled to local memory in function 'gemm_fusion_dot_3', 8 bytes spill stores, 8 bytes spill loads

[pjrt_ffi] compiled verified_mlir/resnet34_sgd_train_step.mlir (@resnet34_sgd_train_step, 405 outputs, 1 replica) in 15000 ms
I0912 13:01:40.039301 2317095 subprocess_compilation.cc:349] ptxas warning : Registers are spilled to local memory in function 'gemm_fusion_dot_1', 4 bytes spill stores, 4 bytes spill loads

I0912 13:01:40.108632 2317090 subprocess_compilation.cc:349] ptxas warning : Registers are spilled to local memory in function 'gemm_fusion_dot_1', 8 bytes spill stores, 8 bytes spill loads

[pjrt_ffi] compiled verified_mlir/resnet34_fwd.mlir (@resnet34_fwd, 1 outputs, 1 replica) in 1577 ms
[pjrt_ffi] compiled verified_mlir/resnet34_fwd_eval.mlir (@resnet34_fwd_eval, 1 outputs, 1 replica) in 517 ms
════════ resnet34 ablation — arm `sgd10` (fp32) ════════
Real ResNet-34 on Imagenette 224² (7×7-s2 stem→3×3-s2 overlapping max pool→[3,4,6,3] blocks w/ batch-norm, He et al. option-B 1×1 projection shortcuts, no conv biases; 56→28→14→7→GAP→dense) via the VERIFIED renderer → XLA/PJRT → GPU
  xla/pjrt verified_mlir/resnet34_sgd_train_step.mlir
  xla/pjrt verified_mlir/resnet34_fwd.mlir
  xla/pjrt verified_mlir/resnet34_fwd_eval.mlir
  train 9469, val 3925; bs 32, ResNet-34 sgd (cosine+warmup 3ep, baseLR 0.100000), He init
  running-stats BN: 36 layers, 17024 stat floats → eval via @resnet34_fwd_eval
     decay 0.990000 (TF sense; = PyTorch/timm momentum 0.010000), new-batch weight 0.010000
[pjrt_ffi] RESIDENT: @resnet34_sgd_train_step holds 330 parameter tensors (243.6 MB) on 1 device; they stop crossing PCIe from here
  step 0/295: loss=3.614281
  step 1/295: loss=3.701014
  step 2/295: loss=3.336897
  step 100/295: loss=2.172597
  step 200/295: loss=2.137156
[pjrt_ffi] RESIDENT: @resnet34_fwd_eval holds 182 parameter tensors (81.3 MB) on 1 device; they stop crossing PCIe from here
Epoch 1/80: loss=2.266680 lr=0.033333
  epoch 1: val_acc = 646/3925 = 16.458599%  top5 = 2536/3925 = 64.611465%  [95% CI 15.33–17.65]
  step 0/295: loss=2.525277
  step 1/295: loss=2.288424
  step 2/295: loss=2.603570
  step 100/295: loss=3.507278
  step 200/295: loss=1.997327
[pjrt_ffi] RESIDENT: @resnet34_fwd_eval holds 182 parameter tensors (81.3 MB) on 1 device; they stop crossing PCIe from here
Epoch 2/80: loss=2.260452 lr=0.066667
  epoch 2: val_acc = 1701/3925 = 43.337580%  top5 = 3239/3925 = 82.522293%  [95% CI 41.79–44.89]
  step 0/295: loss=1.743705
  step 1/295: loss=2.204021
  step 2/295: loss=1.690027
  step 100/295: loss=1.630760
  step 200/295: loss=1.310147
[pjrt_ffi] RESIDENT: @resnet34_fwd_eval holds 182 parameter tensors (81.3 MB) on 1 device; they stop crossing PCIe from here
Epoch 3/80: loss=1.655328 lr=0.100000
  epoch 3: val_acc = 2154/3925 = 54.878981%  top5 = 3319/3925 = 84.560510%  [95% CI 53.32–56.43]
  step 0/295: loss=1.217411
  step 1/295: loss=1.460833
  step 2/295: loss=1.647423
  step 100/295: loss=1.450909
  step 200/295: loss=1.287853
[pjrt_ffi] RESIDENT: @resnet34_fwd_eval holds 182 parameter tensors (81.3 MB) on 1 device; they stop crossing PCIe from here
Epoch 4/80: loss=1.412194 lr=0.099958
  epoch 4: val_acc = 2017/3925 = 51.388535%  top5 = 3623/3925 = 92.305732%  [95% CI 49.82–52.95]
  step 0/295: loss=1.124839
  step 1/295: loss=1.564495
  step 2/295: loss=1.367812
  step 100/295: loss=1.398115
  step 200/295: loss=1.113667
[pjrt_ffi] RESIDENT: @resnet34_fwd_eval holds 182 parameter tensors (81.3 MB) on 1 device; they stop crossing PCIe from here
Epoch 5/80: loss=1.258827 lr=0.099834
  epoch 5: val_acc = 2381/3925 = 60.662420%  top5 = 3646/3925 = 92.891720%  [95% CI 59.12–62.18]
  step 0/295: loss=1.137382
  step 1/295: loss=1.058939
  step 2/295: loss=0.992513
  step 100/295: loss=1.167993
  step 200/295: loss=1.270943
[pjrt_ffi] RESIDENT: @resnet34_fwd_eval holds 182 parameter tensors (81.3 MB) on 1 device; they stop crossing PCIe from here
Epoch 6/80: loss=1.174629 lr=0.099626
  epoch 6: val_acc = 2504/3925 = 63.796178%  top5 = 3660/3925 = 93.248408%  [95% CI 62.28–65.29]
  step 0/295: loss=1.079253
  step 1/295: loss=1.216097
  step 2/295: loss=0.910624
  step 100/295: loss=1.206053
  step 200/295: loss=1.157404
[pjrt_ffi] RESIDENT: @resnet34_fwd_eval holds 182 parameter tensors (81.3 MB) on 1 device; they stop crossing PCIe from here
Epoch 7/80: loss=1.104421 lr=0.099336
  epoch 7: val_acc = 2783/3925 = 70.904459%  top5 = 3740/3925 = 95.286624%  [95% CI 69.46–72.30]
  step 0/295: loss=0.943804
  step 1/295: loss=1.309789
  step 2/295: loss=1.494990
  step 100/295: loss=1.226098
  step 200/295: loss=1.072097
[pjrt_ffi] RESIDENT: @resnet34_fwd_eval holds 182 parameter tensors (81.3 MB) on 1 device; they stop crossing PCIe from here
Epoch 8/80: loss=1.045432 lr=0.098963
  epoch 8: val_acc = 2812/3925 = 71.643312%  top5 = 3750/3925 = 95.541401%  [95% CI 70.21–73.03]
  step 0/295: loss=1.033030
  step 1/295: loss=0.879997
  step 2/295: loss=1.089244
  step 100/295: loss=1.133410
  step 200/295: loss=0.967686
[pjrt_ffi] RESIDENT: @resnet34_fwd_eval holds 182 parameter tensors (81.3 MB) on 1 device; they stop crossing PCIe from here
Epoch 9/80: loss=1.014050 lr=0.098509
  epoch 9: val_acc = 2792/3925 = 71.133758%  top5 = 3747/3925 = 95.464968%  [95% CI 69.70–72.53]
  step 0/295: loss=0.995617
  step 1/295: loss=0.867645
  step 2/295: loss=0.834469
  step 100/295: loss=1.023666
  step 200/295: loss=1.206802
[pjrt_ffi] RESIDENT: @resnet34_fwd_eval holds 182 parameter tensors (81.3 MB) on 1 device; they stop crossing PCIe from here
Epoch 10/80: loss=0.980782 lr=0.097975
  epoch 10: val_acc = 2579/3925 = 65.707006%  top5 = 3719/3925 = 94.751592%  [95% CI 64.21–67.18]
  step 0/295: loss=0.926103
  step 1/295: loss=0.806543
  step 2/295: loss=0.935665
  step 100/295: loss=1.183573
  step 200/295: loss=0.923402
[pjrt_ffi] RESIDENT: @resnet34_fwd_eval holds 182 parameter tensors (81.3 MB) on 1 device; they stop crossing PCIe from here
Epoch 11/80: loss=0.938443 lr=0.097360
  epoch 11: val_acc = 2814/3925 = 71.694268%  top5 = 3779/3925 = 96.280255%  [95% CI 70.26–73.08]
  step 0/295: loss=1.051909
  step 1/295: loss=0.783730
  step 2/295: loss=0.824481
  step 100/295: loss=0.824268
  step 200/295: loss=0.790291
[pjrt_ffi] RESIDENT: @resnet34_fwd_eval holds 182 parameter tensors (81.3 MB) on 1 device; they stop crossing PCIe from here
Epoch 12/80: loss=0.907379 lr=0.096667
  epoch 12: val_acc = 2725/3925 = 69.426752%  top5 = 3742/3925 = 95.337580%  [95% CI 67.97–70.85]
  step 0/295: loss=1.192974
  step 1/295: loss=0.900754
  step 2/295: loss=0.868199
  step 100/295: loss=0.887908
  step 200/295: loss=0.989734
[pjrt_ffi] RESIDENT: @resnet34_fwd_eval holds 182 parameter tensors (81.3 MB) on 1 device; they stop crossing PCIe from here
Epoch 13/80: loss=0.875707 lr=0.095896
  epoch 13: val_acc = 2356/3925 = 60.025478%  top5 = 3631/3925 = 92.509554%  [95% CI 58.48–61.55]
  step 0/295: loss=0.770319
  step 1/295: loss=0.876315
  step 2/295: loss=0.872618
  step 100/295: loss=0.919240
  step 200/295: loss=0.846556
[pjrt_ffi] RESIDENT: @resnet34_fwd_eval holds 182 parameter tensors (81.3 MB) on 1 device; they stop crossing PCIe from here
Epoch 14/80: loss=0.856507 lr=0.095048
  epoch 14: val_acc = 2976/3925 = 75.821656%  top5 = 3790/3925 = 96.560510%  [95% CI 74.46–77.14]
  step 0/295: loss=0.919501
  step 1/295: loss=0.938082
  step 2/295: loss=0.724832
  step 100/295: loss=0.772194
  step 200/295: loss=0.799800
[pjrt_ffi] RESIDENT: @resnet34_fwd_eval holds 182 parameter tensors (81.3 MB) on 1 device; they stop crossing PCIe from here
Epoch 15/80: loss=0.831432 lr=0.094126
  epoch 15: val_acc = 3101/3925 = 79.006369%  top5 = 3806/3925 = 96.968153%  [95% CI 77.70–80.25]
  step 0/295: loss=0.933773
  step 1/295: loss=0.957426
  step 2/295: loss=0.638864
  step 100/295: loss=0.653355
  step 200/295: loss=0.714732
[pjrt_ffi] RESIDENT: @resnet34_fwd_eval holds 182 parameter tensors (81.3 MB) on 1 device; they stop crossing PCIe from here
Epoch 16/80: loss=0.811267 lr=0.093130
  epoch 16: val_acc = 2737/3925 = 69.732484%  top5 = 3677/3925 = 93.681529%  [95% CI 68.28–71.15]
  step 0/295: loss=0.731900
  step 1/295: loss=0.900295
  step 2/295: loss=0.796362
  step 100/295: loss=0.634683
  step 200/295: loss=0.806391
[pjrt_ffi] RESIDENT: @resnet34_fwd_eval holds 182 parameter tensors (81.3 MB) on 1 device; they stop crossing PCIe from here
Epoch 17/80: loss=0.789302 lr=0.092063
  epoch 17: val_acc = 3151/3925 = 80.280255%  top5 = 3844/3925 = 97.936306%  [95% CI 79.01–81.50]
  step 0/295: loss=0.771670
  step 1/295: loss=0.596394
  step 2/295: loss=0.751865
  step 100/295: loss=0.744983
  step 200/295: loss=0.678064
[pjrt_ffi] RESIDENT: @resnet34_fwd_eval holds 182 parameter tensors (81.3 MB) on 1 device; they stop crossing PCIe from here
Epoch 18/80: loss=0.762129 lr=0.090925
  epoch 18: val_acc = 3049/3925 = 77.681529%  top5 = 3797/3925 = 96.738854%  [95% CI 76.35–78.96]
  step 0/295: loss=0.684266
  step 1/295: loss=0.625133
  step 2/295: loss=0.724122
  step 100/295: loss=0.592507
  step 200/295: loss=0.742211
[pjrt_ffi] RESIDENT: @resnet34_fwd_eval holds 182 parameter tensors (81.3 MB) on 1 device; they stop crossing PCIe from here
Epoch 19/80: loss=0.751838 lr=0.089719
  epoch 19: val_acc = 3207/3925 = 81.707006%  top5 = 3829/3925 = 97.554140%  [95% CI 80.47–82.89]
  step 0/295: loss=0.749259
  step 1/295: loss=0.775045
  step 2/295: loss=0.738179
  step 100/295: loss=0.750783
  step 200/295: loss=0.699128
[pjrt_ffi] RESIDENT: @resnet34_fwd_eval holds 182 parameter tensors (81.3 MB) on 1 device; they stop crossing PCIe from here
Epoch 20/80: loss=0.736473 lr=0.088448
  epoch 20: val_acc = 3145/3925 = 80.127389%  top5 = 3823/3925 = 97.401274%  [95% CI 78.85–81.35]
  step 0/295: loss=0.621448
  step 1/295: loss=0.637275
  step 2/295: loss=0.638307
  step 100/295: loss=0.585533
  step 200/295: loss=0.602426
[pjrt_ffi] RESIDENT: @resnet34_fwd_eval holds 182 parameter tensors (81.3 MB) on 1 device; they stop crossing PCIe from here
Epoch 21/80: loss=0.714271 lr=0.087112
  epoch 21: val_acc = 3084/3925 = 78.573248%  top5 = 3748/3925 = 95.490446%  [95% CI 77.26–79.83]
  step 0/295: loss=0.651969
  step 1/295: loss=0.699497
  step 2/295: loss=0.699683
  step 100/295: loss=0.850890
  step 200/295: loss=0.693110
[pjrt_ffi] RESIDENT: @resnet34_fwd_eval holds 182 parameter tensors (81.3 MB) on 1 device; they stop crossing PCIe from here
Epoch 22/80: loss=0.698208 lr=0.085714
  epoch 22: val_acc = 2903/3925 = 73.961783%  top5 = 3748/3925 = 95.490446%  [95% CI 72.57–75.31]
  step 0/295: loss=0.706294
  step 1/295: loss=0.594821
  step 2/295: loss=0.643467
  step 100/295: loss=0.748202
  step 200/295: loss=0.757750
[pjrt_ffi] RESIDENT: @resnet34_fwd_eval holds 182 parameter tensors (81.3 MB) on 1 device; they stop crossing PCIe from here
Epoch 23/80: loss=0.685432 lr=0.084257
  epoch 23: val_acc = 3283/3925 = 83.643312%  top5 = 3849/3925 = 98.063694%  [95% CI 82.45–84.77]
  step 0/295: loss=0.691315
  step 1/295: loss=0.697072
  step 2/295: loss=0.709335
  step 100/295: loss=0.671364
  step 200/295: loss=0.680326
[pjrt_ffi] RESIDENT: @resnet34_fwd_eval holds 182 parameter tensors (81.3 MB) on 1 device; they stop crossing PCIe from here
Epoch 24/80: loss=0.679479 lr=0.082743
  epoch 24: val_acc = 3325/3925 = 84.713376%  top5 = 3861/3925 = 98.369427%  [95% CI 83.55–85.81]
  step 0/295: loss=0.633133
  step 1/295: loss=0.745780
  step 2/295: loss=0.579059
  step 100/295: loss=0.595942
  step 200/295: loss=0.678387
[pjrt_ffi] RESIDENT: @resnet34_fwd_eval holds 182 parameter tensors (81.3 MB) on 1 device; they stop crossing PCIe from here
Epoch 25/80: loss=0.659974 lr=0.081174
  epoch 25: val_acc = 3295/3925 = 83.949045%  top5 = 3840/3925 = 97.834395%  [95% CI 82.77–85.06]
  step 0/295: loss=0.677004
  step 1/295: loss=0.638581
  step 2/295: loss=0.646107
  step 100/295: loss=0.583727
  step 200/295: loss=0.691428
[pjrt_ffi] RESIDENT: @resnet34_fwd_eval holds 182 parameter tensors (81.3 MB) on 1 device; they stop crossing PCIe from here
Epoch 26/80: loss=0.641919 lr=0.079554
  epoch 26: val_acc = 3202/3925 = 81.579618%  top5 = 3798/3925 = 96.764331%  [95% CI 80.34–82.76]
  step 0/295: loss=0.679997
  step 1/295: loss=0.624100
  step 2/295: loss=0.571398
  step 100/295: loss=0.589336
  step 200/295: loss=0.627049
[pjrt_ffi] RESIDENT: @resnet34_fwd_eval holds 182 parameter tensors (81.3 MB) on 1 device; they stop crossing PCIe from here
Epoch 27/80: loss=0.642626 lr=0.077884
  epoch 27: val_acc = 2980/3925 = 75.923567%  top5 = 3816/3925 = 97.222930%  [95% CI 74.56–77.24]
  step 0/295: loss=0.578731
  step 1/295: loss=0.576807
  step 2/295: loss=0.583485
  step 100/295: loss=0.627303
  step 200/295: loss=0.585592
[pjrt_ffi] RESIDENT: @resnet34_fwd_eval holds 182 parameter tensors (81.3 MB) on 1 device; they stop crossing PCIe from here
Epoch 28/80: loss=0.619885 lr=0.076168
  epoch 28: val_acc = 3284/3925 = 83.668790%  top5 = 3828/3925 = 97.528662%  [95% CI 82.48–84.79]
  step 0/295: loss=0.568026
  step 1/295: loss=0.575137
  step 2/295: loss=0.542227
  step 100/295: loss=0.583766
  step 200/295: loss=0.576994
[pjrt_ffi] RESIDENT: @resnet34_fwd_eval holds 182 parameter tensors (81.3 MB) on 1 device; they stop crossing PCIe from here
Epoch 29/80: loss=0.612898 lr=0.074409
  epoch 29: val_acc = 3250/3925 = 82.802548%  top5 = 3841/3925 = 97.859873%  [95% CI 81.59–83.95]
  step 0/295: loss=0.579611
  step 1/295: loss=0.583123
  step 2/295: loss=0.626828
  step 100/295: loss=0.571592
  step 200/295: loss=0.601701
[pjrt_ffi] RESIDENT: @resnet34_fwd_eval holds 182 parameter tensors (81.3 MB) on 1 device; they stop crossing PCIe from here
Epoch 30/80: loss=0.599238 lr=0.072609
  epoch 30: val_acc = 3261/3925 = 83.082803%  top5 = 3843/3925 = 97.910828%  [95% CI 81.88–84.22]
  step 0/295: loss=0.553653
  step 1/295: loss=0.668889
  step 2/295: loss=0.590988
  step 100/295: loss=0.681020
  step 200/295: loss=0.587707
[pjrt_ffi] RESIDENT: @resnet34_fwd_eval holds 182 parameter tensors (81.3 MB) on 1 device; they stop crossing PCIe from here
Epoch 31/80: loss=0.586275 lr=0.070771
  epoch 31: val_acc = 3362/3925 = 85.656051%  top5 = 3837/3925 = 97.757962%  [95% CI 84.52–86.72]
  step 0/295: loss=0.575885
  step 1/295: loss=0.590896
  step 2/295: loss=0.598964
  step 100/295: loss=0.544147
  step 200/295: loss=0.552972
[pjrt_ffi] RESIDENT: @resnet34_fwd_eval holds 182 parameter tensors (81.3 MB) on 1 device; they stop crossing PCIe from here
Epoch 32/80: loss=0.582474 lr=0.068898
  epoch 32: val_acc = 3307/3925 = 84.254777%  top5 = 3854/3925 = 98.191083%  [95% CI 83.08–85.36]
  step 0/295: loss=0.547156
  step 1/295: loss=0.590106
  step 2/295: loss=0.552871
  step 100/295: loss=0.586496
  step 200/295: loss=0.654778
[pjrt_ffi] RESIDENT: @resnet34_fwd_eval holds 182 parameter tensors (81.3 MB) on 1 device; they stop crossing PCIe from here
Epoch 33/80: loss=0.579410 lr=0.066994
  epoch 33: val_acc = 3354/3925 = 85.452229%  top5 = 3849/3925 = 98.063694%  [95% CI 84.31–86.52]
  step 0/295: loss=0.539370
  step 1/295: loss=0.591808
  step 2/295: loss=0.532021
  step 100/295: loss=0.559709
  step 200/295: loss=0.555185
[pjrt_ffi] RESIDENT: @resnet34_fwd_eval holds 182 parameter tensors (81.3 MB) on 1 device; they stop crossing PCIe from here
Epoch 34/80: loss=0.567522 lr=0.065062
  epoch 34: val_acc = 3266/3925 = 83.210191%  top5 = 3839/3925 = 97.808917%  [95% CI 82.01–84.35]
  step 0/295: loss=0.582327
  step 1/295: loss=0.543803
  step 2/295: loss=0.550953
  step 100/295: loss=0.540720
  step 200/295: loss=0.531010
[pjrt_ffi] RESIDENT: @resnet34_fwd_eval holds 182 parameter tensors (81.3 MB) on 1 device; they stop crossing PCIe from here
Epoch 35/80: loss=0.560254 lr=0.063105
  epoch 35: val_acc = 3366/3925 = 85.757962%  top5 = 3842/3925 = 97.885350%  [95% CI 84.63–86.82]
  step 0/295: loss=0.529807
  step 1/295: loss=0.555422
  step 2/295: loss=0.545242
  step 100/295: loss=0.536610
  step 200/295: loss=0.564025
[pjrt_ffi] RESIDENT: @resnet34_fwd_eval holds 182 parameter tensors (81.3 MB) on 1 device; they stop crossing PCIe from here
Epoch 36/80: loss=0.555616 lr=0.061126
  epoch 36: val_acc = 3360/3925 = 85.605096%  top5 = 3843/3925 = 97.910828%  [95% CI 84.47–86.67]
  step 0/295: loss=0.524237
  step 1/295: loss=0.633479
  step 2/295: loss=0.527714
  step 100/295: loss=0.544955
  step 200/295: loss=0.535844
[pjrt_ffi] RESIDENT: @resnet34_fwd_eval holds 182 parameter tensors (81.3 MB) on 1 device; they stop crossing PCIe from here
Epoch 37/80: loss=0.553239 lr=0.059128
  epoch 37: val_acc = 3381/3925 = 86.140127%  top5 = 3853/3925 = 98.165605%  [95% CI 85.02–87.19]
  step 0/295: loss=0.542104
  step 1/295: loss=0.548647
  step 2/295: loss=0.535012
  step 100/295: loss=0.528588
  step 200/295: loss=0.534678
[pjrt_ffi] RESIDENT: @resnet34_fwd_eval holds 182 parameter tensors (81.3 MB) on 1 device; they stop crossing PCIe from here
Epoch 38/80: loss=0.550861 lr=0.057116
  epoch 38: val_acc = 3326/3925 = 84.738854%  top5 = 3859/3925 = 98.318471%  [95% CI 83.58–85.83]
  step 0/295: loss=0.539887
  step 1/295: loss=0.538754
  step 2/295: loss=0.533397
  step 100/295: loss=0.539996
  step 200/295: loss=0.601661
[pjrt_ffi] RESIDENT: @resnet34_fwd_eval holds 182 parameter tensors (81.3 MB) on 1 device; they stop crossing PCIe from here
Epoch 39/80: loss=0.544127 lr=0.055091
  epoch 39: val_acc = 3360/3925 = 85.605096%  top5 = 3842/3925 = 97.885350%  [95% CI 84.47–86.67]
  step 0/295: loss=0.548257
  step 1/295: loss=0.523116
  step 2/295: loss=0.542199
  step 100/295: loss=0.527394
  step 200/295: loss=0.512571
[pjrt_ffi] RESIDENT: @resnet34_fwd_eval holds 182 parameter tensors (81.3 MB) on 1 device; they stop crossing PCIe from here
Epoch 40/80: loss=0.537104 lr=0.053058
  epoch 40: val_acc = 3398/3925 = 86.573248%  top5 = 3862/3925 = 98.394904%  [95% CI 85.47–87.60]
  step 0/295: loss=0.543929
  step 1/295: loss=0.526053
  step 2/295: loss=0.516119
  step 100/295: loss=0.539582
  step 200/295: loss=0.537002
[pjrt_ffi] RESIDENT: @resnet34_fwd_eval holds 182 parameter tensors (81.3 MB) on 1 device; they stop crossing PCIe from here
Epoch 41/80: loss=0.534234 lr=0.051020
  epoch 41: val_acc = 3421/3925 = 87.159236%  top5 = 3860/3925 = 98.343949%  [95% CI 86.08–88.17]
  step 0/295: loss=0.527739
  step 1/295: loss=0.524433
  step 2/295: loss=0.514459
  step 100/295: loss=0.522551
  step 200/295: loss=0.519428
[pjrt_ffi] RESIDENT: @resnet34_fwd_eval holds 182 parameter tensors (81.3 MB) on 1 device; they stop crossing PCIe from here
Epoch 42/80: loss=0.532060 lr=0.048980
  epoch 42: val_acc = 3381/3925 = 86.140127%  top5 = 3871/3925 = 98.624204%  [95% CI 85.02–87.19]
  step 0/295: loss=0.522783
  step 1/295: loss=0.582592
  step 2/295: loss=0.514089
  step 100/295: loss=0.515787
  step 200/295: loss=0.516761
[pjrt_ffi] RESIDENT: @resnet34_fwd_eval holds 182 parameter tensors (81.3 MB) on 1 device; they stop crossing PCIe from here
Epoch 43/80: loss=0.529385 lr=0.046942
  epoch 43: val_acc = 3415/3925 = 87.006369%  top5 = 3857/3925 = 98.267516%  [95% CI 85.92–88.02]
  step 0/295: loss=0.523826
  step 1/295: loss=0.515869
  step 2/295: loss=0.521959
  step 100/295: loss=0.514760
  step 200/295: loss=0.530831
[pjrt_ffi] RESIDENT: @resnet34_fwd_eval holds 182 parameter tensors (81.3 MB) on 1 device; they stop crossing PCIe from here
Epoch 44/80: loss=0.526737 lr=0.044909
  epoch 44: val_acc = 3425/3925 = 87.261146%  top5 = 3869/3925 = 98.573248%  [95% CI 86.18–88.27]
  step 0/295: loss=0.520699
  step 1/295: loss=0.515047
  step 2/295: loss=0.535460
  step 100/295: loss=0.526420
  step 200/295: loss=0.515050
[pjrt_ffi] RESIDENT: @resnet34_fwd_eval holds 182 parameter tensors (81.3 MB) on 1 device; they stop crossing PCIe from here
Epoch 45/80: loss=0.525065 lr=0.042884
  epoch 45: val_acc = 3421/3925 = 87.159236%  top5 = 3863/3925 = 98.420382%  [95% CI 86.08–88.17]
  step 0/295: loss=0.532331
  step 1/295: loss=0.533430
  step 2/295: loss=0.529747
  step 100/295: loss=0.522842
  step 200/295: loss=0.518400
[pjrt_ffi] RESIDENT: @resnet34_fwd_eval holds 182 parameter tensors (81.3 MB) on 1 device; they stop crossing PCIe from here
Epoch 46/80: loss=0.528368 lr=0.040872
  epoch 46: val_acc = 3434/3925 = 87.490446%  top5 = 3855/3925 = 98.216561%  [95% CI 86.42–88.49]
  step 0/295: loss=0.517026
  step 1/295: loss=0.522419
  step 2/295: loss=0.539048
  step 100/295: loss=0.512846
  step 200/295: loss=0.515989
[pjrt_ffi] RESIDENT: @resnet34_fwd_eval holds 182 parameter tensors (81.3 MB) on 1 device; they stop crossing PCIe from here
Epoch 47/80: loss=0.523250 lr=0.038874
  epoch 47: val_acc = 3439/3925 = 87.617834%  top5 = 3859/3925 = 98.318471%  [95% CI 86.55–88.61]
  step 0/295: loss=0.516465
  step 1/295: loss=0.513035
  step 2/295: loss=0.513284
  step 100/295: loss=0.517989
  step 200/295: loss=0.539956
[pjrt_ffi] RESIDENT: @resnet34_fwd_eval holds 182 parameter tensors (81.3 MB) on 1 device; they stop crossing PCIe from here
Epoch 48/80: loss=0.519877 lr=0.036895
  epoch 48: val_acc = 3442/3925 = 87.694268%  top5 = 3865/3925 = 98.471338%  [95% CI 86.63–88.69]
  step 0/295: loss=0.520728
  step 1/295: loss=0.512406
  step 2/295: loss=0.517223
  step 100/295: loss=0.527936
  step 200/295: loss=0.512248
[pjrt_ffi] RESIDENT: @resnet34_fwd_eval holds 182 parameter tensors (81.3 MB) on 1 device; they stop crossing PCIe from here
Epoch 49/80: loss=0.520517 lr=0.034938
  epoch 49: val_acc = 3427/3925 = 87.312102%  top5 = 3859/3925 = 98.318471%  [95% CI 86.23–88.32]
  step 0/295: loss=0.514955
  step 1/295: loss=0.508892
  step 2/295: loss=0.554461
  step 100/295: loss=0.511114
  step 200/295: loss=0.525421
[pjrt_ffi] RESIDENT: @resnet34_fwd_eval holds 182 parameter tensors (81.3 MB) on 1 device; they stop crossing PCIe from here
Epoch 50/80: loss=0.519142 lr=0.033006
  epoch 50: val_acc = 3430/3925 = 87.388535%  top5 = 3855/3925 = 98.216561%  [95% CI 86.31–88.39]
  step 0/295: loss=0.508659
  step 1/295: loss=0.509349
  step 2/295: loss=0.515486
  step 100/295: loss=0.514580
  step 200/295: loss=0.543589
[pjrt_ffi] RESIDENT: @resnet34_fwd_eval holds 182 parameter tensors (81.3 MB) on 1 device; they stop crossing PCIe from here
Epoch 51/80: loss=0.518282 lr=0.031102
  epoch 51: val_acc = 3427/3925 = 87.312102%  top5 = 3862/3925 = 98.394904%  [95% CI 86.23–88.32]
  step 0/295: loss=0.515283
  step 1/295: loss=0.519817
  step 2/295: loss=0.518249
  step 100/295: loss=0.516179
  step 200/295: loss=0.523567
[pjrt_ffi] RESIDENT: @resnet34_fwd_eval holds 182 parameter tensors (81.3 MB) on 1 device; they stop crossing PCIe from here
Epoch 52/80: loss=0.517835 lr=0.029229
  epoch 52: val_acc = 3446/3925 = 87.796178%  top5 = 3857/3925 = 98.267516%  [95% CI 86.74–88.78]
  step 0/295: loss=0.514682
  step 1/295: loss=0.532417
  step 2/295: loss=0.512027
  step 100/295: loss=0.534383
  step 200/295: loss=0.539412
[pjrt_ffi] RESIDENT: @resnet34_fwd_eval holds 182 parameter tensors (81.3 MB) on 1 device; they stop crossing PCIe from here
Epoch 53/80: loss=0.516996 lr=0.027391
  epoch 53: val_acc = 3446/3925 = 87.796178%  top5 = 3872/3925 = 98.649682%  [95% CI 86.74–88.78]
  step 0/295: loss=0.511583
  step 1/295: loss=0.516410
  step 2/295: loss=0.526018
  step 100/295: loss=0.513552
  step 200/295: loss=0.523834
[pjrt_ffi] RESIDENT: @resnet34_fwd_eval holds 182 parameter tensors (81.3 MB) on 1 device; they stop crossing PCIe from here
Epoch 54/80: loss=0.515212 lr=0.025591
  epoch 54: val_acc = 3457/3925 = 88.076433%  top5 = 3863/3925 = 98.420382%  [95% CI 87.03–89.05]
  step 0/295: loss=0.516358
  step 1/295: loss=0.529063
  step 2/295: loss=0.510583
  step 100/295: loss=0.512278
  step 200/295: loss=0.510568
[pjrt_ffi] RESIDENT: @resnet34_fwd_eval holds 182 parameter tensors (81.3 MB) on 1 device; they stop crossing PCIe from here
Epoch 55/80: loss=0.514534 lr=0.023832
  epoch 55: val_acc = 3444/3925 = 87.745223%  top5 = 3868/3925 = 98.547771%  [95% CI 86.68–88.73]
  step 0/295: loss=0.508481
  step 1/295: loss=0.523006
  step 2/295: loss=0.507827
  step 100/295: loss=0.510824
  step 200/295: loss=0.511440
[pjrt_ffi] RESIDENT: @resnet34_fwd_eval holds 182 parameter tensors (81.3 MB) on 1 device; they stop crossing PCIe from here
Epoch 56/80: loss=0.514699 lr=0.022116
  epoch 56: val_acc = 3453/3925 = 87.974522%  top5 = 3874/3925 = 98.700637%  [95% CI 86.92–88.96]
  step 0/295: loss=0.508138
  step 1/295: loss=0.510175
  step 2/295: loss=0.512709
  step 100/295: loss=0.534443
  step 200/295: loss=0.509411
[pjrt_ffi] RESIDENT: @resnet34_fwd_eval holds 182 parameter tensors (81.3 MB) on 1 device; they stop crossing PCIe from here
Epoch 57/80: loss=0.515704 lr=0.020446
  epoch 57: val_acc = 3436/3925 = 87.541401%  top5 = 3863/3925 = 98.420382%  [95% CI 86.47–88.54]
  step 0/295: loss=0.538106
  step 1/295: loss=0.517429
  step 2/295: loss=0.513671
  step 100/295: loss=0.516712
  step 200/295: loss=0.508577
[pjrt_ffi] RESIDENT: @resnet34_fwd_eval holds 182 parameter tensors (81.3 MB) on 1 device; they stop crossing PCIe from here
Epoch 58/80: loss=0.514976 lr=0.018826
  epoch 58: val_acc = 3439/3925 = 87.617834%  top5 = 3865/3925 = 98.471338%  [95% CI 86.55–88.61]
  step 0/295: loss=0.509297
  step 1/295: loss=0.512756
  step 2/295: loss=0.526128
  step 100/295: loss=0.513290
  step 200/295: loss=0.512123
[pjrt_ffi] RESIDENT: @resnet34_fwd_eval holds 182 parameter tensors (81.3 MB) on 1 device; they stop crossing PCIe from here
Epoch 59/80: loss=0.513509 lr=0.017257
  epoch 59: val_acc = 3451/3925 = 87.923567%  top5 = 3869/3925 = 98.573248%  [95% CI 86.87–88.91]
  step 0/295: loss=0.508154
  step 1/295: loss=0.526500
  step 2/295: loss=0.538125
  step 100/295: loss=0.507537
  step 200/295: loss=0.520942
[pjrt_ffi] RESIDENT: @resnet34_fwd_eval holds 182 parameter tensors (81.3 MB) on 1 device; they stop crossing PCIe from here
Epoch 60/80: loss=0.513748 lr=0.015743
  epoch 60: val_acc = 3454/3925 = 88.000000%  top5 = 3876/3925 = 98.751592%  [95% CI 86.95–88.98]
  step 0/295: loss=0.512964
  step 1/295: loss=0.507971
  step 2/295: loss=0.506403
  step 100/295: loss=0.511176
  step 200/295: loss=0.527472
[pjrt_ffi] RESIDENT: @resnet34_fwd_eval holds 182 parameter tensors (81.3 MB) on 1 device; they stop crossing PCIe from here
Epoch 61/80: loss=0.512623 lr=0.014286
  epoch 61: val_acc = 3464/3925 = 88.254777%  top5 = 3869/3925 = 98.573248%  [95% CI 87.21–89.22]
  step 0/295: loss=0.511222
  step 1/295: loss=0.507219
  step 2/295: loss=0.509168
  step 100/295: loss=0.510092
  step 200/295: loss=0.515682
[pjrt_ffi] RESIDENT: @resnet34_fwd_eval holds 182 parameter tensors (81.3 MB) on 1 device; they stop crossing PCIe from here
Epoch 62/80: loss=0.512531 lr=0.012888
  epoch 62: val_acc = 3466/3925 = 88.305732%  top5 = 3870/3925 = 98.598726%  [95% CI 87.26–89.27]
  step 0/295: loss=0.509473
  step 1/295: loss=0.506520
  step 2/295: loss=0.509891
  step 100/295: loss=0.523471
  step 200/295: loss=0.509534
[pjrt_ffi] RESIDENT: @resnet34_fwd_eval holds 182 parameter tensors (81.3 MB) on 1 device; they stop crossing PCIe from here
Epoch 63/80: loss=0.512457 lr=0.011552
  epoch 63: val_acc = 3469/3925 = 88.382166%  top5 = 3872/3925 = 98.649682%  [95% CI 87.34–89.35]
  step 0/295: loss=0.510109
  step 1/295: loss=0.514785
  step 2/295: loss=0.509786
  step 100/295: loss=0.512593
  step 200/295: loss=0.510222
[pjrt_ffi] RESIDENT: @resnet34_fwd_eval holds 182 parameter tensors (81.3 MB) on 1 device; they stop crossing PCIe from here
Epoch 64/80: loss=0.511456 lr=0.010281
  epoch 64: val_acc = 3460/3925 = 88.152866%  top5 = 3867/3925 = 98.522293%  [95% CI 87.10–89.13]
  step 0/295: loss=0.518252
  step 1/295: loss=0.512487
  step 2/295: loss=0.508736
  step 100/295: loss=0.508211
  step 200/295: loss=0.511321
[pjrt_ffi] RESIDENT: @resnet34_fwd_eval holds 182 parameter tensors (81.3 MB) on 1 device; they stop crossing PCIe from here
Epoch 65/80: loss=0.511674 lr=0.009075
  epoch 65: val_acc = 3464/3925 = 88.254777%  top5 = 3873/3925 = 98.675159%  [95% CI 87.21–89.22]
  step 0/295: loss=0.510750
  step 1/295: loss=0.515666
  step 2/295: loss=0.506032
  step 100/295: loss=0.508556
  step 200/295: loss=0.507307
[pjrt_ffi] RESIDENT: @resnet34_fwd_eval holds 182 parameter tensors (81.3 MB) on 1 device; they stop crossing PCIe from here
Epoch 66/80: loss=0.511408 lr=0.007937
  epoch 66: val_acc = 3461/3925 = 88.178344%  top5 = 3869/3925 = 98.573248%  [95% CI 87.13–89.15]
  step 0/295: loss=0.509619
  step 1/295: loss=0.509965
  step 2/295: loss=0.510592
  step 100/295: loss=0.511793
  step 200/295: loss=0.506915
[pjrt_ffi] RESIDENT: @resnet34_fwd_eval holds 182 parameter tensors (81.3 MB) on 1 device; they stop crossing PCIe from here
Epoch 67/80: loss=0.510955 lr=0.006870
  epoch 67: val_acc = 3465/3925 = 88.280255%  top5 = 3864/3925 = 98.445860%  [95% CI 87.24–89.25]
  step 0/295: loss=0.511350
  step 1/295: loss=0.523954
  step 2/295: loss=0.508985
  step 100/295: loss=0.510700
  step 200/295: loss=0.510103
[pjrt_ffi] RESIDENT: @resnet34_fwd_eval holds 182 parameter tensors (81.3 MB) on 1 device; they stop crossing PCIe from here
Epoch 68/80: loss=0.511454 lr=0.005874
  epoch 68: val_acc = 3459/3925 = 88.127389%  top5 = 3864/3925 = 98.445860%  [95% CI 87.08–89.10]
  step 0/295: loss=0.515553
  step 1/295: loss=0.515940
  step 2/295: loss=0.506195
  step 100/295: loss=0.506606
  step 200/295: loss=0.508335
[pjrt_ffi] RESIDENT: @resnet34_fwd_eval holds 182 parameter tensors (81.3 MB) on 1 device; they stop crossing PCIe from here
Epoch 69/80: loss=0.510888 lr=0.004952
  epoch 69: val_acc = 3461/3925 = 88.178344%  top5 = 3872/3925 = 98.649682%  [95% CI 87.13–89.15]
  step 0/295: loss=0.530733
  step 1/295: loss=0.507061
  step 2/295: loss=0.506513
  step 100/295: loss=0.513056
  step 200/295: loss=0.507760
[pjrt_ffi] RESIDENT: @resnet34_fwd_eval holds 182 parameter tensors (81.3 MB) on 1 device; they stop crossing PCIe from here
Epoch 70/80: loss=0.510496 lr=0.004104
  epoch 70: val_acc = 3460/3925 = 88.152866%  top5 = 3866/3925 = 98.496815%  [95% CI 87.10–89.13]
  step 0/295: loss=0.505512
  step 1/295: loss=0.511764
  step 2/295: loss=0.521420
  step 100/295: loss=0.523915
  step 200/295: loss=0.506879
[pjrt_ffi] RESIDENT: @resnet34_fwd_eval holds 182 parameter tensors (81.3 MB) on 1 device; they stop crossing PCIe from here
Epoch 71/80: loss=0.510858 lr=0.003333
  epoch 71: val_acc = 3459/3925 = 88.127389%  top5 = 3868/3925 = 98.547771%  [95% CI 87.08–89.10]
  step 0/295: loss=0.509809
  step 1/295: loss=0.515399
  step 2/295: loss=0.520282
  step 100/295: loss=0.511518
  step 200/295: loss=0.537520
[pjrt_ffi] RESIDENT: @resnet34_fwd_eval holds 182 parameter tensors (81.3 MB) on 1 device; they stop crossing PCIe from here
Epoch 72/80: loss=0.511134 lr=0.002640
  epoch 72: val_acc = 3454/3925 = 88.000000%  top5 = 3867/3925 = 98.522293%  [95% CI 86.95–88.98]
  step 0/295: loss=0.521886
  step 1/295: loss=0.513313
  step 2/295: loss=0.511350
  step 100/295: loss=0.514940
  step 200/295: loss=0.507650
[pjrt_ffi] RESIDENT: @resnet34_fwd_eval holds 182 parameter tensors (81.3 MB) on 1 device; they stop crossing PCIe from here
Epoch 73/80: loss=0.510938 lr=0.002025
  epoch 73: val_acc = 3456/3925 = 88.050955%  top5 = 3870/3925 = 98.598726%  [95% CI 87.00–89.03]
  step 0/295: loss=0.506929
  step 1/295: loss=0.515560
  step 2/295: loss=0.509992
  step 100/295: loss=0.506578
  step 200/295: loss=0.508376
[pjrt_ffi] RESIDENT: @resnet34_fwd_eval holds 182 parameter tensors (81.3 MB) on 1 device; they stop crossing PCIe from here
Epoch 74/80: loss=0.510688 lr=0.001491
  epoch 74: val_acc = 3461/3925 = 88.178344%  top5 = 3869/3925 = 98.573248%  [95% CI 87.13–89.15]
  step 0/295: loss=0.507104
  step 1/295: loss=0.505395
  step 2/295: loss=0.505642
  step 100/295: loss=0.508060
  step 200/295: loss=0.509831
[pjrt_ffi] RESIDENT: @resnet34_fwd_eval holds 182 parameter tensors (81.3 MB) on 1 device; they stop crossing PCIe from here
Epoch 75/80: loss=0.510467 lr=0.001037
  epoch 75: val_acc = 3458/3925 = 88.101911%  top5 = 3867/3925 = 98.522293%  [95% CI 87.05–89.08]
  step 0/295: loss=0.506133
  step 1/295: loss=0.510978
  step 2/295: loss=0.507844
  step 100/295: loss=0.522859
  step 200/295: loss=0.505710
[pjrt_ffi] RESIDENT: @resnet34_fwd_eval holds 182 parameter tensors (81.3 MB) on 1 device; they stop crossing PCIe from here
Epoch 76/80: loss=0.510260 lr=0.000664
  epoch 76: val_acc = 3457/3925 = 88.076433%  top5 = 3868/3925 = 98.547771%  [95% CI 87.03–89.05]
  step 0/295: loss=0.504797
  step 1/295: loss=0.508444
  step 2/295: loss=0.509905
  step 100/295: loss=0.531843
  step 200/295: loss=0.531746
[pjrt_ffi] RESIDENT: @resnet34_fwd_eval holds 182 parameter tensors (81.3 MB) on 1 device; they stop crossing PCIe from here
Epoch 77/80: loss=0.510651 lr=0.000374
  epoch 77: val_acc = 3459/3925 = 88.127389%  top5 = 3867/3925 = 98.522293%  [95% CI 87.08–89.10]
  step 0/295: loss=0.506761
  step 1/295: loss=0.511127
  step 2/295: loss=0.508257
  step 100/295: loss=0.507269
  step 200/295: loss=0.507298
[pjrt_ffi] RESIDENT: @resnet34_fwd_eval holds 182 parameter tensors (81.3 MB) on 1 device; they stop crossing PCIe from here
Epoch 78/80: loss=0.510422 lr=0.000166
  epoch 78: val_acc = 3459/3925 = 88.127389%  top5 = 3868/3925 = 98.547771%  [95% CI 87.08–89.10]
  step 0/295: loss=0.505780
  step 1/295: loss=0.509808
  step 2/295: loss=0.506959
  step 100/295: loss=0.505888
  step 200/295: loss=0.509839
[pjrt_ffi] RESIDENT: @resnet34_fwd_eval holds 182 parameter tensors (81.3 MB) on 1 device; they stop crossing PCIe from here
Epoch 79/80: loss=0.510265 lr=0.000042
  epoch 79: val_acc = 3456/3925 = 88.050955%  top5 = 3870/3925 = 98.598726%  [95% CI 87.00–89.03]
  step 0/295: loss=0.512259
  step 1/295: loss=0.504895
  step 2/295: loss=0.520625
  step 100/295: loss=0.506901
  step 200/295: loss=0.509076
[pjrt_ffi] RESIDENT: @resnet34_fwd_eval holds 182 parameter tensors (81.3 MB) on 1 device; they stop crossing PCIe from here
Epoch 80/80: loss=0.510394 lr=0.000000
  epoch 80: val_acc = 3459/3925 = 88.127389%  top5 = 3872/3925 = 98.649682%  [95% CI 87.08–89.10]
done (trained ResNet-34 sgd + cosine/warmup via packed threading).
