I0911 05:53:33.131069 1631375 service.cc:154] XLA service 0x7c735879a910 initialized for platform CUDA (this does not guarantee that XLA will be used). Devices:
I0911 05:53:33.131149 1631375 service.cc:170]   StreamExecutor [0]: NVIDIA GeForce RTX 4060 Ti, Compute Capability 8.9 (Driver: 12.9.0[575.57.8]; Runtime: 12.9.0; Toolkit: 12.9.0; DNN: 9.23.2)
I0911 05:53:33.131159 1631375 service.cc:170]   StreamExecutor [1]: NVIDIA GeForce RTX 4060 Ti, Compute Capability 8.9 (Driver: 12.9.0[575.57.8]; Runtime: 12.9.0; Toolkit: 12.9.0; DNN: 9.23.2)
I0911 05:53:33.131165 1631375 service.cc:170]   StreamExecutor [2]: NVIDIA GeForce RTX 4060 Ti, Compute Capability 8.9 (Driver: 12.9.0[575.57.8]; Runtime: 12.9.0; Toolkit: 12.9.0; DNN: 9.23.2)
I0911 05:53:33.131170 1631375 service.cc:170]   StreamExecutor [3]: NVIDIA GeForce RTX 4060 Ti, Compute Capability 8.9 (Driver: 12.9.0[575.57.8]; Runtime: 12.9.0; Toolkit: 12.9.0; DNN: 9.23.2)
I0911 05:53:33.135163 1631375 se_gpu_pjrt_client.cc:1342] Using BFC allocator.
I0911 05:53:33.135191 1631375 gpu_helpers.cc:162] XLA backend allocating 11.68GiB (12543066112 bytes) on device 0 for BFCAllocator.
I0911 05:53:33.135231 1631375 gpu_helpers.cc:162] XLA backend allocating 11.68GiB (12543066112 bytes) on device 1 for BFCAllocator.
I0911 05:53:33.135244 1631375 gpu_helpers.cc:162] XLA backend allocating 11.68GiB (12543066112 bytes) on device 2 for BFCAllocator.
I0911 05:53:33.135255 1631375 gpu_helpers.cc:162] XLA backend allocating 11.68GiB (12543066112 bytes) on device 3 for BFCAllocator.
I0911 05:53:33.145040 1631375 cuda_dnn.cc:440] Loaded cuDNN version 92302
[pjrt_ffi] XLA backend: PJRT 0.114, 4 device(s)
[pjrt_ffi] command buffers: enabled (CUDA default)
I0911 05:53:38.813802 1631468 subprocess_compilation.cc:349] ptxas warning : Registers are spilled to local memory in function 'gemm_fusion_dot_5', 72 bytes spill stores, 40 bytes spill loads

I0911 05:53:39.184188 1631473 subprocess_compilation.cc:349] ptxas warning : Registers are spilled to local memory in function 'gemm_fusion_dot_216', 12 bytes spill stores, 12 bytes spill loads

I0911 05:53:39.249927 1631446 subprocess_compilation.cc:349] ptxas warning : Registers are spilled to local memory in function 'gemm_fusion_dot_74', 92 bytes spill stores, 56 bytes spill loads

I0911 05:53:39.266820 1631459 subprocess_compilation.cc:349] ptxas warning : Registers are spilled to local memory in function 'gemm_fusion_dot_5', 9108 bytes spill stores, 9020 bytes spill loads

I0911 05:53:39.635453 1631468 subprocess_compilation.cc:349] ptxas warning : Registers are spilled to local memory in function 'gemm_fusion_dot_3', 72 bytes spill stores, 40 bytes spill loads

I0911 05:53:39.649044 1631470 subprocess_compilation.cc:349] ptxas warning : Registers are spilled to local memory in function 'gemm_fusion_dot_579', 72 bytes spill stores, 40 bytes spill loads

I0911 05:53:40.020805 1631457 subprocess_compilation.cc:349] ptxas warning : Registers are spilled to local memory in function 'gemm_fusion_dot_951', 12 bytes spill stores, 4 bytes spill loads

I0911 05:53:40.050684 1631459 subprocess_compilation.cc:349] ptxas warning : Registers are spilled to local memory in function 'gemm_fusion_dot_74', 72 bytes spill stores, 72 bytes spill loads

I0911 05:53:40.150162 1631444 subprocess_compilation.cc:349] ptxas warning : Registers are spilled to local memory in function 'gemm_fusion_dot_438', 8 bytes spill stores, 8 bytes spill loads

I0911 05:53:40.394311 1631464 subprocess_compilation.cc:349] ptxas warning : Registers are spilled to local memory in function 'gemm_fusion_dot_72', 72 bytes spill stores, 72 bytes spill loads

I0911 05:53:40.458651 1631446 subprocess_compilation.cc:349] ptxas warning : Registers are spilled to local memory in function 'gemm_fusion_dot_579', 72 bytes spill stores, 40 bytes spill loads

I0911 05:53:40.778415 1631447 subprocess_compilation.cc:349] ptxas warning : Registers are spilled to local memory in function 'gemm_fusion_dot_3', 64 bytes spill stores, 32 bytes spill loads

I0911 05:53:41.152232 1631446 subprocess_compilation.cc:349] ptxas warning : Registers are spilled to local memory in function 'gemm_fusion_dot_964', 12 bytes spill stores, 4 bytes spill loads

I0911 05:53:41.227829 1631455 subprocess_compilation.cc:349] ptxas warning : Registers are spilled to local memory in function 'gemm_fusion_dot_73', 72 bytes spill stores, 72 bytes spill loads

I0911 05:53:41.513320 1631443 subprocess_compilation.cc:349] ptxas warning : Registers are spilled to local memory in function 'gemm_fusion_dot_4', 92 bytes spill stores, 92 bytes spill loads

I0911 05:53:41.540922 1631458 subprocess_compilation.cc:349] ptxas warning : Registers are spilled to local memory in function 'gemm_fusion_dot_73', 8556 bytes spill stores, 8448 bytes spill loads

I0911 05:53:41.575734 1631467 subprocess_compilation.cc:349] ptxas warning : Registers are spilled to local memory in function 'gemm_fusion_dot_966', 168 bytes spill stores, 92 bytes spill loads

I0911 05:53:41.766777 1631469 subprocess_compilation.cc:349] ptxas warning : Registers are spilled to local memory in function 'gemm_fusion_dot_589', 12 bytes spill stores, 12 bytes spill loads

I0911 05:53:41.774630 1631452 subprocess_compilation.cc:349] ptxas warning : Registers are spilled to local memory in function 'gemm_fusion_dot_4', 804 bytes spill stores, 548 bytes spill loads

I0911 05:53:42.108020 1631469 subprocess_compilation.cc:349] ptxas warning : Registers are spilled to local memory in function 'gemm_fusion_dot_963', 32 bytes spill stores, 32 bytes spill loads

I0911 05:53:42.146540 1631450 subprocess_compilation.cc:349] ptxas warning : Registers are spilled to local memory in function 'gemm_fusion_dot_963', 712 bytes spill stores, 712 bytes spill loads

I0911 05:53:42.201430 1631470 subprocess_compilation.cc:349] ptxas warning : Registers are spilled to local memory in function 'gemm_fusion_dot_967', 84 bytes spill stores, 68 bytes spill loads

I0911 05:53:42.231007 1631447 subprocess_compilation.cc:349] ptxas warning : Registers are spilled to local memory in function 'gemm_fusion_dot_72', 132 bytes spill stores, 72 bytes spill loads

I0911 05:53:42.690372 1631468 subprocess_compilation.cc:349] ptxas warning : Registers are spilled to local memory in function 'gemm_fusion_dot_965', 96 bytes spill stores, 64 bytes spill loads

I0911 05:53:44.839436 1631450 subprocess_compilation.cc:349] ptxas warning : Registers are spilled to local memory in function 'fusion_1286', 156 bytes spill stores, 156 bytes spill loads

I0911 05:53:44.866680 1631459 subprocess_compilation.cc:349] ptxas warning : Registers are spilled to local memory in function 'fusion_1284', 144 bytes spill stores, 144 bytes spill loads

I0911 05:53:46.106331 1631470 subprocess_compilation.cc:349] ptxas warning : Registers are spilled to local memory in function 'fusion_1328', 180 bytes spill stores, 180 bytes spill loads

I0911 05:53:46.111952 1631453 subprocess_compilation.cc:349] ptxas warning : Registers are spilled to local memory in function 'fusion_1326', 228 bytes spill stores, 228 bytes spill loads

I0911 05:53:49.537212 1631458 subprocess_compilation.cc:349] ptxas warning : Registers are spilled to local memory in function 'fusion_1330', 448 bytes spill stores, 448 bytes spill loads

[pjrt_ffi] compiled verified_mlir/vitin_adamdp128x4wxclipdrop_train_step.mlir (@vitin_adamdp128x4wxclipdrop_train_step, 627 outputs, 4 replicas) in 16586 ms
I0911 05:53:50.895848 1631459 subprocess_compilation.cc:349] ptxas warning : Registers are spilled to local memory in function 'gemm_fusion_dot_6', 88 bytes spill stores, 88 bytes spill loads

I0911 05:53:51.041138 1631467 subprocess_compilation.cc:349] ptxas warning : Registers are spilled to local memory in function 'gemm_fusion_dot_10', 92 bytes spill stores, 92 bytes spill loads

I0911 05:53:51.138579 1631470 subprocess_compilation.cc:349] ptxas warning : Registers are spilled to local memory in function 'gemm_fusion_dot_6', 804 bytes spill stores, 548 bytes spill loads

I0911 05:53:51.245456 1631455 subprocess_compilation.cc:349] ptxas warning : Registers are spilled to local memory in function 'gemm_fusion_dot_10', 804 bytes spill stores, 548 bytes spill loads

I0911 05:53:51.386907 1631451 subprocess_compilation.cc:349] ptxas warning : Registers are spilled to local memory in function 'gemm_fusion_dot_289', 72 bytes spill stores, 40 bytes spill loads

I0911 05:53:51.490831 1631456 subprocess_compilation.cc:349] ptxas warning : Registers are spilled to local memory in function 'gemm_fusion_dot_5', 72 bytes spill stores, 40 bytes spill loads

I0911 05:53:51.555519 1631472 subprocess_compilation.cc:349] ptxas warning : Registers are spilled to local memory in function 'gemm_fusion_dot_3', 72 bytes spill stores, 40 bytes spill loads

I0911 05:53:51.856185 1631463 subprocess_compilation.cc:349] ptxas warning : Registers are spilled to local memory in function 'gemm_fusion_dot_5', 9108 bytes spill stores, 9020 bytes spill loads

I0911 05:53:51.882259 1631450 subprocess_compilation.cc:349] ptxas warning : Registers are spilled to local memory in function 'gemm_fusion_dot_3', 64 bytes spill stores, 32 bytes spill loads

I0911 05:53:51.899147 1631456 subprocess_compilation.cc:349] ptxas warning : Registers are spilled to local memory in function 'gemm_fusion_dot_289', 72 bytes spill stores, 40 bytes spill loads

I0911 05:53:51.982699 1631443 subprocess_compilation.cc:349] ptxas warning : Registers are spilled to local memory in function 'gemm_fusion_dot_148', 8 bytes spill stores, 8 bytes spill loads

[pjrt_ffi] compiled verified_mlir/vitin_fwd.mlir (@vitin_fwd, 1 outputs, 1 replica) in 2858 ms
WARNING: All log messages before absl::InitializeLog() is called are written to STDERR
I0000 00:00:1789106032.954860 1632498 cpu_feature_guard.cc:227] This TensorFlow binary is optimized to use available CPU instructions in performance-critical operations.
To enable the following instructions: AVX2 FMA, in other operations, rebuild TensorFlow with the appropriate compiler flags.
I0000 00:00:1789106034.961388 1632723 tf_record_dataset_op.cc:396] The default buffer size is 262144, which is overridden by the user specified `buffer_size` of 8388608
ViT-Tiny on full 1000-class ImageNet via the VERIFIED renderer → XLA/PJRT → GPU, with the tfds batch shim supplying the same augmentation the Lean→JAX reference trainer uses
  xla/pjrt verified_mlir/vitin_adamdp128x4wxclipdrop_train_step.mlir
  xla/pjrt verified_mlir/vitin_fwd.mlir
  imagenet shim: jax/.lake/build/generated_vit_tiny_imagenet_shim.py — validation split, batch 256, 150528 floats/img (seed 0)
  imagenet: draining the val split into RAM (~30 GB, one time)…
  imagenet: val ready — 50000 images, 28710 MB
  ▸ val = all 50,000 (timm's denominator; drop_remainder=False on the val split)
  train 1281167, test 50000; bs 128, ViT-Tiny (ImageNet-1k) adamdp128x4wxclipdrop (cosine+warmup 5ep, baseLR 0.000500), He init
  ▸ STOCHASTIC DEPTH: 24 drop sites, keeps #[1.000000, 1.000000, 0.991000, 0.991000, 0.982000, 0.982000, 0.973000, 0.973000, 0.964000, 0.964000, 0.955000, 0.955000, 0.945000, 0.945000, 0.936000, 0.936000, 0.927000, 0.927000, 0.918000, 0.918000, 0.909000, 0.909000, 0.900000, 0.900000] — host-drawn per step, 1/keep folded in, NOT on the resident path. Eval is the identity (drop-free forward).
  eval batch 256 (the batch @vitin_fwd was RENDERED at) != train batch 128 — sound because eval is class-batch-independent
  DATA-PARALLEL: 4 replicas x bs 128 = global batch 512, 2502 steps/epoch
WARNING: All log messages before absl::InitializeLog() is called are written to STDERR
I0000 00:00:1789106080.928922 1633560 cpu_feature_guard.cc:227] This TensorFlow binary is optimized to use available CPU instructions in performance-critical operations.
To enable the following instructions: AVX2 FMA, in other operations, rebuild TensorFlow with the appropriate compiler flags.
I0000 00:00:1789106084.793906 1633792 tf_record_dataset_op.cc:396] The default buffer size is 262144, which is overridden by the user specified `buffer_size` of 8388608
WARNING: All log messages before absl::InitializeLog() is called are written to STDERR
I0000 00:00:1789106086.278751 1633868 cpu_feature_guard.cc:227] This TensorFlow binary is optimized to use available CPU instructions in performance-critical operations.
To enable the following instructions: AVX2 FMA, in other operations, rebuild TensorFlow with the appropriate compiler flags.
I0000 00:00:1789106090.603335 1634095 tf_record_dataset_op.cc:396] The default buffer size is 262144, which is overridden by the user specified `buffer_size` of 8388608
WARNING: All log messages before absl::InitializeLog() is called are written to STDERR
I0000 00:00:1789106092.310454 1634169 cpu_feature_guard.cc:227] This TensorFlow binary is optimized to use available CPU instructions in performance-critical operations.
To enable the following instructions: AVX2 FMA, in other operations, rebuild TensorFlow with the appropriate compiler flags.
I0000 00:00:1789106096.534440 1634397 tf_record_dataset_op.cc:396] The default buffer size is 262144, which is overridden by the user specified `buffer_size` of 8388608
WARNING: All log messages before absl::InitializeLog() is called are written to STDERR
I0000 00:00:1789106098.288576 1634472 cpu_feature_guard.cc:227] This TensorFlow binary is optimized to use available CPU instructions in performance-critical operations.
To enable the following instructions: AVX2 FMA, in other operations, rebuild TensorFlow with the appropriate compiler flags.
I0000 00:00:1789106102.476513 1634736 tf_record_dataset_op.cc:396] The default buffer size is 262144, which is overridden by the user specified `buffer_size` of 8388608
WARNING: All log messages before absl::InitializeLog() is called are written to STDERR
I0000 00:00:1789106104.297333 1634811 cpu_feature_guard.cc:227] This TensorFlow binary is optimized to use available CPU instructions in performance-critical operations.
To enable the following instructions: AVX2 FMA, in other operations, rebuild TensorFlow with the appropriate compiler flags.
I0000 00:00:1789106108.430142 1635042 tf_record_dataset_op.cc:396] The default buffer size is 262144, which is overridden by the user specified `buffer_size` of 8388608
WARNING: All log messages before absl::InitializeLog() is called are written to STDERR
I0000 00:00:1789106109.933812 1635117 cpu_feature_guard.cc:227] This TensorFlow binary is optimized to use available CPU instructions in performance-critical operations.
To enable the following instructions: AVX2 FMA, in other operations, rebuild TensorFlow with the appropriate compiler flags.
I0000 00:00:1789106114.209028 1635342 tf_record_dataset_op.cc:396] The default buffer size is 262144, which is overridden by the user specified `buffer_size` of 8388608
WARNING: All log messages before absl::InitializeLog() is called are written to STDERR
I0000 00:00:1789106115.884759 1635419 cpu_feature_guard.cc:227] This TensorFlow binary is optimized to use available CPU instructions in performance-critical operations.
To enable the following instructions: AVX2 FMA, in other operations, rebuild TensorFlow with the appropriate compiler flags.
I0000 00:00:1789106120.035246 1635646 tf_record_dataset_op.cc:396] The default buffer size is 262144, which is overridden by the user specified `buffer_size` of 8388608
WARNING: All log messages before absl::InitializeLog() is called are written to STDERR
I0000 00:00:1789106121.652647 1635720 cpu_feature_guard.cc:227] This TensorFlow binary is optimized to use available CPU instructions in performance-critical operations.
To enable the following instructions: AVX2 FMA, in other operations, rebuild TensorFlow with the appropriate compiler flags.
I0000 00:00:1789106125.895580 1635947 tf_record_dataset_op.cc:396] The default buffer size is 262144, which is overridden by the user specified `buffer_size` of 8388608
READ h=0 step=0 issued=664687224 start=664687224 end=664687755
READ h=1 step=1 issued=664687755 start=664687755 end=664688831
READ h=3 step=3 issued=664687757 start=664687757 end=664688856
READ h=2 step=2 issued=664687756 start=664687756 end=664688875
[pjrt_ffi] RESIDENT: @vitin_adamdp128x4wxclipdrop_train_step holds 600 parameter tensors (65.4 MB) on 4 devices; they stop crossing PCIe from here
READ h=4 step=4 issued=664687758 start=664687758 end=664688886
READ h=6 step=6 issued=664687758 start=664687759 end=664689085
READ h=5 step=5 issued=664687758 start=664687758 end=664689189
READ h=0 step=8 issued=664687759 start=664687760 end=664690240
I0911 05:55:29.675934 1631436 cuda_dnn.cc:440] Loaded cuDNN version 92302
I0911 05:55:29.675971 1631439 cuda_dnn.cc:440] Loaded cuDNN version 92302
I0911 05:55:29.681019 1631433 cuda_dnn.cc:440] Loaded cuDNN version 92302
  ▸ INIT: timm/DeiT (σ=0.02 weights, patch-embed on PyTorch Conv2d default)
  ▸ MIXUP/CUTMIX: this net's recipe declares SHIM_MIX=both; ON (wire v2, soft float32 targets — the reference recipe). ⚠ λ is drawn from numpy's Generator, not jax.random — agreement with the reference is DISTRIBUTIONAL, never per-step.
  imagenet shim: jax/.lake/build/generated_vit_tiny_imagenet_shim.py — train split, batch 512, 150528 floats/img (seed 1), wire v4 soft targets [512x1000]
  imagenet shim: jax/.lake/build/generated_vit_tiny_imagenet_shim.py — train split, batch 512, 150528 floats/img (seed 2), wire v4 soft targets [512x1000]
  imagenet shim: jax/.lake/build/generated_vit_tiny_imagenet_shim.py — train split, batch 512, 150528 floats/img (seed 3), wire v4 soft targets [512x1000]
  imagenet shim: jax/.lake/build/generated_vit_tiny_imagenet_shim.py — train split, batch 512, 150528 floats/img (seed 4), wire v4 soft targets [512x1000]
  imagenet shim: jax/.lake/build/generated_vit_tiny_imagenet_shim.py — train split, batch 512, 150528 floats/img (seed 5), wire v4 soft targets [512x1000]
  imagenet shim: jax/.lake/build/generated_vit_tiny_imagenet_shim.py — train split, batch 512, 150528 floats/img (seed 6), wire v4 soft targets [512x1000]
  imagenet shim: jax/.lake/build/generated_vit_tiny_imagenet_shim.py — train split, batch 512, 150528 floats/img (seed 7), wire v4 soft targets [512x1000]
  imagenet shim: jax/.lake/build/generated_vit_tiny_imagenet_shim.py — train split, batch 512, 150528 floats/img (seed 8), wire v4 soft targets [512x1000]
  imagenet shim: 8 sharded producers (round-robin over batches)
  ▸ SHIM PREFETCH: ON (depth 8 over 8 producer handle(s) — each step's read is issued before the previous step's invoke, one in flight PER HANDLE, so every producer drains during compute instead of blocking in write()). Measured 377 → 224 ms/step on R34/ImageNet 4×bs64 for depth 1. Batch buffers are allocated and freed on the main thread; the pool only fills them.
  step 0/2502: loss=6.953394
  step 1/2502: loss=6.943165
  step 2/2502: loss=6.933318
READ h=7 step=7 issued=664687758 start=664687759 end=664692245
READ h=1 step=9 issued=664691690 start=664691692 end=664692483
READ h=2 step=10 issued=664691907 start=664691907 end=664692688
READ h=3 step=11 issued=664692118 start=664692118 end=664693019
READ h=4 step=12 issued=664692336 start=664692338 end=664693240
READ h=5 step=13 issued=664692586 start=664692589 end=664693503
READ h=6 step=14 issued=664692885 start=664692885 end=664693782
READ h=7 step=15 issued=664693151 start=664693153 end=664693937
READ h=0 step=16 issued=664693430 start=664693430 end=664694307
READ h=1 step=17 issued=664693697 start=664693697 end=664694514
READ h=2 step=18 issued=664693934 start=664693934 end=664694791
READ h=3 step=19 issued=664694196 start=664694197 end=664695032
READ h=4 step=20 issued=664694613 start=664694613 end=664695449
READ h=5 step=21 issued=664694900 start=664694901 end=664695740
READ h=6 step=22 issued=664695175 start=664695177 end=664696010
READ h=7 step=23 issued=664695426 start=664695427 end=664696334
READ h=0 step=24 issued=664695654 start=664695654 end=664696535
READ h=1 step=25 issued=664695880 start=664695880 end=664696627
READ h=2 step=26 issued=664696148 start=664696148 end=664696971
READ h=3 step=27 issued=664696420 start=664696422 end=664697314
READ h=4 step=28 issued=664696717 start=664696719 end=664697603
READ h=5 step=29 issued=664697029 start=664697029 end=664697789
READ h=6 step=30 issued=664697265 start=664697265 end=664698053
READ h=7 step=31 issued=664697494 start=664697494 end=664698363
READ h=0 step=32 issued=664697744 start=664697744 end=664698652
READ h=1 step=33 issued=664698026 start=664698027 end=664698845
READ h=2 step=34 issued=664698256 start=664698256 end=664699084
READ h=3 step=35 issued=664698515 start=664698518 end=664699323
READ h=4 step=36 issued=664698771 start=664698774 end=664699691
READ h=5 step=37 issued=664699064 start=664699066 end=664699940
READ h=6 step=38 issued=664699321 start=664699321 end=664699977
READ h=7 step=39 issued=664699551 start=664699551 end=664700313
READ h=0 step=40 issued=664699781 start=664699781 end=664700676
READ h=1 step=41 issued=664700050 start=664700051 end=664700998
READ h=2 step=42 issued=664700387 start=664700387 end=664701054
READ h=3 step=43 issued=664700646 start=664700646 end=664701537
READ h=4 step=44 issued=664700876 start=664700877 end=664701802
READ h=5 step=45 issued=664701119 start=664701125 end=664702036
READ h=6 step=46 issued=664701471 start=664701471 end=664702297
READ h=7 step=47 issued=664701720 start=664701720 end=664702608
READ h=0 step=48 issued=664701976 start=664701977 end=664702849
READ h=1 step=49 issued=664702240 start=664702241 end=664703056
READ h=2 step=50 issued=664702480 start=664702480 end=664703303
READ h=3 step=51 issued=664702722 start=664702724 end=664703591
READ h=4 step=52 issued=664703004 start=664703006 end=664703889
READ h=5 step=53 issued=664703264 start=664703266 end=664703986
READ h=6 step=54 issued=664703524 start=664703524 end=664704222
READ h=7 step=55 issued=664703751 start=664703753 end=664704604
READ h=0 step=56 issued=664704001 start=664704001 end=664704901
READ h=1 step=57 issued=664704356 start=664704356 end=664705067
READ h=2 step=58 issued=664704613 start=664704614 end=664705389
READ h=3 step=59 issued=664704825 start=664704825 end=664705640
READ h=4 step=60 issued=664705075 start=664705075 end=664705941
READ h=5 step=61 issued=664705339 start=664705339 end=664706098
READ h=6 step=62 issued=664705578 start=664705579 end=664706388
READ h=7 step=63 issued=664705819 start=664705819 end=664706641
READ h=0 step=64 issued=664706081 start=664706082 end=664706973
READ h=1 step=65 issued=664706359 start=664706359 end=664707123
READ h=2 step=66 issued=664706591 start=664706594 end=664707438
READ h=3 step=67 issued=664706823 start=664706825 end=664707675
READ h=4 step=68 issued=664707061 start=664707065 end=664707929
READ h=5 step=69 issued=664707339 start=664707341 end=664708163
READ h=6 step=70 issued=664707633 start=664707634 end=664708457
READ h=7 step=71 issued=664707891 start=664707894 end=664708723
READ h=0 step=72 issued=664708137 start=664708138 end=664708933
READ h=1 step=73 issued=664708387 start=664708387 end=664709242
READ h=2 step=74 issued=664708612 start=664708612 end=664709496
READ h=3 step=75 issued=664708902 start=664708904 end=664709775
READ h=4 step=76 issued=664709149 start=664709150 end=664709879
READ h=5 step=77 issued=664709402 start=664709405 end=664710195
READ h=6 step=78 issued=664709669 start=664709674 end=664710577
READ h=7 step=79 issued=664709943 start=664709943 end=664710769
READ h=0 step=80 issued=664710231 start=664710231 end=664710984
READ h=1 step=81 issued=664710485 start=664710485 end=664711279
READ h=2 step=82 issued=664710720 start=664710723 end=664711583
READ h=3 step=83 issued=664710995 start=664710995 end=664711779
READ h=4 step=84 issued=664711224 start=664711227 end=664711991
READ h=5 step=85 issued=664711464 start=664711465 end=664712281
READ h=6 step=86 issued=664711730 start=664711730 end=664712584
READ h=7 step=87 issued=664712005 start=664712008 end=664712850
READ h=0 step=88 issued=664712238 start=664712238 end=664713009
READ h=1 step=89 issued=664712468 start=664712468 end=664713227
READ h=2 step=90 issued=664712710 start=664712711 end=664713553
READ h=3 step=91 issued=664713011 start=664713011 end=664713870
READ h=4 step=92 issued=664713280 start=664713280 end=664714107
READ h=5 step=93 issued=664713558 start=664713558 end=664714354
READ h=6 step=94 issued=664713787 start=664713787 end=664714598
READ h=7 step=95 issued=664714023 start=664714025 end=664714869
READ h=0 step=96 issued=664714306 start=664714306 end=664715140
READ h=1 step=97 issued=664714553 start=664714553 end=664715372
READ h=2 step=98 issued=664714795 start=664714795 end=664715625
READ h=3 step=99 issued=664715056 start=664715057 end=664715923
READ h=4 step=100 issued=664715293 start=664715293 end=664716139
READ h=5 step=101 issued=664715555 start=664715557 end=664716425
READ h=6 step=102 issued=664715811 start=664715811 end=664716602
READ h=7 step=103 issued=664716058 start=664716059 end=664716914
READ h=0 step=104 issued=664716333 start=664716335 end=664717156
READ h=1 step=105 issued=664716608 start=664716610 end=664717444
  step 100/2502: loss=6.942315
READ h=2 step=106 issued=664716855 start=664716855 end=664717695
READ h=3 step=107 issued=664717079 start=664717081 end=664717963
READ h=4 step=108 issued=664717346 start=664717346 end=664718180
READ h=5 step=109 issued=664717602 start=664717604 end=664718479
READ h=6 step=110 issued=664717869 start=664717869 end=664718720
READ h=7 step=111 issued=664718126 start=664718129 end=664718965
READ h=0 step=112 issued=664718389 start=664718390 end=664719219
READ h=1 step=113 issued=664718627 start=664718628 end=664719450
READ h=2 step=114 issued=664718889 start=664718890 end=664719688
READ h=3 step=115 issued=664719143 start=664719145 end=664720006
READ h=4 step=116 issued=664719396 start=664719399 end=664720240
READ h=5 step=117 issued=664719649 start=664719649 end=664720485
READ h=6 step=118 issued=664719892 start=664719892 end=664720715
READ h=7 step=119 issued=664720127 start=664720130 end=664720968
READ h=0 step=120 issued=664720407 start=664720409 end=664721300
READ h=1 step=121 issued=664720676 start=664720678 end=664721417
READ h=2 step=122 issued=664720919 start=664720921 end=664721718
READ h=3 step=123 issued=664721186 start=664721189 end=664722062
READ h=4 step=124 issued=664721429 start=664721432 end=664722327
READ h=5 step=125 issued=664721719 start=664721721 end=664722554
READ h=6 step=126 issued=664721955 start=664721956 end=664722706
READ h=7 step=127 issued=664722188 start=664722191 end=664723060
READ h=0 step=128 issued=664722485 start=664722487 end=664723381
READ h=1 step=129 issued=664722774 start=664722774 end=664723507
READ h=2 step=130 issued=664723038 start=664723038 end=664723796
READ h=3 step=131 issued=664723273 start=664723273 end=664724083
READ h=4 step=132 issued=664723506 start=664723507 end=664724395
READ h=5 step=133 issued=664723797 start=664723798 end=664724656
READ h=6 step=134 issued=664724044 start=664724044 end=664724748
READ h=7 step=135 issued=664724281 start=664724281 end=664725054
READ h=0 step=136 issued=664724515 start=664724515 end=664725388
READ h=1 step=137 issued=664724814 start=664724814 end=664725663
READ h=2 step=138 issued=664725104 start=664725104 end=664725959
READ h=3 step=139 issued=664725354 start=664725354 end=664726163
READ h=4 step=140 issued=664725588 start=664725588 end=664726460
READ h=5 step=141 issued=664725844 start=664725844 end=664726699
READ h=6 step=142 issued=664726101 start=664726101 end=664726981
READ h=7 step=143 issued=664726385 start=664726386 end=664727221
READ h=0 step=144 issued=664726624 start=664726627 end=664727450
READ h=1 step=145 issued=664726893 start=664726896 end=664727730
READ h=2 step=146 issued=664727130 start=664727132 end=664727993
READ h=3 step=147 issued=664727407 start=664727407 end=664728243
READ h=4 step=148 issued=664727650 start=664727650 end=664728471
READ h=5 step=149 issued=664727899 start=664727899 end=664728760
READ h=6 step=150 issued=664728155 start=664728157 end=664729029
READ h=7 step=151 issued=664728408 start=664728411 end=664729323
READ h=0 step=152 issued=664728666 start=664728666 end=664729427
READ h=1 step=153 issued=664728916 start=664728918 end=664729725
READ h=2 step=154 issued=664729185 start=664729186 end=664730058
READ h=3 step=155 issued=664729477 start=664729479 end=664730353
READ h=4 step=156 issued=664729749 start=664729749 end=664730596
READ h=5 step=157 issued=664729980 start=664729980 end=664730765
READ h=6 step=158 issued=664730206 start=664730206 end=664731102
READ h=7 step=159 issued=664730484 start=664730485 end=664731337
READ h=0 step=160 issued=664730777 start=664730777 end=664731687
READ h=1 step=161 issued=664731045 start=664731047 end=664731883
READ h=2 step=162 issued=664731276 start=664731276 end=664732008
READ h=3 step=163 issued=664731530 start=664731532 end=664732337
READ h=4 step=164 issued=664731782 start=664731784 end=664732685
READ h=5 step=165 issued=664732065 start=664732067 end=664732949
READ h=6 step=166 issued=664732375 start=664732375 end=664733131
READ h=7 step=167 issued=664732619 start=664732619 end=664733459
READ h=0 step=168 issued=664732852 start=664732853 end=664733747
READ h=1 step=169 issued=664733129 start=664733129 end=664734016
READ h=2 step=170 issued=664733374 start=664733374 end=664734168
READ h=3 step=171 issued=664733612 start=664733615 end=664734364
READ h=4 step=172 issued=664733886 start=664733886 end=664734805
READ h=5 step=173 issued=664734169 start=664734169 end=664735044
READ h=6 step=174 issued=664734437 start=664734440 end=664735256
READ h=7 step=175 issued=664734713 start=664734713 end=664735528
READ h=0 step=176 issued=664734950 start=664734952 end=664735836
READ h=1 step=177 issued=664735241 start=664735243 end=664736072
READ h=2 step=178 issued=664735475 start=664735477 end=664736312
READ h=3 step=179 issued=664735710 start=664735710 end=664736546
READ h=4 step=180 issued=664735958 start=664735960 end=664736845
READ h=5 step=181 issued=664736231 start=664736231 end=664737016
READ h=6 step=182 issued=664736497 start=664736499 end=664737352
READ h=7 step=183 issued=664736744 start=664736744 end=664737619
READ h=0 step=184 issued=664736987 start=664736989 end=664737862
READ h=1 step=185 issued=664737261 start=664737264 end=664738039
READ h=2 step=186 issued=664737507 start=664737510 end=664738357
READ h=3 step=187 issued=664737785 start=664737785 end=664738641
READ h=4 step=188 issued=664738055 start=664738056 end=664738873
READ h=5 step=189 issued=664738290 start=664738290 end=664739035
READ h=6 step=190 issued=664738527 start=664738528 end=664739377
READ h=7 step=191 issued=664738779 start=664738779 end=664739663
READ h=0 step=192 issued=664739057 start=664739059 end=664739930
READ h=1 step=193 issued=664739303 start=664739304 end=664740086
READ h=2 step=194 issued=664739533 start=664739536 end=664740341
READ h=3 step=195 issued=664739811 start=664739813 end=664740699
READ h=4 step=196 issued=664740081 start=664740081 end=664740931
READ h=5 step=197 issued=664740346 start=664740348 end=664741182
READ h=6 step=198 issued=664740595 start=664740595 end=664741310
READ h=7 step=199 issued=664740819 start=664740819 end=664741616
READ h=0 step=200 issued=664741111 start=664741112 end=664741997
READ h=1 step=201 issued=664741385 start=664741386 end=664742180
READ h=2 step=202 issued=664741626 start=664741627 end=664742494
READ h=3 step=203 issued=664741849 start=664741849 end=664742542
READ h=4 step=204 issued=664742084 start=664742084 end=664742932
READ h=5 step=205 issued=664742349 start=664742352 end=664743205
  step 200/2502: loss=6.931444
READ h=6 step=206 issued=664742628 start=664742628 end=664743498
READ h=7 step=207 issued=664742959 start=664742959 end=664743775
READ h=0 step=208 issued=664743201 start=664743201 end=664744017
READ h=1 step=209 issued=664743418 start=664743418 end=664744207
READ h=2 step=210 issued=664743661 start=664743661 end=664744501
READ h=3 step=211 issued=664743917 start=664743918 end=664744749
READ h=4 step=212 issued=664744205 start=664744207 end=664745077
READ h=5 step=213 issued=664744443 start=664744445 end=664745168
READ h=6 step=214 issued=664744677 start=664744677 end=664745463
READ h=7 step=215 issued=664744921 start=664744922 end=664745780
READ h=0 step=216 issued=664745179 start=664745181 end=664746118
READ h=1 step=217 issued=664745475 start=664745477 end=664746297
READ h=2 step=218 issued=664745726 start=664745726 end=664746507
READ h=3 step=219 issued=664745955 start=664745957 end=664746819
READ h=4 step=220 issued=664746221 start=664746225 end=664747139
READ h=5 step=221 issued=664746504 start=664746504 end=664747379
READ h=6 step=222 issued=664746773 start=664746776 end=664747552
READ h=7 step=223 issued=664747033 start=664747034 end=664747865
READ h=0 step=224 issued=664747270 start=664747270 end=664748155
READ h=1 step=225 issued=664747557 start=664747557 end=664748421
READ h=2 step=226 issued=664747823 start=664747823 end=664748673
READ h=3 step=227 issued=664748076 start=664748076 end=664748897
READ h=4 step=228 issued=664748314 start=664748314 end=664749193
READ h=5 step=229 issued=664748590 start=664748591 end=664749447
READ h=6 step=230 issued=664748850 start=664748853 end=664749709
READ h=7 step=231 issued=664749110 start=664749110 end=664749958
READ h=0 step=232 issued=664749358 start=664749358 end=664750214
READ h=1 step=233 issued=664749625 start=664749626 end=664750489
READ h=2 step=234 issued=664749890 start=664749892 end=664750648
READ h=3 step=235 issued=664750129 start=664750129 end=664750991
READ h=4 step=236 issued=664750391 start=664750393 end=664751275
READ h=5 step=237 issued=664750643 start=664750646 end=664751541
READ h=6 step=238 issued=664750934 start=664750934 end=664751771
READ h=7 step=239 issued=664751161 start=664751161 end=664752027
READ h=0 step=240 issued=664751413 start=664751418 end=664752291
READ h=1 step=241 issued=664751692 start=664751694 end=664752563
READ h=2 step=242 issued=664751958 start=664751959 end=664752804
READ h=3 step=243 issued=664752214 start=664752216 end=664753023
READ h=4 step=244 issued=664752459 start=664752460 end=664753271
READ h=5 step=245 issued=664752718 start=664752718 end=664753587
READ h=6 step=246 issued=664752979 start=664752979 end=664753811
READ h=7 step=247 issued=664753234 start=664753236 end=664754018
READ h=0 step=248 issued=664753474 start=664753476 end=664754344
READ h=1 step=249 issued=664753716 start=664753717 end=664754590
READ h=2 step=250 issued=664753974 start=664753976 end=664754838
READ h=3 step=251 issued=664754239 start=664754239 end=664754981
READ h=4 step=252 issued=664754486 start=664754491 end=664755397
READ h=5 step=253 issued=664754764 start=664754764 end=664755483
READ h=6 step=254 issued=664755025 start=664755026 end=664755803
READ h=7 step=255 issued=664755313 start=664755313 end=664756173
READ h=0 step=256 issued=664755551 start=664755551 end=664756469
READ h=1 step=257 issued=664755841 start=664755841 end=664756519
READ h=2 step=258 issued=664756092 start=664756092 end=664756894
READ h=3 step=259 issued=664756313 start=664756316 end=664757170
READ h=4 step=260 issued=664756595 start=664756596 end=664757537
READ h=5 step=261 issued=664756864 start=664756864 end=664757696
READ h=6 step=262 issued=664757128 start=664757128 end=664757885
READ h=7 step=263 issued=664757353 start=664757354 end=664758168
READ h=0 step=264 issued=664757610 start=664757610 end=664758531
READ h=1 step=265 issued=664757888 start=664757888 end=664758673
READ h=2 step=266 issued=664758173 start=664758173 end=664758987
READ h=3 step=267 issued=664758404 start=664758405 end=664759209
READ h=4 step=268 issued=664758638 start=664758640 end=664759531
READ h=5 step=269 issued=664758909 start=664758909 end=664759759
READ h=6 step=270 issued=664759161 start=664759161 end=664760055
READ h=7 step=271 issued=664759415 start=664759415 end=664760131
READ h=0 step=272 issued=664759667 start=664759667 end=664760507
READ h=1 step=273 issued=664759948 start=664759948 end=664760814
READ h=2 step=274 issued=664760212 start=664760213 end=664761119
READ h=3 step=275 issued=664760542 start=664760542 end=664761377
READ h=4 step=276 issued=664760772 start=664760772 end=664761528
READ h=5 step=277 issued=664761022 start=664761022 end=664761817
READ h=6 step=278 issued=664761277 start=664761279 end=664762158
READ h=7 step=279 issued=664761551 start=664761553 end=664762457
READ h=0 step=280 issued=664761822 start=664761822 end=664762575
READ h=1 step=281 issued=664762049 start=664762050 end=664762811
READ h=2 step=282 issued=664762296 start=664762296 end=664763142
READ h=3 step=283 issued=664762591 start=664762592 end=664763484
READ h=4 step=284 issued=664762888 start=664762889 end=664763713
READ h=5 step=285 issued=664763135 start=664763136 end=664763903
READ h=6 step=286 issued=664763360 start=664763360 end=664764128
READ h=7 step=287 issued=664763603 start=664763603 end=664764481
READ h=0 step=288 issued=664763905 start=664763907 end=664764803
READ h=1 step=289 issued=664764159 start=664764159 end=664764925
READ h=2 step=290 issued=664764396 start=664764396 end=664765161
READ h=3 step=291 issued=664764629 start=664764630 end=664765460
READ h=4 step=292 issued=664764880 start=664764881 end=664765779
READ h=5 step=293 issued=664765142 start=664765142 end=664766008
READ h=6 step=294 issued=664765433 start=664765433 end=664766256
READ h=7 step=295 issued=664765677 start=664765677 end=664766501
READ h=0 step=296 issued=664765910 start=664765910 end=664766745
READ h=1 step=297 issued=664766176 start=664766176 end=664767010
READ h=2 step=298 issued=664766432 start=664766432 end=664767307
READ h=3 step=299 issued=664766704 start=664766706 end=664767557
READ h=4 step=300 issued=664766949 start=664766951 end=664767745
READ h=5 step=301 issued=664767191 start=664767193 end=664768026
READ h=6 step=302 issued=664767458 start=664767459 end=664768334
READ h=7 step=303 issued=664767722 start=664767724 end=664768548
READ h=0 step=304 issued=664767995 start=664767996 end=664768845
READ h=1 step=305 issued=664768237 start=664768237 end=664769080
  step 300/2502: loss=6.898426
READ h=2 step=306 issued=664768477 start=664768478 end=664769377
READ h=3 step=307 issued=664768760 start=664768760 end=664769540
READ h=4 step=308 issued=664768992 start=664768997 end=664769877
READ h=5 step=309 issued=664769236 start=664769237 end=664770029
READ h=6 step=310 issued=664769490 start=664769492 end=664770365
READ h=7 step=311 issued=664769783 start=664769783 end=664770623
READ h=0 step=312 issued=664770025 start=664770025 end=664770884
READ h=1 step=313 issued=664770294 start=664770294 end=664771108
READ h=2 step=314 issued=664770558 start=664770562 end=664771393
READ h=3 step=315 issued=664770793 start=664770794 end=664771641
READ h=4 step=316 issued=664771067 start=664771069 end=664771914
READ h=5 step=317 issued=664771313 start=664771315 end=664772151
READ h=6 step=318 issued=664771568 start=664771571 end=664772422
READ h=7 step=319 issued=664771823 start=664771825 end=664772662
READ h=0 step=320 issued=664772086 start=664772087 end=664772918
READ h=1 step=321 issued=664772338 start=664772341 end=664773146
READ h=2 step=322 issued=664772585 start=664772587 end=664773445
READ h=3 step=323 issued=664772852 start=664772852 end=664773690
READ h=4 step=324 issued=664773120 start=664773121 end=664773999
READ h=5 step=325 issued=664773372 start=664773372 end=664774206
READ h=6 step=326 issued=664773602 start=664773603 end=664774468
READ h=7 step=327 issued=664773868 start=664773871 end=664774709
READ h=0 step=328 issued=664774130 start=664774130 end=664775000
READ h=1 step=329 issued=664774413 start=664774414 end=664775173
READ h=2 step=330 issued=664774657 start=664774657 end=664775465
READ h=3 step=331 issued=664774899 start=664774901 end=664775782
READ h=4 step=332 issued=664775140 start=664775140 end=664775994
READ h=5 step=333 issued=664775422 start=664775424 end=664776285
READ h=6 step=334 issued=664775658 start=664775661 end=664776502
READ h=7 step=335 issued=664775915 start=664775915 end=664776753
READ h=0 step=336 issued=664776218 start=664776219 end=664777025
READ h=1 step=337 issued=664776486 start=664776486 end=664777337
READ h=2 step=338 issued=664776725 start=664776727 end=664777511
READ h=3 step=339 issued=664776957 start=664776959 end=664777778
READ h=4 step=340 issued=664777203 start=664777206 end=664778020
READ h=5 step=341 issued=664777459 start=664777459 end=664778351
READ h=6 step=342 issued=664777734 start=664777735 end=664778599
READ h=7 step=343 issued=664778001 start=664778001 end=664778755
READ h=0 step=344 issued=664778226 start=664778226 end=664779012
READ h=1 step=345 issued=664778461 start=664778461 end=664779320
READ h=2 step=346 issued=664778759 start=664778761 end=664779631
READ h=3 step=347 issued=664779056 start=664779056 end=664779890
READ h=4 step=348 issued=664779325 start=664779325 end=664780195
READ h=5 step=349 issued=664779549 start=664779549 end=664780207
READ h=6 step=350 issued=664779776 start=664779778 end=664780630
READ h=7 step=351 issued=664780067 start=664780069 end=664780898
READ h=0 step=352 issued=664780384 start=664780384 end=664781220
READ h=1 step=353 issued=664780763 start=664780765 end=664781473
READ h=2 step=354 issued=664781036 start=664781036 end=664781795
READ h=3 step=355 issued=664781296 start=664781298 end=664782061
READ h=4 step=356 issued=664781584 start=664781584 end=664782304
READ h=5 step=357 issued=664781858 start=664781858 end=664782654
READ h=6 step=358 issued=664782099 start=664782099 end=664782890
READ h=7 step=359 issued=664782336 start=664782336 end=664783157
READ h=0 step=360 issued=664782561 start=664782561 end=664783376
READ h=1 step=361 issued=664782784 start=664782786 end=664783653
READ h=2 step=362 issued=664783061 start=664783062 end=664783903
READ h=3 step=363 issued=664783317 start=664783319 end=664784172
READ h=4 step=364 issued=664783597 start=664783598 end=664784408
READ h=5 step=365 issued=664783842 start=664783843 end=664784710
READ h=6 step=366 issued=664784091 start=664784094 end=664784970
READ h=7 step=367 issued=664784339 start=664784341 end=664785155
READ h=0 step=368 issued=664784604 start=664784604 end=664785463
READ h=1 step=369 issued=664784851 start=664784854 end=664785712
READ h=2 step=370 issued=664785137 start=664785139 end=664786037
READ h=3 step=371 issued=664785403 start=664785405 end=664786231
READ h=4 step=372 issued=664785635 start=664785636 end=664786515
READ h=5 step=373 issued=664785892 start=664785893 end=664786750
READ h=6 step=374 issued=664786156 start=664786158 end=664787040
READ h=7 step=375 issued=664786434 start=664786435 end=664787236
READ h=0 step=376 issued=664786695 start=664786696 end=664787552
READ h=1 step=377 issued=664786955 start=664786957 end=664787792
READ h=2 step=378 issued=664787197 start=664787198 end=664788062
READ h=3 step=379 issued=664787472 start=664787472 end=664788309
READ h=4 step=380 issued=664787708 start=664787708 end=664788484
READ h=5 step=381 issued=664787977 start=664787978 end=664788824
READ h=6 step=382 issued=664788246 start=664788247 end=664789079
READ h=7 step=383 issued=664788492 start=664788492 end=664789375
READ h=0 step=384 issued=664788742 start=664788745 end=664789486
READ h=1 step=385 issued=664788970 start=664788970 end=664789795
READ h=2 step=386 issued=664789245 start=664789247 end=664790107
READ h=3 step=387 issued=664789509 start=664789509 end=664790406
READ h=4 step=388 issued=664789817 start=664789817 end=664790600
READ h=5 step=389 issued=664790037 start=664790037 end=664790802
READ h=6 step=390 issued=664790268 start=664790268 end=664791093
READ h=7 step=391 issued=664790517 start=664790519 end=664791812
READ h=0 step=392 issued=664790799 start=664790799 end=664800456
READ h=1 step=393 issued=664791061 start=664791061 end=664808608
READ h=2 step=394 issued=664791300 start=664791300 end=664817540
READ h=3 step=395 issued=664791727 start=664791727 end=664819146
READ h=4 step=396 issued=664793242 start=664793248 end=664826071
READ h=5 step=397 issued=664799495 start=664799500 end=664835234
READ h=6 step=398 issued=664801105 start=664801105 end=664852417
READ h=7 step=399 issued=664804875 start=664804878 end=664853437
READ h=0 step=400 issued=664809489 start=664809491 end=664853589
READ h=2 step=402 issued=664817543 start=664817543 end=664853934
READ h=4 step=404 issued=664826084 start=664826090 end=664853937
  step 400/2502: loss=6.899896
READ h=1 step=401 issued=664810596 start=664810597 end=664853990
READ h=6 step=406 issued=664852435 start=664852438 end=664854140
READ h=3 step=403 issued=664819189 start=664819198 end=664854190
READ h=5 step=405 issued=664839036 start=664839041 end=664854320
READ h=7 step=407 issued=664853437 start=664853437 end=664855411
READ h=0 step=408 issued=664853681 start=664853685 end=664855446
READ h=1 step=409 issued=664853993 start=664853993 end=664855774
READ h=3 step=411 issued=664854922 start=664854938 end=664855916
READ h=2 step=410 issued=664854351 start=664854353 end=664855991
READ h=4 step=412 issued=664855286 start=664855286 end=664856282
READ h=5 step=413 issued=664855531 start=664855536 end=664856907
READ h=6 step=414 issued=664855864 start=664855864 end=664856996
READ h=7 step=415 issued=664856168 start=664856169 end=664857169
READ h=0 step=416 issued=664856558 start=664856559 end=664857427
READ h=1 step=417 issued=664856874 start=664856874 end=664857734
READ h=2 step=418 issued=664857121 start=664857130 end=664858159
READ h=3 step=419 issued=664857432 start=664857432 end=664858252
READ h=4 step=420 issued=664857713 start=664857713 end=664858597
READ h=5 step=421 issued=664857964 start=664857967 end=664858689
READ h=6 step=422 issued=664858191 start=664858191 end=664859133
READ h=7 step=423 issued=664858487 start=664858487 end=664859409
READ h=0 step=424 issued=664858811 start=664858811 end=664859661
READ h=1 step=425 issued=664859086 start=664859086 end=664859864
READ h=2 step=426 issued=664859307 start=664859307 end=664860182
READ h=3 step=427 issued=664859559 start=664859559 end=664860402
READ h=4 step=428 issued=664859820 start=664859823 end=664860662
READ h=5 step=429 issued=664860079 start=664860085 end=664860960
READ h=6 step=430 issued=664860352 start=664860352 end=664861227
READ h=7 step=431 issued=664860607 start=664860608 end=664861418
READ h=0 step=432 issued=664860860 start=664860862 end=664861739
READ h=1 step=433 issued=664861116 start=664861116 end=664861999
READ h=2 step=434 issued=664861399 start=664861401 end=664862250
READ h=3 step=435 issued=664861665 start=664861665 end=664862491
READ h=4 step=436 issued=664861901 start=664861901 end=664862759
READ h=5 step=437 issued=664862181 start=664862182 end=664863051
READ h=6 step=438 issued=664862434 start=664862434 end=664863153
READ h=7 step=439 issued=664862686 start=664862686 end=664863551
READ h=0 step=440 issued=664862939 start=664862941 end=664863811
READ h=1 step=441 issued=664863207 start=664863209 end=664864090
READ h=2 step=442 issued=664863490 start=664863490 end=664864237
READ h=3 step=443 issued=664863722 start=664863724 end=664864592
READ h=4 step=444 issued=664863976 start=664863979 end=664864836
READ h=5 step=445 issued=664864238 start=664864238 end=664865093
READ h=6 step=446 issued=664864520 start=664864520 end=664865314
READ h=7 step=447 issued=664864747 start=664864749 end=664865620
READ h=0 step=448 issued=664865023 start=664865023 end=664865871
READ h=1 step=449 issued=664865275 start=664865277 end=664866100
READ h=2 step=450 issued=664865522 start=664865522 end=664866342
READ h=3 step=451 issued=664865761 start=664865761 end=664866639
READ h=4 step=452 issued=664866066 start=664866067 end=664866877
READ h=5 step=453 issued=664866302 start=664866303 end=664867128
READ h=6 step=454 issued=664866540 start=664866540 end=664867369
READ h=7 step=455 issued=664866794 start=664866794 end=664867635
READ h=0 step=456 issued=664867067 start=664867067 end=664867888
READ h=1 step=457 issued=664867318 start=664867318 end=664868125
READ h=2 step=458 issued=664867558 start=664867560 end=664868419
READ h=3 step=459 issued=664867806 start=664867806 end=664868651
READ h=4 step=460 issued=664868062 start=664868063 end=664868879
READ h=5 step=461 issued=664868329 start=664868331 end=664869176
READ h=6 step=462 issued=664868574 start=664868576 end=664869409
READ h=7 step=463 issued=664868840 start=664868842 end=664869696
READ h=0 step=464 issued=664869106 start=664869106 end=664869951
READ h=1 step=465 issued=664869344 start=664869345 end=664870205
READ h=2 step=466 issued=664869612 start=664869614 end=664870376
READ h=3 step=467 issued=664869859 start=664869865 end=664870721
READ h=4 step=468 issued=664870141 start=664870141 end=664870997
READ h=5 step=469 issued=664870389 start=664870389 end=664871237
READ h=6 step=470 issued=664870638 start=664870639 end=664871421
READ h=7 step=471 issued=664870883 start=664870887 end=664871708
READ h=0 step=472 issued=664871142 start=664871144 end=664872009
READ h=1 step=473 issued=664871427 start=664871428 end=664872309
READ h=2 step=474 issued=664871678 start=664871678 end=664872400
READ h=3 step=475 issued=664871911 start=664871912 end=664872742
READ h=4 step=476 issued=664872159 start=664872162 end=664873051
READ h=5 step=477 issued=664872435 start=664872435 end=664873326
READ h=6 step=478 issued=664872737 start=664872737 end=664873573
READ h=7 step=479 issued=664872966 start=664872968 end=664873756
READ h=0 step=480 issued=664873209 start=664873211 end=664874061
READ h=1 step=481 issued=664873463 start=664873465 end=664874334
READ h=2 step=482 issued=664873751 start=664873753 end=664874641
READ h=3 step=483 issued=664874010 start=664874010 end=664874722
READ h=4 step=484 issued=664874251 start=664874251 end=664875034
READ h=5 step=485 issued=664874510 start=664874512 end=664875343
READ h=6 step=486 issued=664874787 start=664874788 end=664875675
READ h=7 step=487 issued=664875101 start=664875101 end=664875915
READ h=0 step=488 issued=664875375 start=664875375 end=664876178
READ h=1 step=489 issued=664875607 start=664875607 end=664876436
READ h=2 step=490 issued=664875831 start=664875831 end=664876718
READ h=3 step=491 issued=664876105 start=664876105 end=664876934
READ h=4 step=492 issued=664876347 start=664876347 end=664877221
READ h=5 step=493 issued=664876605 start=664876607 end=664877441
READ h=6 step=494 issued=664876862 start=664876863 end=664877735
READ h=7 step=495 issued=664877139 start=664877139 end=664877976
READ h=0 step=496 issued=664877378 start=664877380 end=664878234
READ h=1 step=497 issued=664877633 start=664877637 end=664878503
READ h=2 step=498 issued=664877900 start=664877902 end=664878742
READ h=3 step=499 issued=664878158 start=664878158 end=664878966
READ h=4 step=500 issued=664878422 start=664878423 end=664879286
READ h=5 step=501 issued=664878663 start=664878663 end=664879530
READ h=6 step=502 issued=664878933 start=664878938 end=664879755
READ h=7 step=503 issued=664879182 start=664879182 end=664879978
READ h=0 step=504 issued=664879423 start=664879426 end=664880310
READ h=1 step=505 issued=664879707 start=664879707 end=664880579
  step 500/2502: loss=6.886182
READ h=2 step=506 issued=664879954 start=664879957 end=664880766
READ h=3 step=507 issued=664880211 start=664880211 end=664881019
READ h=4 step=508 issued=664880442 start=664880443 end=664881308
READ h=5 step=509 issued=664880748 start=664880751 end=664881623
READ h=6 step=510 issued=664881017 start=664881019 end=664881886
READ h=7 step=511 issued=664881263 start=664881264 end=664882098
READ h=0 step=512 issued=664881508 start=664881508 end=664882285
READ h=1 step=513 issued=664881747 start=664881747 end=664882607
READ h=2 step=514 issued=664882039 start=664882039 end=664882917
READ h=3 step=515 issued=664882308 start=664882308 end=664883174
READ h=4 step=516 issued=664882570 start=664882570 end=664883346
READ h=5 step=517 issued=664882797 start=664882797 end=664883680
READ h=6 step=518 issued=664883058 start=664883058 end=664883966
READ h=7 step=519 issued=664883336 start=664883336 end=664884245
READ h=0 step=520 issued=664883605 start=664883605 end=664884421
READ h=1 step=521 issued=664883833 start=664883834 end=664884726
READ h=2 step=522 issued=664884115 start=664884115 end=664885013
READ h=3 step=523 issued=664884397 start=664884400 end=664885272
READ h=4 step=524 issued=664884683 start=664884683 end=664885457
READ h=5 step=525 issued=664884941 start=664884941 end=664885749
READ h=6 step=526 issued=664885179 start=664885180 end=664886029
READ h=7 step=527 issued=664885435 start=664885435 end=664886302
READ h=0 step=528 issued=664885715 start=664885715 end=664886583
READ h=1 step=529 issued=664885964 start=664885964 end=664886766
READ h=2 step=530 issued=664886206 start=664886206 end=664887097
READ h=3 step=531 issued=664886481 start=664886481 end=664887330
READ h=4 step=532 issued=664886728 start=664886731 end=664887616
READ h=5 step=533 issued=664887021 start=664887022 end=664887866
READ h=6 step=534 issued=664887274 start=664887274 end=664888149
READ h=7 step=535 issued=664887533 start=664887533 end=664888397
READ h=0 step=536 issued=664887795 start=664887800 end=664888656
READ h=1 step=537 issued=664888054 start=664888054 end=664888917
READ h=2 step=538 issued=664888296 start=664888297 end=664889145
READ h=3 step=539 issued=664888573 start=664888575 end=664889409
READ h=4 step=540 issued=664888855 start=664888858 end=664889705
READ h=5 step=541 issued=664889106 start=664889110 end=664889955
READ h=6 step=542 issued=664889354 start=664889356 end=664890155
READ h=7 step=543 issued=664889605 start=664889606 end=664890468
READ h=0 step=544 issued=664889843 start=664889845 end=664890618
READ h=1 step=545 issued=664890134 start=664890134 end=664891024
READ h=2 step=546 issued=664890390 start=664890390 end=664891153
READ h=3 step=547 issued=664890635 start=664890636 end=664891441
READ h=4 step=548 issued=664890910 start=664890910 end=664891714
READ h=5 step=549 issued=664891139 start=664891141 end=664892060
READ h=6 step=550 issued=664891435 start=664891436 end=664892281
READ h=7 step=551 issued=664891679 start=664891679 end=664892498
READ h=0 step=552 issued=664891908 start=664891908 end=664892788
READ h=1 step=553 issued=664892145 start=664892148 end=664892957
READ h=2 step=554 issued=664892419 start=664892419 end=664893187
READ h=3 step=555 issued=664892702 start=664892702 end=664893543
READ h=4 step=556 issued=664892955 start=664892956 end=664893828
READ h=5 step=557 issued=664893239 start=664893243 end=664894035
READ h=6 step=558 issued=664893498 start=664893498 end=664894371
READ h=7 step=559 issued=664893721 start=664893721 end=664894618
READ h=0 step=560 issued=664893985 start=664893986 end=664894873
READ h=1 step=561 issued=664894279 start=664894279 end=664895027
READ h=2 step=562 issued=664894529 start=664894531 end=664895363
READ h=3 step=563 issued=664894796 start=664894796 end=664895645
READ h=4 step=564 issued=664895055 start=664895055 end=664895907
READ h=5 step=565 issued=664895307 start=664895308 end=664896137
READ h=6 step=566 issued=664895561 start=664895563 end=664896406
READ h=7 step=567 issued=664895804 start=664895804 end=664896664
READ h=0 step=568 issued=664896065 start=664896066 end=664896927
READ h=1 step=569 issued=664896337 start=664896338 end=664897130
READ h=2 step=570 issued=664896579 start=664896580 end=664897410
READ h=3 step=571 issued=664896834 start=664896835 end=664897670
READ h=4 step=572 issued=664897096 start=664897097 end=664897979
READ h=5 step=573 issued=664897368 start=664897368 end=664898197
READ h=6 step=574 issued=664897605 start=664897606 end=664898401
READ h=7 step=575 issued=664897852 start=664897853 end=664898640
READ h=0 step=576 issued=664898103 start=664898103 end=664898955
READ h=1 step=577 issued=664898378 start=664898378 end=664899243
READ h=2 step=578 issued=664898666 start=664898666 end=664902570
READ h=3 step=579 issued=664898897 start=664898897 end=664908175
READ h=4 step=580 issued=664899137 start=664899138 end=664920680
READ h=7 step=583 issued=664903292 start=664903292 end=664929545
READ h=6 step=582 issued=664902235 start=664902235 end=664929812
READ h=5 step=581 issued=664899555 start=664899556 end=664930323
READ h=0 step=584 issued=664907315 start=664907315 end=664937469
READ h=1 step=585 issued=664910605 start=664910607 end=664945057
READ h=2 step=586 issued=664915630 start=664915632 end=664963211
READ h=3 step=587 issued=664919457 start=664919457 end=664963544
READ h=4 step=588 issued=664920686 start=664920686 end=664963854
READ h=6 step=590 issued=664937478 start=664937479 end=664963959
READ h=0 step=592 issued=664962880 start=664962887 end=664963968
READ h=5 step=589 issued=664930324 start=664930324 end=664963969
READ h=7 step=591 issued=664952399 start=664952404 end=664963975
READ h=1 step=593 issued=664963218 start=664963218 end=664964119
READ h=2 step=594 issued=664963485 start=664963485 end=664964920
READ h=3 step=595 issued=664963733 start=664963733 end=664965133
READ h=4 step=596 issued=664964040 start=664964040 end=664965685
READ h=6 step=598 issued=664965015 start=664965015 end=664966003
READ h=5 step=597 issued=664964496 start=664964509 end=664966186
READ h=7 step=599 issued=664965357 start=664965357 end=664966221
READ h=0 step=600 issued=664965660 start=664965660 end=664966473
READ h=1 step=601 issued=664965882 start=664965882 end=664966927
READ h=2 step=602 issued=664966135 start=664966140 end=664967109
READ h=3 step=603 issued=664966456 start=664966456 end=664967444
READ h=4 step=604 issued=664966804 start=664966806 end=664967699
READ h=5 step=605 issued=664967106 start=664967109 end=664967947
  step 600/2502: loss=6.886108
  PROBE: 260 ms/step (median of 400 steps 201..600, ViT-Tiny (ImageNet-1k))
  PROBE-SPREAD: min=211 med=260 p90=332 mean=561 ms/step (starvation wait = med-min = 49 ms)
  PROBE-DUMP: 400 steps → runs/2026-09-11-imagenet-probe-postfix/diag_vit_w8_phases.steps.tsv
READ h=6 step=606 issued=664967362 start=664967363 end=664968202
READ h=7 step=607 issued=664967598 start=664967598 end=664968411
READ h=0 step=608 issued=664967885 start=664967885 end=664968685
