I0921 14:59:50.352557  976552 service.cc:154] XLA service 0x747d6c7a0370 initialized for platform CUDA (this does not guarantee that XLA will be used). Devices:
I0921 14:59:50.352616  976552 service.cc:170]   StreamExecutor [0]: NVIDIA GeForce RTX 4060 Ti, Compute Capability 8.9 (Driver: 12.9.0[575.57.8]; Runtime: 12.9.0; Toolkit: 12.9.0; DNN: 9.23.2)
I0921 14:59:50.352626  976552 service.cc:170]   StreamExecutor [1]: NVIDIA GeForce RTX 4060 Ti, Compute Capability 8.9 (Driver: 12.9.0[575.57.8]; Runtime: 12.9.0; Toolkit: 12.9.0; DNN: 9.23.2)
I0921 14:59:50.354485  976552 se_gpu_pjrt_client.cc:1342] Using BFC allocator.
I0921 14:59:50.354519  976552 gpu_helpers.cc:162] XLA backend allocating 11.68GiB (12543066112 bytes) on device 0 for BFCAllocator.
I0921 14:59:50.354568  976552 gpu_helpers.cc:162] XLA backend allocating 11.68GiB (12543066112 bytes) on device 1 for BFCAllocator.
I0921 14:59:50.362312  976552 cuda_dnn.cc:440] Loaded cuDNN version 92302
[pjrt_ffi] XLA backend: PJRT 0.114, 2 device(s)
[pjrt_ffi] command buffers: enabled (CUDA default)
[pjrt_ffi] compiled verified_mlir/efficientnet_adamdpdrop_train_step.mlir (@efficientnet_adamdpdrop_train_step, 749 outputs, 2 replicas) in 5050 ms
I0921 14:59:56.231992  976575 cuda_dnn.cc:440] Loaded cuDNN version 92302
I0921 14:59:56.824748  976552 se_gpu_pjrt_client.cc:1342] Using BFC allocator.
I0921 14:59:56.825431  976552 gpu_helpers.cc:162] XLA backend allocating 11.68GiB (12543066112 bytes) on device 0 for BFCAllocator.
I0921 14:59:56.825461  976552 gpu_helpers.cc:162] XLA backend allocating 11.68GiB (12543066112 bytes) on device 1 for BFCAllocator.
[pjrt_ffi] XLA backend: PJRT 0.114, 2 device(s)
[pjrt_ffi] command buffers: enabled (CUDA default)
[pjrt_ffi] compiled verified_mlir/efficientnet_adamdpdrop_train_step.mlir (@efficientnet_adamdpdrop_train_step, 749 outputs, 2 replicas) in 5086 ms
stochastic-depth SHARD gate — duplicated batch, ASYMMETRIC mask, halves swapped
  DP     : verified_mlir/efficientnet_adamdpdrop_train_step.mlir (2 replicas × bs 32 = global 64)
  213 params (4020358 floats), 9 drop sites, backend xla
  masks agree on 238/288 slots (both are Bernoulli, so overlap is expected)
  xla/pjrt verified_mlir/efficientnet_adamdpdrop_train_step.mlir
  xla/pjrt verified_mlir/efficientnet_adamdpdrop_train_step.mlir
  ① all-reduced regions: 12061074/12061074 BIT-IDENTICAL under the swap (max abs 0.000000, rel 0.000000)
  ②a %loss (replica-0-local, report-only): 2.449280 vs 2.425005 — MOVED
  ①b all-reduced BN stats (sync-BN): 42016/42016 BIT-IDENTICAL under the swap (max abs 0.000000)
  ⚠ `%loss` is the only replica-0-local output (the batch statistics are all-reduced), so ②a is the WHOLE anti-vacuity half; the mask-halves-differ refusal above is the other thing keeping ① from being vacuous.
✓ the drop masks are SHARDED, not replicated: the 12103090 all-reduced outputs (42016 of them batch statistics) are BIT-IDENTICAL under a swap of the two mask halves while replica 0's `%loss` MOVES, on halves that differ in 50 of 288 slots. ⚠ This pins split-vs-copied, NOT the shard offset — a reversed split is swap-invariant too, and the offset rides on the same `n_replicas`-generic C that `shard-check` already gates through `x`.
