ResNet-50 (ImageNet-1k) SYNC-BN gate — 4×32 against 1×128
  TEST     DP_sync([x₀|…|x3])  ==  single_128([x₀|…|x3])
  CONTROL  DP_sync([x₀|…|x3])  !=  mean_k single_32(x_k)   (the old, per-replica identity)
  single 32: (rendered at run time)
  DP render: .lake/build/resnet50in_syncgate_dp4x32_train_step.mlir (rendered at run time)
  161 params (25557032 floats), 53 BN layers, backend xla
  single-device 128 on [x₀|…]… (.lake/build/resnet50in_syncgate_single128_train_step.mlir)
[pjrt_ffi] allocator: 1 create option(s), memory_fraction=0.970
I0921 14:31:47.741153  873212 service.cc:154] XLA service 0x74e18c79c1a0 initialized for platform CUDA (this does not guarantee that XLA will be used). Devices:
I0921 14:31:47.741233  873212 service.cc:170]   StreamExecutor [0]: NVIDIA GeForce RTX 4060 Ti, Compute Capability 8.9 (Driver: 12.9.0[575.57.8]; Runtime: 12.9.0; Toolkit: 12.9.0; DNN: 9.23.2)
I0921 14:31:47.741250  873212 service.cc:170]   StreamExecutor [1]: NVIDIA GeForce RTX 4060 Ti, Compute Capability 8.9 (Driver: 12.9.0[575.57.8]; Runtime: 12.9.0; Toolkit: 12.9.0; DNN: 9.23.2)
I0921 14:31:47.741269  873212 service.cc:170]   StreamExecutor [2]: NVIDIA GeForce RTX 4060 Ti, Compute Capability 8.9 (Driver: 12.9.0[575.57.8]; Runtime: 12.9.0; Toolkit: 12.9.0; DNN: 9.23.2)
I0921 14:31:47.741290  873212 service.cc:170]   StreamExecutor [3]: NVIDIA GeForce RTX 4060 Ti, Compute Capability 8.9 (Driver: 12.9.0[575.57.8]; Runtime: 12.9.0; Toolkit: 12.9.0; DNN: 9.23.2)
I0921 14:31:47.744300  873212 se_gpu_pjrt_client.cc:1342] Using BFC allocator.
I0921 14:31:47.744338  873212 gpu_helpers.cc:162] XLA backend allocating 15.11GiB (16221470720 bytes) on device 0 for BFCAllocator.
I0921 14:31:47.744391  873212 gpu_helpers.cc:162] XLA backend allocating 15.11GiB (16221470720 bytes) on device 1 for BFCAllocator.
I0921 14:31:47.744413  873212 gpu_helpers.cc:162] XLA backend allocating 15.11GiB (16221470720 bytes) on device 2 for BFCAllocator.
I0921 14:31:47.744433  873212 gpu_helpers.cc:162] XLA backend allocating 15.11GiB (16221470720 bytes) on device 3 for BFCAllocator.
I0921 14:31:47.754407  873212 cuda_dnn.cc:440] Loaded cuDNN version 92302
[pjrt_ffi] XLA backend: PJRT 0.114, 4 device(s)
[pjrt_ffi] command buffers: enabled (CUDA default)
I0921 14:31:49.540763  873258 subprocess_compilation.cc:349] ptxas warning : Registers are spilled to local memory in function 'gemm_fusion_dot_2', 56 bytes spill stores, 56 bytes spill loads

I0921 14:31:50.240721  873264 subprocess_compilation.cc:349] ptxas warning : Registers are spilled to local memory in function 'gemm_fusion_dot_6', 92 bytes spill stores, 60 bytes spill loads

I0921 14:31:50.296743  873286 subprocess_compilation.cc:349] ptxas warning : Registers are spilled to local memory in function 'gemm_fusion_dot_6', 16 bytes spill stores, 16 bytes spill loads

I0921 14:31:50.827413  873270 subprocess_compilation.cc:349] ptxas warning : Registers are spilled to local memory in function 'gemm_fusion_dot_2', 832 bytes spill stores, 832 bytes spill loads

[pjrt_ffi] compiled .lake/build/resnet50in_syncgate_single128_train_step.mlir (@resnet50in_mom128_train_step, 592 outputs, 1 replica) in 24035 ms
[pjrt_ffi] compiled .lake/build/resnet50in_syncgate_single32_train_step.mlir (@resnet50in_mom_train_step, 592 outputs, 1 replica) in 8448 ms
  xla/pjrt .lake/build/resnet50in_syncgate_single128_train_step.mlir
  xla/pjrt .lake/build/resnet50in_syncgate_single32_train_step.mlir
  single-device 32 on each of the 4 shards…
  single-device SYNC-graph 128 on [x₀|…]… (.lake/build/resnet50in_syncgate_sync128_train_step.mlir)
[pjrt_ffi] compiled .lake/build/resnet50in_syncgate_sync128_train_step.mlir (@resnet50in_mom128_train_step, 592 outputs, 1 replica) in 1578 ms
  xla/pjrt .lake/build/resnet50in_syncgate_sync128_train_step.mlir
  sensitivity probe (x + 1e-4·noise) on the two-pass 128 graph…
  data-parallel 4×32 on [x₀|…]…
[pjrt_ffi] allocator: 1 create option(s), memory_fraction=0.970
I0921 14:32:26.917767  873212 se_gpu_pjrt_client.cc:1342] Using BFC allocator.
I0921 14:32:26.918204  873212 gpu_helpers.cc:162] XLA backend allocating 15.11GiB (16221470720 bytes) on device 0 for BFCAllocator.
I0921 14:32:26.918242  873212 gpu_helpers.cc:162] XLA backend allocating 15.11GiB (16221470720 bytes) on device 1 for BFCAllocator.
I0921 14:32:26.918262  873212 gpu_helpers.cc:162] XLA backend allocating 15.11GiB (16221470720 bytes) on device 2 for BFCAllocator.
I0921 14:32:26.918280  873212 gpu_helpers.cc:162] XLA backend allocating 15.11GiB (16221470720 bytes) on device 3 for BFCAllocator.
[pjrt_ffi] XLA backend: PJRT 0.114, 4 device(s)
[pjrt_ffi] command buffers: enabled (CUDA default)
[pjrt_ffi] compiled .lake/build/resnet50in_syncgate_dp4x32_train_step.mlir (@resnet50in_momdp_train_step, 592 outputs, 4 replicas) in 2465 ms
I0921 14:32:31.035190  877595 cuda_dnn.cc:440] Loaded cuDNN version 92302
I0921 14:32:31.035221  877598 cuda_dnn.cc:440] Loaded cuDNN version 92302
I0921 14:32:31.035282  877601 cuda_dnn.cc:440] Loaded cuDNN version 92302
  xla/pjrt .lake/build/resnet50in_syncgate_dp4x32_train_step.mlir
  duplicated probe: DP on [x₀|x₀|…] vs the one-replica sync graph on x₀ (.lake/build/resnet50in_syncgate_sync32_train_step.mlir)…
[pjrt_ffi] compiled .lake/build/resnet50in_syncgate_sync32_train_step.mlir (@resnet50in_mom_train_step, 592 outputs, 1 replica) in 1625 ms
  xla/pjrt .lake/build/resnet50in_syncgate_sync32_train_step.mlir
  ── θ' [0, 25557032) ──
    TEST        |DP − single_Rb|      / max|single_Rb| = 0.002687
    COLLECTIVE  |DP − sync_Rb|        / max|single_Rb| = 0.002687
    FORMULATION |sync_Rb − single_Rb| / max|single_Rb| = 0.000005
    CONTROL     |DP − mean_k single_b| / max|mean|     = 0.007550
    SENSITIVITY two-pass graph, x perturbed by 1e-4     = 0.002594
    DUPLICATED  |DP([x₀|x₀|…]) − sync_b(x₀)| / max|sync_b| = 0.000011
    REPEAT      single_Rb vs itself, same input         = 0.000000
  ── m' [25557032, 51114064) ──
    TEST        |DP − single_Rb|      / max|single_Rb| = 0.000000
    COLLECTIVE  |DP − sync_Rb|        / max|single_Rb| = 0.000000
    FORMULATION |sync_Rb − single_Rb| / max|single_Rb| = 0.000000
    CONTROL     |DP − mean_k single_b| / max|mean|     = 0.000000
    SENSITIVITY two-pass graph, x perturbed by 1e-4     = 0.000000
    DUPLICATED  |DP([x₀|x₀|…]) − sync_b(x₀)| / max|sync_b| = 0.000000
    REPEAT      single_Rb vs itself, same input         = 0.000000
  ── v' = g + wd·θ [51114064, 76671096) ──
    TEST        |DP − single_Rb|      / max|single_Rb| = 0.468250
    COLLECTIVE  |DP − sync_Rb|        / max|single_Rb| = 0.468208
    FORMULATION |sync_Rb − single_Rb| / max|single_Rb| = 0.000944
    CONTROL     |DP − mean_k single_b| / max|mean|     = 1.356679
    SENSITIVITY two-pass graph, x perturbed by 1e-4     = 0.452041
    DUPLICATED  |DP([x₀|x₀|…]) − sync_b(x₀)| / max|sync_b| = 0.001019
    REPEAT      single_Rb vs itself, same input         = 0.000001
  ── bn stats (106 slots) [76671099, 76724219) ──
    TEST        |DP − single_Rb|      / max|single_Rb| = 0.002093
    COLLECTIVE  |DP − sync_Rb|        / max|single_Rb| = 0.002093
    FORMULATION |sync_Rb − single_Rb| / max|single_Rb| = 0.000000
    CONTROL     |DP − mean_k single_b| / max|mean|     = 0.375958
    SENSITIVITY two-pass graph, x perturbed by 1e-4     = 0.001434
    DUPLICATED  |DP([x₀|x₀|…]) − sync_b(x₀)| / max|sync_b| = 0.000000
    REPEAT      single_Rb vs itself, same input         = 0.000000
  DUPLICATED v' = g + wd·θ norm-rel (the *-dp-check metric, against the sync graph) = 0.001041
  ── per-layer BN statistics, TEST rel-err vs single_Rb (mean | var) ──
    bn0 [64] : 0.000000 | 0.000000
    bn1 [64] : 0.000238 | 0.000114
    bn2 [64] : 0.000005 | 0.000159
    bn3 [256] : 0.000002 | 0.000113
    bn4 [256] : 0.000000 | 0.000000
    bn5 [64] : 0.000018 | 0.000046
    bn6 [64] : 0.000003 | 0.000039
    bn7 [256] : 0.000002 | 0.000023
    bn8 [64] : 0.000009 | 0.000040
    bn9 [64] : 0.000002 | 0.000037
    bn10 [256] : 0.000003 | 0.000024
    bn11 [128] : 0.000222 | 0.000176
    bn12 [128] : 0.000009 | 0.000065
    bn13 [512] : 0.000006 | 0.000065
    bn14 [512] : 0.000009 | 0.000047
    bn15 [128] : 0.000006 | 0.000063
    bn16 [128] : 0.000009 | 0.000058
    bn17 [512] : 0.000010 | 0.000062
    bn18 [128] : 0.000012 | 0.000053
    bn19 [128] : 0.000015 | 0.000074
    bn20 [512] : 0.000011 | 0.000087
    bn21 [128] : 0.000011 | 0.000072
    bn22 [128] : 0.000012 | 0.000150
    bn23 [512] : 0.000013 | 0.000107
    bn24 [256] : 0.000011 | 0.000099
    bn25 [256] : 0.000054 | 0.000248
    bn26 [1024] : 0.000032 | 0.000331
    bn27 [1024] : 0.000039 | 0.000191
    bn28 [256] : 0.000049 | 0.000300
    bn29 [256] : 0.000162 | 0.000418
    bn30 [1024] : 0.000053 | 0.000441
    bn31 [256] : 0.000050 | 0.000395
    bn32 [256] : 0.000264 | 0.000514
    bn33 [1024] : 0.000091 | 0.000806
    bn34 [256] : 0.000063 | 0.000448
    bn35 [256] : 0.000245 | 0.000636
    bn36 [1024] : 0.000113 | 0.000683
    bn37 [256] : 0.000075 | 0.000491
    bn38 [256] : 0.000181 | 0.000893
    bn39 [1024] : 0.000127 | 0.001113
    bn40 [256] : 0.000092 | 0.000857
    bn41 [256] : 0.000288 | 0.000897
    bn42 [1024] : 0.000149 | 0.001053
    bn43 [512] : 0.000111 | 0.000937
    bn44 [512] : 0.000445 | 0.002901
    bn45 [2048] : 0.000452 | 0.002385
    bn46 [2048] : 0.000348 | 0.001857
    bn47 [512] : 0.000675 | 0.002742
    bn48 [512] : 0.000445 | 0.002441
    bn49 [2048] : 0.000580 | 0.003812
    bn50 [512] : 0.000599 | 0.003773
    bn51 [512] : 0.000872 | 0.003271
    bn52 [2048] : 0.000684 | 0.006268
✓ SYNC-BN CONFIRMED for resnet50in: the sync graph IS the two-pass graph (statistics 0.000000), the collective composes it exactly (duplicated batch 0.000000), and DP_sync([x₀|…]) = single_Rb([x₀|…]) to 0.002093 on the statistics (first layer 0.000000) against a per-replica CONTROL of 0.375958 — 4×32 IS 1×128. Worst TEST region 0.468250; v' = g + wd·θ SENSITIVITY-to-1e-4 0.452041; statistics REPEAT 0.000000.
