nqs-j1j2-mlp-n16-q2ref: 5378 params, J1-J2 chain N = 16, J1 = 1.000000, J2 = 0.000000, S_z = 0 sector of 12870 configurations, 4000 steps, Marshall sign prior, seed 1
[pjrt_ffi] allocator: 1 create option(s), memory_fraction=0.150
I0912 02:25:53.133534 2103944 service.cc:154] XLA service 0x722954028880 initialized for platform CUDA (this does not guarantee that XLA will be used). Devices:
I0912 02:25:53.133556 2103944 service.cc:170]   StreamExecutor [0]: NVIDIA GeForce RTX 4060 Ti, Compute Capability 8.9 (Driver: 12.9.0[575.57.8]; Runtime: 12.9.0; Toolkit: 12.9.0; DNN: 9.23.2)
I0912 02:25:53.134990 2103944 se_gpu_pjrt_client.cc:1342] Using BFC allocator.
I0912 02:25:53.135023 2103944 gpu_helpers.cc:162] XLA backend allocating 2.34GiB (2510290944 bytes) on device 0 for BFCAllocator.
I0912 02:25:53.141629 2103944 cuda_dnn.cc:440] Loaded cuDNN version 92302
[pjrt_ffi] XLA backend: PJRT 0.114, 1 device(s)
[pjrt_ffi] command buffers: enabled (CUDA default)
I0912 02:25:54.711678 2104092 subprocess_compilation.cc:349] ptxas warning : Registers are spilled to local memory in function 'gemm_fusion_dot_2', 24 bytes spill stores, 20 bytes spill loads

[pjrt_ffi] compiled .lake/build/nqs_j1j2_mlp_n16_q2ref_train_step.mlir (@main, 19 outputs, 1 replica) in 1842 ms
[pjrt_ffi] compiled .lake/build/nqs_j1j2_mlp_n16_q2ref_fwd_eval.mlir (@forward_eval, 1 outputs, 1 replica) in 1798 ms
  sessions loaded
  step 0  E = -4.533333  E/N = -0.283333  Im E = -3.29e-25  Var(E_loc) = 3.98e+0  (43 ms)
  step 500  E = -7.132817  E/N = -0.445801  Im E = 2.76e-15  Var(E_loc) = 4.84e-2  (6367 ms)
  step 1000  E = -7.137624  E/N = -0.446101  Im E = -1.65e-12  Var(E_loc) = 2.47e-2  (11787 ms)
  step 1500  E = -7.139146  E/N = -0.446197  Im E = 7.17e-17  Var(E_loc) = 1.69e-2  (17184 ms)
  step 2000  E = -7.139867  E/N = -0.446242  Im E = 1.93e-21  Var(E_loc) = 1.33e-2  (22599 ms)
  step 2500  E = -7.140242  E/N = -0.446265  Im E = 5.93e-25  Var(E_loc) = 1.13e-2  (28111 ms)
  step 3000  E = -7.140464  E/N = -0.446279  Im E = -7.43e-25  Var(E_loc) = 1.02e-2  (33720 ms)
  step 3500  E = -7.140582  E/N = -0.446286  Im E = 1.91e-26  Var(E_loc) = 9.55e-3  (39213 ms)
  step 4000  E = -7.140646  E/N = -0.446290  Im E = 1.01e-24  Var(E_loc) = 9.21e-3  (44731 ms)
trained: 4000 steps, 44733 ms
wrote .lake/build/nqs_j1j2_mlp_n16_q2ref_j20_metrics.json, _curve.csv, _psi.bin, _samples.bin, _params.bin
mlp j1j2 N=16 J2=0.000000: E = -7.140646  E/N = -0.446290  Im E = 1.01e-24  Var(E_loc) = 9.21e-3  Marshall weight = 1.00000  C(N/2) = 0.11268  (12870 configurations, 5378 params, 44 s)
