nqs-j1j2-vit-n16-q0ref: 25922 params, J1-J2 chain N = 16, J1 = 1.000000, J2 = 0.750000, S_z = 0 sector of 12870 configurations, 4000 steps, Marshall sign prior, seed 1
[pjrt_ffi] allocator: 1 create option(s), memory_fraction=0.150
I0912 02:35:30.842821 2110972 service.cc:154] XLA service 0x7539b0028880 initialized for platform CUDA (this does not guarantee that XLA will be used). Devices:
I0912 02:35:30.842867 2110972 service.cc:170]   StreamExecutor [0]: NVIDIA GeForce RTX 4060 Ti, Compute Capability 8.9 (Driver: 12.9.0[575.57.8]; Runtime: 12.9.0; Toolkit: 12.9.0; DNN: 9.23.2)
I0912 02:35:30.845615 2110972 se_gpu_pjrt_client.cc:1342] Using BFC allocator.
I0912 02:35:30.845643 2110972 gpu_helpers.cc:162] XLA backend allocating 2.34GiB (2510290944 bytes) on device 0 for BFCAllocator.
I0912 02:35:30.852448 2110972 cuda_dnn.cc:440] Loaded cuDNN version 92302
[pjrt_ffi] XLA backend: PJRT 0.114, 1 device(s)
[pjrt_ffi] command buffers: enabled (CUDA default)
[pjrt_ffi] compiled .lake/build/nqs_j1j2_vit_n16_q0ref_train_step.mlir (@main, 115 outputs, 1 replica) in 3116 ms
[pjrt_ffi] compiled .lake/build/nqs_j1j2_vit_n16_q0ref_fwd_eval.mlir (@forward_eval, 1 outputs, 1 replica) in 621 ms
  sessions loaded
  step 0  E = -1.533333  E/N = -0.095833  Im E = -3.29e-25  Var(E_loc) = 3.98e+0  (22 ms)
  step 500  E = -6.092106  E/N = -0.380757  Im E = 2.22e-11  Var(E_loc) = 4.44e-1  (25381 ms)
  step 1000  E = -6.401410  E/N = -0.400088  Im E = -4.10e-11  Var(E_loc) = 2.83e-1  (51049 ms)
  step 1500  E = -6.415737  E/N = -0.400984  Im E = 1.22e-10  Var(E_loc) = 2.60e-1  (76626 ms)
  step 2000  E = -6.458808  E/N = -0.403675  Im E = -3.12e-12  Var(E_loc) = 1.82e-1  (102364 ms)
  step 2500  E = -6.470259  E/N = -0.404391  Im E = -2.00e-11  Var(E_loc) = 1.51e-1  (128073 ms)
  step 3000  E = -6.475449  E/N = -0.404716  Im E = -5.66e-11  Var(E_loc) = 1.47e-1  (153993 ms)
  step 3500  E = -6.478326  E/N = -0.404895  Im E = 3.97e-11  Var(E_loc) = 1.39e-1  (179111 ms)
  step 4000  E = -6.479263  E/N = -0.404954  Im E = 3.78e-12  Var(E_loc) = 1.36e-1  (202344 ms)
trained: 4000 steps, 202352 ms
wrote .lake/build/nqs_j1j2_vit_n16_q0ref_j275_metrics.json, _curve.csv, _psi.bin, _samples.bin, _params.bin
vit j1j2 N=16 J2=0.750000: E = -6.479263  E/N = -0.404954  Im E = 3.78e-12  Var(E_loc) = 1.36e-1  Marshall weight = 0.44553  C(N/2) = -0.00300  (12870 configurations, 25922 params, 202 s)
