gw cifarbn4: 8 BN layers, train on real, 6 epochs, batch 64, lr 0.001000, label smoothing 0.000000, seed 1
I0911 21:17:45.870624 1984924 service.cc:154] XLA service 0x71e8580279a0 initialized for platform CUDA (this does not guarantee that XLA will be used). Devices:
I0911 21:17:45.870667 1984924 service.cc:170]   StreamExecutor [0]: NVIDIA GeForce RTX 4060 Ti, Compute Capability 8.9 (Driver: 12.9.0[575.57.8]; Runtime: 12.9.0; Toolkit: 12.9.0; DNN: 9.23.2)
I0911 21:17:45.872392 1984924 se_gpu_pjrt_client.cc:1342] Using BFC allocator.
I0911 21:17:45.872420 1984924 gpu_helpers.cc:162] XLA backend allocating 11.68GiB (12543066112 bytes) on device 0 for BFCAllocator.
I0911 21:17:45.879132 1984924 cuda_dnn.cc:440] Loaded cuDNN version 92302
[pjrt_ffi] XLA backend: PJRT 0.114, 1 device(s)
[pjrt_ffi] command buffers: enabled (CUDA default)
I0911 21:17:46.735748 1984946 subprocess_compilation.cc:349] ptxas warning : Registers are spilled to local memory in function 'gemm_fusion_dot_1', 64 bytes spill stores, 64 bytes spill loads

I0911 21:17:46.789431 1984937 subprocess_compilation.cc:349] ptxas warning : Registers are spilled to local memory in function 'gemm_fusion_dot', 56 bytes spill stores, 56 bytes spill loads

I0911 21:17:46.994376 1984939 subprocess_compilation.cc:349] ptxas warning : Registers are spilled to local memory in function 'gemm_fusion_dot', 8416 bytes spill stores, 8424 bytes spill loads

I0911 21:17:47.034250 1984944 subprocess_compilation.cc:349] ptxas warning : Registers are spilled to local memory in function 'gemm_fusion_dot_1', 628 bytes spill stores, 628 bytes spill loads

[pjrt_ffi] compiled .lake/build/gw_cifarbn4_fwd_eval.mlir (@forward_eval, 1 outputs, 1 replica) in 2198 ms
  5631426 params (5631426 by NetSpec.totalParams), 1920 BN stat floats
  val: 12228 windows × 2 sets (679 ms)
  train: 40760 windows of real (2005 ms)
I0911 21:17:51.390463 1984960 subprocess_compilation.cc:349] ptxas warning : Registers are spilled to local memory in function 'gemm_fusion_dot_17', 56 bytes spill stores, 56 bytes spill loads

I0911 21:17:51.719732 1984937 subprocess_compilation.cc:349] ptxas warning : Registers are spilled to local memory in function 'gemm_fusion_dot_2', 32 bytes spill stores, 32 bytes spill loads

I0911 21:17:51.900461 1984950 subprocess_compilation.cc:349] ptxas warning : Registers are spilled to local memory in function 'gemm_fusion_dot_17', 8244 bytes spill stores, 8296 bytes spill loads

I0911 21:17:52.332276 1984967 subprocess_compilation.cc:349] ptxas warning : Registers are spilled to local memory in function 'gemm_fusion_dot_2', 712 bytes spill stores, 712 bytes spill loads

[pjrt_ffi] compiled .lake/build/gw_cifarbn4_train_step.mlir (@main, 107 outputs, 1 replica) in 3157 ms
    step 0: loss 0.757700 (167 ms so far)
    step 1: loss 0.943600 (266 ms so far)
    step 2: loss 1.032100 (357 ms so far)
  epoch 1/6: loss 0.393700  val acc gauss 76.950000%  real 75.570000%  (53956 ms train, 6965 ms eval)
  epoch 2/6: loss 0.256700  val acc gauss 93.780000%  real 93.420000%  (51736 ms train, 6684 ms eval)
  epoch 3/6: loss 0.229600  val acc gauss 88.710000%  real 87.740000%  (53727 ms train, 6865 ms eval)
  epoch 4/6: loss 0.206500  val acc gauss 92.620000%  real 92.380000%  (51968 ms train, 6539 ms eval)
  epoch 5/6: loss 0.148400  val acc gauss 91.630000%  real 91.320000%  (53293 ms train, 6876 ms eval)
  epoch 6/6: loss 0.037300  val acc gauss 90.820000%  real 90.240000%  (48573 ms train, 6643 ms eval)
trained: 3816 steps in 353 s
score: .venv-gw/bin/python scripts/gw_metrics.py table --logits=gauss:runs/2026-09-11-gw-cifarbn4-real/gw_cifarbn4_real_logits_gauss_val.bin,real:runs/2026-09-11-gw-cifarbn4-real/gw_cifarbn4_real_logits_real_val.bin
gw cifarbn4 trained on real, scored on gauss val: accuracy 90.820000%  -> runs/2026-09-11-gw-cifarbn4-real/gw_cifarbn4_real_logits_gauss_val.bin
gw cifarbn4 trained on real, scored on real val: accuracy 90.240000%  -> runs/2026-09-11-gw-cifarbn4-real/gw_cifarbn4_real_logits_real_val.bin
