⚠ [3206/3208] Replayed demos.MainNqsIsing
warning: demos/MainNqsIsing.lean:470:6: Variable name `nOut` is not explicitly referenced.

The binding can be removed (if unused) or named `_` (if used implicitly).

Note: This linter can be disabled with `set_option linter.unusedVariables false`
warning: demos/MainNqsIsing.lean:525:8: Variable name `s` is not explicitly referenced.

The binding can be removed (if unused) or named `_` (if used implicitly).

Note: This linter can be disabled with `set_option linter.unusedVariables false`
warning: demos/MainNqsIsing.lean:547:12: Variable name `out` is not explicitly referenced.

The binding can be removed (if unused) or named `_` (if used implicitly).

Note: This linter can be disabled with `set_option linter.unusedVariables false`
nqs-ising-gpt-n12-g2: 25956 params, N = 12, h = 0.600000, J = 1.000000, 4000 steps, enumeration of 4096 configurations, mean-field reference, seed 1
  mean field: φ = 0.3047, E_MF = -13.080000
[pjrt_ffi] allocator: 1 create option(s), memory_fraction=0.100
I0911 23:32:21.004609 2027389 service.cc:154] XLA service 0x71975c008520 initialized for platform CUDA (this does not guarantee that XLA will be used). Devices:
I0911 23:32:21.004646 2027389 service.cc:170]   StreamExecutor [0]: NVIDIA GeForce RTX 4060 Ti, Compute Capability 8.9 (Driver: 12.9.0[575.57.8]; Runtime: 12.9.0; Toolkit: 12.9.0; DNN: 9.23.2)
I0911 23:32:21.006408 2027389 se_gpu_pjrt_client.cc:1342] Using BFC allocator.
I0911 23:32:21.006445 2027389 gpu_helpers.cc:162] XLA backend allocating 1.56GiB (1673527296 bytes) on device 0 for BFCAllocator.
I0911 23:32:21.013364 2027389 cuda_dnn.cc:440] Loaded cuDNN version 92302
[pjrt_ffi] XLA backend: PJRT 0.114, 1 device(s)
[pjrt_ffi] command buffers: enabled (CUDA default)
I0911 23:32:22.104952 2027463 subprocess_compilation.cc:349] ptxas warning : Registers are spilled to local memory in function 'gemm_fusion_dot_129', 8 bytes spill stores, 8 bytes spill loads

I0911 23:32:23.240053 2027452 subprocess_compilation.cc:349] ptxas warning : Registers are spilled to local memory in function 'gemm_fusion_dot_131', 4 bytes spill stores, 4 bytes spill loads

I0911 23:32:24.702955 2027448 subprocess_compilation.cc:349] ptxas warning : Registers are spilled to local memory in function 'fusion_243', 356 bytes spill stores, 360 bytes spill loads

I0911 23:32:25.634920 2027449 subprocess_compilation.cc:349] ptxas warning : Registers are spilled to local memory in function 'fusion_240', 300 bytes spill stores, 384 bytes spill loads

I0911 23:32:25.792002 2027450 subprocess_compilation.cc:349] ptxas warning : Registers are spilled to local memory in function 'fusion_241', 384 bytes spill stores, 460 bytes spill loads

[pjrt_ffi] compiled .lake/build/nqs_ising_gpt_n12_g2_train_step.mlir (@main, 115 outputs, 1 replica) in 4796 ms
[pjrt_ffi] compiled .lake/build/nqs_ising_gpt_n12_g2_fwd_eval.mlir (@forward_eval, 1 outputs, 1 replica) in 550 ms
  sessions loaded
  step 0  E = -13.080000  E/N = -1.090000  Var(E_loc) = 9.72e-2  (18 ms)
  step 500  E = -13.106682  E/N = -1.092224  Var(E_loc) = 7.20e-4  (41767 ms)
  step 1000  E = -13.106855  E/N = -1.092238  Var(E_loc) = 4.14e-5  (84372 ms)
  step 1500  E = -13.106858  E/N = -1.092238  Var(E_loc) = 2.64e-5  (126275 ms)
  step 2000  E = -13.106860  E/N = -1.092238  Var(E_loc) = 1.65e-5  (166519 ms)
  step 2500  E = -13.106861  E/N = -1.092238  Var(E_loc) = 1.20e-5  (206455 ms)
  step 3000  E = -13.106861  E/N = -1.092238  Var(E_loc) = 1.03e-5  (246619 ms)
  step 3500  E = -13.106862  E/N = -1.092238  Var(E_loc) = 9.52e-6  (287011 ms)
  step 4000  E = -13.106862  E/N = -1.092238  Var(E_loc) = 9.19e-6  (326943 ms)
trained: 4000 steps, 326948 ms
wrote .lake/build/nqs_ising_gpt_n12_g2_h60_metrics.json, _curve.csv, _samples.bin, _params.bin
gpt N=12 h=0.600000: E = -13.106862  E/N = -1.092238  Var(E_loc) = 9.19e-6  <sx> = 0.31576  C(N/2) = 0.89444  (4096 samples, 25956 params, 327 s)
