⚠ [3206/3208] Replayed demos.MainNqsIsing
warning: demos/MainNqsIsing.lean:470:6: Variable name `nOut` is not explicitly referenced.

The binding can be removed (if unused) or named `_` (if used implicitly).

Note: This linter can be disabled with `set_option linter.unusedVariables false`
warning: demos/MainNqsIsing.lean:525:8: Variable name `s` is not explicitly referenced.

The binding can be removed (if unused) or named `_` (if used implicitly).

Note: This linter can be disabled with `set_option linter.unusedVariables false`
warning: demos/MainNqsIsing.lean:547:12: Variable name `out` is not explicitly referenced.

The binding can be removed (if unused) or named `_` (if used implicitly).

Note: This linter can be disabled with `set_option linter.unusedVariables false`
nqs-ising-mlp-n12-g0: 5057 params, N = 12, h = 0.800000, J = 1.000000, 4000 steps, enumeration of 4096 configurations, mean-field reference, seed 1
  mean field: φ = 0.4115, E_MF = -13.920000
[pjrt_ffi] allocator: 1 create option(s), memory_fraction=0.100
I0911 23:20:01.019055 2013679 service.cc:154] XLA service 0x74dd58008410 initialized for platform CUDA (this does not guarantee that XLA will be used). Devices:
I0911 23:20:01.019093 2013679 service.cc:170]   StreamExecutor [0]: NVIDIA GeForce RTX 4060 Ti, Compute Capability 8.9 (Driver: 12.9.0[575.57.8]; Runtime: 12.9.0; Toolkit: 12.9.0; DNN: 9.23.2)
I0911 23:20:01.020722 2013679 se_gpu_pjrt_client.cc:1342] Using BFC allocator.
I0911 23:20:01.020759 2013679 gpu_helpers.cc:162] XLA backend allocating 1.56GiB (1673527296 bytes) on device 0 for BFCAllocator.
I0911 23:20:01.029898 2013679 cuda_dnn.cc:440] Loaded cuDNN version 92302
[pjrt_ffi] XLA backend: PJRT 0.114, 1 device(s)
[pjrt_ffi] command buffers: enabled (CUDA default)
I0911 23:20:01.597684 2013697 subprocess_compilation.cc:349] ptxas warning : Registers are spilled to local memory in function 'gemm_fusion_dot_3', 4 bytes spill stores, 4 bytes spill loads

[pjrt_ffi] compiled .lake/build/nqs_ising_mlp_n12_g0_train_step.mlir (@main, 19 outputs, 1 replica) in 900 ms
[pjrt_ffi] compiled .lake/build/nqs_ising_mlp_n12_g0_fwd_eval.mlir (@forward_eval, 1 outputs, 1 replica) in 582 ms
  sessions loaded
  step 0  E = -13.920000  E/N = -1.160000  Var(E_loc) = 3.07e-1  (10 ms)
  step 500  E = -14.012745  E/N = -1.167729  Var(E_loc) = 7.50e-3  (5705 ms)
  step 1000  E = -14.018559  E/N = -1.168213  Var(E_loc) = 1.91e-2  (11355 ms)
  step 1500  E = -14.020527  E/N = -1.168377  Var(E_loc) = 7.43e-3  (17778 ms)
  step 2000  E = -14.020769  E/N = -1.168397  Var(E_loc) = 5.02e-3  (23543 ms)
  step 2500  E = -14.020822  E/N = -1.168402  Var(E_loc) = 4.18e-3  (29320 ms)
  step 3000  E = -14.020874  E/N = -1.168406  Var(E_loc) = 3.71e-3  (35021 ms)
  step 3500  E = -14.020897  E/N = -1.168408  Var(E_loc) = 3.49e-3  (40803 ms)
  step 4000  E = -14.020907  E/N = -1.168409  Var(E_loc) = 3.37e-3  (46512 ms)
trained: 4000 steps, 46513 ms
wrote .lake/build/nqs_ising_mlp_n12_g0_h80_metrics.json, _curve.csv, _samples.bin, _params.bin
mlp N=12 h=0.800000: E = -14.020907  E/N = -1.168409  Var(E_loc) = 3.37e-3  <sx> = 0.45184  C(N/2) = 0.76262  (4096 samples, 5057 params, 46 s)
