⚠ [3206/3208] Replayed demos.MainNqsIsing
warning: demos/MainNqsIsing.lean:470:6: Variable name `nOut` is not explicitly referenced.

The binding can be removed (if unused) or named `_` (if used implicitly).

Note: This linter can be disabled with `set_option linter.unusedVariables false`
warning: demos/MainNqsIsing.lean:525:8: Variable name `s` is not explicitly referenced.

The binding can be removed (if unused) or named `_` (if used implicitly).

Note: This linter can be disabled with `set_option linter.unusedVariables false`
warning: demos/MainNqsIsing.lean:547:12: Variable name `out` is not explicitly referenced.

The binding can be removed (if unused) or named `_` (if used implicitly).

Note: This linter can be disabled with `set_option linter.unusedVariables false`
nqs-ising-vit-n12-g1: 25825 params, N = 12, h = 0.200000, J = 1.000000, 4000 steps, enumeration of 4096 configurations, mean-field reference, seed 1
  mean field: φ = 0.1002, E_MF = -12.120000
[pjrt_ffi] allocator: 1 create option(s), memory_fraction=0.100
I0911 23:17:25.268465 2009853 service.cc:154] XLA service 0x76790c008570 initialized for platform CUDA (this does not guarantee that XLA will be used). Devices:
I0911 23:17:25.268495 2009853 service.cc:170]   StreamExecutor [0]: NVIDIA GeForce RTX 4060 Ti, Compute Capability 8.9 (Driver: 12.9.0[575.57.8]; Runtime: 12.9.0; Toolkit: 12.9.0; DNN: 9.23.2)
I0911 23:17:25.269938 2009853 se_gpu_pjrt_client.cc:1342] Using BFC allocator.
I0911 23:17:25.269984 2009853 gpu_helpers.cc:162] XLA backend allocating 1.56GiB (1673527296 bytes) on device 0 for BFCAllocator.
I0911 23:17:25.283147 2009853 cuda_dnn.cc:440] Loaded cuDNN version 92302
[pjrt_ffi] XLA backend: PJRT 0.114, 1 device(s)
[pjrt_ffi] command buffers: enabled (CUDA default)
I0911 23:17:27.156502 2009950 subprocess_compilation.cc:349] ptxas warning : Registers are spilled to local memory in function 'gemm_fusion_dot_128', 8 bytes spill stores, 8 bytes spill loads

I0911 23:17:28.515646 2009950 subprocess_compilation.cc:349] ptxas warning : Registers are spilled to local memory in function 'gemm_fusion_dot_130', 4 bytes spill stores, 4 bytes spill loads

I0911 23:17:31.628520 2009939 subprocess_compilation.cc:349] ptxas warning : Registers are spilled to local memory in function 'fusion_249', 356 bytes spill stores, 360 bytes spill loads

I0911 23:17:31.677157 2009923 subprocess_compilation.cc:349] ptxas warning : Registers are spilled to local memory in function 'fusion_250', 312 bytes spill stores, 324 bytes spill loads

I0911 23:17:32.109320 2009943 subprocess_compilation.cc:349] ptxas warning : Registers are spilled to local memory in function 'fusion_247', 300 bytes spill stores, 384 bytes spill loads

I0911 23:17:32.463988 2009933 subprocess_compilation.cc:349] ptxas warning : Registers are spilled to local memory in function 'fusion_248', 384 bytes spill stores, 460 bytes spill loads

[pjrt_ffi] compiled .lake/build/nqs_ising_vit_n12_g1_train_step.mlir (@main, 115 outputs, 1 replica) in 7196 ms
[pjrt_ffi] compiled .lake/build/nqs_ising_vit_n12_g1_fwd_eval.mlir (@forward_eval, 1 outputs, 1 replica) in 426 ms
  sessions loaded
  step 0  E = -12.120000  E/N = -1.010000  Var(E_loc) = 1.20e-3  (11 ms)
  step 500  E = -12.120299  E/N = -1.010025  Var(E_loc) = 1.67e-5  (9532 ms)
  step 1000  E = -12.120303  E/N = -1.010025  Var(E_loc) = 1.99e-6  (18911 ms)
  step 1500  E = -12.120303  E/N = -1.010025  Var(E_loc) = 1.36e-6  (28228 ms)
  step 2000  E = -12.120303  E/N = -1.010025  Var(E_loc) = 1.20e-6  (37839 ms)
  step 2500  E = -12.120303  E/N = -1.010025  Var(E_loc) = 1.07e-6  (47620 ms)
  step 3000  E = -12.120303  E/N = -1.010025  Var(E_loc) = 1.01e-6  (56987 ms)
  step 3500  E = -12.120303  E/N = -1.010025  Var(E_loc) = 9.74e-7  (66411 ms)
  step 4000  E = -12.120303  E/N = -1.010025  Var(E_loc) = 9.56e-7  (75788 ms)
trained: 4000 steps, 75795 ms
wrote .lake/build/nqs_ising_vit_n12_g1_h20_metrics.json, _curve.csv, _samples.bin, _params.bin
vit N=12 h=0.200000: E = -12.120303  E/N = -1.010025  Var(E_loc) = 9.56e-7  <sx> = 0.10051  C(N/2) = 0.98985  (4096 samples, 25825 params, 76 s)
