⚠ [3206/3208] Replayed demos.MainNqsIsing
warning: demos/MainNqsIsing.lean:470:6: Variable name `nOut` is not explicitly referenced.

The binding can be removed (if unused) or named `_` (if used implicitly).

Note: This linter can be disabled with `set_option linter.unusedVariables false`
warning: demos/MainNqsIsing.lean:525:8: Variable name `s` is not explicitly referenced.

The binding can be removed (if unused) or named `_` (if used implicitly).

Note: This linter can be disabled with `set_option linter.unusedVariables false`
warning: demos/MainNqsIsing.lean:547:12: Variable name `out` is not explicitly referenced.

The binding can be removed (if unused) or named `_` (if used implicitly).

Note: This linter can be disabled with `set_option linter.unusedVariables false`
nqs-ising-vit-n12-g1: 25825 params, N = 12, h = 1.800000, J = 1.000000, 4000 steps, enumeration of 4096 configurations, mean-field reference, seed 1
  mean field: φ = 1.1198, E_MF = -21.720000
[pjrt_ffi] allocator: 1 create option(s), memory_fraction=0.100
I0911 23:31:53.691460 2026646 service.cc:154] XLA service 0x757068008570 initialized for platform CUDA (this does not guarantee that XLA will be used). Devices:
I0911 23:31:53.691497 2026646 service.cc:170]   StreamExecutor [0]: NVIDIA GeForce RTX 4060 Ti, Compute Capability 8.9 (Driver: 12.9.0[575.57.8]; Runtime: 12.9.0; Toolkit: 12.9.0; DNN: 9.23.2)
I0911 23:31:53.693195 2026646 se_gpu_pjrt_client.cc:1342] Using BFC allocator.
I0911 23:31:53.693235 2026646 gpu_helpers.cc:162] XLA backend allocating 1.56GiB (1673527296 bytes) on device 0 for BFCAllocator.
I0911 23:31:53.700551 2026646 cuda_dnn.cc:440] Loaded cuDNN version 92302
[pjrt_ffi] XLA backend: PJRT 0.114, 1 device(s)
[pjrt_ffi] command buffers: enabled (CUDA default)
I0911 23:31:54.944347 2026690 subprocess_compilation.cc:349] ptxas warning : Registers are spilled to local memory in function 'gemm_fusion_dot_128', 8 bytes spill stores, 8 bytes spill loads

I0911 23:31:55.372121 2026690 subprocess_compilation.cc:349] ptxas warning : Registers are spilled to local memory in function 'gemm_fusion_dot_130', 4 bytes spill stores, 4 bytes spill loads

I0911 23:31:57.260229 2026683 subprocess_compilation.cc:349] ptxas warning : Registers are spilled to local memory in function 'fusion_249', 356 bytes spill stores, 360 bytes spill loads

I0911 23:31:57.274351 2026677 subprocess_compilation.cc:349] ptxas warning : Registers are spilled to local memory in function 'fusion_250', 312 bytes spill stores, 324 bytes spill loads

I0911 23:31:57.673152 2026682 subprocess_compilation.cc:349] ptxas warning : Registers are spilled to local memory in function 'fusion_248', 384 bytes spill stores, 460 bytes spill loads

I0911 23:31:57.682385 2026681 subprocess_compilation.cc:349] ptxas warning : Registers are spilled to local memory in function 'fusion_247', 300 bytes spill stores, 384 bytes spill loads

[pjrt_ffi] compiled .lake/build/nqs_ising_vit_n12_g1_train_step.mlir (@main, 115 outputs, 1 replica) in 4001 ms
[pjrt_ffi] compiled .lake/build/nqs_ising_vit_n12_g1_fwd_eval.mlir (@forward_eval, 1 outputs, 1 replica) in 381 ms
  sessions loaded
  step 0  E = -21.720000  E/N = -1.810000  Var(E_loc) = 7.87e+0  (12 ms)
  step 500  E = -23.300552  E/N = -1.941713  Var(E_loc) = 2.32e-2  (9338 ms)
  step 1000  E = -23.301289  E/N = -1.941774  Var(E_loc) = 1.00e-2  (18818 ms)
  step 1500  E = -23.301507  E/N = -1.941792  Var(E_loc) = 6.21e-3  (29940 ms)
  step 2000  E = -23.301654  E/N = -1.941805  Var(E_loc) = 4.13e-3  (39375 ms)
  step 2500  E = -23.301686  E/N = -1.941807  Var(E_loc) = 3.38e-3  (48763 ms)
  step 3000  E = -23.301720  E/N = -1.941810  Var(E_loc) = 2.89e-3  (58084 ms)
  step 3500  E = -23.301745  E/N = -1.941812  Var(E_loc) = 2.58e-3  (67427 ms)
  step 4000  E = -23.301752  E/N = -1.941813  Var(E_loc) = 2.47e-3  (76702 ms)
trained: 4000 steps, 76707 ms
wrote .lake/build/nqs_ising_vit_n12_g1_h180_metrics.json, _curve.csv, _samples.bin, _params.bin
vit N=12 h=1.800000: E = -23.301752  E/N = -1.941813  Var(E_loc) = 2.47e-3  <sx> = 0.91752  C(N/2) = 0.01443  (4096 samples, 25825 params, 77 s)
