⚠ [3206/3208] Replayed demos.MainNqsIsing
warning: demos/MainNqsIsing.lean:470:6: Variable name `nOut` is not explicitly referenced.

The binding can be removed (if unused) or named `_` (if used implicitly).

Note: This linter can be disabled with `set_option linter.unusedVariables false`
warning: demos/MainNqsIsing.lean:525:8: Variable name `s` is not explicitly referenced.

The binding can be removed (if unused) or named `_` (if used implicitly).

Note: This linter can be disabled with `set_option linter.unusedVariables false`
warning: demos/MainNqsIsing.lean:547:12: Variable name `out` is not explicitly referenced.

The binding can be removed (if unused) or named `_` (if used implicitly).

Note: This linter can be disabled with `set_option linter.unusedVariables false`
nqs-ising-vit-n12-g1: 25825 params, N = 12, h = 1.600000, J = 1.000000, 4000 steps, enumeration of 4096 configurations, mean-field reference, seed 1
  mean field: φ = 0.9273, E_MF = -19.680000
[pjrt_ffi] allocator: 1 create option(s), memory_fraction=0.100
I0911 23:30:30.380014 2025212 service.cc:154] XLA service 0x7036f4008520 initialized for platform CUDA (this does not guarantee that XLA will be used). Devices:
I0911 23:30:30.380045 2025212 service.cc:170]   StreamExecutor [0]: NVIDIA GeForce RTX 4060 Ti, Compute Capability 8.9 (Driver: 12.9.0[575.57.8]; Runtime: 12.9.0; Toolkit: 12.9.0; DNN: 9.23.2)
I0911 23:30:30.381590 2025212 se_gpu_pjrt_client.cc:1342] Using BFC allocator.
I0911 23:30:30.381626 2025212 gpu_helpers.cc:162] XLA backend allocating 1.56GiB (1673527296 bytes) on device 0 for BFCAllocator.
I0911 23:30:30.388522 2025212 cuda_dnn.cc:440] Loaded cuDNN version 92302
[pjrt_ffi] XLA backend: PJRT 0.114, 1 device(s)
[pjrt_ffi] command buffers: enabled (CUDA default)
I0911 23:30:31.568183 2025256 subprocess_compilation.cc:349] ptxas warning : Registers are spilled to local memory in function 'gemm_fusion_dot_128', 8 bytes spill stores, 8 bytes spill loads

I0911 23:30:32.000061 2025256 subprocess_compilation.cc:349] ptxas warning : Registers are spilled to local memory in function 'gemm_fusion_dot_130', 4 bytes spill stores, 4 bytes spill loads

I0911 23:30:33.875955 2025242 subprocess_compilation.cc:349] ptxas warning : Registers are spilled to local memory in function 'fusion_249', 356 bytes spill stores, 360 bytes spill loads

I0911 23:30:33.883441 2025231 subprocess_compilation.cc:349] ptxas warning : Registers are spilled to local memory in function 'fusion_250', 312 bytes spill stores, 324 bytes spill loads

I0911 23:30:34.336749 2025256 subprocess_compilation.cc:349] ptxas warning : Registers are spilled to local memory in function 'fusion_247', 300 bytes spill stores, 384 bytes spill loads

I0911 23:30:34.341574 2025245 subprocess_compilation.cc:349] ptxas warning : Registers are spilled to local memory in function 'fusion_248', 384 bytes spill stores, 460 bytes spill loads

[pjrt_ffi] compiled .lake/build/nqs_ising_vit_n12_g1_train_step.mlir (@main, 115 outputs, 1 replica) in 3971 ms
[pjrt_ffi] compiled .lake/build/nqs_ising_vit_n12_g1_fwd_eval.mlir (@forward_eval, 1 outputs, 1 replica) in 415 ms
  sessions loaded
  step 0  E = -19.680000  E/N = -1.640000  Var(E_loc) = 4.92e+0  (12 ms)
  step 500  E = -21.119862  E/N = -1.759989  Var(E_loc) = 8.74e-2  (9609 ms)
  step 1000  E = -21.124706  E/N = -1.760392  Var(E_loc) = 3.09e-2  (19009 ms)
  step 1500  E = -21.125744  E/N = -1.760479  Var(E_loc) = 1.75e-2  (28339 ms)
  step 2000  E = -21.126169  E/N = -1.760514  Var(E_loc) = 1.17e-2  (37781 ms)
  step 2500  E = -21.126388  E/N = -1.760532  Var(E_loc) = 8.78e-3  (47172 ms)
  step 3000  E = -21.126463  E/N = -1.760539  Var(E_loc) = 7.48e-3  (56626 ms)
  step 3500  E = -21.126508  E/N = -1.760542  Var(E_loc) = 6.82e-3  (65915 ms)
  step 4000  E = -21.126528  E/N = -1.760544  Var(E_loc) = 6.45e-3  (76240 ms)
trained: 4000 steps, 76245 ms
wrote .lake/build/nqs_ising_vit_n12_g1_h160_metrics.json, _curve.csv, _samples.bin, _params.bin
vit N=12 h=1.600000: E = -21.126528  E/N = -1.760544  Var(E_loc) = 6.45e-3  <sx> = 0.89332  C(N/2) = 0.02965  (4096 samples, 25825 params, 76 s)
