  ▶ r34/f32/fed (variant momdp64, bs 64, workers 8) ...
    → 215 ms/step (min 210, wait 5 ms, 5004 steps/ep, 223s)
  ▶ r34/bf16/fed (variant momdp64bf16, bs 64, workers 8) ...
    → 142 ms/step (min 136, wait 6 ms, 5004 steps/ep, 187s)
  ▶ r50/f32/fed (variant momdp64, bs 64, workers 8) ...
    → 355 ms/step (min 353, wait 2 ms, 5004 steps/ep, 337s)
  ▶ r50/bf16/fed (variant momdp64bf16, bs 64, workers 8) ...
    → 222 ms/step (min 219, wait 3 ms, 5004 steps/ep, 265s)
  ▶ mnv2/f32/fed (variant rmsdp64, bs 64, workers 8) ...
    → 172 ms/step (min 157, wait 15 ms, 5004 steps/ep, 181s)
  ▶ mnv2/bf16/fed (variant rmsdp64bf16, bs 64, workers 8) ...
    → 113 ms/step (min 95, wait 18 ms, 5004 steps/ep, 172s)
  ▶ mnv4/f32/fed (variant adamdp64, bs 64, workers 8) ...
    → 146 ms/step (min 140, wait 6 ms, 5004 steps/ep, 235s)
  ▶ mnv4/bf16/fed (variant adamdp64bf16, bs 64, workers 8) ...
    → 157 ms/step (min 80, wait 77 ms, 5004 steps/ep, 265s)
  ▶ enetema/f32/fed (variant emarmsdp64dropdo, bs 64, workers 8) ...
    → 186 ms/step (min 182, wait 4 ms, 5004 steps/ep, 240s)
  ▶ enetema/bf16/fed (variant emarmsdp64dropdobf16, bs 64, workers 8) ...
    → 102 ms/step (min 98, wait 4 ms, 5004 steps/ep, 261s)
  ▶ cnx/f32/fed (variant adamdpwxclipdrop, bs 32, workers 8) ...
    → 202 ms/step (min 198, wait 4 ms, 10009 steps/ep, 202s)
  ▶ cnx/bf16/fed (variant adamdpwxclipdropbf16, bs 32, workers 8) ...
    → 120 ms/step (min 115, wait 5 ms, 10009 steps/ep, 174s)
  ▶ cnxs/f32/fed (variant adamdpwxclipdrop, bs 32, workers 8) ...
    → 339 ms/step (min 332, wait 7 ms, 10009 steps/ep, 290s)
  ▶ cnxs/bf16/fed (variant adamdpwxclipdropbf16, bs 32, workers 8) ...
    → 188 ms/step (min 183, wait 5 ms, 10009 steps/ep, 213s)
  ▶ cnxb/f32/fed (variant adamdpwxclipdrop, bs 32, workers 8) ...
    → 514 ms/step (min 506, wait 8 ms, 10009 steps/ep, 398s)
  ▶ cnxb/bf16/fed (variant adamdpwxclipdropbf16, bs 32, workers 8) ...
    → 296 ms/step (min 287, wait 9 ms, 10009 steps/ep, 279s)
  ▶ vit/f32/fed (variant adamdp128x4wxclipdrop, bs 128, workers 8) ...
    → 220 ms/step (min 205, wait 15 ms, 2502 steps/ep, 629s)
  ▶ vit/bf16/fed (variant adamdp128x4wxclipdropbf16, bs 128, workers 8) ...
    → 141 ms/step (min 130, wait 11 ms, 2502 steps/ep, 613s)
  ▶ vits/f32/fed (variant adamdp128x4wxclipdrop, bs 128, workers 8) ...
    → 501 ms/step (min 495, wait 6 ms, 2502 steps/ep, 416s)
  ▶ vits/bf16/fed (variant adamdp128x4wxclipdropbf16, bs 128, workers 8) ...
    → 287 ms/step (min 278, wait 9 ms, 2502 steps/ep, 453s)
  ▶ vitb/f32/fed (variant adamdp128x4wxclipdrop, bs 128, workers 8) ...
    → 1356 ms/step (min 1339, wait 17 ms, 2502 steps/ep, 926s)
  ▶ vitb/bf16/fed (variant adamdp128x4wxclipdropbf16, bs 128, workers 8) ...
    → 797 ms/step (min 782, wait 15 ms, 2502 steps/ep, 592s)
  ▶ r50a3/f32/fed (variant lambaccdp8x64wxclipbce, bs 64, workers 8) ...
    → 209 ms/step (min 205, wait 4 ms, 5000 steps/ep, 223s)
  ▶ r50a3/bf16/fed (variant lambaccdp8x64wxclipbcebf16, bs 64, workers 8) ...
    → 144 ms/step (min 138, wait 6 ms, 5000 steps/ep, 209s)
ALL DONE -> runs/2026-09-10-bf16-probe-4060ti/fed.tsv
net      variant                     prec  arm  bs   workers  med_ms  min_ms  p90_ms  mean_ms  wait_ms  steps_ep  elapsed_s  note
r34      momdp64                     f32   fed  64   8        215     210     217     214      5        5004      223        
r34      momdp64bf16                 bf16  fed  64   8        142     136     145     142      6        5004      187        
r50      momdp64                     f32   fed  64   8        355     353     357     355      2        5004      337        
r50      momdp64bf16                 bf16  fed  64   8        222     219     223     222      3        5004      265        
mnv2     rmsdp64                     f32   fed  64   8        172     157     181     172      15       5004      181        
mnv2     rmsdp64bf16                 bf16  fed  64   8        113     95      121     112      18       5004      172        
mnv4     adamdp64                    f32   fed  64   8        146     140     563     253      6        5004      235        
mnv4     adamdp64bf16                bf16  fed  64   8        157     80      546     253      77       5004      265        
enetema  emarmsdp64dropdo            f32   fed  64   8        186     182     272     200      4        5004      240        
enetema  emarmsdp64dropdobf16        bf16  fed  64   8        102     98      893     204      4        5004      261        
cnx      adamdpwxclipdrop            f32   fed  32   8        202     198     204     201      4        10009     202        
cnx      adamdpwxclipdropbf16        bf16  fed  32   8        120     115     183     133      5        10009     174        
cnxs     adamdpwxclipdrop            f32   fed  32   8        339     332     341     339      7        10009     290        
cnxs     adamdpwxclipdropbf16        bf16  fed  32   8        188     183     191     188      5        10009     213        
cnxb     adamdpwxclipdrop            f32   fed  32   8        514     506     515     513      8        10009     398        
cnxb     adamdpwxclipdropbf16        bf16  fed  32   8        296     287     298     295      9        10009     279        
vit      adamdp128x4wxclipdrop       f32   fed  128  8        220     205     2974    894      15       2502      629        
vit      adamdp128x4wxclipdropbf16   bf16  fed  128  8        141     130     3219    876      11       2502      613        
vits     adamdp128x4wxclipdrop       f32   fed  128  8        501     495     507     502      6        2502      416        
vits     adamdp128x4wxclipdropbf16   bf16  fed  128  8        287     278     1087    644      9        2502      453        
vitb     adamdp128x4wxclipdrop       f32   fed  128  8        1356    1339    1361    1353     17       2502      926        
vitb     adamdp128x4wxclipdropbf16   bf16  fed  128  8        797     782     803     795      15       2502      592        
r50a3    lambaccdp8x64wxclipbce      f32   fed  64   8        209     205     210     208      4        5000      223        
r50a3    lambaccdp8x64wxclipbcebf16  bf16  fed  64   8        144     138     281     175      6        5000      209        
