nqs-j1j2-mlp-n16-w2: 70658 params, J1-J2 chain N = 16, J1 = 1.000000, J2 = 0.250000, S_z = 0 sector of 12870 configurations, 8000 steps, Marshall sign prior, seed 1
[pjrt_ffi] allocator: 1 create option(s), memory_fraction=0.150
I0912 02:39:55.224860 2113845 service.cc:154] XLA service 0x75ac4c028880 initialized for platform CUDA (this does not guarantee that XLA will be used). Devices:
I0912 02:39:55.224895 2113845 service.cc:170]   StreamExecutor [0]: NVIDIA GeForce RTX 4060 Ti, Compute Capability 8.9 (Driver: 12.9.0[575.57.8]; Runtime: 12.9.0; Toolkit: 12.9.0; DNN: 9.23.2)
I0912 02:39:55.226310 2113845 se_gpu_pjrt_client.cc:1342] Using BFC allocator.
I0912 02:39:55.226339 2113845 gpu_helpers.cc:162] XLA backend allocating 2.34GiB (2510290944 bytes) on device 0 for BFCAllocator.
I0912 02:39:55.233307 2113845 cuda_dnn.cc:440] Loaded cuDNN version 92302
[pjrt_ffi] XLA backend: PJRT 0.114, 1 device(s)
[pjrt_ffi] command buffers: enabled (CUDA default)
I0912 02:39:55.961902 2113867 subprocess_compilation.cc:349] ptxas warning : Registers are spilled to local memory in function 'gemm_fusion_dot_2', 24 bytes spill stores, 20 bytes spill loads

I0912 02:39:56.072316 2113886 subprocess_compilation.cc:349] ptxas warning : Registers are spilled to local memory in function 'gemm_fusion_dot_9', 132 bytes spill stores, 92 bytes spill loads

I0912 02:39:56.112489 2113881 subprocess_compilation.cc:349] ptxas warning : Registers are spilled to local memory in function 'gemm_fusion_dot_14', 112 bytes spill stores, 80 bytes spill loads

I0912 02:39:56.153694 2113865 subprocess_compilation.cc:349] ptxas warning : Registers are spilled to local memory in function 'gemm_fusion_dot_9', 140 bytes spill stores, 76 bytes spill loads

I0912 02:39:56.245617 2113885 subprocess_compilation.cc:349] ptxas warning : Registers are spilled to local memory in function 'gemm_fusion_dot_14', 10240 bytes spill stores, 9088 bytes spill loads

I0912 02:39:56.410651 2113882 subprocess_compilation.cc:349] ptxas warning : Registers are spilled to local memory in function 'gemm_fusion_dot_9', 9204 bytes spill stores, 9508 bytes spill loads

I0912 02:39:56.483287 2113883 subprocess_compilation.cc:349] ptxas warning : Registers are spilled to local memory in function 'gemm_fusion_dot_1', 84 bytes spill stores, 68 bytes spill loads

[pjrt_ffi] compiled .lake/build/nqs_j1j2_mlp_n16_w2_train_step.mlir (@main, 19 outputs, 1 replica) in 1575 ms
I0912 02:39:57.146798 2113883 subprocess_compilation.cc:349] ptxas warning : Registers are spilled to local memory in function 'gemm_fusion_dot_4', 112 bytes spill stores, 64 bytes spill loads

I0912 02:39:57.394769 2113884 subprocess_compilation.cc:349] ptxas warning : Registers are spilled to local memory in function 'gemm_fusion_dot_4', 10300 bytes spill stores, 9616 bytes spill loads

[pjrt_ffi] compiled .lake/build/nqs_j1j2_mlp_n16_w2_fwd_eval.mlir (@forward_eval, 1 outputs, 1 replica) in 1002 ms
  sessions loaded
  step 0  E = -3.533333  E/N = -0.220833  Im E = -3.29e-25  Var(E_loc) = 3.98e+0  (17 ms)
  step 1000  E = -6.445886  E/N = -0.402868  Im E = -2.43e-12  Var(E_loc) = 3.62e-3  (19153 ms)
  step 2000  E = -6.446371  E/N = -0.402898  Im E = -1.84e-13  Var(E_loc) = 1.90e-3  (38582 ms)
  step 3000  E = -6.446850  E/N = -0.402928  Im E = -1.49e-12  Var(E_loc) = 9.15e-4  (58292 ms)
  step 4000  E = -6.446901  E/N = -0.402931  Im E = -1.35e-13  Var(E_loc) = 7.03e-4  (77938 ms)
  step 5000  E = -6.446965  E/N = -0.402935  Im E = -2.27e-13  Var(E_loc) = 5.25e-4  (97514 ms)
  step 6000  E = -6.446984  E/N = -0.402936  Im E = -4.39e-19  Var(E_loc) = 4.48e-4  (117188 ms)
  step 7000  E = -6.446995  E/N = -0.402937  Im E = -5.37e-20  Var(E_loc) = 4.02e-4  (136822 ms)
  step 8000  E = -6.447001  E/N = -0.402938  Im E = -4.75e-19  Var(E_loc) = 3.76e-4  (156098 ms)
trained: 8000 steps, 156099 ms
wrote .lake/build/nqs_j1j2_mlp_n16_w2_j225_metrics.json, _curve.csv, _psi.bin, _samples.bin, _params.bin
mlp j1j2 N=16 J2=0.250000: E = -6.447001  E/N = -0.402938  Im E = -4.75e-19  Var(E_loc) = 3.76e-4  Marshall weight = 1.00000  C(N/2) = 0.08124  (12870 configurations, 70658 params, 156 s)
