nqs-j1j2-vit-n16-w3: 100994 params, J1-J2 chain N = 16, J1 = 1.000000, J2 = 0.000000, S_z = 0 sector of 12870 configurations, 8000 steps, Marshall sign prior, seed 1
[pjrt_ffi] allocator: 1 create option(s), memory_fraction=0.150
I0912 02:38:13.994259 2112582 service.cc:154] XLA service 0x7dcaf8028880 initialized for platform CUDA (this does not guarantee that XLA will be used). Devices:
I0912 02:38:13.994283 2112582 service.cc:170]   StreamExecutor [0]: NVIDIA GeForce RTX 4060 Ti, Compute Capability 8.9 (Driver: 12.9.0[575.57.8]; Runtime: 12.9.0; Toolkit: 12.9.0; DNN: 9.23.2)
I0912 02:38:13.995636 2112582 se_gpu_pjrt_client.cc:1342] Using BFC allocator.
I0912 02:38:13.995663 2112582 gpu_helpers.cc:162] XLA backend allocating 2.34GiB (2510290944 bytes) on device 0 for BFCAllocator.
I0912 02:38:14.002126 2112582 cuda_dnn.cc:440] Loaded cuDNN version 92302
[pjrt_ffi] XLA backend: PJRT 0.114, 1 device(s)
[pjrt_ffi] command buffers: enabled (CUDA default)
I0912 02:38:16.645667 2112642 subprocess_compilation.cc:349] ptxas warning : Registers are spilled to local memory in function 'gemm_fusion_dot_126', 88 bytes spill stores, 56 bytes spill loads

I0912 02:38:17.505085 2112640 subprocess_compilation.cc:349] ptxas warning : Registers are spilled to local memory in function 'gemm_fusion_dot_124', 132 bytes spill stores, 100 bytes spill loads

I0912 02:38:17.647403 2112654 subprocess_compilation.cc:349] ptxas warning : Registers are spilled to local memory in function 'gemm_fusion_dot_132', 24 bytes spill stores, 20 bytes spill loads

[pjrt_ffi] compiled .lake/build/nqs_j1j2_vit_n16_w3_train_step.mlir (@main, 115 outputs, 1 replica) in 4788 ms
[pjrt_ffi] compiled .lake/build/nqs_j1j2_vit_n16_w3_fwd_eval.mlir (@forward_eval, 1 outputs, 1 replica) in 629 ms
  sessions loaded
  step 0  E = -4.533333  E/N = -0.283333  Im E = -3.29e-25  Var(E_loc) = 3.98e+0  (22 ms)
  step 1000  E = -7.139588  E/N = -0.446224  Im E = 2.39e-16  Var(E_loc) = 1.03e-2  (72345 ms)
  step 2000  E = -7.141393  E/N = -0.446337  Im E = -2.60e-17  Var(E_loc) = 3.35e-3  (149590 ms)
  step 3000  E = -7.141760  E/N = -0.446360  Im E = -5.58e-16  Var(E_loc) = 2.02e-3  (227925 ms)
  step 4000  E = -7.142075  E/N = -0.446380  Im E = 9.24e-16  Var(E_loc) = 1.04e-3  (305253 ms)
  step 5000  E = -7.142180  E/N = -0.446386  Im E = -2.67e-16  Var(E_loc) = 6.25e-4  (382143 ms)
  step 6000  E = -7.142223  E/N = -0.446389  Im E = -4.42e-17  Var(E_loc) = 4.60e-4  (459578 ms)
  step 7000  E = -7.142236  E/N = -0.446390  Im E = 3.63e-16  Var(E_loc) = 3.88e-4  (537442 ms)
  step 8000  E = -7.142241  E/N = -0.446390  Im E = -5.94e-16  Var(E_loc) = 3.52e-4  (617478 ms)
trained: 8000 steps, 617487 ms
wrote .lake/build/nqs_j1j2_vit_n16_w3_j20_metrics.json, _curve.csv, _psi.bin, _samples.bin, _params.bin
vit j1j2 N=16 J2=0.000000: E = -7.142241  E/N = -0.446390  Im E = -5.94e-16  Var(E_loc) = 3.52e-4  Marshall weight = 1.00000  C(N/2) = 0.11206  (12870 configurations, 100994 params, 617 s)
