I0901 14:02:59.615159 1006572 service.cc:154] XLA service 0x70f074009340 initialized for platform CUDA (this does not guarantee that XLA will be used). Devices:
I0901 14:02:59.615196 1006572 service.cc:170]   StreamExecutor [0]: NVIDIA GeForce RTX 4060 Ti, Compute Capability 8.9 (Driver: 12.9.0[575.57.8]; Runtime: 12.9.0; Toolkit: 12.9.0; DNN: 9.23.2)
I0901 14:02:59.617690 1006572 se_gpu_pjrt_client.cc:1342] Using BFC allocator.
I0901 14:02:59.618569 1006572 gpu_helpers.cc:162] XLA backend allocating 11.68GiB (12543066112 bytes) on device 0 for BFCAllocator.
I0901 14:02:59.646636 1006572 cuda_dnn.cc:440] Loaded cuDNN version 92302
[pjrt_ffi] XLA backend: PJRT 0.114, 1 device(s)
[pjrt_ffi] command buffers: enabled (CUDA default)
I0901 14:03:02.353415 1006784 subprocess_compilation.cc:349] ptxas warning : Registers are spilled to local memory in function 'gemm_fusion_dot_15', 256 bytes spill stores, 256 bytes spill loads

I0901 14:03:02.375428 1006783 subprocess_compilation.cc:349] ptxas warning : Registers are spilled to local memory in function 'gemm_fusion_dot_15', 320 bytes spill stores, 320 bytes spill loads

I0901 14:03:03.555019 1006777 subprocess_compilation.cc:349] ptxas warning : Registers are spilled to local memory in function 'gemm_fusion_dot_15', 424 bytes spill stores, 424 bytes spill loads

I0901 14:03:03.900216 1006792 subprocess_compilation.cc:349] ptxas warning : Registers are spilled to local memory in function 'gemm_fusion_dot_15', 416 bytes spill stores, 416 bytes spill loads

I0901 14:03:04.712397 1006803 subprocess_compilation.cc:349] ptxas warning : Registers are spilled to local memory in function 'gemm_fusion_dot_15', 428 bytes spill stores, 428 bytes spill loads

I0901 14:03:04.713418 1006788 subprocess_compilation.cc:349] ptxas warning : Registers are spilled to local memory in function 'gemm_fusion_dot_15', 412 bytes spill stores, 412 bytes spill loads

I0901 14:03:05.203105 1006778 subprocess_compilation.cc:349] ptxas warning : Registers are spilled to local memory in function 'gemm_fusion_dot_15', 444 bytes spill stores, 444 bytes spill loads

I0901 14:03:05.835534 1006775 subprocess_compilation.cc:349] ptxas warning : Registers are spilled to local memory in function 'gemm_fusion_dot_16', 256 bytes spill stores, 256 bytes spill loads

I0901 14:03:05.889063 1006789 subprocess_compilation.cc:349] ptxas warning : Registers are spilled to local memory in function 'gemm_fusion_dot_16', 320 bytes spill stores, 320 bytes spill loads

I0901 14:03:05.937630 1006783 subprocess_compilation.cc:349] ptxas warning : Registers are spilled to local memory in function 'gemm_fusion_dot_16', 208 bytes spill stores, 208 bytes spill loads

I0901 14:03:05.965978 1006776 subprocess_compilation.cc:349] ptxas warning : Registers are spilled to local memory in function 'gemm_fusion_dot_16', 192 bytes spill stores, 192 bytes spill loads

I0901 14:03:06.279417 1006794 subprocess_compilation.cc:349] ptxas warning : Registers are spilled to local memory in function 'gemm_fusion_dot_16', 176 bytes spill stores, 176 bytes spill loads

I0901 14:03:06.280265 1006797 subprocess_compilation.cc:349] ptxas warning : Registers are spilled to local memory in function 'gemm_fusion_dot_16', 192 bytes spill stores, 192 bytes spill loads

I0901 14:03:06.708429 1006804 subprocess_compilation.cc:349] ptxas warning : Registers are spilled to local memory in function 'gemm_fusion_dot_16', 192 bytes spill stores, 192 bytes spill loads

I0901 14:03:09.915406 1006793 subprocess_compilation.cc:349] ptxas warning : Registers are spilled to local memory in function 'gemm_fusion_dot_15', 44 bytes spill stores, 44 bytes spill loads

I0901 14:03:12.044881 1006791 subprocess_compilation.cc:349] ptxas warning : Registers are spilled to local memory in function 'gemm_fusion_dot_8', 32 bytes spill stores, 32 bytes spill loads

I0901 14:03:12.846724 1006777 subprocess_compilation.cc:349] ptxas warning : Registers are spilled to local memory in function 'gemm_fusion_dot_16', 44 bytes spill stores, 44 bytes spill loads

I0901 14:03:13.844896 1006776 subprocess_compilation.cc:349] ptxas warning : Registers are spilled to local memory in function 'gemm_fusion_dot_9', 40 bytes spill stores, 40 bytes spill loads

I0901 14:03:14.232422 1006802 subprocess_compilation.cc:349] ptxas warning : Registers are spilled to local memory in function 'gemm_fusion_dot_8', 712 bytes spill stores, 712 bytes spill loads

I0901 14:03:14.603458 1006796 subprocess_compilation.cc:349] ptxas warning : Registers are spilled to local memory in function 'gemm_fusion_dot_9', 6392 bytes spill stores, 7388 bytes spill loads

I0901 14:03:16.905380 1006803 subprocess_compilation.cc:349] ptxas warning : Registers are spilled to local memory in function 'gemm_fusion_dot_6', 36 bytes spill stores, 36 bytes spill loads

I0901 14:03:17.751081 1006802 subprocess_compilation.cc:349] ptxas warning : Registers are spilled to local memory in function 'gemm_fusion_dot_6', 544 bytes spill stores, 544 bytes spill loads

[pjrt_ffi] compiled verified_mlir/cifar8wb_bf16sgd_train_step.mlir (@cifar8wb_bf16sgd_train_step, 69 outputs, 1 replica) in 23116 ms
I0901 14:03:23.861156 1006779 subprocess_compilation.cc:349] ptxas warning : Registers are spilled to local memory in function 'gemm_fusion_dot', 40 bytes spill stores, 40 bytes spill loads

I0901 14:03:25.077912 1006796 subprocess_compilation.cc:349] ptxas warning : Registers are spilled to local memory in function 'gemm_fusion_dot_3', 40 bytes spill stores, 40 bytes spill loads

I0901 14:03:25.142559 1006795 subprocess_compilation.cc:349] ptxas warning : Registers are spilled to local memory in function 'gemm_fusion_dot', 812 bytes spill stores, 812 bytes spill loads

I0901 14:03:25.163316 1006799 subprocess_compilation.cc:349] ptxas warning : Registers are spilled to local memory in function 'gemm_fusion_dot_3', 6668 bytes spill stores, 8424 bytes spill loads

[pjrt_ffi] compiled verified_mlir/cifar8wb_fwd.mlir (@cifar8wb_fwd, 1 outputs, 1 replica) in 2696 ms
════════ cifar8wb bf16 — SGD (lr 0.1) ════════
Wide-head CIFAR-10 CNN (8 convs, BATCHED op family, d1=512) via the VERIFIED renderer → XLA/PJRT → GPU
  xla/pjrt verified_mlir/cifar8wb_bf16sgd_train_step.mlir
  xla/pjrt verified_mlir/cifar8wb_fwd.mlir
  train 50000, test 10000; bs 128, CIFAR-CNN8-wide-batched bf16sgd (constant lr 0.100000), He init
[pjrt_ffi] RESIDENT: @cifar8wb_bf16sgd_train_step holds 66 parameter tensors (4.3 MB) on 1 device; they stop crossing PCIe from here
  step 0/390: loss=2.303741
  step 1/390: loss=2.302826
  step 2/390: loss=2.302342
  step 100/390: loss=2.260254
  step 200/390: loss=2.155329
  step 300/390: loss=2.333153
[pjrt_ffi] RESIDENT: @cifar8wb_fwd holds 22 parameter tensors (1.4 MB) on 1 device; they stop crossing PCIe from here
Epoch 1/40: loss=2.173343 lr=0.100000
  epoch 1: test_acc = 2926/10000 = 29.260000%  top5 = 8241/10000 = 82.410000%  [95% CI 28.38–30.16]
  step 0/390: loss=1.946579
  step 1/390: loss=1.846416
  step 2/390: loss=1.949913
  step 100/390: loss=2.183415
  step 200/390: loss=1.711565
  step 300/390: loss=1.639184
[pjrt_ffi] RESIDENT: @cifar8wb_fwd holds 22 parameter tensors (1.4 MB) on 1 device; they stop crossing PCIe from here
Epoch 2/40: loss=1.776874 lr=0.100000
  epoch 2: test_acc = 4140/10000 = 41.400000%  top5 = 9050/10000 = 90.500000%  [95% CI 40.44–42.37]
  step 0/390: loss=1.612543
  step 1/390: loss=1.750692
  step 2/390: loss=1.596200
  step 100/390: loss=1.532436
  step 200/390: loss=1.653125
  step 300/390: loss=1.467134
[pjrt_ffi] RESIDENT: @cifar8wb_fwd holds 22 parameter tensors (1.4 MB) on 1 device; they stop crossing PCIe from here
Epoch 3/40: loss=1.549507 lr=0.100000
  epoch 3: test_acc = 4556/10000 = 45.560000%  top5 = 9101/10000 = 91.010000%  [95% CI 44.59–46.54]
  step 0/390: loss=1.607858
  step 1/390: loss=1.419583
  step 2/390: loss=1.327563
  step 100/390: loss=1.389660
  step 200/390: loss=1.335555
  step 300/390: loss=1.371100
[pjrt_ffi] RESIDENT: @cifar8wb_fwd holds 22 parameter tensors (1.4 MB) on 1 device; they stop crossing PCIe from here
Epoch 4/40: loss=1.425336 lr=0.100000
  epoch 4: test_acc = 4131/10000 = 41.310000%  top5 = 8901/10000 = 89.010000%  [95% CI 40.35–42.28]
  step 0/390: loss=1.570145
  step 1/390: loss=1.554307
  step 2/390: loss=1.390495
  step 100/390: loss=1.304569
  step 200/390: loss=1.304910
  step 300/390: loss=1.236361
[pjrt_ffi] RESIDENT: @cifar8wb_fwd holds 22 parameter tensors (1.4 MB) on 1 device; they stop crossing PCIe from here
Epoch 5/40: loss=1.335650 lr=0.100000
  epoch 5: test_acc = 5173/10000 = 51.730000%  top5 = 9386/10000 = 93.860000%  [95% CI 50.75–52.71]
  step 0/390: loss=1.364223
  step 1/390: loss=1.342412
  step 2/390: loss=1.225020
  step 100/390: loss=1.169130
  step 200/390: loss=1.392937
  step 300/390: loss=1.052027
[pjrt_ffi] RESIDENT: @cifar8wb_fwd holds 22 parameter tensors (1.4 MB) on 1 device; they stop crossing PCIe from here
Epoch 6/40: loss=1.262498 lr=0.100000
  epoch 6: test_acc = 5163/10000 = 51.630000%  top5 = 9480/10000 = 94.800000%  [95% CI 50.65–52.61]
  step 0/390: loss=1.193431
  step 1/390: loss=1.178368
  step 2/390: loss=1.138162
  step 100/390: loss=1.180303
  step 200/390: loss=1.169999
  step 300/390: loss=1.195084
[pjrt_ffi] RESIDENT: @cifar8wb_fwd holds 22 parameter tensors (1.4 MB) on 1 device; they stop crossing PCIe from here
Epoch 7/40: loss=1.194038 lr=0.100000
  epoch 7: test_acc = 5862/10000 = 58.620000%  top5 = 9559/10000 = 95.590000%  [95% CI 57.65–59.58]
  step 0/390: loss=1.108330
  step 1/390: loss=1.114995
  step 2/390: loss=0.938995
  step 100/390: loss=1.043426
  step 200/390: loss=0.993232
  step 300/390: loss=1.129977
[pjrt_ffi] RESIDENT: @cifar8wb_fwd holds 22 parameter tensors (1.4 MB) on 1 device; they stop crossing PCIe from here
Epoch 8/40: loss=1.136649 lr=0.100000
  epoch 8: test_acc = 6002/10000 = 60.020000%  top5 = 9616/10000 = 96.160000%  [95% CI 59.06–60.98]
  step 0/390: loss=0.993668
  step 1/390: loss=1.036474
  step 2/390: loss=0.982859
  step 100/390: loss=1.074474
  step 200/390: loss=1.065769
  step 300/390: loss=1.077627
[pjrt_ffi] RESIDENT: @cifar8wb_fwd holds 22 parameter tensors (1.4 MB) on 1 device; they stop crossing PCIe from here
Epoch 9/40: loss=1.081002 lr=0.100000
  epoch 9: test_acc = 6017/10000 = 60.170000%  top5 = 9585/10000 = 95.850000%  [95% CI 59.21–61.13]
  step 0/390: loss=1.021096
  step 1/390: loss=1.121300
  step 2/390: loss=0.974985
  step 100/390: loss=1.014837
  step 200/390: loss=1.167837
  step 300/390: loss=1.041042
[pjrt_ffi] RESIDENT: @cifar8wb_fwd holds 22 parameter tensors (1.4 MB) on 1 device; they stop crossing PCIe from here
Epoch 10/40: loss=1.034071 lr=0.100000
  epoch 10: test_acc = 6290/10000 = 62.900000%  top5 = 9645/10000 = 96.450000%  [95% CI 61.95–63.84]
  step 0/390: loss=0.842557
  step 1/390: loss=0.954589
  step 2/390: loss=1.145836
  step 100/390: loss=0.948004
  step 200/390: loss=0.864696
  step 300/390: loss=0.919527
[pjrt_ffi] RESIDENT: @cifar8wb_fwd holds 22 parameter tensors (1.4 MB) on 1 device; they stop crossing PCIe from here
Epoch 11/40: loss=0.999647 lr=0.100000
  epoch 11: test_acc = 6416/10000 = 64.160000%  top5 = 9678/10000 = 96.780000%  [95% CI 63.21–65.09]
  step 0/390: loss=0.892174
  step 1/390: loss=0.877188
  step 2/390: loss=0.925390
  step 100/390: loss=0.997121
  step 200/390: loss=0.937843
  step 300/390: loss=1.150577
[pjrt_ffi] RESIDENT: @cifar8wb_fwd holds 22 parameter tensors (1.4 MB) on 1 device; they stop crossing PCIe from here
Epoch 12/40: loss=0.960185 lr=0.100000
  epoch 12: test_acc = 6527/10000 = 65.270000%  top5 = 9692/10000 = 96.920000%  [95% CI 64.33–66.20]
  step 0/390: loss=0.902791
  step 1/390: loss=1.005595
  step 2/390: loss=0.783507
  step 100/390: loss=0.952375
  step 200/390: loss=0.924075
  step 300/390: loss=1.076682
[pjrt_ffi] RESIDENT: @cifar8wb_fwd holds 22 parameter tensors (1.4 MB) on 1 device; they stop crossing PCIe from here
Epoch 13/40: loss=0.932166 lr=0.100000
  epoch 13: test_acc = 6588/10000 = 65.880000%  top5 = 9688/10000 = 96.880000%  [95% CI 64.94–66.80]
  step 0/390: loss=0.864935
  step 1/390: loss=0.766590
  step 2/390: loss=0.906967
  step 100/390: loss=0.848892
  step 200/390: loss=0.827807
  step 300/390: loss=0.782655
[pjrt_ffi] RESIDENT: @cifar8wb_fwd holds 22 parameter tensors (1.4 MB) on 1 device; they stop crossing PCIe from here
Epoch 14/40: loss=0.899109 lr=0.100000
  epoch 14: test_acc = 6115/10000 = 61.150000%  top5 = 9501/10000 = 95.010000%  [95% CI 60.19–62.10]
  step 0/390: loss=0.968660
  step 1/390: loss=0.777056
  step 2/390: loss=0.840763
  step 100/390: loss=0.863704
  step 200/390: loss=0.930793
  step 300/390: loss=0.800513
[pjrt_ffi] RESIDENT: @cifar8wb_fwd holds 22 parameter tensors (1.4 MB) on 1 device; they stop crossing PCIe from here
Epoch 15/40: loss=0.872978 lr=0.100000
  epoch 15: test_acc = 6689/10000 = 66.890000%  top5 = 9703/10000 = 97.030000%  [95% CI 65.96–67.81]
  step 0/390: loss=0.768593
  step 1/390: loss=0.560454
  step 2/390: loss=0.761562
  step 100/390: loss=0.792160
  step 200/390: loss=0.955425
  step 300/390: loss=0.865649
[pjrt_ffi] RESIDENT: @cifar8wb_fwd holds 22 parameter tensors (1.4 MB) on 1 device; they stop crossing PCIe from here
Epoch 16/40: loss=0.845238 lr=0.100000
  epoch 16: test_acc = 6769/10000 = 67.690000%  top5 = 9702/10000 = 97.020000%  [95% CI 66.77–68.60]
  step 0/390: loss=0.856242
  step 1/390: loss=0.675614
  step 2/390: loss=0.875985
  step 100/390: loss=0.901295
  step 200/390: loss=0.793273
  step 300/390: loss=0.848035
[pjrt_ffi] RESIDENT: @cifar8wb_fwd holds 22 parameter tensors (1.4 MB) on 1 device; they stop crossing PCIe from here
Epoch 17/40: loss=0.817153 lr=0.100000
  epoch 17: test_acc = 6917/10000 = 69.170000%  top5 = 9725/10000 = 97.250000%  [95% CI 68.26–70.07]
  step 0/390: loss=0.813616
  step 1/390: loss=0.699138
  step 2/390: loss=0.753383
  step 100/390: loss=0.589090
  step 200/390: loss=0.774131
  step 300/390: loss=1.001723
[pjrt_ffi] RESIDENT: @cifar8wb_fwd holds 22 parameter tensors (1.4 MB) on 1 device; they stop crossing PCIe from here
Epoch 18/40: loss=0.796520 lr=0.100000
  epoch 18: test_acc = 6746/10000 = 67.460000%  top5 = 9674/10000 = 96.740000%  [95% CI 66.54–68.37]
  step 0/390: loss=0.935704
  step 1/390: loss=0.887833
  step 2/390: loss=0.675987
  step 100/390: loss=0.866869
  step 200/390: loss=0.782208
  step 300/390: loss=0.980591
[pjrt_ffi] RESIDENT: @cifar8wb_fwd holds 22 parameter tensors (1.4 MB) on 1 device; they stop crossing PCIe from here
Epoch 19/40: loss=0.785571 lr=0.100000
  epoch 19: test_acc = 6960/10000 = 69.600000%  top5 = 9752/10000 = 97.520000%  [95% CI 68.69–70.49]
  step 0/390: loss=0.846295
  step 1/390: loss=0.765692
  step 2/390: loss=0.585797
  step 100/390: loss=1.001114
  step 200/390: loss=0.694882
  step 300/390: loss=0.781666
[pjrt_ffi] RESIDENT: @cifar8wb_fwd holds 22 parameter tensors (1.4 MB) on 1 device; they stop crossing PCIe from here
Epoch 20/40: loss=0.761822 lr=0.100000
  epoch 20: test_acc = 6979/10000 = 69.790000%  top5 = 9746/10000 = 97.460000%  [95% CI 68.88–70.68]
  step 0/390: loss=0.711101
  step 1/390: loss=0.717422
  step 2/390: loss=0.696529
  step 100/390: loss=0.677392
  step 200/390: loss=0.663177
  step 300/390: loss=0.774984
[pjrt_ffi] RESIDENT: @cifar8wb_fwd holds 22 parameter tensors (1.4 MB) on 1 device; they stop crossing PCIe from here
Epoch 21/40: loss=0.750432 lr=0.100000
  epoch 21: test_acc = 7005/10000 = 70.050000%  top5 = 9724/10000 = 97.240000%  [95% CI 69.14–70.94]
  step 0/390: loss=0.583740
  step 1/390: loss=0.638891
  step 2/390: loss=0.794469
  step 100/390: loss=0.845034
  step 200/390: loss=0.728438
  step 300/390: loss=0.683371
[pjrt_ffi] RESIDENT: @cifar8wb_fwd holds 22 parameter tensors (1.4 MB) on 1 device; they stop crossing PCIe from here
Epoch 22/40: loss=0.724707 lr=0.100000
  epoch 22: test_acc = 6870/10000 = 68.700000%  top5 = 9723/10000 = 97.230000%  [95% CI 67.78–69.60]
  step 0/390: loss=0.713912
  step 1/390: loss=0.767688
  step 2/390: loss=0.784660
  step 100/390: loss=0.610603
  step 200/390: loss=0.801620
  step 300/390: loss=0.827800
[pjrt_ffi] RESIDENT: @cifar8wb_fwd holds 22 parameter tensors (1.4 MB) on 1 device; they stop crossing PCIe from here
Epoch 23/40: loss=0.716023 lr=0.100000
  epoch 23: test_acc = 6809/10000 = 68.090000%  top5 = 9691/10000 = 96.910000%  [95% CI 67.17–69.00]
  step 0/390: loss=0.800970
  step 1/390: loss=0.703234
  step 2/390: loss=0.563872
  step 100/390: loss=0.623973
  step 200/390: loss=0.589583
  step 300/390: loss=0.809926
[pjrt_ffi] RESIDENT: @cifar8wb_fwd holds 22 parameter tensors (1.4 MB) on 1 device; they stop crossing PCIe from here
Epoch 24/40: loss=0.698000 lr=0.100000
  epoch 24: test_acc = 6870/10000 = 68.700000%  top5 = 9728/10000 = 97.280000%  [95% CI 67.78–69.60]
  step 0/390: loss=0.639895
  step 1/390: loss=0.663367
  step 2/390: loss=0.567048
  step 100/390: loss=0.729689
  step 200/390: loss=0.773685
  step 300/390: loss=0.582378
[pjrt_ffi] RESIDENT: @cifar8wb_fwd holds 22 parameter tensors (1.4 MB) on 1 device; they stop crossing PCIe from here
Epoch 25/40: loss=0.685127 lr=0.100000
  epoch 25: test_acc = 7039/10000 = 70.390000%  top5 = 9714/10000 = 97.140000%  [95% CI 69.49–71.28]
  step 0/390: loss=0.573615
  step 1/390: loss=0.652374
  step 2/390: loss=0.590447
  step 100/390: loss=0.692524
  step 200/390: loss=0.619169
  step 300/390: loss=0.718858
[pjrt_ffi] RESIDENT: @cifar8wb_fwd holds 22 parameter tensors (1.4 MB) on 1 device; they stop crossing PCIe from here
Epoch 26/40: loss=0.672636 lr=0.100000
  epoch 26: test_acc = 7106/10000 = 71.060000%  top5 = 9751/10000 = 97.510000%  [95% CI 70.16–71.94]
  step 0/390: loss=0.557271
  step 1/390: loss=0.549558
  step 2/390: loss=0.675016
  step 100/390: loss=0.675153
  step 200/390: loss=0.678175
  step 300/390: loss=0.589155
[pjrt_ffi] RESIDENT: @cifar8wb_fwd holds 22 parameter tensors (1.4 MB) on 1 device; they stop crossing PCIe from here
Epoch 27/40: loss=0.661244 lr=0.100000
  epoch 27: test_acc = 7137/10000 = 71.370000%  top5 = 9754/10000 = 97.540000%  [95% CI 70.48–72.25]
  step 0/390: loss=0.773095
  step 1/390: loss=0.732462
  step 2/390: loss=0.694387
  step 100/390: loss=0.704200
  step 200/390: loss=0.523193
  step 300/390: loss=0.793121
[pjrt_ffi] RESIDENT: @cifar8wb_fwd holds 22 parameter tensors (1.4 MB) on 1 device; they stop crossing PCIe from here
Epoch 28/40: loss=0.654536 lr=0.100000
  epoch 28: test_acc = 7103/10000 = 71.030000%  top5 = 9759/10000 = 97.590000%  [95% CI 70.13–71.91]
  step 0/390: loss=0.637153
  step 1/390: loss=0.705248
  step 2/390: loss=0.649477
  step 100/390: loss=0.643428
  step 200/390: loss=0.511450
  step 300/390: loss=0.617510
[pjrt_ffi] RESIDENT: @cifar8wb_fwd holds 22 parameter tensors (1.4 MB) on 1 device; they stop crossing PCIe from here
Epoch 29/40: loss=0.637928 lr=0.100000
  epoch 29: test_acc = 7138/10000 = 71.380000%  top5 = 9747/10000 = 97.470000%  [95% CI 70.49–72.26]
  step 0/390: loss=0.630329
  step 1/390: loss=0.801548
  step 2/390: loss=0.626620
  step 100/390: loss=0.528067
  step 200/390: loss=0.565855
  step 300/390: loss=0.649010
[pjrt_ffi] RESIDENT: @cifar8wb_fwd holds 22 parameter tensors (1.4 MB) on 1 device; they stop crossing PCIe from here
Epoch 30/40: loss=0.622799 lr=0.100000
  epoch 30: test_acc = 7193/10000 = 71.930000%  top5 = 9763/10000 = 97.630000%  [95% CI 71.04–72.80]
  step 0/390: loss=0.607760
  step 1/390: loss=0.716883
  step 2/390: loss=0.580525
  step 100/390: loss=0.650368
  step 200/390: loss=0.700812
  step 300/390: loss=0.554236
[pjrt_ffi] RESIDENT: @cifar8wb_fwd holds 22 parameter tensors (1.4 MB) on 1 device; they stop crossing PCIe from here
Epoch 31/40: loss=0.624542 lr=0.100000
  epoch 31: test_acc = 7150/10000 = 71.500000%  top5 = 9731/10000 = 97.310000%  [95% CI 70.61–72.38]
  step 0/390: loss=0.543149
  step 1/390: loss=0.534562
  step 2/390: loss=0.475835
  step 100/390: loss=0.507370
  step 200/390: loss=0.751971
  step 300/390: loss=0.524257
[pjrt_ffi] RESIDENT: @cifar8wb_fwd holds 22 parameter tensors (1.4 MB) on 1 device; they stop crossing PCIe from here
Epoch 32/40: loss=0.607184 lr=0.100000
  epoch 32: test_acc = 6941/10000 = 69.410000%  top5 = 9675/10000 = 96.750000%  [95% CI 68.50–70.31]
  step 0/390: loss=0.592608
  step 1/390: loss=0.574191
  step 2/390: loss=0.593842
  step 100/390: loss=0.699371
  step 200/390: loss=0.577435
  step 300/390: loss=0.598083
[pjrt_ffi] RESIDENT: @cifar8wb_fwd holds 22 parameter tensors (1.4 MB) on 1 device; they stop crossing PCIe from here
Epoch 33/40: loss=0.608635 lr=0.100000
  epoch 33: test_acc = 7109/10000 = 71.090000%  top5 = 9741/10000 = 97.410000%  [95% CI 70.19–71.97]
  step 0/390: loss=0.701656
  step 1/390: loss=0.475073
  step 2/390: loss=0.535733
  step 100/390: loss=0.615344
  step 200/390: loss=0.731823
  step 300/390: loss=0.561684
[pjrt_ffi] RESIDENT: @cifar8wb_fwd holds 22 parameter tensors (1.4 MB) on 1 device; they stop crossing PCIe from here
Epoch 34/40: loss=0.596675 lr=0.100000
  epoch 34: test_acc = 7223/10000 = 72.230000%  top5 = 9742/10000 = 97.420000%  [95% CI 71.34–73.10]
  step 0/390: loss=0.634846
  step 1/390: loss=0.654882
  step 2/390: loss=0.604021
  step 100/390: loss=0.667393
  step 200/390: loss=0.381122
  step 300/390: loss=0.669015
[pjrt_ffi] RESIDENT: @cifar8wb_fwd holds 22 parameter tensors (1.4 MB) on 1 device; they stop crossing PCIe from here
Epoch 35/40: loss=0.584317 lr=0.100000
  epoch 35: test_acc = 6967/10000 = 69.670000%  top5 = 9722/10000 = 97.220000%  [95% CI 68.76–70.56]
  step 0/390: loss=0.598338
  step 1/390: loss=0.513349
  step 2/390: loss=0.503764
  step 100/390: loss=0.372407
  step 200/390: loss=0.590772
  step 300/390: loss=0.751571
[pjrt_ffi] RESIDENT: @cifar8wb_fwd holds 22 parameter tensors (1.4 MB) on 1 device; they stop crossing PCIe from here
Epoch 36/40: loss=0.579862 lr=0.100000
  epoch 36: test_acc = 6727/10000 = 67.270000%  top5 = 9611/10000 = 96.110000%  [95% CI 66.34–68.18]
  step 0/390: loss=0.752870
  step 1/390: loss=0.439557
  step 2/390: loss=0.662854
  step 100/390: loss=0.633294
  step 200/390: loss=0.522196
  step 300/390: loss=0.487149
[pjrt_ffi] RESIDENT: @cifar8wb_fwd holds 22 parameter tensors (1.4 MB) on 1 device; they stop crossing PCIe from here
Epoch 37/40: loss=0.564707 lr=0.100000
  epoch 37: test_acc = 7155/10000 = 71.550000%  top5 = 9751/10000 = 97.510000%  [95% CI 70.66–72.43]
  step 0/390: loss=0.504608
  step 1/390: loss=0.636371
  step 2/390: loss=0.458354
  step 100/390: loss=0.551540
  step 200/390: loss=0.493763
  step 300/390: loss=0.556879
[pjrt_ffi] RESIDENT: @cifar8wb_fwd holds 22 parameter tensors (1.4 MB) on 1 device; they stop crossing PCIe from here
Epoch 38/40: loss=0.559183 lr=0.100000
  epoch 38: test_acc = 7143/10000 = 71.430000%  top5 = 9743/10000 = 97.430000%  [95% CI 70.54–72.31]
  step 0/390: loss=0.505993
  step 1/390: loss=0.647206
  step 2/390: loss=0.485267
  step 100/390: loss=0.513049
  step 200/390: loss=0.487965
  step 300/390: loss=0.594603
[pjrt_ffi] RESIDENT: @cifar8wb_fwd holds 22 parameter tensors (1.4 MB) on 1 device; they stop crossing PCIe from here
Epoch 39/40: loss=0.559051 lr=0.100000
  epoch 39: test_acc = 7131/10000 = 71.310000%  top5 = 9677/10000 = 96.770000%  [95% CI 70.42–72.19]
  step 0/390: loss=0.524165
  step 1/390: loss=0.448271
  step 2/390: loss=0.483887
  step 100/390: loss=0.539712
  step 200/390: loss=0.581972
  step 300/390: loss=0.547462
[pjrt_ffi] RESIDENT: @cifar8wb_fwd holds 22 parameter tensors (1.4 MB) on 1 device; they stop crossing PCIe from here
Epoch 40/40: loss=0.548347 lr=0.100000
  epoch 40: test_acc = 7072/10000 = 70.720000%  top5 = 9713/10000 = 97.130000%  [95% CI 69.82–71.60]
I0901 14:04:13.102210 1006572 se_gpu_pjrt_client.cc:1342] Using BFC allocator.
I0901 14:04:13.103044 1006572 gpu_helpers.cc:162] XLA backend allocating 11.68GiB (12543066112 bytes) on device 0 for BFCAllocator.
[pjrt_ffi] XLA backend: PJRT 0.114, 1 device(s)
[pjrt_ffi] command buffers: enabled (CUDA default)
[pjrt_ffi] compiled verified_mlir/cifar8wb_bf16mom_train_step.mlir (@cifar8wb_bf16mom_train_step, 69 outputs, 1 replica) in 1509 ms
[pjrt_ffi] compiled verified_mlir/cifar8wb_fwd.mlir (@cifar8wb_fwd, 1 outputs, 1 replica) in 203 ms
done (trained CIFAR-CNN8-wide-batched bf16sgd + constant lr via packed threading).
════════ cifar8wb bf16 — Nesterov momentum (μ.9, lr 0.02) ════════
Wide-head CIFAR-10 CNN (8 convs, BATCHED op family, d1=512) via the VERIFIED renderer → XLA/PJRT → GPU
  xla/pjrt verified_mlir/cifar8wb_bf16mom_train_step.mlir
  xla/pjrt verified_mlir/cifar8wb_fwd.mlir
  train 50000, test 10000; bs 128, CIFAR-CNN8-wide-batched bf16mom (constant lr 0.020000), He init
[pjrt_ffi] RESIDENT: @cifar8wb_bf16mom_train_step holds 66 parameter tensors (4.3 MB) on 1 device; they stop crossing PCIe from here
  step 0/390: loss=2.303741
  step 1/390: loss=2.302372
  step 2/390: loss=2.302465
  step 100/390: loss=2.287888
  step 200/390: loss=2.306121
  step 300/390: loss=2.286127
[pjrt_ffi] RESIDENT: @cifar8wb_fwd holds 22 parameter tensors (1.4 MB) on 1 device; they stop crossing PCIe from here
Epoch 1/40: loss=2.234228 lr=0.020000
  epoch 1: test_acc = 3148/10000 = 31.480000%  top5 = 8238/10000 = 82.380000%  [95% CI 30.58–32.40]
  step 0/390: loss=1.933586
  step 1/390: loss=1.905981
  step 2/390: loss=1.961913
  step 100/390: loss=1.783936
  step 200/390: loss=1.556547
  step 300/390: loss=1.531113
[pjrt_ffi] RESIDENT: @cifar8wb_fwd holds 22 parameter tensors (1.4 MB) on 1 device; they stop crossing PCIe from here
Epoch 2/40: loss=1.637843 lr=0.020000
  epoch 2: test_acc = 4682/10000 = 46.820000%  top5 = 9178/10000 = 91.780000%  [95% CI 45.84–47.80]
  step 0/390: loss=1.446610
  step 1/390: loss=1.544284
  step 2/390: loss=1.489630
  step 100/390: loss=1.454881
  step 200/390: loss=1.499622
  step 300/390: loss=1.394742
[pjrt_ffi] RESIDENT: @cifar8wb_fwd holds 22 parameter tensors (1.4 MB) on 1 device; they stop crossing PCIe from here
Epoch 3/40: loss=1.405287 lr=0.020000
  epoch 3: test_acc = 5058/10000 = 50.580000%  top5 = 9305/10000 = 93.050000%  [95% CI 49.60–51.56]
  step 0/390: loss=1.447768
  step 1/390: loss=1.220824
  step 2/390: loss=1.172867
  step 100/390: loss=1.213527
  step 200/390: loss=1.190021
  step 300/390: loss=1.265792
[pjrt_ffi] RESIDENT: @cifar8wb_fwd holds 22 parameter tensors (1.4 MB) on 1 device; they stop crossing PCIe from here
Epoch 4/40: loss=1.293375 lr=0.020000
  epoch 4: test_acc = 5186/10000 = 51.860000%  top5 = 9439/10000 = 94.390000%  [95% CI 50.88–52.84]
  step 0/390: loss=1.134793
  step 1/390: loss=1.371255
  step 2/390: loss=1.286043
  step 100/390: loss=1.280278
  step 200/390: loss=1.197871
  step 300/390: loss=1.065575
[pjrt_ffi] RESIDENT: @cifar8wb_fwd holds 22 parameter tensors (1.4 MB) on 1 device; they stop crossing PCIe from here
Epoch 5/40: loss=1.204605 lr=0.020000
  epoch 5: test_acc = 5940/10000 = 59.400000%  top5 = 9578/10000 = 95.780000%  [95% CI 58.43–60.36]
  step 0/390: loss=1.135677
  step 1/390: loss=1.039534
  step 2/390: loss=1.182038
  step 100/390: loss=1.208506
  step 200/390: loss=1.318060
  step 300/390: loss=1.033364
[pjrt_ffi] RESIDENT: @cifar8wb_fwd holds 22 parameter tensors (1.4 MB) on 1 device; they stop crossing PCIe from here
Epoch 6/40: loss=1.125353 lr=0.020000
  epoch 6: test_acc = 6100/10000 = 61.000000%  top5 = 9631/10000 = 96.310000%  [95% CI 60.04–61.95]
  step 0/390: loss=1.058734
  step 1/390: loss=1.048409
  step 2/390: loss=1.097032
  step 100/390: loss=1.095340
  step 200/390: loss=1.101295
  step 300/390: loss=1.097372
[pjrt_ffi] RESIDENT: @cifar8wb_fwd holds 22 parameter tensors (1.4 MB) on 1 device; they stop crossing PCIe from here
Epoch 7/40: loss=1.055624 lr=0.020000
  epoch 7: test_acc = 6359/10000 = 63.590000%  top5 = 9679/10000 = 96.790000%  [95% CI 62.64–64.53]
  step 0/390: loss=0.993720
  step 1/390: loss=0.890330
  step 2/390: loss=0.838745
  step 100/390: loss=0.858339
  step 200/390: loss=0.875837
  step 300/390: loss=0.999926
[pjrt_ffi] RESIDENT: @cifar8wb_fwd holds 22 parameter tensors (1.4 MB) on 1 device; they stop crossing PCIe from here
Epoch 8/40: loss=0.997513 lr=0.020000
  epoch 8: test_acc = 6523/10000 = 65.230000%  top5 = 9679/10000 = 96.790000%  [95% CI 64.29–66.16]
  step 0/390: loss=0.914710
  step 1/390: loss=0.905971
  step 2/390: loss=0.770545
  step 100/390: loss=0.970041
  step 200/390: loss=0.873616
  step 300/390: loss=0.910809
[pjrt_ffi] RESIDENT: @cifar8wb_fwd holds 22 parameter tensors (1.4 MB) on 1 device; they stop crossing PCIe from here
Epoch 9/40: loss=0.947956 lr=0.020000
  epoch 9: test_acc = 6573/10000 = 65.730000%  top5 = 9690/10000 = 96.900000%  [95% CI 64.79–66.65]
  step 0/390: loss=0.964829
  step 1/390: loss=1.109746
  step 2/390: loss=0.841713
  step 100/390: loss=0.899401
  step 200/390: loss=1.124286
  step 300/390: loss=0.855509
[pjrt_ffi] RESIDENT: @cifar8wb_fwd holds 22 parameter tensors (1.4 MB) on 1 device; they stop crossing PCIe from here
Epoch 10/40: loss=0.908099 lr=0.020000
  epoch 10: test_acc = 6707/10000 = 67.070000%  top5 = 9719/10000 = 97.190000%  [95% CI 66.14–67.98]
  step 0/390: loss=0.739923
  step 1/390: loss=0.794238
  step 2/390: loss=0.985849
  step 100/390: loss=0.824292
  step 200/390: loss=0.747348
  step 300/390: loss=0.791167
[pjrt_ffi] RESIDENT: @cifar8wb_fwd holds 22 parameter tensors (1.4 MB) on 1 device; they stop crossing PCIe from here
Epoch 11/40: loss=0.881481 lr=0.020000
  epoch 11: test_acc = 6584/10000 = 65.840000%  top5 = 9685/10000 = 96.850000%  [95% CI 64.90–66.76]
  step 0/390: loss=0.794021
  step 1/390: loss=0.830448
  step 2/390: loss=0.942244
  step 100/390: loss=0.837244
  step 200/390: loss=0.791908
  step 300/390: loss=0.989514
[pjrt_ffi] RESIDENT: @cifar8wb_fwd holds 22 parameter tensors (1.4 MB) on 1 device; they stop crossing PCIe from here
Epoch 12/40: loss=0.850302 lr=0.020000
  epoch 12: test_acc = 6862/10000 = 68.620000%  top5 = 9746/10000 = 97.460000%  [95% CI 67.70–69.52]
  step 0/390: loss=0.898077
  step 1/390: loss=0.982024
  step 2/390: loss=0.803812
  step 100/390: loss=0.862458
  step 200/390: loss=0.887886
  step 300/390: loss=0.978488
[pjrt_ffi] RESIDENT: @cifar8wb_fwd holds 22 parameter tensors (1.4 MB) on 1 device; they stop crossing PCIe from here
Epoch 13/40: loss=0.832599 lr=0.020000
  epoch 13: test_acc = 6874/10000 = 68.740000%  top5 = 9728/10000 = 97.280000%  [95% CI 67.82–69.64]
  step 0/390: loss=0.850821
  step 1/390: loss=0.831600
  step 2/390: loss=0.875558
  step 100/390: loss=0.843224
  step 200/390: loss=0.731993
  step 300/390: loss=0.775475
[pjrt_ffi] RESIDENT: @cifar8wb_fwd holds 22 parameter tensors (1.4 MB) on 1 device; they stop crossing PCIe from here
Epoch 14/40: loss=0.806948 lr=0.020000
  epoch 14: test_acc = 6907/10000 = 69.070000%  top5 = 9740/10000 = 97.400000%  [95% CI 68.16–69.97]
  step 0/390: loss=0.603254
  step 1/390: loss=0.808965
  step 2/390: loss=0.866894
  step 100/390: loss=0.780157
  step 200/390: loss=0.758778
  step 300/390: loss=0.706674
[pjrt_ffi] RESIDENT: @cifar8wb_fwd holds 22 parameter tensors (1.4 MB) on 1 device; they stop crossing PCIe from here
Epoch 15/40: loss=0.784288 lr=0.020000
  epoch 15: test_acc = 7012/10000 = 70.120000%  top5 = 9735/10000 = 97.350000%  [95% CI 69.22–71.01]
  step 0/390: loss=0.597638
  step 1/390: loss=0.550274
  step 2/390: loss=0.814440
  step 100/390: loss=0.785282
  step 200/390: loss=0.900684
  step 300/390: loss=0.697873
[pjrt_ffi] RESIDENT: @cifar8wb_fwd holds 22 parameter tensors (1.4 MB) on 1 device; they stop crossing PCIe from here
Epoch 16/40: loss=0.767108 lr=0.020000
  epoch 16: test_acc = 7122/10000 = 71.220000%  top5 = 9735/10000 = 97.350000%  [95% CI 70.32–72.10]
  step 0/390: loss=0.763918
  step 1/390: loss=0.743241
  step 2/390: loss=0.816174
  step 100/390: loss=0.793446
  step 200/390: loss=0.830033
  step 300/390: loss=0.897776
[pjrt_ffi] RESIDENT: @cifar8wb_fwd holds 22 parameter tensors (1.4 MB) on 1 device; they stop crossing PCIe from here
Epoch 17/40: loss=0.751597 lr=0.020000
  epoch 17: test_acc = 7182/10000 = 71.820000%  top5 = 9754/10000 = 97.540000%  [95% CI 70.93–72.69]
  step 0/390: loss=0.719987
  step 1/390: loss=0.727211
  step 2/390: loss=0.680003
  step 100/390: loss=0.673336
  step 200/390: loss=0.706379
  step 300/390: loss=0.724324
[pjrt_ffi] RESIDENT: @cifar8wb_fwd holds 22 parameter tensors (1.4 MB) on 1 device; they stop crossing PCIe from here
Epoch 18/40: loss=0.748839 lr=0.020000
  epoch 18: test_acc = 7077/10000 = 70.770000%  top5 = 9771/10000 = 97.710000%  [95% CI 69.87–71.65]
  step 0/390: loss=0.711281
  step 1/390: loss=0.771033
  step 2/390: loss=0.665025
  step 100/390: loss=0.723731
  step 200/390: loss=0.622055
  step 300/390: loss=0.809963
[pjrt_ffi] RESIDENT: @cifar8wb_fwd holds 22 parameter tensors (1.4 MB) on 1 device; they stop crossing PCIe from here
Epoch 19/40: loss=0.735551 lr=0.020000
  epoch 19: test_acc = 6988/10000 = 69.880000%  top5 = 9714/10000 = 97.140000%  [95% CI 68.97–70.77]
  step 0/390: loss=0.894134
  step 1/390: loss=0.674936
  step 2/390: loss=0.690888
  step 100/390: loss=0.778985
  step 200/390: loss=0.797865
  step 300/390: loss=0.700103
[pjrt_ffi] RESIDENT: @cifar8wb_fwd holds 22 parameter tensors (1.4 MB) on 1 device; they stop crossing PCIe from here
Epoch 20/40: loss=0.720474 lr=0.020000
  epoch 20: test_acc = 6991/10000 = 69.910000%  top5 = 9779/10000 = 97.790000%  [95% CI 69.00–70.80]
  step 0/390: loss=0.639713
  step 1/390: loss=0.810234
  step 2/390: loss=0.760424
  step 100/390: loss=0.599437
  step 200/390: loss=0.589586
  step 300/390: loss=0.654932
[pjrt_ffi] RESIDENT: @cifar8wb_fwd holds 22 parameter tensors (1.4 MB) on 1 device; they stop crossing PCIe from here
Epoch 21/40: loss=0.712128 lr=0.020000
  epoch 21: test_acc = 7202/10000 = 72.020000%  top5 = 9767/10000 = 97.670000%  [95% CI 71.13–72.89]
  step 0/390: loss=0.469342
  step 1/390: loss=0.680704
  step 2/390: loss=0.704006
  step 100/390: loss=0.808925
  step 200/390: loss=0.661187
  step 300/390: loss=0.719608
[pjrt_ffi] RESIDENT: @cifar8wb_fwd holds 22 parameter tensors (1.4 MB) on 1 device; they stop crossing PCIe from here
Epoch 22/40: loss=0.696434 lr=0.020000
  epoch 22: test_acc = 7252/10000 = 72.520000%  top5 = 9781/10000 = 97.810000%  [95% CI 71.64–73.39]
  step 0/390: loss=0.527209
  step 1/390: loss=0.706733
  step 2/390: loss=0.480364
  step 100/390: loss=0.605345
  step 200/390: loss=0.873487
  step 300/390: loss=0.706266
[pjrt_ffi] RESIDENT: @cifar8wb_fwd holds 22 parameter tensors (1.4 MB) on 1 device; they stop crossing PCIe from here
Epoch 23/40: loss=0.695325 lr=0.020000
  epoch 23: test_acc = 7070/10000 = 70.700000%  top5 = 9740/10000 = 97.400000%  [95% CI 69.80–71.58]
  step 0/390: loss=0.653850
  step 1/390: loss=0.691427
  step 2/390: loss=0.775943
  step 100/390: loss=0.562769
  step 200/390: loss=0.575269
  step 300/390: loss=0.828512
[pjrt_ffi] RESIDENT: @cifar8wb_fwd holds 22 parameter tensors (1.4 MB) on 1 device; they stop crossing PCIe from here
Epoch 24/40: loss=0.684690 lr=0.020000
  epoch 24: test_acc = 7248/10000 = 72.480000%  top5 = 9792/10000 = 97.920000%  [95% CI 71.60–73.35]
  step 0/390: loss=0.535701
  step 1/390: loss=0.767552
  step 2/390: loss=0.548055
  step 100/390: loss=0.775158
  step 200/390: loss=0.643138
  step 300/390: loss=0.574460
[pjrt_ffi] RESIDENT: @cifar8wb_fwd holds 22 parameter tensors (1.4 MB) on 1 device; they stop crossing PCIe from here
Epoch 25/40: loss=0.676326 lr=0.020000
  epoch 25: test_acc = 7054/10000 = 70.540000%  top5 = 9726/10000 = 97.260000%  [95% CI 69.64–71.43]
  step 0/390: loss=0.677496
  step 1/390: loss=0.792851
  step 2/390: loss=0.678521
  step 100/390: loss=0.590952
  step 200/390: loss=0.689143
  step 300/390: loss=0.640349
[pjrt_ffi] RESIDENT: @cifar8wb_fwd holds 22 parameter tensors (1.4 MB) on 1 device; they stop crossing PCIe from here
Epoch 26/40: loss=0.681371 lr=0.020000
  epoch 26: test_acc = 7260/10000 = 72.600000%  top5 = 9738/10000 = 97.380000%  [95% CI 71.72–73.47]
  step 0/390: loss=0.672466
  step 1/390: loss=0.664316
  step 2/390: loss=0.556044
  step 100/390: loss=0.834347
  step 200/390: loss=0.754424
  step 300/390: loss=0.627573
[pjrt_ffi] RESIDENT: @cifar8wb_fwd holds 22 parameter tensors (1.4 MB) on 1 device; they stop crossing PCIe from here
Epoch 27/40: loss=0.670100 lr=0.020000
  epoch 27: test_acc = 7181/10000 = 71.810000%  top5 = 9760/10000 = 97.600000%  [95% CI 70.92–72.68]
  step 0/390: loss=0.682592
  step 1/390: loss=0.653339
  step 2/390: loss=0.736597
  step 100/390: loss=0.637620
  step 200/390: loss=0.569050
  step 300/390: loss=0.671537
[pjrt_ffi] RESIDENT: @cifar8wb_fwd holds 22 parameter tensors (1.4 MB) on 1 device; they stop crossing PCIe from here
Epoch 28/40: loss=0.668046 lr=0.020000
  epoch 28: test_acc = 7107/10000 = 71.070000%  top5 = 9782/10000 = 97.820000%  [95% CI 70.17–71.95]
  step 0/390: loss=0.560234
  step 1/390: loss=0.760096
  step 2/390: loss=0.622978
  step 100/390: loss=0.691660
  step 200/390: loss=0.567755
  step 300/390: loss=0.523105
[pjrt_ffi] RESIDENT: @cifar8wb_fwd holds 22 parameter tensors (1.4 MB) on 1 device; they stop crossing PCIe from here
Epoch 29/40: loss=0.667031 lr=0.020000
  epoch 29: test_acc = 7149/10000 = 71.490000%  top5 = 9765/10000 = 97.650000%  [95% CI 70.60–72.37]
  step 0/390: loss=0.710257
  step 1/390: loss=0.700844
  step 2/390: loss=0.769043
  step 100/390: loss=0.647555
  step 200/390: loss=0.558914
  step 300/390: loss=0.601773
[pjrt_ffi] RESIDENT: @cifar8wb_fwd holds 22 parameter tensors (1.4 MB) on 1 device; they stop crossing PCIe from here
Epoch 30/40: loss=0.659314 lr=0.020000
  epoch 30: test_acc = 7271/10000 = 72.710000%  top5 = 9750/10000 = 97.500000%  [95% CI 71.83–73.57]
  step 0/390: loss=0.604821
  step 1/390: loss=0.799175
  step 2/390: loss=0.591859
  step 100/390: loss=0.796749
  step 200/390: loss=0.655693
  step 300/390: loss=0.843932
[pjrt_ffi] RESIDENT: @cifar8wb_fwd holds 22 parameter tensors (1.4 MB) on 1 device; they stop crossing PCIe from here
Epoch 31/40: loss=0.650166 lr=0.020000
  epoch 31: test_acc = 7140/10000 = 71.400000%  top5 = 9777/10000 = 97.770000%  [95% CI 70.51–72.28]
  step 0/390: loss=0.673528
  step 1/390: loss=0.512781
  step 2/390: loss=0.606777
  step 100/390: loss=0.444737
  step 200/390: loss=0.755659
  step 300/390: loss=0.516138
[pjrt_ffi] RESIDENT: @cifar8wb_fwd holds 22 parameter tensors (1.4 MB) on 1 device; they stop crossing PCIe from here
Epoch 32/40: loss=0.651594 lr=0.020000
  epoch 32: test_acc = 7296/10000 = 72.960000%  top5 = 9768/10000 = 97.680000%  [95% CI 72.08–73.82]
  step 0/390: loss=0.571710
  step 1/390: loss=0.656517
  step 2/390: loss=0.668275
  step 100/390: loss=0.898007
  step 200/390: loss=0.748418
  step 300/390: loss=0.733669
[pjrt_ffi] RESIDENT: @cifar8wb_fwd holds 22 parameter tensors (1.4 MB) on 1 device; they stop crossing PCIe from here
Epoch 33/40: loss=0.647995 lr=0.020000
  epoch 33: test_acc = 7259/10000 = 72.590000%  top5 = 9731/10000 = 97.310000%  [95% CI 71.71–73.46]
  step 0/390: loss=0.605278
  step 1/390: loss=0.665018
  step 2/390: loss=0.597273
  step 100/390: loss=0.648863
  step 200/390: loss=0.714424
  step 300/390: loss=0.712646
[pjrt_ffi] RESIDENT: @cifar8wb_fwd holds 22 parameter tensors (1.4 MB) on 1 device; they stop crossing PCIe from here
Epoch 34/40: loss=0.646165 lr=0.020000
  epoch 34: test_acc = 7215/10000 = 72.150000%  top5 = 9746/10000 = 97.460000%  [95% CI 71.26–73.02]
  step 0/390: loss=0.664303
  step 1/390: loss=0.654274
  step 2/390: loss=0.699619
  step 100/390: loss=0.522153
  step 200/390: loss=0.469854
  step 300/390: loss=0.699634
[pjrt_ffi] RESIDENT: @cifar8wb_fwd holds 22 parameter tensors (1.4 MB) on 1 device; they stop crossing PCIe from here
Epoch 35/40: loss=0.647554 lr=0.020000
  epoch 35: test_acc = 7308/10000 = 73.080000%  top5 = 9744/10000 = 97.440000%  [95% CI 72.20–73.94]
  step 0/390: loss=0.471719
  step 1/390: loss=0.590366
  step 2/390: loss=0.729262
  step 100/390: loss=0.661231
  step 200/390: loss=0.589451
  step 300/390: loss=0.620689
[pjrt_ffi] RESIDENT: @cifar8wb_fwd holds 22 parameter tensors (1.4 MB) on 1 device; they stop crossing PCIe from here
Epoch 36/40: loss=0.636037 lr=0.020000
  epoch 36: test_acc = 7250/10000 = 72.500000%  top5 = 9741/10000 = 97.410000%  [95% CI 71.62–73.37]
  step 0/390: loss=0.478829
  step 1/390: loss=0.496939
  step 2/390: loss=0.620696
  step 100/390: loss=0.618032
  step 200/390: loss=0.600212
  step 300/390: loss=0.606197
[pjrt_ffi] RESIDENT: @cifar8wb_fwd holds 22 parameter tensors (1.4 MB) on 1 device; they stop crossing PCIe from here
Epoch 37/40: loss=0.641127 lr=0.020000
  epoch 37: test_acc = 7207/10000 = 72.070000%  top5 = 9741/10000 = 97.410000%  [95% CI 71.18–72.94]
  step 0/390: loss=0.701270
  step 1/390: loss=0.812835
  step 2/390: loss=0.511234
  step 100/390: loss=0.569904
  step 200/390: loss=0.675786
  step 300/390: loss=0.673345
[pjrt_ffi] RESIDENT: @cifar8wb_fwd holds 22 parameter tensors (1.4 MB) on 1 device; they stop crossing PCIe from here
Epoch 38/40: loss=0.634704 lr=0.020000
  epoch 38: test_acc = 7294/10000 = 72.940000%  top5 = 9743/10000 = 97.430000%  [95% CI 72.06–73.80]
  step 0/390: loss=0.648929
  step 1/390: loss=0.648559
  step 2/390: loss=0.619734
  step 100/390: loss=0.562537
  step 200/390: loss=0.679889
  step 300/390: loss=0.932328
[pjrt_ffi] RESIDENT: @cifar8wb_fwd holds 22 parameter tensors (1.4 MB) on 1 device; they stop crossing PCIe from here
Epoch 39/40: loss=0.629389 lr=0.020000
  epoch 39: test_acc = 7205/10000 = 72.050000%  top5 = 9728/10000 = 97.280000%  [95% CI 71.16–72.92]
  step 0/390: loss=0.619431
  step 1/390: loss=0.498724
  step 2/390: loss=0.611200
  step 100/390: loss=0.637916
  step 200/390: loss=0.582647
  step 300/390: loss=0.727697
[pjrt_ffi] RESIDENT: @cifar8wb_fwd holds 22 parameter tensors (1.4 MB) on 1 device; they stop crossing PCIe from here
Epoch 40/40: loss=0.626002 lr=0.020000
  epoch 40: test_acc = 7441/10000 = 74.410000%  top5 = 9775/10000 = 97.750000%  [95% CI 73.55–75.26]
I0901 14:05:05.839438 1006572 se_gpu_pjrt_client.cc:1342] Using BFC allocator.
I0901 14:05:05.840369 1006572 gpu_helpers.cc:162] XLA backend allocating 11.68GiB (12543066112 bytes) on device 0 for BFCAllocator.
[pjrt_ffi] XLA backend: PJRT 0.114, 1 device(s)
[pjrt_ffi] command buffers: enabled (CUDA default)
[pjrt_ffi] compiled verified_mlir/cifar8wb_bf16adam_train_step.mlir (@cifar8wb_bf16adam_train_step, 69 outputs, 1 replica) in 669 ms
[pjrt_ffi] compiled verified_mlir/cifar8wb_fwd.mlir (@cifar8wb_fwd, 1 outputs, 1 replica) in 198 ms
done (trained CIFAR-CNN8-wide-batched bf16mom + constant lr via packed threading).
════════ cifar8wb bf16 — AdamW (lr 1e-3) ════════
Wide-head CIFAR-10 CNN (8 convs, BATCHED op family, d1=512) via the VERIFIED renderer → XLA/PJRT → GPU
  xla/pjrt verified_mlir/cifar8wb_bf16adam_train_step.mlir
  xla/pjrt verified_mlir/cifar8wb_fwd.mlir
  train 50000, test 10000; bs 128, CIFAR-CNN8-wide-batched bf16adam (constant lr 0.001000), He init
[pjrt_ffi] RESIDENT: @cifar8wb_bf16adam_train_step holds 66 parameter tensors (4.3 MB) on 1 device; they stop crossing PCIe from here
  step 0/390: loss=2.303741
  step 1/390: loss=2.308868
  step 2/390: loss=2.302499
  step 100/390: loss=1.907528
  step 200/390: loss=1.514491
  step 300/390: loss=1.558714
[pjrt_ffi] RESIDENT: @cifar8wb_fwd holds 22 parameter tensors (1.4 MB) on 1 device; they stop crossing PCIe from here
Epoch 1/40: loss=1.695645 lr=0.001000
  epoch 1: test_acc = 4702/10000 = 47.020000%  top5 = 9233/10000 = 92.330000%  [95% CI 46.04–48.00]
  step 0/390: loss=1.388796
  step 1/390: loss=1.428427
  step 2/390: loss=1.309011
  step 100/390: loss=1.322963
  step 200/390: loss=1.255734
  step 300/390: loss=1.374598
[pjrt_ffi] RESIDENT: @cifar8wb_fwd holds 22 parameter tensors (1.4 MB) on 1 device; they stop crossing PCIe from here
Epoch 2/40: loss=1.322301 lr=0.001000
  epoch 2: test_acc = 5619/10000 = 56.190000%  top5 = 9507/10000 = 95.070000%  [95% CI 55.22–57.16]
  step 0/390: loss=1.231239
  step 1/390: loss=1.222193
  step 2/390: loss=1.130201
  step 100/390: loss=1.182265
  step 200/390: loss=1.195838
  step 300/390: loss=1.207759
[pjrt_ffi] RESIDENT: @cifar8wb_fwd holds 22 parameter tensors (1.4 MB) on 1 device; they stop crossing PCIe from here
Epoch 3/40: loss=1.175013 lr=0.001000
  epoch 3: test_acc = 6011/10000 = 60.110000%  top5 = 9564/10000 = 95.640000%  [95% CI 59.15–61.07]
  step 0/390: loss=1.100090
  step 1/390: loss=1.076373
  step 2/390: loss=0.854461
  step 100/390: loss=1.111676
  step 200/390: loss=1.001011
  step 300/390: loss=1.041128
[pjrt_ffi] RESIDENT: @cifar8wb_fwd holds 22 parameter tensors (1.4 MB) on 1 device; they stop crossing PCIe from here
Epoch 4/40: loss=1.061714 lr=0.001000
  epoch 4: test_acc = 6399/10000 = 63.990000%  top5 = 9671/10000 = 96.710000%  [95% CI 63.04–64.93]
  step 0/390: loss=0.905149
  step 1/390: loss=1.078711
  step 2/390: loss=1.040822
  step 100/390: loss=0.869531
  step 200/390: loss=0.921523
  step 300/390: loss=0.818191
[pjrt_ffi] RESIDENT: @cifar8wb_fwd holds 22 parameter tensors (1.4 MB) on 1 device; they stop crossing PCIe from here
Epoch 5/40: loss=0.980192 lr=0.001000
  epoch 5: test_acc = 6451/10000 = 64.510000%  top5 = 9679/10000 = 96.790000%  [95% CI 63.57–65.44]
  step 0/390: loss=1.029607
  step 1/390: loss=0.811497
  step 2/390: loss=1.069983
  step 100/390: loss=0.792249
  step 200/390: loss=1.109725
  step 300/390: loss=0.920559
[pjrt_ffi] RESIDENT: @cifar8wb_fwd holds 22 parameter tensors (1.4 MB) on 1 device; they stop crossing PCIe from here
Epoch 6/40: loss=0.921905 lr=0.001000
  epoch 6: test_acc = 6562/10000 = 65.620000%  top5 = 9668/10000 = 96.680000%  [95% CI 64.68–66.54]
  step 0/390: loss=0.851408
  step 1/390: loss=0.796777
  step 2/390: loss=0.962539
  step 100/390: loss=0.863874
  step 200/390: loss=0.795566
  step 300/390: loss=0.801417
[pjrt_ffi] RESIDENT: @cifar8wb_fwd holds 22 parameter tensors (1.4 MB) on 1 device; they stop crossing PCIe from here
Epoch 7/40: loss=0.865996 lr=0.001000
  epoch 7: test_acc = 6755/10000 = 67.550000%  top5 = 9692/10000 = 96.920000%  [95% CI 66.63–68.46]
  step 0/390: loss=0.867912
  step 1/390: loss=0.859938
  step 2/390: loss=0.734772
  step 100/390: loss=0.701805
  step 200/390: loss=0.718035
  step 300/390: loss=0.877235
[pjrt_ffi] RESIDENT: @cifar8wb_fwd holds 22 parameter tensors (1.4 MB) on 1 device; they stop crossing PCIe from here
Epoch 8/40: loss=0.830520 lr=0.001000
  epoch 8: test_acc = 6884/10000 = 68.840000%  top5 = 9734/10000 = 97.340000%  [95% CI 67.93–69.74]
  step 0/390: loss=0.694793
  step 1/390: loss=0.792454
  step 2/390: loss=0.696244
  step 100/390: loss=0.882906
  step 200/390: loss=0.773779
  step 300/390: loss=0.888027
[pjrt_ffi] RESIDENT: @cifar8wb_fwd holds 22 parameter tensors (1.4 MB) on 1 device; they stop crossing PCIe from here
Epoch 9/40: loss=0.794089 lr=0.001000
  epoch 9: test_acc = 7037/10000 = 70.370000%  top5 = 9737/10000 = 97.370000%  [95% CI 69.47–71.26]
  step 0/390: loss=0.808961
  step 1/390: loss=0.828018
  step 2/390: loss=0.690090
  step 100/390: loss=0.738760
  step 200/390: loss=0.921834
  step 300/390: loss=0.679954
[pjrt_ffi] RESIDENT: @cifar8wb_fwd holds 22 parameter tensors (1.4 MB) on 1 device; they stop crossing PCIe from here
Epoch 10/40: loss=0.754204 lr=0.001000
  epoch 10: test_acc = 7113/10000 = 71.130000%  top5 = 9767/10000 = 97.670000%  [95% CI 70.23–72.01]
  step 0/390: loss=0.648636
  step 1/390: loss=0.657675
  step 2/390: loss=0.804276
  step 100/390: loss=0.708968
  step 200/390: loss=0.770072
  step 300/390: loss=0.634642
[pjrt_ffi] RESIDENT: @cifar8wb_fwd holds 22 parameter tensors (1.4 MB) on 1 device; they stop crossing PCIe from here
Epoch 11/40: loss=0.719519 lr=0.001000
  epoch 11: test_acc = 7186/10000 = 71.860000%  top5 = 9776/10000 = 97.760000%  [95% CI 70.97–72.73]
  step 0/390: loss=0.564719
  step 1/390: loss=0.608690
  step 2/390: loss=0.766679
  step 100/390: loss=0.562935
  step 200/390: loss=0.636782
  step 300/390: loss=0.659676
[pjrt_ffi] RESIDENT: @cifar8wb_fwd holds 22 parameter tensors (1.4 MB) on 1 device; they stop crossing PCIe from here
Epoch 12/40: loss=0.706995 lr=0.001000
  epoch 12: test_acc = 7180/10000 = 71.800000%  top5 = 9749/10000 = 97.490000%  [95% CI 70.91–72.67]
  step 0/390: loss=0.794951
  step 1/390: loss=0.797860
  step 2/390: loss=0.541746
  step 100/390: loss=0.781128
  step 200/390: loss=0.621988
  step 300/390: loss=0.768948
[pjrt_ffi] RESIDENT: @cifar8wb_fwd holds 22 parameter tensors (1.4 MB) on 1 device; they stop crossing PCIe from here
Epoch 13/40: loss=0.688967 lr=0.001000
  epoch 13: test_acc = 7215/10000 = 72.150000%  top5 = 9763/10000 = 97.630000%  [95% CI 71.26–73.02]
  step 0/390: loss=0.812168
  step 1/390: loss=0.732373
  step 2/390: loss=0.792374
  step 100/390: loss=0.484924
  step 200/390: loss=0.607684
  step 300/390: loss=0.650776
[pjrt_ffi] RESIDENT: @cifar8wb_fwd holds 22 parameter tensors (1.4 MB) on 1 device; they stop crossing PCIe from here
Epoch 14/40: loss=0.662633 lr=0.001000
  epoch 14: test_acc = 7350/10000 = 73.500000%  top5 = 9789/10000 = 97.890000%  [95% CI 72.63–74.36]
  step 0/390: loss=0.530436
  step 1/390: loss=0.689274
  step 2/390: loss=0.643064
  step 100/390: loss=0.805901
  step 200/390: loss=0.648168
  step 300/390: loss=0.527590
[pjrt_ffi] RESIDENT: @cifar8wb_fwd holds 22 parameter tensors (1.4 MB) on 1 device; they stop crossing PCIe from here
Epoch 15/40: loss=0.646002 lr=0.001000
  epoch 15: test_acc = 7262/10000 = 72.620000%  top5 = 9777/10000 = 97.770000%  [95% CI 71.74–73.49]
  step 0/390: loss=0.578685
  step 1/390: loss=0.531435
  step 2/390: loss=0.646209
  step 100/390: loss=0.606030
  step 200/390: loss=0.620005
  step 300/390: loss=0.663675
[pjrt_ffi] RESIDENT: @cifar8wb_fwd holds 22 parameter tensors (1.4 MB) on 1 device; they stop crossing PCIe from here
Epoch 16/40: loss=0.623784 lr=0.001000
  epoch 16: test_acc = 7404/10000 = 74.040000%  top5 = 9785/10000 = 97.850000%  [95% CI 73.17–74.89]
  step 0/390: loss=0.532573
  step 1/390: loss=0.551196
  step 2/390: loss=0.632100
  step 100/390: loss=0.680647
  step 200/390: loss=0.672915
  step 300/390: loss=0.599823
[pjrt_ffi] RESIDENT: @cifar8wb_fwd holds 22 parameter tensors (1.4 MB) on 1 device; they stop crossing PCIe from here
Epoch 17/40: loss=0.602161 lr=0.001000
  epoch 17: test_acc = 7376/10000 = 73.760000%  top5 = 9779/10000 = 97.790000%  [95% CI 72.89–74.61]
  step 0/390: loss=0.627645
  step 1/390: loss=0.627929
  step 2/390: loss=0.527935
  step 100/390: loss=0.585406
  step 200/390: loss=0.637768
  step 300/390: loss=0.621275
[pjrt_ffi] RESIDENT: @cifar8wb_fwd holds 22 parameter tensors (1.4 MB) on 1 device; they stop crossing PCIe from here
Epoch 18/40: loss=0.594701 lr=0.001000
  epoch 18: test_acc = 7412/10000 = 74.120000%  top5 = 9805/10000 = 98.050000%  [95% CI 73.25–74.97]
  step 0/390: loss=0.544328
  step 1/390: loss=0.634713
  step 2/390: loss=0.539595
  step 100/390: loss=0.652666
  step 200/390: loss=0.522870
  step 300/390: loss=0.722629
[pjrt_ffi] RESIDENT: @cifar8wb_fwd holds 22 parameter tensors (1.4 MB) on 1 device; they stop crossing PCIe from here
Epoch 19/40: loss=0.579467 lr=0.001000
  epoch 19: test_acc = 7430/10000 = 74.300000%  top5 = 9800/10000 = 98.000000%  [95% CI 73.43–75.15]
  step 0/390: loss=0.664329
  step 1/390: loss=0.528052
  step 2/390: loss=0.520018
  step 100/390: loss=0.630972
  step 200/390: loss=0.505472
  step 300/390: loss=0.483440
[pjrt_ffi] RESIDENT: @cifar8wb_fwd holds 22 parameter tensors (1.4 MB) on 1 device; they stop crossing PCIe from here
Epoch 20/40: loss=0.568922 lr=0.001000
  epoch 20: test_acc = 7404/10000 = 74.040000%  top5 = 9802/10000 = 98.020000%  [95% CI 73.17–74.89]
  step 0/390: loss=0.551790
  step 1/390: loss=0.550864
  step 2/390: loss=0.558625
  step 100/390: loss=0.474676
  step 200/390: loss=0.508353
  step 300/390: loss=0.607381
[pjrt_ffi] RESIDENT: @cifar8wb_fwd holds 22 parameter tensors (1.4 MB) on 1 device; they stop crossing PCIe from here
Epoch 21/40: loss=0.549672 lr=0.001000
  epoch 21: test_acc = 7477/10000 = 74.770000%  top5 = 9781/10000 = 97.810000%  [95% CI 73.91–75.61]
  step 0/390: loss=0.462344
  step 1/390: loss=0.584246
  step 2/390: loss=0.575021
  step 100/390: loss=0.551684
  step 200/390: loss=0.581727
  step 300/390: loss=0.567994
[pjrt_ffi] RESIDENT: @cifar8wb_fwd holds 22 parameter tensors (1.4 MB) on 1 device; they stop crossing PCIe from here
Epoch 22/40: loss=0.529345 lr=0.001000
  epoch 22: test_acc = 7510/10000 = 75.100000%  top5 = 9787/10000 = 97.870000%  [95% CI 74.24–75.94]
  step 0/390: loss=0.340334
  step 1/390: loss=0.540199
  step 2/390: loss=0.415248
  step 100/390: loss=0.470970
  step 200/390: loss=0.667241
  step 300/390: loss=0.517725
[pjrt_ffi] RESIDENT: @cifar8wb_fwd holds 22 parameter tensors (1.4 MB) on 1 device; they stop crossing PCIe from here
Epoch 23/40: loss=0.523594 lr=0.001000
  epoch 23: test_acc = 7330/10000 = 73.300000%  top5 = 9783/10000 = 97.830000%  [95% CI 72.42–74.16]
  step 0/390: loss=0.589717
  step 1/390: loss=0.509999
  step 2/390: loss=0.463774
  step 100/390: loss=0.463725
  step 200/390: loss=0.522190
  step 300/390: loss=0.558033
[pjrt_ffi] RESIDENT: @cifar8wb_fwd holds 22 parameter tensors (1.4 MB) on 1 device; they stop crossing PCIe from here
Epoch 24/40: loss=0.508639 lr=0.001000
  epoch 24: test_acc = 7469/10000 = 74.690000%  top5 = 9785/10000 = 97.850000%  [95% CI 73.83–75.53]
  step 0/390: loss=0.430594
  step 1/390: loss=0.462519
  step 2/390: loss=0.466916
  step 100/390: loss=0.419969
  step 200/390: loss=0.497589
  step 300/390: loss=0.446148
[pjrt_ffi] RESIDENT: @cifar8wb_fwd holds 22 parameter tensors (1.4 MB) on 1 device; they stop crossing PCIe from here
Epoch 25/40: loss=0.496398 lr=0.001000
  epoch 25: test_acc = 7492/10000 = 74.920000%  top5 = 9776/10000 = 97.760000%  [95% CI 74.06–75.76]
  step 0/390: loss=0.437159
  step 1/390: loss=0.511933
  step 2/390: loss=0.591481
  step 100/390: loss=0.347340
  step 200/390: loss=0.535229
  step 300/390: loss=0.517409
[pjrt_ffi] RESIDENT: @cifar8wb_fwd holds 22 parameter tensors (1.4 MB) on 1 device; they stop crossing PCIe from here
Epoch 26/40: loss=0.479650 lr=0.001000
  epoch 26: test_acc = 7508/10000 = 75.080000%  top5 = 9776/10000 = 97.760000%  [95% CI 74.22–75.92]
  step 0/390: loss=0.507290
  step 1/390: loss=0.420292
  step 2/390: loss=0.381441
  step 100/390: loss=0.566913
  step 200/390: loss=0.537053
  step 300/390: loss=0.357889
[pjrt_ffi] RESIDENT: @cifar8wb_fwd holds 22 parameter tensors (1.4 MB) on 1 device; they stop crossing PCIe from here
Epoch 27/40: loss=0.476717 lr=0.001000
  epoch 27: test_acc = 7521/10000 = 75.210000%  top5 = 9792/10000 = 97.920000%  [95% CI 74.35–76.05]
  step 0/390: loss=0.469024
  step 1/390: loss=0.396128
  step 2/390: loss=0.441842
  step 100/390: loss=0.493768
  step 200/390: loss=0.282575
  step 300/390: loss=0.464888
[pjrt_ffi] RESIDENT: @cifar8wb_fwd holds 22 parameter tensors (1.4 MB) on 1 device; they stop crossing PCIe from here
Epoch 28/40: loss=0.466216 lr=0.001000
  epoch 28: test_acc = 7545/10000 = 75.450000%  top5 = 9800/10000 = 98.000000%  [95% CI 74.60–76.28]
  step 0/390: loss=0.468889
  step 1/390: loss=0.439577
  step 2/390: loss=0.413138
  step 100/390: loss=0.355297
  step 200/390: loss=0.543283
  step 300/390: loss=0.386146
[pjrt_ffi] RESIDENT: @cifar8wb_fwd holds 22 parameter tensors (1.4 MB) on 1 device; they stop crossing PCIe from here
Epoch 29/40: loss=0.452642 lr=0.001000
  epoch 29: test_acc = 7473/10000 = 74.730000%  top5 = 9778/10000 = 97.780000%  [95% CI 73.87–75.57]
  step 0/390: loss=0.417315
  step 1/390: loss=0.499432
  step 2/390: loss=0.473405
  step 100/390: loss=0.419260
  step 200/390: loss=0.532539
  step 300/390: loss=0.481117
[pjrt_ffi] RESIDENT: @cifar8wb_fwd holds 22 parameter tensors (1.4 MB) on 1 device; they stop crossing PCIe from here
Epoch 30/40: loss=0.436831 lr=0.001000
  epoch 30: test_acc = 7490/10000 = 74.900000%  top5 = 9788/10000 = 97.880000%  [95% CI 74.04–75.74]
  step 0/390: loss=0.368117
  step 1/390: loss=0.480589
  step 2/390: loss=0.354664
  step 100/390: loss=0.433786
  step 200/390: loss=0.514984
  step 300/390: loss=0.532579
[pjrt_ffi] RESIDENT: @cifar8wb_fwd holds 22 parameter tensors (1.4 MB) on 1 device; they stop crossing PCIe from here
Epoch 31/40: loss=0.428735 lr=0.001000
  epoch 31: test_acc = 7424/10000 = 74.240000%  top5 = 9789/10000 = 97.890000%  [95% CI 73.37–75.09]
  step 0/390: loss=0.495744
  step 1/390: loss=0.362263
  step 2/390: loss=0.371013
  step 100/390: loss=0.261437
  step 200/390: loss=0.382015
  step 300/390: loss=0.283774
[pjrt_ffi] RESIDENT: @cifar8wb_fwd holds 22 parameter tensors (1.4 MB) on 1 device; they stop crossing PCIe from here
Epoch 32/40: loss=0.422127 lr=0.001000
  epoch 32: test_acc = 7517/10000 = 75.170000%  top5 = 9792/10000 = 97.920000%  [95% CI 74.31–76.01]
  step 0/390: loss=0.292411
  step 1/390: loss=0.354221
  step 2/390: loss=0.348866
  step 100/390: loss=0.493256
  step 200/390: loss=0.424744
  step 300/390: loss=0.571558
[pjrt_ffi] RESIDENT: @cifar8wb_fwd holds 22 parameter tensors (1.4 MB) on 1 device; they stop crossing PCIe from here
Epoch 33/40: loss=0.403383 lr=0.001000
  epoch 33: test_acc = 7501/10000 = 75.010000%  top5 = 9803/10000 = 98.030000%  [95% CI 74.15–75.85]
  step 0/390: loss=0.291698
  step 1/390: loss=0.310504
  step 2/390: loss=0.244375
  step 100/390: loss=0.322557
  step 200/390: loss=0.516701
  step 300/390: loss=0.466408
[pjrt_ffi] RESIDENT: @cifar8wb_fwd holds 22 parameter tensors (1.4 MB) on 1 device; they stop crossing PCIe from here
Epoch 34/40: loss=0.401075 lr=0.001000
  epoch 34: test_acc = 7500/10000 = 75.000000%  top5 = 9790/10000 = 97.900000%  [95% CI 74.14–75.84]
  step 0/390: loss=0.510880
  step 1/390: loss=0.386061
  step 2/390: loss=0.352824
  step 100/390: loss=0.488374
  step 200/390: loss=0.357524
  step 300/390: loss=0.430235
[pjrt_ffi] RESIDENT: @cifar8wb_fwd holds 22 parameter tensors (1.4 MB) on 1 device; they stop crossing PCIe from here
Epoch 35/40: loss=0.390247 lr=0.001000
  epoch 35: test_acc = 7344/10000 = 73.440000%  top5 = 9755/10000 = 97.550000%  [95% CI 72.57–74.30]
  step 0/390: loss=0.470428
  step 1/390: loss=0.339286
  step 2/390: loss=0.514074
  step 100/390: loss=0.382341
  step 200/390: loss=0.371828
  step 300/390: loss=0.443542
[pjrt_ffi] RESIDENT: @cifar8wb_fwd holds 22 parameter tensors (1.4 MB) on 1 device; they stop crossing PCIe from here
Epoch 36/40: loss=0.387484 lr=0.001000
  epoch 36: test_acc = 7553/10000 = 75.530000%  top5 = 9780/10000 = 97.800000%  [95% CI 74.68–76.36]
  step 0/390: loss=0.334602
  step 1/390: loss=0.303180
  step 2/390: loss=0.370918
  step 100/390: loss=0.485271
  step 200/390: loss=0.372300
  step 300/390: loss=0.399500
[pjrt_ffi] RESIDENT: @cifar8wb_fwd holds 22 parameter tensors (1.4 MB) on 1 device; they stop crossing PCIe from here
Epoch 37/40: loss=0.380364 lr=0.001000
  epoch 37: test_acc = 7527/10000 = 75.270000%  top5 = 9786/10000 = 97.860000%  [95% CI 74.41–76.11]
  step 0/390: loss=0.296679
  step 1/390: loss=0.314096
  step 2/390: loss=0.362623
  step 100/390: loss=0.317806
  step 200/390: loss=0.310354
  step 300/390: loss=0.408247
[pjrt_ffi] RESIDENT: @cifar8wb_fwd holds 22 parameter tensors (1.4 MB) on 1 device; they stop crossing PCIe from here
Epoch 38/40: loss=NaN lr=0.001000
  epoch 38: test_acc = 7474/10000 = 74.740000%  top5 = 9780/10000 = 97.800000%  [95% CI 73.88–75.58]
  step 0/390: loss=0.297125
  step 1/390: loss=0.352174
  step 2/390: loss=0.267199
  step 100/390: loss=0.325226
  step 200/390: loss=0.307017
  step 300/390: loss=0.389439
[pjrt_ffi] RESIDENT: @cifar8wb_fwd holds 22 parameter tensors (1.4 MB) on 1 device; they stop crossing PCIe from here
Epoch 39/40: loss=NaN lr=0.001000
  epoch 39: test_acc = 7387/10000 = 73.870000%  top5 = 9744/10000 = 97.440000%  [95% CI 73.00–74.72]
  step 0/390: loss=0.261392
  step 1/390: loss=0.337765
  step 2/390: loss=0.385265
  step 100/390: loss=0.244175
  step 200/390: loss=0.329527
  step 300/390: loss=0.403517
[pjrt_ffi] RESIDENT: @cifar8wb_fwd holds 22 parameter tensors (1.4 MB) on 1 device; they stop crossing PCIe from here
Epoch 40/40: loss=NaN lr=0.001000
  epoch 40: test_acc = 7390/10000 = 73.900000%  top5 = 9763/10000 = 97.630000%  [95% CI 73.03–74.75]
done (trained CIFAR-CNN8-wide-batched bf16adam + constant lr via packed threading).
