I0901 13:46:52.262255  985201 service.cc:154] XLA service 0x734b9472db10 initialized for platform CUDA (this does not guarantee that XLA will be used). Devices:
I0901 13:46:52.262309  985201 service.cc:170]   StreamExecutor [0]: NVIDIA GeForce RTX 4060 Ti, Compute Capability 8.9 (Driver: 12.9.0[575.57.8]; Runtime: 12.9.0; Toolkit: 12.9.0; DNN: 9.23.2)
I0901 13:46:52.264532  985201 se_gpu_pjrt_client.cc:1342] Using BFC allocator.
I0901 13:46:52.264849  985201 gpu_helpers.cc:162] XLA backend allocating 11.68GiB (12543066112 bytes) on device 0 for BFCAllocator.
I0901 13:46:52.283101  985201 cuda_dnn.cc:440] Loaded cuDNN version 92302
[pjrt_ffi] XLA backend: PJRT 0.114, 1 device(s)
[pjrt_ffi] command buffers: enabled (CUDA default)
I0901 13:46:53.227414  985265 subprocess_compilation.cc:349] ptxas warning : Registers are spilled to local memory in function 'gemm_fusion_dot_15', 256 bytes spill stores, 256 bytes spill loads

I0901 13:46:53.287284  985252 subprocess_compilation.cc:349] ptxas warning : Registers are spilled to local memory in function 'gemm_fusion_dot_15', 320 bytes spill stores, 320 bytes spill loads

I0901 13:46:53.889559  985261 subprocess_compilation.cc:349] ptxas warning : Registers are spilled to local memory in function 'gemm_fusion_dot_16', 320 bytes spill stores, 320 bytes spill loads

I0901 13:46:54.088433  985268 subprocess_compilation.cc:349] ptxas warning : Registers are spilled to local memory in function 'gemm_fusion_dot_16', 176 bytes spill stores, 176 bytes spill loads

I0901 13:46:54.206770  985272 subprocess_compilation.cc:349] ptxas warning : Registers are spilled to local memory in function 'gemm_fusion_dot_15', 416 bytes spill stores, 416 bytes spill loads

I0901 13:46:54.256718  985254 subprocess_compilation.cc:349] ptxas warning : Registers are spilled to local memory in function 'gemm_fusion_dot_16', 208 bytes spill stores, 208 bytes spill loads

I0901 13:46:54.363280  985267 subprocess_compilation.cc:349] ptxas warning : Registers are spilled to local memory in function 'gemm_fusion_dot_16', 256 bytes spill stores, 256 bytes spill loads

I0901 13:46:54.593933  985280 subprocess_compilation.cc:349] ptxas warning : Registers are spilled to local memory in function 'gemm_fusion_dot_15', 444 bytes spill stores, 444 bytes spill loads

I0901 13:46:54.726305  985270 subprocess_compilation.cc:349] ptxas warning : Registers are spilled to local memory in function 'gemm_fusion_dot_15', 424 bytes spill stores, 424 bytes spill loads

I0901 13:46:54.726320  985256 subprocess_compilation.cc:349] ptxas warning : Registers are spilled to local memory in function 'gemm_fusion_dot_15', 412 bytes spill stores, 412 bytes spill loads

I0901 13:46:54.797610  985257 subprocess_compilation.cc:349] ptxas warning : Registers are spilled to local memory in function 'gemm_fusion_dot_15', 428 bytes spill stores, 428 bytes spill loads

I0901 13:46:54.907422  985252 subprocess_compilation.cc:349] ptxas warning : Registers are spilled to local memory in function 'gemm_fusion_dot_2', 32 bytes spill stores, 32 bytes spill loads

I0901 13:46:55.455397  985267 subprocess_compilation.cc:349] ptxas warning : Registers are spilled to local memory in function 'gemm_fusion_dot_16', 192 bytes spill stores, 192 bytes spill loads

I0901 13:46:55.555751  985278 subprocess_compilation.cc:349] ptxas warning : Registers are spilled to local memory in function 'gemm_fusion_dot', 36 bytes spill stores, 36 bytes spill loads

I0901 13:46:56.563180  985251 subprocess_compilation.cc:349] ptxas warning : Registers are spilled to local memory in function 'gemm_fusion_dot_16', 192 bytes spill stores, 192 bytes spill loads

I0901 13:46:56.993529  985265 subprocess_compilation.cc:349] ptxas warning : Registers are spilled to local memory in function 'gemm_fusion_dot_9', 40 bytes spill stores, 40 bytes spill loads

I0901 13:46:57.097300  985271 subprocess_compilation.cc:349] ptxas warning : Registers are spilled to local memory in function 'gemm_fusion_dot_2', 712 bytes spill stores, 712 bytes spill loads

I0901 13:46:57.672329  985273 subprocess_compilation.cc:349] ptxas warning : Registers are spilled to local memory in function 'gemm_fusion_dot_15', 44 bytes spill stores, 44 bytes spill loads

I0901 13:46:58.372557  985275 subprocess_compilation.cc:349] ptxas warning : Registers are spilled to local memory in function 'gemm_fusion_dot', 544 bytes spill stores, 544 bytes spill loads

I0901 13:46:58.397528  985257 subprocess_compilation.cc:349] ptxas warning : Registers are spilled to local memory in function 'gemm_fusion_dot_16', 44 bytes spill stores, 44 bytes spill loads

I0901 13:46:58.968036  985277 subprocess_compilation.cc:349] ptxas warning : Registers are spilled to local memory in function 'gemm_fusion_dot_16', 192 bytes spill stores, 192 bytes spill loads

I0901 13:46:59.049206  985279 subprocess_compilation.cc:349] ptxas warning : Registers are spilled to local memory in function 'gemm_fusion_dot_9', 6392 bytes spill stores, 7388 bytes spill loads

[pjrt_ffi] compiled verified_mlir/cifar8w_bn_sgd_train_step.mlir (@cifar8w_bn_sgd_train_step, 117 outputs, 1 replica) in 7350 ms
I0901 13:47:00.110389  985258 subprocess_compilation.cc:349] ptxas warning : Registers are spilled to local memory in function 'gemm_fusion_dot_3', 40 bytes spill stores, 40 bytes spill loads

I0901 13:47:00.230638  985261 subprocess_compilation.cc:349] ptxas warning : Registers are spilled to local memory in function 'gemm_fusion_dot', 40 bytes spill stores, 40 bytes spill loads

I0901 13:47:00.611097  985270 subprocess_compilation.cc:349] ptxas warning : Registers are spilled to local memory in function 'gemm_fusion_dot', 812 bytes spill stores, 812 bytes spill loads

I0901 13:47:01.153403  985278 subprocess_compilation.cc:349] ptxas warning : Registers are spilled to local memory in function 'gemm_fusion_dot_3', 6668 bytes spill stores, 8424 bytes spill loads

[pjrt_ffi] compiled verified_mlir/cifar8w_bn_fwd.mlir (@cifar8w_bn_fwd, 1 outputs, 1 replica) in 1975 ms
════════ cifar8w-BN (wide head) — SGD (lr 0.1) ════════
Deeper CIFAR-10 CNN + per-channel BatchNorm, MNIST-style wide head (8× conv→BN→relu → 128→512→512→10) via the VERIFIED renderer → XLA/PJRT → GPU
  xla/pjrt verified_mlir/cifar8w_bn_sgd_train_step.mlir
  xla/pjrt verified_mlir/cifar8w_bn_fwd.mlir
  train 50000, test 10000; bs 128, CIFAR-CNN8-wide-BN sgd (constant lr 0.100000), He init
[pjrt_ffi] RESIDENT: @cifar8w_bn_sgd_train_step holds 114 parameter tensors (4.3 MB) on 1 device; they stop crossing PCIe from here
  step 0/390: loss=2.370763
  step 1/390: loss=2.513653
  step 2/390: loss=2.579294
  step 100/390: loss=1.948232
  step 200/390: loss=1.807415
  step 300/390: loss=1.611328
[pjrt_ffi] RESIDENT: @cifar8w_bn_fwd holds 38 parameter tensors (1.4 MB) on 1 device; they stop crossing PCIe from here
Epoch 1/40: loss=1.834969 lr=0.100000
  epoch 1: test_acc = 3706/10000 = 37.060000%  top5 = 8061/10000 = 80.610000%  [95% CI 36.12–38.01]
  step 0/390: loss=1.978944
  step 1/390: loss=2.150194
  step 2/390: loss=1.711007
  step 100/390: loss=1.494388
  step 200/390: loss=1.444994
  step 300/390: loss=1.290904
[pjrt_ffi] RESIDENT: @cifar8w_bn_fwd holds 38 parameter tensors (1.4 MB) on 1 device; they stop crossing PCIe from here
Epoch 2/40: loss=1.452388 lr=0.100000
  epoch 2: test_acc = 5171/10000 = 51.710000%  top5 = 9291/10000 = 92.910000%  [95% CI 50.73–52.69]
  step 0/390: loss=1.432683
  step 1/390: loss=1.610044
  step 2/390: loss=1.273508
  step 100/390: loss=1.156795
  step 200/390: loss=1.431014
  step 300/390: loss=1.061301
[pjrt_ffi] RESIDENT: @cifar8w_bn_fwd holds 38 parameter tensors (1.4 MB) on 1 device; they stop crossing PCIe from here
Epoch 3/40: loss=1.263889 lr=0.100000
  epoch 3: test_acc = 5493/10000 = 54.930000%  top5 = 9438/10000 = 94.380000%  [95% CI 53.95–55.90]
  step 0/390: loss=1.386810
  step 1/390: loss=1.083467
  step 2/390: loss=1.155016
  step 100/390: loss=1.127088
  step 200/390: loss=1.067741
  step 300/390: loss=1.107448
[pjrt_ffi] RESIDENT: @cifar8w_bn_fwd holds 38 parameter tensors (1.4 MB) on 1 device; they stop crossing PCIe from here
Epoch 4/40: loss=1.130565 lr=0.100000
  epoch 4: test_acc = 6058/10000 = 60.580000%  top5 = 9597/10000 = 95.970000%  [95% CI 59.62–61.53]
  step 0/390: loss=0.873499
  step 1/390: loss=1.180801
  step 2/390: loss=1.113900
  step 100/390: loss=1.011915
  step 200/390: loss=1.071288
  step 300/390: loss=0.945548
[pjrt_ffi] RESIDENT: @cifar8w_bn_fwd holds 38 parameter tensors (1.4 MB) on 1 device; they stop crossing PCIe from here
Epoch 5/40: loss=1.044979 lr=0.100000
  epoch 5: test_acc = 6364/10000 = 63.640000%  top5 = 9629/10000 = 96.290000%  [95% CI 62.69–64.58]
  step 0/390: loss=1.039861
  step 1/390: loss=0.918016
  step 2/390: loss=1.082939
  step 100/390: loss=1.020175
  step 200/390: loss=1.218955
  step 300/390: loss=0.938062
[pjrt_ffi] RESIDENT: @cifar8w_bn_fwd holds 38 parameter tensors (1.4 MB) on 1 device; they stop crossing PCIe from here
Epoch 6/40: loss=0.968295 lr=0.100000
  epoch 6: test_acc = 6605/10000 = 66.050000%  top5 = 9700/10000 = 97.000000%  [95% CI 65.12–66.97]
  step 0/390: loss=0.905893
  step 1/390: loss=0.909279
  step 2/390: loss=0.963394
  step 100/390: loss=0.851800
  step 200/390: loss=0.901459
  step 300/390: loss=0.838967
[pjrt_ffi] RESIDENT: @cifar8w_bn_fwd holds 38 parameter tensors (1.4 MB) on 1 device; they stop crossing PCIe from here
Epoch 7/40: loss=0.909954 lr=0.100000
  epoch 7: test_acc = 6764/10000 = 67.640000%  top5 = 9711/10000 = 97.110000%  [95% CI 66.72–68.55]
  step 0/390: loss=0.980785
  step 1/390: loss=0.858276
  step 2/390: loss=0.713097
  step 100/390: loss=0.778596
  step 200/390: loss=0.721863
  step 300/390: loss=0.947299
[pjrt_ffi] RESIDENT: @cifar8w_bn_fwd holds 38 parameter tensors (1.4 MB) on 1 device; they stop crossing PCIe from here
Epoch 8/40: loss=0.861491 lr=0.100000
  epoch 8: test_acc = 6828/10000 = 68.280000%  top5 = 9726/10000 = 97.260000%  [95% CI 67.36–69.18]
  step 0/390: loss=0.787954
  step 1/390: loss=0.726099
  step 2/390: loss=0.627803
  step 100/390: loss=0.802426
  step 200/390: loss=0.772767
  step 300/390: loss=0.823851
[pjrt_ffi] RESIDENT: @cifar8w_bn_fwd holds 38 parameter tensors (1.4 MB) on 1 device; they stop crossing PCIe from here
Epoch 9/40: loss=0.820007 lr=0.100000
  epoch 9: test_acc = 6775/10000 = 67.750000%  top5 = 9707/10000 = 97.070000%  [95% CI 66.83–68.66]
  step 0/390: loss=0.875162
  step 1/390: loss=0.918107
  step 2/390: loss=0.772618
  step 100/390: loss=0.805917
  step 200/390: loss=0.947451
  step 300/390: loss=0.654282
[pjrt_ffi] RESIDENT: @cifar8w_bn_fwd holds 38 parameter tensors (1.4 MB) on 1 device; they stop crossing PCIe from here
Epoch 10/40: loss=0.786808 lr=0.100000
  epoch 10: test_acc = 7100/10000 = 71.000000%  top5 = 9740/10000 = 97.400000%  [95% CI 70.10–71.88]
  step 0/390: loss=0.632904
  step 1/390: loss=0.737750
  step 2/390: loss=0.800226
  step 100/390: loss=0.617770
  step 200/390: loss=0.814571
  step 300/390: loss=0.847755
[pjrt_ffi] RESIDENT: @cifar8w_bn_fwd holds 38 parameter tensors (1.4 MB) on 1 device; they stop crossing PCIe from here
Epoch 11/40: loss=0.758511 lr=0.100000
  epoch 11: test_acc = 7116/10000 = 71.160000%  top5 = 9765/10000 = 97.650000%  [95% CI 70.26–72.04]
  step 0/390: loss=0.623371
  step 1/390: loss=0.672084
  step 2/390: loss=0.758500
  step 100/390: loss=0.738625
  step 200/390: loss=0.646046
  step 300/390: loss=0.917055
[pjrt_ffi] RESIDENT: @cifar8w_bn_fwd holds 38 parameter tensors (1.4 MB) on 1 device; they stop crossing PCIe from here
Epoch 12/40: loss=0.729331 lr=0.100000
  epoch 12: test_acc = 7148/10000 = 71.480000%  top5 = 9767/10000 = 97.670000%  [95% CI 70.59–72.36]
  step 0/390: loss=0.725249
  step 1/390: loss=0.740369
  step 2/390: loss=0.647624
  step 100/390: loss=0.870003
  step 200/390: loss=0.711691
  step 300/390: loss=0.764689
[pjrt_ffi] RESIDENT: @cifar8w_bn_fwd holds 38 parameter tensors (1.4 MB) on 1 device; they stop crossing PCIe from here
Epoch 13/40: loss=0.708111 lr=0.100000
  epoch 13: test_acc = 7177/10000 = 71.770000%  top5 = 9776/10000 = 97.760000%  [95% CI 70.88–72.64]
  step 0/390: loss=0.711914
  step 1/390: loss=0.553241
  step 2/390: loss=0.770820
  step 100/390: loss=0.652110
  step 200/390: loss=0.546561
  step 300/390: loss=0.690832
[pjrt_ffi] RESIDENT: @cifar8w_bn_fwd holds 38 parameter tensors (1.4 MB) on 1 device; they stop crossing PCIe from here
Epoch 14/40: loss=0.690517 lr=0.100000
  epoch 14: test_acc = 7147/10000 = 71.470000%  top5 = 9727/10000 = 97.270000%  [95% CI 70.58–72.35]
  step 0/390: loss=0.627663
  step 1/390: loss=0.682714
  step 2/390: loss=0.711219
  step 100/390: loss=0.732390
  step 200/390: loss=0.740749
  step 300/390: loss=0.636719
[pjrt_ffi] RESIDENT: @cifar8w_bn_fwd holds 38 parameter tensors (1.4 MB) on 1 device; they stop crossing PCIe from here
Epoch 15/40: loss=0.669275 lr=0.100000
  epoch 15: test_acc = 7230/10000 = 72.300000%  top5 = 9763/10000 = 97.630000%  [95% CI 71.41–73.17]
  step 0/390: loss=0.583944
  step 1/390: loss=0.493244
  step 2/390: loss=0.666315
  step 100/390: loss=0.539446
  step 200/390: loss=0.699660
  step 300/390: loss=0.640051
[pjrt_ffi] RESIDENT: @cifar8w_bn_fwd holds 38 parameter tensors (1.4 MB) on 1 device; they stop crossing PCIe from here
Epoch 16/40: loss=0.649655 lr=0.100000
  epoch 16: test_acc = 7291/10000 = 72.910000%  top5 = 9772/10000 = 97.720000%  [95% CI 72.03–73.77]
  step 0/390: loss=0.618700
  step 1/390: loss=0.586963
  step 2/390: loss=0.684370
  step 100/390: loss=0.631515
  step 200/390: loss=0.696905
  step 300/390: loss=0.709088
[pjrt_ffi] RESIDENT: @cifar8w_bn_fwd holds 38 parameter tensors (1.4 MB) on 1 device; they stop crossing PCIe from here
Epoch 17/40: loss=0.633405 lr=0.100000
  epoch 17: test_acc = 7351/10000 = 73.510000%  top5 = 9787/10000 = 97.870000%  [95% CI 72.64–74.37]
  step 0/390: loss=0.665211
  step 1/390: loss=0.611118
  step 2/390: loss=0.477874
  step 100/390: loss=0.579014
  step 200/390: loss=0.596710
  step 300/390: loss=0.681756
[pjrt_ffi] RESIDENT: @cifar8w_bn_fwd holds 38 parameter tensors (1.4 MB) on 1 device; they stop crossing PCIe from here
Epoch 18/40: loss=0.617786 lr=0.100000
  epoch 18: test_acc = 7382/10000 = 73.820000%  top5 = 9799/10000 = 97.990000%  [95% CI 72.95–74.67]
  step 0/390: loss=0.562629
  step 1/390: loss=0.627534
  step 2/390: loss=0.621764
  step 100/390: loss=0.668401
  step 200/390: loss=0.516799
  step 300/390: loss=0.569807
[pjrt_ffi] RESIDENT: @cifar8w_bn_fwd holds 38 parameter tensors (1.4 MB) on 1 device; they stop crossing PCIe from here
Epoch 19/40: loss=0.609601 lr=0.100000
  epoch 19: test_acc = 7405/10000 = 74.050000%  top5 = 9804/10000 = 98.040000%  [95% CI 73.18–74.90]
  step 0/390: loss=0.795603
  step 1/390: loss=0.585603
  step 2/390: loss=0.524785
  step 100/390: loss=0.527499
  step 200/390: loss=0.597975
  step 300/390: loss=0.575718
[pjrt_ffi] RESIDENT: @cifar8w_bn_fwd holds 38 parameter tensors (1.4 MB) on 1 device; they stop crossing PCIe from here
Epoch 20/40: loss=0.591519 lr=0.100000
  epoch 20: test_acc = 7369/10000 = 73.690000%  top5 = 9819/10000 = 98.190000%  [95% CI 72.82–74.54]
  step 0/390: loss=0.555284
  step 1/390: loss=0.506256
  step 2/390: loss=0.478150
  step 100/390: loss=0.502036
  step 200/390: loss=0.540264
  step 300/390: loss=0.533369
[pjrt_ffi] RESIDENT: @cifar8w_bn_fwd holds 38 parameter tensors (1.4 MB) on 1 device; they stop crossing PCIe from here
Epoch 21/40: loss=0.581173 lr=0.100000
  epoch 21: test_acc = 7541/10000 = 75.410000%  top5 = 9814/10000 = 98.140000%  [95% CI 74.56–76.24]
  step 0/390: loss=0.396855
  step 1/390: loss=0.435502
  step 2/390: loss=0.579436
  step 100/390: loss=0.638632
  step 200/390: loss=0.486653
  step 300/390: loss=0.556770
[pjrt_ffi] RESIDENT: @cifar8w_bn_fwd holds 38 parameter tensors (1.4 MB) on 1 device; they stop crossing PCIe from here
Epoch 22/40: loss=0.565011 lr=0.100000
  epoch 22: test_acc = 7381/10000 = 73.810000%  top5 = 9806/10000 = 98.060000%  [95% CI 72.94–74.66]
  step 0/390: loss=0.451147
  step 1/390: loss=0.617296
  step 2/390: loss=0.555233
  step 100/390: loss=0.613671
  step 200/390: loss=0.757016
  step 300/390: loss=0.660908
[pjrt_ffi] RESIDENT: @cifar8w_bn_fwd holds 38 parameter tensors (1.4 MB) on 1 device; they stop crossing PCIe from here
Epoch 23/40: loss=0.555351 lr=0.100000
  epoch 23: test_acc = 7462/10000 = 74.620000%  top5 = 9813/10000 = 98.130000%  [95% CI 73.76–75.46]
  step 0/390: loss=0.518618
  step 1/390: loss=0.519716
  step 2/390: loss=0.512742
  step 100/390: loss=0.535583
  step 200/390: loss=0.436098
  step 300/390: loss=0.806742
[pjrt_ffi] RESIDENT: @cifar8w_bn_fwd holds 38 parameter tensors (1.4 MB) on 1 device; they stop crossing PCIe from here
Epoch 24/40: loss=0.546349 lr=0.100000
  epoch 24: test_acc = 7424/10000 = 74.240000%  top5 = 9793/10000 = 97.930000%  [95% CI 73.37–75.09]
  step 0/390: loss=0.458629
  step 1/390: loss=0.567076
  step 2/390: loss=0.465563
  step 100/390: loss=0.637915
  step 200/390: loss=0.545277
  step 300/390: loss=0.578553
[pjrt_ffi] RESIDENT: @cifar8w_bn_fwd holds 38 parameter tensors (1.4 MB) on 1 device; they stop crossing PCIe from here
Epoch 25/40: loss=0.534323 lr=0.100000
  epoch 25: test_acc = 7506/10000 = 75.060000%  top5 = 9820/10000 = 98.200000%  [95% CI 74.20–75.90]
  step 0/390: loss=0.487801
  step 1/390: loss=0.662699
  step 2/390: loss=0.488993
  step 100/390: loss=0.479556
  step 200/390: loss=0.468201
  step 300/390: loss=0.483456
[pjrt_ffi] RESIDENT: @cifar8w_bn_fwd holds 38 parameter tensors (1.4 MB) on 1 device; they stop crossing PCIe from here
Epoch 26/40: loss=0.519497 lr=0.100000
  epoch 26: test_acc = 7452/10000 = 74.520000%  top5 = 9807/10000 = 98.070000%  [95% CI 73.66–75.36]
  step 0/390: loss=0.459556
  step 1/390: loss=0.449053
  step 2/390: loss=0.445442
  step 100/390: loss=0.596568
  step 200/390: loss=0.478011
  step 300/390: loss=0.420260
[pjrt_ffi] RESIDENT: @cifar8w_bn_fwd holds 38 parameter tensors (1.4 MB) on 1 device; they stop crossing PCIe from here
Epoch 27/40: loss=0.520844 lr=0.100000
  epoch 27: test_acc = 7415/10000 = 74.150000%  top5 = 9788/10000 = 97.880000%  [95% CI 73.28–75.00]
  step 0/390: loss=0.523353
  step 1/390: loss=0.539048
  step 2/390: loss=0.581798
  step 100/390: loss=0.454511
  step 200/390: loss=0.399456
  step 300/390: loss=0.443155
[pjrt_ffi] RESIDENT: @cifar8w_bn_fwd holds 38 parameter tensors (1.4 MB) on 1 device; they stop crossing PCIe from here
Epoch 28/40: loss=0.505368 lr=0.100000
  epoch 28: test_acc = 7381/10000 = 73.810000%  top5 = 9791/10000 = 97.910000%  [95% CI 72.94–74.66]
  step 0/390: loss=0.534164
  step 1/390: loss=0.515033
  step 2/390: loss=0.428557
  step 100/390: loss=0.508880
  step 200/390: loss=0.516569
  step 300/390: loss=0.490448
[pjrt_ffi] RESIDENT: @cifar8w_bn_fwd holds 38 parameter tensors (1.4 MB) on 1 device; they stop crossing PCIe from here
Epoch 29/40: loss=0.500305 lr=0.100000
  epoch 29: test_acc = 7473/10000 = 74.730000%  top5 = 9793/10000 = 97.930000%  [95% CI 73.87–75.57]
  step 0/390: loss=0.572585
  step 1/390: loss=0.572790
  step 2/390: loss=0.542569
  step 100/390: loss=0.338292
  step 200/390: loss=0.483999
  step 300/390: loss=0.463843
[pjrt_ffi] RESIDENT: @cifar8w_bn_fwd holds 38 parameter tensors (1.4 MB) on 1 device; they stop crossing PCIe from here
Epoch 30/40: loss=0.487319 lr=0.100000
  epoch 30: test_acc = 7475/10000 = 74.750000%  top5 = 9813/10000 = 98.130000%  [95% CI 73.89–75.59]
  step 0/390: loss=0.467858
  step 1/390: loss=0.518631
  step 2/390: loss=0.502393
  step 100/390: loss=0.627014
  step 200/390: loss=0.495602
  step 300/390: loss=0.487935
[pjrt_ffi] RESIDENT: @cifar8w_bn_fwd holds 38 parameter tensors (1.4 MB) on 1 device; they stop crossing PCIe from here
Epoch 31/40: loss=0.477167 lr=0.100000
  epoch 31: test_acc = 7530/10000 = 75.300000%  top5 = 9799/10000 = 97.990000%  [95% CI 74.45–76.14]
  step 0/390: loss=0.553992
  step 1/390: loss=0.335437
  step 2/390: loss=0.378612
  step 100/390: loss=0.397153
  step 200/390: loss=0.485003
  step 300/390: loss=0.350315
[pjrt_ffi] RESIDENT: @cifar8w_bn_fwd holds 38 parameter tensors (1.4 MB) on 1 device; they stop crossing PCIe from here
Epoch 32/40: loss=0.468479 lr=0.100000
  epoch 32: test_acc = 7504/10000 = 75.040000%  top5 = 9815/10000 = 98.150000%  [95% CI 74.18–75.88]
  step 0/390: loss=0.375013
  step 1/390: loss=0.448008
  step 2/390: loss=0.489196
  step 100/390: loss=0.498001
  step 200/390: loss=0.388245
  step 300/390: loss=0.578537
[pjrt_ffi] RESIDENT: @cifar8w_bn_fwd holds 38 parameter tensors (1.4 MB) on 1 device; they stop crossing PCIe from here
Epoch 33/40: loss=0.465466 lr=0.100000
  epoch 33: test_acc = 7530/10000 = 75.300000%  top5 = 9820/10000 = 98.200000%  [95% CI 74.45–76.14]
  step 0/390: loss=0.415233
  step 1/390: loss=0.441287
  step 2/390: loss=0.383734
  step 100/390: loss=0.378016
  step 200/390: loss=0.512177
  step 300/390: loss=0.435364
[pjrt_ffi] RESIDENT: @cifar8w_bn_fwd holds 38 parameter tensors (1.4 MB) on 1 device; they stop crossing PCIe from here
Epoch 34/40: loss=0.457607 lr=0.100000
  epoch 34: test_acc = 7528/10000 = 75.280000%  top5 = 9804/10000 = 98.040000%  [95% CI 74.42–76.12]
  step 0/390: loss=0.439167
  step 1/390: loss=0.417892
  step 2/390: loss=0.540456
  step 100/390: loss=0.446927
  step 200/390: loss=0.270486
  step 300/390: loss=0.658914
[pjrt_ffi] RESIDENT: @cifar8w_bn_fwd holds 38 parameter tensors (1.4 MB) on 1 device; they stop crossing PCIe from here
Epoch 35/40: loss=0.447760 lr=0.100000
  epoch 35: test_acc = 7470/10000 = 74.700000%  top5 = 9797/10000 = 97.970000%  [95% CI 73.84–75.54]
  step 0/390: loss=0.398826
  step 1/390: loss=0.464230
  step 2/390: loss=0.442442
  step 100/390: loss=0.440030
  step 200/390: loss=0.392601
  step 300/390: loss=0.537980
[pjrt_ffi] RESIDENT: @cifar8w_bn_fwd holds 38 parameter tensors (1.4 MB) on 1 device; they stop crossing PCIe from here
Epoch 36/40: loss=0.436012 lr=0.100000
  epoch 36: test_acc = 7350/10000 = 73.500000%  top5 = 9766/10000 = 97.660000%  [95% CI 72.63–74.36]
  step 0/390: loss=0.510031
  step 1/390: loss=0.417939
  step 2/390: loss=0.461157
  step 100/390: loss=0.447365
  step 200/390: loss=0.482972
  step 300/390: loss=0.368209
[pjrt_ffi] RESIDENT: @cifar8w_bn_fwd holds 38 parameter tensors (1.4 MB) on 1 device; they stop crossing PCIe from here
Epoch 37/40: loss=0.431755 lr=0.100000
  epoch 37: test_acc = 7411/10000 = 74.110000%  top5 = 9782/10000 = 97.820000%  [95% CI 73.24–74.96]
  step 0/390: loss=0.420926
  step 1/390: loss=0.429372
  step 2/390: loss=0.385332
  step 100/390: loss=0.518443
  step 200/390: loss=0.478146
  step 300/390: loss=0.470158
[pjrt_ffi] RESIDENT: @cifar8w_bn_fwd holds 38 parameter tensors (1.4 MB) on 1 device; they stop crossing PCIe from here
Epoch 38/40: loss=0.424057 lr=0.100000
  epoch 38: test_acc = 7503/10000 = 75.030000%  top5 = 9811/10000 = 98.110000%  [95% CI 74.17–75.87]
  step 0/390: loss=0.302525
  step 1/390: loss=0.521953
  step 2/390: loss=0.307059
  step 100/390: loss=0.342671
  step 200/390: loss=0.479302
  step 300/390: loss=0.459032
[pjrt_ffi] RESIDENT: @cifar8w_bn_fwd holds 38 parameter tensors (1.4 MB) on 1 device; they stop crossing PCIe from here
Epoch 39/40: loss=0.417447 lr=0.100000
  epoch 39: test_acc = 7499/10000 = 74.990000%  top5 = 9795/10000 = 97.950000%  [95% CI 74.13–75.83]
  step 0/390: loss=0.284657
  step 1/390: loss=0.365340
  step 2/390: loss=0.382715
  step 100/390: loss=0.442103
  step 200/390: loss=0.507568
  step 300/390: loss=0.426754
[pjrt_ffi] RESIDENT: @cifar8w_bn_fwd holds 38 parameter tensors (1.4 MB) on 1 device; they stop crossing PCIe from here
Epoch 40/40: loss=0.415027 lr=0.100000
  epoch 40: test_acc = 7521/10000 = 75.210000%  top5 = 9808/10000 = 98.080000%  [95% CI 74.35–76.05]
I0901 13:47:51.449544  985201 se_gpu_pjrt_client.cc:1342] Using BFC allocator.
I0901 13:47:51.449827  985201 gpu_helpers.cc:162] XLA backend allocating 11.68GiB (12543066112 bytes) on device 0 for BFCAllocator.
[pjrt_ffi] XLA backend: PJRT 0.114, 1 device(s)
[pjrt_ffi] command buffers: enabled (CUDA default)
[pjrt_ffi] compiled verified_mlir/cifar8w_bn_mom_train_step.mlir (@cifar8w_bn_mom_train_step, 117 outputs, 1 replica) in 2415 ms
[pjrt_ffi] compiled verified_mlir/cifar8w_bn_fwd.mlir (@cifar8w_bn_fwd, 1 outputs, 1 replica) in 212 ms
done (trained CIFAR-CNN8-wide-BN sgd + constant lr via packed threading).
════════ cifar8w-BN (wide head) — Nesterov momentum (μ.9, lr 0.02) ════════
Deeper CIFAR-10 CNN + per-channel BatchNorm, MNIST-style wide head (8× conv→BN→relu → 128→512→512→10) via the VERIFIED renderer → XLA/PJRT → GPU
  xla/pjrt verified_mlir/cifar8w_bn_mom_train_step.mlir
  xla/pjrt verified_mlir/cifar8w_bn_fwd.mlir
  train 50000, test 10000; bs 128, CIFAR-CNN8-wide-BN mom (constant lr 0.020000), He init
[pjrt_ffi] RESIDENT: @cifar8w_bn_mom_train_step holds 114 parameter tensors (4.3 MB) on 1 device; they stop crossing PCIe from here
  step 0/390: loss=2.370763
  step 1/390: loss=2.401402
  step 2/390: loss=2.347816
  step 100/390: loss=1.661358
  step 200/390: loss=1.586375
  step 300/390: loss=1.555794
[pjrt_ffi] RESIDENT: @cifar8w_bn_fwd holds 38 parameter tensors (1.4 MB) on 1 device; they stop crossing PCIe from here
Epoch 1/40: loss=1.591612 lr=0.020000
  epoch 1: test_acc = 5256/10000 = 52.560000%  top5 = 9368/10000 = 93.680000%  [95% CI 51.58–53.54]
  step 0/390: loss=1.253244
  step 1/390: loss=1.263602
  step 2/390: loss=1.217883
  step 100/390: loss=1.151511
  step 200/390: loss=1.083417
  step 300/390: loss=1.113627
[pjrt_ffi] RESIDENT: @cifar8w_bn_fwd holds 38 parameter tensors (1.4 MB) on 1 device; they stop crossing PCIe from here
Epoch 2/40: loss=1.178261 lr=0.020000
  epoch 2: test_acc = 6118/10000 = 61.180000%  top5 = 9590/10000 = 95.900000%  [95% CI 60.22–62.13]
  step 0/390: loss=1.099811
  step 1/390: loss=1.144479
  step 2/390: loss=0.886285
  step 100/390: loss=0.996377
  step 200/390: loss=1.064360
  step 300/390: loss=1.025599
[pjrt_ffi] RESIDENT: @cifar8w_bn_fwd holds 38 parameter tensors (1.4 MB) on 1 device; they stop crossing PCIe from here
Epoch 3/40: loss=1.021800 lr=0.020000
  epoch 3: test_acc = 6466/10000 = 64.660000%  top5 = 9653/10000 = 96.530000%  [95% CI 63.72–65.59]
  step 0/390: loss=1.159285
  step 1/390: loss=1.009057
  step 2/390: loss=0.774809
  step 100/390: loss=0.912080
  step 200/390: loss=0.998151
  step 300/390: loss=0.915056
[pjrt_ffi] RESIDENT: @cifar8w_bn_fwd holds 38 parameter tensors (1.4 MB) on 1 device; they stop crossing PCIe from here
Epoch 4/40: loss=0.925359 lr=0.020000
  epoch 4: test_acc = 6672/10000 = 66.720000%  top5 = 9678/10000 = 96.780000%  [95% CI 65.79–67.64]
  step 0/390: loss=0.704221
  step 1/390: loss=1.009666
  step 2/390: loss=0.878287
  step 100/390: loss=0.852464
  step 200/390: loss=0.766558
  step 300/390: loss=0.655584
[pjrt_ffi] RESIDENT: @cifar8w_bn_fwd holds 38 parameter tensors (1.4 MB) on 1 device; they stop crossing PCIe from here
Epoch 5/40: loss=0.851082 lr=0.020000
  epoch 5: test_acc = 6870/10000 = 68.700000%  top5 = 9743/10000 = 97.430000%  [95% CI 67.78–69.60]
  step 0/390: loss=0.865337
  step 1/390: loss=0.670959
  step 2/390: loss=0.942838
  step 100/390: loss=0.752550
  step 200/390: loss=0.932190
  step 300/390: loss=0.738269
[pjrt_ffi] RESIDENT: @cifar8w_bn_fwd holds 38 parameter tensors (1.4 MB) on 1 device; they stop crossing PCIe from here
Epoch 6/40: loss=0.801760 lr=0.020000
  epoch 6: test_acc = 7122/10000 = 71.220000%  top5 = 9774/10000 = 97.740000%  [95% CI 70.32–72.10]
  step 0/390: loss=0.689086
  step 1/390: loss=0.749000
  step 2/390: loss=0.741351
  step 100/390: loss=0.820946
  step 200/390: loss=0.717300
  step 300/390: loss=0.805162
[pjrt_ffi] RESIDENT: @cifar8w_bn_fwd holds 38 parameter tensors (1.4 MB) on 1 device; they stop crossing PCIe from here
Epoch 7/40: loss=0.756113 lr=0.020000
  epoch 7: test_acc = 7157/10000 = 71.570000%  top5 = 9764/10000 = 97.640000%  [95% CI 70.68–72.45]
  step 0/390: loss=0.753814
  step 1/390: loss=0.658407
  step 2/390: loss=0.639824
  step 100/390: loss=0.656849
  step 200/390: loss=0.615665
  step 300/390: loss=0.718727
[pjrt_ffi] RESIDENT: @cifar8w_bn_fwd holds 38 parameter tensors (1.4 MB) on 1 device; they stop crossing PCIe from here
Epoch 8/40: loss=0.722518 lr=0.020000
  epoch 8: test_acc = 7335/10000 = 73.350000%  top5 = 9795/10000 = 97.950000%  [95% CI 72.47–74.21]
  step 0/390: loss=0.689364
  step 1/390: loss=0.578086
  step 2/390: loss=0.526572
  step 100/390: loss=0.672241
  step 200/390: loss=0.621657
  step 300/390: loss=0.860633
[pjrt_ffi] RESIDENT: @cifar8w_bn_fwd holds 38 parameter tensors (1.4 MB) on 1 device; they stop crossing PCIe from here
Epoch 9/40: loss=0.692372 lr=0.020000
  epoch 9: test_acc = 7291/10000 = 72.910000%  top5 = 9785/10000 = 97.850000%  [95% CI 72.03–73.77]
  step 0/390: loss=0.643103
  step 1/390: loss=0.612427
  step 2/390: loss=0.528085
  step 100/390: loss=0.665071
  step 200/390: loss=0.801455
  step 300/390: loss=0.526330
[pjrt_ffi] RESIDENT: @cifar8w_bn_fwd holds 38 parameter tensors (1.4 MB) on 1 device; they stop crossing PCIe from here
Epoch 10/40: loss=0.666480 lr=0.020000
  epoch 10: test_acc = 7331/10000 = 73.310000%  top5 = 9809/10000 = 98.090000%  [95% CI 72.43–74.17]
  step 0/390: loss=0.542011
  step 1/390: loss=0.562417
  step 2/390: loss=0.662556
  step 100/390: loss=0.564713
  step 200/390: loss=0.645422
  step 300/390: loss=0.573443
[pjrt_ffi] RESIDENT: @cifar8w_bn_fwd holds 38 parameter tensors (1.4 MB) on 1 device; they stop crossing PCIe from here
Epoch 11/40: loss=0.646537 lr=0.020000
  epoch 11: test_acc = 7432/10000 = 74.320000%  top5 = 9807/10000 = 98.070000%  [95% CI 73.45–75.17]
  step 0/390: loss=0.453192
  step 1/390: loss=0.544688
  step 2/390: loss=0.620770
  step 100/390: loss=0.754091
  step 200/390: loss=0.540039
  step 300/390: loss=0.690770
[pjrt_ffi] RESIDENT: @cifar8w_bn_fwd holds 38 parameter tensors (1.4 MB) on 1 device; they stop crossing PCIe from here
Epoch 12/40: loss=0.621980 lr=0.020000
  epoch 12: test_acc = 7467/10000 = 74.670000%  top5 = 9804/10000 = 98.040000%  [95% CI 73.81–75.51]
  step 0/390: loss=0.693441
  step 1/390: loss=0.674321
  step 2/390: loss=0.558853
  step 100/390: loss=0.626310
  step 200/390: loss=0.619844
  step 300/390: loss=0.768863
[pjrt_ffi] RESIDENT: @cifar8w_bn_fwd holds 38 parameter tensors (1.4 MB) on 1 device; they stop crossing PCIe from here
Epoch 13/40: loss=0.609896 lr=0.020000
  epoch 13: test_acc = 7435/10000 = 74.350000%  top5 = 9803/10000 = 98.030000%  [95% CI 73.48–75.20]
  step 0/390: loss=0.585986
  step 1/390: loss=0.480577
  step 2/390: loss=0.646845
  step 100/390: loss=0.623291
  step 200/390: loss=0.476032
  step 300/390: loss=0.668079
[pjrt_ffi] RESIDENT: @cifar8w_bn_fwd holds 38 parameter tensors (1.4 MB) on 1 device; they stop crossing PCIe from here
Epoch 14/40: loss=0.591522 lr=0.020000
  epoch 14: test_acc = 7459/10000 = 74.590000%  top5 = 9805/10000 = 98.050000%  [95% CI 73.73–75.43]
  step 0/390: loss=0.591105
  step 1/390: loss=0.605580
  step 2/390: loss=0.647986
  step 100/390: loss=0.547492
  step 200/390: loss=0.619068
  step 300/390: loss=0.543577
[pjrt_ffi] RESIDENT: @cifar8w_bn_fwd holds 38 parameter tensors (1.4 MB) on 1 device; they stop crossing PCIe from here
Epoch 15/40: loss=0.575469 lr=0.020000
  epoch 15: test_acc = 7453/10000 = 74.530000%  top5 = 9817/10000 = 98.170000%  [95% CI 73.67–75.37]
  step 0/390: loss=0.409303
  step 1/390: loss=0.435240
  step 2/390: loss=0.607159
  step 100/390: loss=0.509951
  step 200/390: loss=0.680809
  step 300/390: loss=0.648363
[pjrt_ffi] RESIDENT: @cifar8w_bn_fwd holds 38 parameter tensors (1.4 MB) on 1 device; they stop crossing PCIe from here
Epoch 16/40: loss=0.563615 lr=0.020000
  epoch 16: test_acc = 7463/10000 = 74.630000%  top5 = 9808/10000 = 98.080000%  [95% CI 73.77–75.47]
  step 0/390: loss=0.600471
  step 1/390: loss=0.494884
  step 2/390: loss=0.546357
  step 100/390: loss=0.528924
  step 200/390: loss=0.541431
  step 300/390: loss=0.558363
[pjrt_ffi] RESIDENT: @cifar8w_bn_fwd holds 38 parameter tensors (1.4 MB) on 1 device; they stop crossing PCIe from here
Epoch 17/40: loss=0.551411 lr=0.020000
  epoch 17: test_acc = 7553/10000 = 75.530000%  top5 = 9823/10000 = 98.230000%  [95% CI 74.68–76.36]
  step 0/390: loss=0.624148
  step 1/390: loss=0.459276
  step 2/390: loss=0.467369
  step 100/390: loss=0.549385
  step 200/390: loss=0.552454
  step 300/390: loss=0.551869
[pjrt_ffi] RESIDENT: @cifar8w_bn_fwd holds 38 parameter tensors (1.4 MB) on 1 device; they stop crossing PCIe from here
Epoch 18/40: loss=0.537003 lr=0.020000
  epoch 18: test_acc = 7494/10000 = 74.940000%  top5 = 9801/10000 = 98.010000%  [95% CI 74.08–75.78]
  step 0/390: loss=0.498049
  step 1/390: loss=0.644102
  step 2/390: loss=0.532373
  step 100/390: loss=0.608797
  step 200/390: loss=0.372657
  step 300/390: loss=0.527299
[pjrt_ffi] RESIDENT: @cifar8w_bn_fwd holds 38 parameter tensors (1.4 MB) on 1 device; they stop crossing PCIe from here
Epoch 19/40: loss=0.527880 lr=0.020000
  epoch 19: test_acc = 7548/10000 = 75.480000%  top5 = 9828/10000 = 98.280000%  [95% CI 74.63–76.31]
  step 0/390: loss=0.605765
  step 1/390: loss=0.530272
  step 2/390: loss=0.578070
  step 100/390: loss=0.519978
  step 200/390: loss=0.495235
  step 300/390: loss=0.510017
[pjrt_ffi] RESIDENT: @cifar8w_bn_fwd holds 38 parameter tensors (1.4 MB) on 1 device; they stop crossing PCIe from here
Epoch 20/40: loss=0.514989 lr=0.020000
  epoch 20: test_acc = 7593/10000 = 75.930000%  top5 = 9818/10000 = 98.180000%  [95% CI 75.08–76.76]
  step 0/390: loss=0.550193
  step 1/390: loss=0.520861
  step 2/390: loss=0.579536
  step 100/390: loss=0.440148
  step 200/390: loss=0.451920
  step 300/390: loss=0.493883
[pjrt_ffi] RESIDENT: @cifar8w_bn_fwd holds 38 parameter tensors (1.4 MB) on 1 device; they stop crossing PCIe from here
Epoch 21/40: loss=0.503495 lr=0.020000
  epoch 21: test_acc = 7601/10000 = 76.010000%  top5 = 9816/10000 = 98.160000%  [95% CI 75.16–76.84]
  step 0/390: loss=0.472899
  step 1/390: loss=0.408375
  step 2/390: loss=0.628478
  step 100/390: loss=0.548222
  step 200/390: loss=0.471626
  step 300/390: loss=0.436112
[pjrt_ffi] RESIDENT: @cifar8w_bn_fwd holds 38 parameter tensors (1.4 MB) on 1 device; they stop crossing PCIe from here
Epoch 22/40: loss=0.494586 lr=0.020000
  epoch 22: test_acc = 7589/10000 = 75.890000%  top5 = 9833/10000 = 98.330000%  [95% CI 75.04–76.72]
  step 0/390: loss=0.344827
  step 1/390: loss=0.543777
  step 2/390: loss=0.456209
  step 100/390: loss=0.386792
  step 200/390: loss=0.604139
  step 300/390: loss=0.527008
[pjrt_ffi] RESIDENT: @cifar8w_bn_fwd holds 38 parameter tensors (1.4 MB) on 1 device; they stop crossing PCIe from here
Epoch 23/40: loss=0.485238 lr=0.020000
  epoch 23: test_acc = 7547/10000 = 75.470000%  top5 = 9817/10000 = 98.170000%  [95% CI 74.62–76.30]
  step 0/390: loss=0.441342
  step 1/390: loss=0.523771
  step 2/390: loss=0.439504
  step 100/390: loss=0.448124
  step 200/390: loss=0.427430
  step 300/390: loss=0.590225
[pjrt_ffi] RESIDENT: @cifar8w_bn_fwd holds 38 parameter tensors (1.4 MB) on 1 device; they stop crossing PCIe from here
Epoch 24/40: loss=0.473380 lr=0.020000
  epoch 24: test_acc = 7591/10000 = 75.910000%  top5 = 9826/10000 = 98.260000%  [95% CI 75.06–76.74]
  step 0/390: loss=0.452754
  step 1/390: loss=0.587119
  step 2/390: loss=0.447658
  step 100/390: loss=0.510294
  step 200/390: loss=0.452737
  step 300/390: loss=0.407943
[pjrt_ffi] RESIDENT: @cifar8w_bn_fwd holds 38 parameter tensors (1.4 MB) on 1 device; they stop crossing PCIe from here
Epoch 25/40: loss=0.465120 lr=0.020000
  epoch 25: test_acc = 7591/10000 = 75.910000%  top5 = 9803/10000 = 98.030000%  [95% CI 75.06–76.74]
  step 0/390: loss=0.345710
  step 1/390: loss=0.527479
  step 2/390: loss=0.497283
  step 100/390: loss=0.371066
  step 200/390: loss=0.492345
  step 300/390: loss=0.479732
[pjrt_ffi] RESIDENT: @cifar8w_bn_fwd holds 38 parameter tensors (1.4 MB) on 1 device; they stop crossing PCIe from here
Epoch 26/40: loss=0.459323 lr=0.020000
  epoch 26: test_acc = 7662/10000 = 76.620000%  top5 = 9805/10000 = 98.050000%  [95% CI 75.78–77.44]
  step 0/390: loss=0.371735
  step 1/390: loss=0.377953
  step 2/390: loss=0.495045
  step 100/390: loss=0.528320
  step 200/390: loss=0.523141
  step 300/390: loss=0.384987
[pjrt_ffi] RESIDENT: @cifar8w_bn_fwd holds 38 parameter tensors (1.4 MB) on 1 device; they stop crossing PCIe from here
Epoch 27/40: loss=0.448974 lr=0.020000
  epoch 27: test_acc = 7543/10000 = 75.430000%  top5 = 9808/10000 = 98.080000%  [95% CI 74.58–76.26]
  step 0/390: loss=0.350146
  step 1/390: loss=0.476354
  step 2/390: loss=0.496125
  step 100/390: loss=0.450051
  step 200/390: loss=0.332895
  step 300/390: loss=0.470223
[pjrt_ffi] RESIDENT: @cifar8w_bn_fwd holds 38 parameter tensors (1.4 MB) on 1 device; they stop crossing PCIe from here
Epoch 28/40: loss=0.444925 lr=0.020000
  epoch 28: test_acc = 7646/10000 = 76.460000%  top5 = 9811/10000 = 98.110000%  [95% CI 75.62–77.28]
  step 0/390: loss=0.464897
  step 1/390: loss=0.443209
  step 2/390: loss=0.382291
  step 100/390: loss=0.396797
  step 200/390: loss=0.432324
  step 300/390: loss=0.413065
[pjrt_ffi] RESIDENT: @cifar8w_bn_fwd holds 38 parameter tensors (1.4 MB) on 1 device; they stop crossing PCIe from here
Epoch 29/40: loss=0.432787 lr=0.020000
  epoch 29: test_acc = 7663/10000 = 76.630000%  top5 = 9827/10000 = 98.270000%  [95% CI 75.79–77.45]
  step 0/390: loss=0.377844
  step 1/390: loss=0.387950
  step 2/390: loss=0.457044
  step 100/390: loss=0.365793
  step 200/390: loss=0.520671
  step 300/390: loss=0.381787
[pjrt_ffi] RESIDENT: @cifar8w_bn_fwd holds 38 parameter tensors (1.4 MB) on 1 device; they stop crossing PCIe from here
Epoch 30/40: loss=0.425396 lr=0.020000
  epoch 30: test_acc = 7595/10000 = 75.950000%  top5 = 9823/10000 = 98.230000%  [95% CI 75.10–76.78]
  step 0/390: loss=0.360129
  step 1/390: loss=0.355673
  step 2/390: loss=0.381216
  step 100/390: loss=0.556177
  step 200/390: loss=0.381572
  step 300/390: loss=0.486179
[pjrt_ffi] RESIDENT: @cifar8w_bn_fwd holds 38 parameter tensors (1.4 MB) on 1 device; they stop crossing PCIe from here
Epoch 31/40: loss=0.413829 lr=0.020000
  epoch 31: test_acc = 7551/10000 = 75.510000%  top5 = 9823/10000 = 98.230000%  [95% CI 74.66–76.34]
  step 0/390: loss=0.438229
  step 1/390: loss=0.306997
  step 2/390: loss=0.398128
  step 100/390: loss=0.298688
  step 200/390: loss=0.510050
  step 300/390: loss=0.396295
[pjrt_ffi] RESIDENT: @cifar8w_bn_fwd holds 38 parameter tensors (1.4 MB) on 1 device; they stop crossing PCIe from here
Epoch 32/40: loss=0.409434 lr=0.020000
  epoch 32: test_acc = 7686/10000 = 76.860000%  top5 = 9831/10000 = 98.310000%  [95% CI 76.02–77.68]
  step 0/390: loss=0.416249
  step 1/390: loss=0.313497
  step 2/390: loss=0.395450
  step 100/390: loss=0.482060
  step 200/390: loss=0.396606
  step 300/390: loss=0.593242
[pjrt_ffi] RESIDENT: @cifar8w_bn_fwd holds 38 parameter tensors (1.4 MB) on 1 device; they stop crossing PCIe from here
Epoch 33/40: loss=0.405245 lr=0.020000
  epoch 33: test_acc = 7654/10000 = 76.540000%  top5 = 9823/10000 = 98.230000%  [95% CI 75.70–77.36]
  step 0/390: loss=0.355474
  step 1/390: loss=0.372013
  step 2/390: loss=0.291023
  step 100/390: loss=0.375326
  step 200/390: loss=0.393799
  step 300/390: loss=0.354814
[pjrt_ffi] RESIDENT: @cifar8w_bn_fwd holds 38 parameter tensors (1.4 MB) on 1 device; they stop crossing PCIe from here
Epoch 34/40: loss=0.395330 lr=0.020000
  epoch 34: test_acc = 7645/10000 = 76.450000%  top5 = 9828/10000 = 98.280000%  [95% CI 75.61–77.27]
  step 0/390: loss=0.327956
  step 1/390: loss=0.338050
  step 2/390: loss=0.436456
  step 100/390: loss=0.395656
  step 200/390: loss=0.264961
  step 300/390: loss=0.363201
[pjrt_ffi] RESIDENT: @cifar8w_bn_fwd holds 38 parameter tensors (1.4 MB) on 1 device; they stop crossing PCIe from here
Epoch 35/40: loss=0.387442 lr=0.020000
  epoch 35: test_acc = 7627/10000 = 76.270000%  top5 = 9830/10000 = 98.300000%  [95% CI 75.43–77.09]
  step 0/390: loss=0.374431
  step 1/390: loss=0.391573
  step 2/390: loss=0.385217
  step 100/390: loss=0.298979
  step 200/390: loss=0.366909
  step 300/390: loss=0.471493
[pjrt_ffi] RESIDENT: @cifar8w_bn_fwd holds 38 parameter tensors (1.4 MB) on 1 device; they stop crossing PCIe from here
Epoch 36/40: loss=0.379854 lr=0.020000
  epoch 36: test_acc = 7596/10000 = 75.960000%  top5 = 9825/10000 = 98.250000%  [95% CI 75.11–76.79]
  step 0/390: loss=0.373929
  step 1/390: loss=0.291736
  step 2/390: loss=0.380095
  step 100/390: loss=0.420279
  step 200/390: loss=0.374513
  step 300/390: loss=0.358893
[pjrt_ffi] RESIDENT: @cifar8w_bn_fwd holds 38 parameter tensors (1.4 MB) on 1 device; they stop crossing PCIe from here
Epoch 37/40: loss=0.370011 lr=0.020000
  epoch 37: test_acc = 7591/10000 = 75.910000%  top5 = 9843/10000 = 98.430000%  [95% CI 75.06–76.74]
  step 0/390: loss=0.425724
  step 1/390: loss=0.429159
  step 2/390: loss=0.375213
  step 100/390: loss=0.529681
  step 200/390: loss=0.362403
  step 300/390: loss=0.368328
[pjrt_ffi] RESIDENT: @cifar8w_bn_fwd holds 38 parameter tensors (1.4 MB) on 1 device; they stop crossing PCIe from here
Epoch 38/40: loss=0.367207 lr=0.020000
  epoch 38: test_acc = 7611/10000 = 76.110000%  top5 = 9814/10000 = 98.140000%  [95% CI 75.26–76.94]
  step 0/390: loss=0.285508
  step 1/390: loss=0.419487
  step 2/390: loss=0.296621
  step 100/390: loss=0.296637
  step 200/390: loss=0.435460
  step 300/390: loss=0.483564
[pjrt_ffi] RESIDENT: @cifar8w_bn_fwd holds 38 parameter tensors (1.4 MB) on 1 device; they stop crossing PCIe from here
Epoch 39/40: loss=0.360112 lr=0.020000
  epoch 39: test_acc = 7524/10000 = 75.240000%  top5 = 9829/10000 = 98.290000%  [95% CI 74.38–76.08]
  step 0/390: loss=0.237325
  step 1/390: loss=0.369882
  step 2/390: loss=0.331751
  step 100/390: loss=0.327920
  step 200/390: loss=0.445940
  step 300/390: loss=0.383493
[pjrt_ffi] RESIDENT: @cifar8w_bn_fwd holds 38 parameter tensors (1.4 MB) on 1 device; they stop crossing PCIe from here
Epoch 40/40: loss=0.355603 lr=0.020000
  epoch 40: test_acc = 7577/10000 = 75.770000%  top5 = 9818/10000 = 98.180000%  [95% CI 74.92–76.60]
I0901 13:48:43.946853  985201 se_gpu_pjrt_client.cc:1342] Using BFC allocator.
I0901 13:48:43.947080  985201 gpu_helpers.cc:162] XLA backend allocating 11.68GiB (12543066112 bytes) on device 0 for BFCAllocator.
[pjrt_ffi] XLA backend: PJRT 0.114, 1 device(s)
[pjrt_ffi] command buffers: enabled (CUDA default)
[pjrt_ffi] compiled verified_mlir/cifar8w_bn_adam_train_step.mlir (@cifar8w_bn_adam_train_step, 117 outputs, 1 replica) in 824 ms
[pjrt_ffi] compiled verified_mlir/cifar8w_bn_fwd.mlir (@cifar8w_bn_fwd, 1 outputs, 1 replica) in 202 ms
done (trained CIFAR-CNN8-wide-BN mom + constant lr via packed threading).
════════ cifar8w-BN (wide head) — AdamW (lr 1e-3) ════════
Deeper CIFAR-10 CNN + per-channel BatchNorm, MNIST-style wide head (8× conv→BN→relu → 128→512→512→10) via the VERIFIED renderer → XLA/PJRT → GPU
  xla/pjrt verified_mlir/cifar8w_bn_adam_train_step.mlir
  xla/pjrt verified_mlir/cifar8w_bn_fwd.mlir
  train 50000, test 10000; bs 128, CIFAR-CNN8-wide-BN adam (constant lr 0.001000), He init
[pjrt_ffi] RESIDENT: @cifar8w_bn_adam_train_step holds 114 parameter tensors (4.3 MB) on 1 device; they stop crossing PCIe from here
  step 0/390: loss=2.370763
  step 1/390: loss=2.517659
  step 2/390: loss=2.482300
  step 100/390: loss=1.693132
  step 200/390: loss=1.531347
  step 300/390: loss=1.557961
[pjrt_ffi] RESIDENT: @cifar8w_bn_fwd holds 38 parameter tensors (1.4 MB) on 1 device; they stop crossing PCIe from here
Epoch 1/40: loss=1.627658 lr=0.001000
  epoch 1: test_acc = 4956/10000 = 49.560000%  top5 = 9244/10000 = 92.440000%  [95% CI 48.58–50.54]
  step 0/390: loss=1.393337
  step 1/390: loss=1.405109
  step 2/390: loss=1.186051
  step 100/390: loss=1.338325
  step 200/390: loss=1.270493
  step 300/390: loss=1.233640
[pjrt_ffi] RESIDENT: @cifar8w_bn_fwd holds 38 parameter tensors (1.4 MB) on 1 device; they stop crossing PCIe from here
Epoch 2/40: loss=1.282004 lr=0.001000
  epoch 2: test_acc = 5655/10000 = 56.550000%  top5 = 9469/10000 = 94.690000%  [95% CI 55.58–57.52]
  step 0/390: loss=1.194247
  step 1/390: loss=1.253225
  step 2/390: loss=1.116520
  step 100/390: loss=1.043724
  step 200/390: loss=1.146779
  step 300/390: loss=1.141563
[pjrt_ffi] RESIDENT: @cifar8w_bn_fwd holds 38 parameter tensors (1.4 MB) on 1 device; they stop crossing PCIe from here
Epoch 3/40: loss=1.143324 lr=0.001000
  epoch 3: test_acc = 5939/10000 = 59.390000%  top5 = 9553/10000 = 95.530000%  [95% CI 58.42–60.35]
  step 0/390: loss=1.150106
  step 1/390: loss=1.079877
  step 2/390: loss=0.880950
  step 100/390: loss=1.061630
  step 200/390: loss=1.017789
  step 300/390: loss=0.954859
[pjrt_ffi] RESIDENT: @cifar8w_bn_fwd holds 38 parameter tensors (1.4 MB) on 1 device; they stop crossing PCIe from here
Epoch 4/40: loss=1.045135 lr=0.001000
  epoch 4: test_acc = 6254/10000 = 62.540000%  top5 = 9645/10000 = 96.450000%  [95% CI 61.59–63.48]
  step 0/390: loss=0.922871
  step 1/390: loss=1.124855
  step 2/390: loss=1.067188
  step 100/390: loss=0.949445
  step 200/390: loss=0.945142
  step 300/390: loss=0.860300
[pjrt_ffi] RESIDENT: @cifar8w_bn_fwd holds 38 parameter tensors (1.4 MB) on 1 device; they stop crossing PCIe from here
Epoch 5/40: loss=0.976128 lr=0.001000
  epoch 5: test_acc = 6411/10000 = 64.110000%  top5 = 9663/10000 = 96.630000%  [95% CI 63.16–65.04]
  step 0/390: loss=1.024880
  step 1/390: loss=0.830112
  step 2/390: loss=1.000430
  step 100/390: loss=0.749116
  step 200/390: loss=0.969740
  step 300/390: loss=0.840464
[pjrt_ffi] RESIDENT: @cifar8w_bn_fwd holds 38 parameter tensors (1.4 MB) on 1 device; they stop crossing PCIe from here
Epoch 6/40: loss=0.921878 lr=0.001000
  epoch 6: test_acc = 6599/10000 = 65.990000%  top5 = 9704/10000 = 97.040000%  [95% CI 65.06–66.91]
  step 0/390: loss=0.853541
  step 1/390: loss=0.859964
  step 2/390: loss=1.025509
  step 100/390: loss=0.895788
  step 200/390: loss=0.789571
  step 300/390: loss=0.961561
[pjrt_ffi] RESIDENT: @cifar8w_bn_fwd holds 38 parameter tensors (1.4 MB) on 1 device; they stop crossing PCIe from here
Epoch 7/40: loss=0.876302 lr=0.001000
  epoch 7: test_acc = 6695/10000 = 66.950000%  top5 = 9714/10000 = 97.140000%  [95% CI 66.02–67.87]
  step 0/390: loss=0.864313
  step 1/390: loss=0.742419
  step 2/390: loss=0.680951
  step 100/390: loss=0.736234
  step 200/390: loss=0.791999
  step 300/390: loss=0.810316
[pjrt_ffi] RESIDENT: @cifar8w_bn_fwd holds 38 parameter tensors (1.4 MB) on 1 device; they stop crossing PCIe from here
Epoch 8/40: loss=0.835596 lr=0.001000
  epoch 8: test_acc = 6810/10000 = 68.100000%  top5 = 9711/10000 = 97.110000%  [95% CI 67.18–69.01]
  step 0/390: loss=0.726583
  step 1/390: loss=0.889969
  step 2/390: loss=0.663593
  step 100/390: loss=0.796570
  step 200/390: loss=0.747656
  step 300/390: loss=0.845318
[pjrt_ffi] RESIDENT: @cifar8w_bn_fwd holds 38 parameter tensors (1.4 MB) on 1 device; they stop crossing PCIe from here
Epoch 9/40: loss=0.808736 lr=0.001000
  epoch 9: test_acc = 6832/10000 = 68.320000%  top5 = 9710/10000 = 97.100000%  [95% CI 67.40–69.22]
  step 0/390: loss=0.828310
  step 1/390: loss=0.862446
  step 2/390: loss=0.700467
  step 100/390: loss=0.752921
  step 200/390: loss=0.882276
  step 300/390: loss=0.672993
[pjrt_ffi] RESIDENT: @cifar8w_bn_fwd holds 38 parameter tensors (1.4 MB) on 1 device; they stop crossing PCIe from here
Epoch 10/40: loss=0.773165 lr=0.001000
  epoch 10: test_acc = 6982/10000 = 69.820000%  top5 = 9725/10000 = 97.250000%  [95% CI 68.91–70.71]
  step 0/390: loss=0.684224
  step 1/390: loss=0.678478
  step 2/390: loss=0.713148
  step 100/390: loss=0.771363
  step 200/390: loss=0.760102
  step 300/390: loss=0.771308
[pjrt_ffi] RESIDENT: @cifar8w_bn_fwd holds 38 parameter tensors (1.4 MB) on 1 device; they stop crossing PCIe from here
Epoch 11/40: loss=0.754465 lr=0.001000
  epoch 11: test_acc = 7013/10000 = 70.130000%  top5 = 9727/10000 = 97.270000%  [95% CI 69.23–71.02]
  step 0/390: loss=0.730914
  step 1/390: loss=0.659011
  step 2/390: loss=0.661469
  step 100/390: loss=0.630044
  step 200/390: loss=0.767706
  step 300/390: loss=0.735181
[pjrt_ffi] RESIDENT: @cifar8w_bn_fwd holds 38 parameter tensors (1.4 MB) on 1 device; they stop crossing PCIe from here
Epoch 12/40: loss=0.729630 lr=0.001000
  epoch 12: test_acc = 7086/10000 = 70.860000%  top5 = 9742/10000 = 97.420000%  [95% CI 69.96–71.74]
  step 0/390: loss=0.675009
  step 1/390: loss=0.848525
  step 2/390: loss=0.613785
  step 100/390: loss=0.818870
  step 200/390: loss=0.691386
  step 300/390: loss=0.708517
[pjrt_ffi] RESIDENT: @cifar8w_bn_fwd holds 38 parameter tensors (1.4 MB) on 1 device; they stop crossing PCIe from here
Epoch 13/40: loss=0.707467 lr=0.001000
  epoch 13: test_acc = 7151/10000 = 71.510000%  top5 = 9759/10000 = 97.590000%  [95% CI 70.62–72.39]
  step 0/390: loss=0.642183
  step 1/390: loss=0.622162
  step 2/390: loss=0.747103
  step 100/390: loss=0.628004
  step 200/390: loss=0.599384
  step 300/390: loss=0.738406
[pjrt_ffi] RESIDENT: @cifar8w_bn_fwd holds 38 parameter tensors (1.4 MB) on 1 device; they stop crossing PCIe from here
Epoch 14/40: loss=0.693182 lr=0.001000
  epoch 14: test_acc = 7148/10000 = 71.480000%  top5 = 9749/10000 = 97.490000%  [95% CI 70.59–72.36]
  step 0/390: loss=0.574915
  step 1/390: loss=0.649044
  step 2/390: loss=0.777341
  step 100/390: loss=0.705918
  step 200/390: loss=0.747520
  step 300/390: loss=0.693976
[pjrt_ffi] RESIDENT: @cifar8w_bn_fwd holds 38 parameter tensors (1.4 MB) on 1 device; they stop crossing PCIe from here
Epoch 15/40: loss=0.668527 lr=0.001000
  epoch 15: test_acc = 7193/10000 = 71.930000%  top5 = 9783/10000 = 97.830000%  [95% CI 71.04–72.80]
  step 0/390: loss=0.517996
  step 1/390: loss=0.518997
  step 2/390: loss=0.674922
  step 100/390: loss=0.635408
  step 200/390: loss=0.785537
  step 300/390: loss=0.679672
[pjrt_ffi] RESIDENT: @cifar8w_bn_fwd holds 38 parameter tensors (1.4 MB) on 1 device; they stop crossing PCIe from here
Epoch 16/40: loss=0.655144 lr=0.001000
  epoch 16: test_acc = 7221/10000 = 72.210000%  top5 = 9773/10000 = 97.730000%  [95% CI 71.32–73.08]
  step 0/390: loss=0.632654
  step 1/390: loss=0.627159
  step 2/390: loss=0.643699
  step 100/390: loss=0.704391
  step 200/390: loss=0.743522
  step 300/390: loss=0.582096
[pjrt_ffi] RESIDENT: @cifar8w_bn_fwd holds 38 parameter tensors (1.4 MB) on 1 device; they stop crossing PCIe from here
Epoch 17/40: loss=0.632866 lr=0.001000
  epoch 17: test_acc = 7322/10000 = 73.220000%  top5 = 9777/10000 = 97.770000%  [95% CI 72.34–74.08]
  step 0/390: loss=0.646484
  step 1/390: loss=0.710600
  step 2/390: loss=0.569437
  step 100/390: loss=0.548625
  step 200/390: loss=0.702549
  step 300/390: loss=0.602092
[pjrt_ffi] RESIDENT: @cifar8w_bn_fwd holds 38 parameter tensors (1.4 MB) on 1 device; they stop crossing PCIe from here
Epoch 18/40: loss=0.624837 lr=0.001000
  epoch 18: test_acc = 7328/10000 = 73.280000%  top5 = 9760/10000 = 97.600000%  [95% CI 72.40–74.14]
  step 0/390: loss=0.562675
  step 1/390: loss=0.778424
  step 2/390: loss=0.661790
  step 100/390: loss=0.722535
  step 200/390: loss=0.435404
  step 300/390: loss=0.611761
[pjrt_ffi] RESIDENT: @cifar8w_bn_fwd holds 38 parameter tensors (1.4 MB) on 1 device; they stop crossing PCIe from here
Epoch 19/40: loss=0.601835 lr=0.001000
  epoch 19: test_acc = 7405/10000 = 74.050000%  top5 = 9790/10000 = 97.900000%  [95% CI 73.18–74.90]
  step 0/390: loss=0.655028
  step 1/390: loss=0.610703
  step 2/390: loss=0.522000
  step 100/390: loss=0.553742
  step 200/390: loss=0.486523
  step 300/390: loss=0.641761
[pjrt_ffi] RESIDENT: @cifar8w_bn_fwd holds 38 parameter tensors (1.4 MB) on 1 device; they stop crossing PCIe from here
Epoch 20/40: loss=0.594260 lr=0.001000
  epoch 20: test_acc = 7282/10000 = 72.820000%  top5 = 9778/10000 = 97.780000%  [95% CI 71.94–73.68]
  step 0/390: loss=0.579564
  step 1/390: loss=0.701096
  step 2/390: loss=0.482422
  step 100/390: loss=0.419295
  step 200/390: loss=0.547737
  step 300/390: loss=0.486853
[pjrt_ffi] RESIDENT: @cifar8w_bn_fwd holds 38 parameter tensors (1.4 MB) on 1 device; they stop crossing PCIe from here
Epoch 21/40: loss=0.578747 lr=0.001000
  epoch 21: test_acc = 7312/10000 = 73.120000%  top5 = 9778/10000 = 97.780000%  [95% CI 72.24–73.98]
  step 0/390: loss=0.454839
  step 1/390: loss=0.583812
  step 2/390: loss=0.659076
  step 100/390: loss=0.699238
  step 200/390: loss=0.642082
  step 300/390: loss=0.480312
[pjrt_ffi] RESIDENT: @cifar8w_bn_fwd holds 38 parameter tensors (1.4 MB) on 1 device; they stop crossing PCIe from here
Epoch 22/40: loss=0.568162 lr=0.001000
  epoch 22: test_acc = 7382/10000 = 73.820000%  top5 = 9772/10000 = 97.720000%  [95% CI 72.95–74.67]
  step 0/390: loss=0.397854
  step 1/390: loss=0.672920
  step 2/390: loss=0.451711
  step 100/390: loss=0.444822
  step 200/390: loss=0.673565
  step 300/390: loss=0.665091
[pjrt_ffi] RESIDENT: @cifar8w_bn_fwd holds 38 parameter tensors (1.4 MB) on 1 device; they stop crossing PCIe from here
Epoch 23/40: loss=0.560864 lr=0.001000
  epoch 23: test_acc = 7333/10000 = 73.330000%  top5 = 9787/10000 = 97.870000%  [95% CI 72.45–74.19]
  step 0/390: loss=0.507815
  step 1/390: loss=0.501437
  step 2/390: loss=0.508162
  step 100/390: loss=0.547054
  step 200/390: loss=0.439470
  step 300/390: loss=0.637564
[pjrt_ffi] RESIDENT: @cifar8w_bn_fwd holds 38 parameter tensors (1.4 MB) on 1 device; they stop crossing PCIe from here
Epoch 24/40: loss=0.541768 lr=0.001000
  epoch 24: test_acc = 7370/10000 = 73.700000%  top5 = 9786/10000 = 97.860000%  [95% CI 72.83–74.55]
  step 0/390: loss=0.502155
  step 1/390: loss=0.511273
  step 2/390: loss=0.523348
  step 100/390: loss=0.670209
  step 200/390: loss=0.542230
  step 300/390: loss=0.459665
[pjrt_ffi] RESIDENT: @cifar8w_bn_fwd holds 38 parameter tensors (1.4 MB) on 1 device; they stop crossing PCIe from here
Epoch 25/40: loss=0.532682 lr=0.001000
  epoch 25: test_acc = 7380/10000 = 73.800000%  top5 = 9785/10000 = 97.850000%  [95% CI 72.93–74.65]
  step 0/390: loss=0.478732
  step 1/390: loss=0.545764
  step 2/390: loss=0.579889
  step 100/390: loss=0.398154
  step 200/390: loss=0.452731
  step 300/390: loss=0.534036
[pjrt_ffi] RESIDENT: @cifar8w_bn_fwd holds 38 parameter tensors (1.4 MB) on 1 device; they stop crossing PCIe from here
Epoch 26/40: loss=0.521500 lr=0.001000
  epoch 26: test_acc = 7363/10000 = 73.630000%  top5 = 9773/10000 = 97.730000%  [95% CI 72.76–74.48]
  step 0/390: loss=0.549186
  step 1/390: loss=0.449903
  step 2/390: loss=0.522807
  step 100/390: loss=0.640201
  step 200/390: loss=0.488317
  step 300/390: loss=0.299040
[pjrt_ffi] RESIDENT: @cifar8w_bn_fwd holds 38 parameter tensors (1.4 MB) on 1 device; they stop crossing PCIe from here
Epoch 27/40: loss=0.512714 lr=0.001000
  epoch 27: test_acc = 7380/10000 = 73.800000%  top5 = 9777/10000 = 97.770000%  [95% CI 72.93–74.65]
  step 0/390: loss=0.457742
  step 1/390: loss=0.573659
  step 2/390: loss=0.552989
  step 100/390: loss=0.653723
  step 200/390: loss=0.417217
  step 300/390: loss=0.494465
[pjrt_ffi] RESIDENT: @cifar8w_bn_fwd holds 38 parameter tensors (1.4 MB) on 1 device; they stop crossing PCIe from here
Epoch 28/40: loss=0.502399 lr=0.001000
  epoch 28: test_acc = 7416/10000 = 74.160000%  top5 = 9786/10000 = 97.860000%  [95% CI 73.29–75.01]
  step 0/390: loss=0.570403
  step 1/390: loss=0.451044
  step 2/390: loss=0.379882
  step 100/390: loss=0.494428
  step 200/390: loss=0.401895
  step 300/390: loss=0.426735
[pjrt_ffi] RESIDENT: @cifar8w_bn_fwd holds 38 parameter tensors (1.4 MB) on 1 device; they stop crossing PCIe from here
Epoch 29/40: loss=0.491565 lr=0.001000
  epoch 29: test_acc = 7422/10000 = 74.220000%  top5 = 9782/10000 = 97.820000%  [95% CI 73.35–75.07]
  step 0/390: loss=0.400441
  step 1/390: loss=0.603112
  step 2/390: loss=0.601044
  step 100/390: loss=0.423418
  step 200/390: loss=0.496495
  step 300/390: loss=0.489706
[pjrt_ffi] RESIDENT: @cifar8w_bn_fwd holds 38 parameter tensors (1.4 MB) on 1 device; they stop crossing PCIe from here
Epoch 30/40: loss=0.481098 lr=0.001000
  epoch 30: test_acc = 7402/10000 = 74.020000%  top5 = 9792/10000 = 97.920000%  [95% CI 73.15–74.87]
  step 0/390: loss=0.487715
  step 1/390: loss=0.436783
  step 2/390: loss=0.488821
  step 100/390: loss=0.588352
  step 200/390: loss=0.469565
  step 300/390: loss=0.445192
[pjrt_ffi] RESIDENT: @cifar8w_bn_fwd holds 38 parameter tensors (1.4 MB) on 1 device; they stop crossing PCIe from here
Epoch 31/40: loss=0.466291 lr=0.001000
  epoch 31: test_acc = 7255/10000 = 72.550000%  top5 = 9788/10000 = 97.880000%  [95% CI 71.67–73.42]
  step 0/390: loss=0.468746
  step 1/390: loss=0.467708
  step 2/390: loss=0.513604
  step 100/390: loss=0.391541
  step 200/390: loss=0.489065
  step 300/390: loss=0.335638
[pjrt_ffi] RESIDENT: @cifar8w_bn_fwd holds 38 parameter tensors (1.4 MB) on 1 device; they stop crossing PCIe from here
Epoch 32/40: loss=0.467078 lr=0.001000
  epoch 32: test_acc = 7447/10000 = 74.470000%  top5 = 9770/10000 = 97.700000%  [95% CI 73.61–75.32]
  step 0/390: loss=0.382169
  step 1/390: loss=0.381779
  step 2/390: loss=0.387269
  step 100/390: loss=0.606114
  step 200/390: loss=0.428821
  step 300/390: loss=0.538858
[pjrt_ffi] RESIDENT: @cifar8w_bn_fwd holds 38 parameter tensors (1.4 MB) on 1 device; they stop crossing PCIe from here
Epoch 33/40: loss=0.453917 lr=0.001000
  epoch 33: test_acc = 7442/10000 = 74.420000%  top5 = 9793/10000 = 97.930000%  [95% CI 73.56–75.27]
  step 0/390: loss=0.494943
  step 1/390: loss=0.358363
  step 2/390: loss=0.383914
  step 100/390: loss=0.545672
  step 200/390: loss=0.489040
  step 300/390: loss=0.440352
[pjrt_ffi] RESIDENT: @cifar8w_bn_fwd holds 38 parameter tensors (1.4 MB) on 1 device; they stop crossing PCIe from here
Epoch 34/40: loss=0.440651 lr=0.001000
  epoch 34: test_acc = 7430/10000 = 74.300000%  top5 = 9773/10000 = 97.730000%  [95% CI 73.43–75.15]
  step 0/390: loss=0.456442
  step 1/390: loss=0.391438
  step 2/390: loss=0.373227
  step 100/390: loss=0.338456
  step 200/390: loss=0.399110
  step 300/390: loss=0.415212
[pjrt_ffi] RESIDENT: @cifar8w_bn_fwd holds 38 parameter tensors (1.4 MB) on 1 device; they stop crossing PCIe from here
Epoch 35/40: loss=0.435784 lr=0.001000
  epoch 35: test_acc = 7355/10000 = 73.550000%  top5 = 9785/10000 = 97.850000%  [95% CI 72.68–74.41]
  step 0/390: loss=0.385311
  step 1/390: loss=0.401842
  step 2/390: loss=0.452848
  step 100/390: loss=0.432081
  step 200/390: loss=0.358766
  step 300/390: loss=0.530979
[pjrt_ffi] RESIDENT: @cifar8w_bn_fwd holds 38 parameter tensors (1.4 MB) on 1 device; they stop crossing PCIe from here
Epoch 36/40: loss=0.417959 lr=0.001000
  epoch 36: test_acc = 7336/10000 = 73.360000%  top5 = 9785/10000 = 97.850000%  [95% CI 72.48–74.22]
  step 0/390: loss=0.328267
  step 1/390: loss=0.445108
  step 2/390: loss=0.526177
  step 100/390: loss=0.432349
  step 200/390: loss=0.440572
  step 300/390: loss=0.519341
[pjrt_ffi] RESIDENT: @cifar8w_bn_fwd holds 38 parameter tensors (1.4 MB) on 1 device; they stop crossing PCIe from here
Epoch 37/40: loss=0.416979 lr=0.001000
  epoch 37: test_acc = 7348/10000 = 73.480000%  top5 = 9768/10000 = 97.680000%  [95% CI 72.61–74.34]
  step 0/390: loss=0.392311
  step 1/390: loss=0.505565
  step 2/390: loss=0.355280
  step 100/390: loss=0.397638
  step 200/390: loss=0.466424
  step 300/390: loss=0.449753
[pjrt_ffi] RESIDENT: @cifar8w_bn_fwd holds 38 parameter tensors (1.4 MB) on 1 device; they stop crossing PCIe from here
Epoch 38/40: loss=0.404685 lr=0.001000
  epoch 38: test_acc = 7409/10000 = 74.090000%  top5 = 9781/10000 = 97.810000%  [95% CI 73.22–74.94]
  step 0/390: loss=0.333931
  step 1/390: loss=0.414843
  step 2/390: loss=0.348956
  step 100/390: loss=0.294310
  step 200/390: loss=0.466653
  step 300/390: loss=0.457710
[pjrt_ffi] RESIDENT: @cifar8w_bn_fwd holds 38 parameter tensors (1.4 MB) on 1 device; they stop crossing PCIe from here
Epoch 39/40: loss=0.398335 lr=0.001000
  epoch 39: test_acc = 7402/10000 = 74.020000%  top5 = 9780/10000 = 97.800000%  [95% CI 73.15–74.87]
  step 0/390: loss=0.310316
  step 1/390: loss=0.407049
  step 2/390: loss=0.443737
  step 100/390: loss=0.366584
  step 200/390: loss=0.411655
  step 300/390: loss=0.327906
[pjrt_ffi] RESIDENT: @cifar8w_bn_fwd holds 38 parameter tensors (1.4 MB) on 1 device; they stop crossing PCIe from here
Epoch 40/40: loss=0.392193 lr=0.001000
  epoch 40: test_acc = 7425/10000 = 74.250000%  top5 = 9777/10000 = 97.770000%  [95% CI 73.38–75.10]
done (trained CIFAR-CNN8-wide-BN adam + constant lr via packed threading).
