I0901 13:50:14.063483  992051 service.cc:154] XLA service 0x7fecc8009230 initialized for platform CUDA (this does not guarantee that XLA will be used). Devices:
I0901 13:50:14.063517  992051 service.cc:170]   StreamExecutor [0]: NVIDIA GeForce RTX 4060 Ti, Compute Capability 8.9 (Driver: 12.9.0[575.57.8]; Runtime: 12.9.0; Toolkit: 12.9.0; DNN: 9.23.2)
I0901 13:50:14.065689  992051 se_gpu_pjrt_client.cc:1342] Using BFC allocator.
I0901 13:50:14.065717  992051 gpu_helpers.cc:162] XLA backend allocating 11.68GiB (12543066112 bytes) on device 0 for BFCAllocator.
I0901 13:50:14.072457  992051 cuda_dnn.cc:440] Loaded cuDNN version 92302
[pjrt_ffi] XLA backend: PJRT 0.114, 1 device(s)
[pjrt_ffi] command buffers: enabled (CUDA default)
I0901 13:50:15.582869  992275 subprocess_compilation.cc:349] ptxas warning : Registers are spilled to local memory in function 'gemm_fusion_dot_15', 320 bytes spill stores, 320 bytes spill loads

I0901 13:50:16.089164  992280 subprocess_compilation.cc:349] ptxas warning : Registers are spilled to local memory in function 'gemm_fusion_dot_15', 256 bytes spill stores, 256 bytes spill loads

I0901 13:50:16.216590  992279 subprocess_compilation.cc:349] ptxas warning : Registers are spilled to local memory in function 'gemm_fusion_dot_16', 256 bytes spill stores, 256 bytes spill loads

I0901 13:50:17.596970  992275 subprocess_compilation.cc:349] ptxas warning : Registers are spilled to local memory in function 'gemm_fusion_dot_16', 208 bytes spill stores, 208 bytes spill loads

I0901 13:50:18.023444  992282 subprocess_compilation.cc:349] ptxas warning : Registers are spilled to local memory in function 'gemm_fusion_dot_15', 428 bytes spill stores, 428 bytes spill loads

I0901 13:50:18.054095  992276 subprocess_compilation.cc:349] ptxas warning : Registers are spilled to local memory in function 'gemm_fusion_dot_15', 424 bytes spill stores, 424 bytes spill loads

I0901 13:50:18.057382  992259 subprocess_compilation.cc:349] ptxas warning : Registers are spilled to local memory in function 'gemm_fusion_dot_15', 416 bytes spill stores, 416 bytes spill loads

I0901 13:50:18.685015  992260 subprocess_compilation.cc:349] ptxas warning : Registers are spilled to local memory in function 'gemm_fusion_dot_16', 192 bytes spill stores, 192 bytes spill loads

I0901 13:50:18.685023  992270 subprocess_compilation.cc:349] ptxas warning : Registers are spilled to local memory in function 'gemm_fusion_dot_16', 320 bytes spill stores, 320 bytes spill loads

I0901 13:50:18.688457  992277 subprocess_compilation.cc:349] ptxas warning : Registers are spilled to local memory in function 'gemm_fusion_dot_15', 444 bytes spill stores, 444 bytes spill loads

I0901 13:50:18.692617  992265 subprocess_compilation.cc:349] ptxas warning : Registers are spilled to local memory in function 'gemm_fusion_dot_15', 412 bytes spill stores, 412 bytes spill loads

I0901 13:50:19.135599  992275 subprocess_compilation.cc:349] ptxas warning : Registers are spilled to local memory in function 'gemm_fusion_dot_16', 192 bytes spill stores, 192 bytes spill loads

I0901 13:50:20.185623  992254 subprocess_compilation.cc:349] ptxas warning : Registers are spilled to local memory in function 'gemm_fusion_dot_2', 32 bytes spill stores, 32 bytes spill loads

I0901 13:50:20.906424  992278 subprocess_compilation.cc:349] ptxas warning : Registers are spilled to local memory in function 'gemm_fusion_dot_15', 44 bytes spill stores, 44 bytes spill loads

I0901 13:50:21.478125  992282 subprocess_compilation.cc:349] ptxas warning : Registers are spilled to local memory in function 'gemm_fusion_dot_9', 6392 bytes spill stores, 7388 bytes spill loads

I0901 13:50:21.758643  992277 subprocess_compilation.cc:349] ptxas warning : Registers are spilled to local memory in function 'gemm_fusion_dot_9', 40 bytes spill stores, 40 bytes spill loads

I0901 13:50:21.887392  992278 subprocess_compilation.cc:349] ptxas warning : Registers are spilled to local memory in function 'gemm_fusion_dot_16', 176 bytes spill stores, 176 bytes spill loads

I0901 13:50:21.946786  992272 subprocess_compilation.cc:349] ptxas warning : Registers are spilled to local memory in function 'gemm_fusion_dot_16', 44 bytes spill stores, 44 bytes spill loads

I0901 13:50:22.612583  992278 subprocess_compilation.cc:349] ptxas warning : Registers are spilled to local memory in function 'gemm_fusion_dot_16', 192 bytes spill stores, 192 bytes spill loads

I0901 13:50:23.393322  992283 subprocess_compilation.cc:349] ptxas warning : Registers are spilled to local memory in function 'gemm_fusion_dot_2', 712 bytes spill stores, 712 bytes spill loads

I0901 13:50:23.865487  992273 subprocess_compilation.cc:349] ptxas warning : Registers are spilled to local memory in function 'gemm_fusion_dot', 544 bytes spill stores, 544 bytes spill loads

I0901 13:50:24.011791  992259 subprocess_compilation.cc:349] ptxas warning : Registers are spilled to local memory in function 'gemm_fusion_dot', 36 bytes spill stores, 36 bytes spill loads

[pjrt_ffi] compiled verified_mlir/cifar8w_sgd_train_step.mlir (@cifar8w_sgd_train_step, 69 outputs, 1 replica) in 11197 ms
I0901 13:50:27.433268  992284 subprocess_compilation.cc:349] ptxas warning : Registers are spilled to local memory in function 'gemm_fusion_dot', 812 bytes spill stores, 812 bytes spill loads

I0901 13:50:27.460415  992267 subprocess_compilation.cc:349] ptxas warning : Registers are spilled to local memory in function 'gemm_fusion_dot', 40 bytes spill stores, 40 bytes spill loads

I0901 13:50:27.606203  992258 subprocess_compilation.cc:349] ptxas warning : Registers are spilled to local memory in function 'gemm_fusion_dot_3', 40 bytes spill stores, 40 bytes spill loads

I0901 13:50:28.068872  992256 subprocess_compilation.cc:349] ptxas warning : Registers are spilled to local memory in function 'gemm_fusion_dot_3', 6668 bytes spill stores, 8424 bytes spill loads

[pjrt_ffi] compiled verified_mlir/cifar8w_fwd.mlir (@cifar8w_fwd, 1 outputs, 1 replica) in 3086 ms
════════ cifar8w (wide head) — SGD (lr 0.1) ════════
Deeper CIFAR-10 CNN, MNIST-style wide head (8 convs, [16,16,32,32], 4 pools 32→2 → 128→512→512→10) via the VERIFIED renderer → XLA/PJRT → GPU
  xla/pjrt verified_mlir/cifar8w_sgd_train_step.mlir
  xla/pjrt verified_mlir/cifar8w_fwd.mlir
  train 50000, test 10000; bs 128, CIFAR-CNN8-wide sgd (constant lr 0.100000), He init
[pjrt_ffi] RESIDENT: @cifar8w_sgd_train_step holds 66 parameter tensors (4.3 MB) on 1 device; they stop crossing PCIe from here
  step 0/390: loss=2.315248
  step 1/390: loss=2.310235
  step 2/390: loss=2.299566
  step 100/390: loss=2.300737
  step 200/390: loss=2.311380
  step 300/390: loss=2.601047
[pjrt_ffi] RESIDENT: @cifar8w_fwd holds 22 parameter tensors (1.4 MB) on 1 device; they stop crossing PCIe from here
Epoch 1/40: loss=2.232706 lr=0.100000
  epoch 1: test_acc = 2102/10000 = 21.020000%  top5 = 7359/10000 = 73.590000%  [95% CI 20.23–21.83]
  step 0/390: loss=2.223035
  step 1/390: loss=2.215752
  step 2/390: loss=2.195917
  step 100/390: loss=2.089230
  step 200/390: loss=2.019423
  step 300/390: loss=1.956506
[pjrt_ffi] RESIDENT: @cifar8w_fwd holds 22 parameter tensors (1.4 MB) on 1 device; they stop crossing PCIe from here
Epoch 2/40: loss=1.981525 lr=0.100000
  epoch 2: test_acc = 3468/10000 = 34.680000%  top5 = 8486/10000 = 84.860000%  [95% CI 33.75–35.62]
  step 0/390: loss=1.814419
  step 1/390: loss=1.970579
  step 2/390: loss=1.760325
  step 100/390: loss=1.823828
  step 200/390: loss=1.788127
  step 300/390: loss=1.629586
[pjrt_ffi] RESIDENT: @cifar8w_fwd holds 22 parameter tensors (1.4 MB) on 1 device; they stop crossing PCIe from here
Epoch 3/40: loss=1.714491 lr=0.100000
  epoch 3: test_acc = 4116/10000 = 41.160000%  top5 = 8962/10000 = 89.620000%  [95% CI 40.20–42.13]
  step 0/390: loss=1.617076
  step 1/390: loss=1.497843
  step 2/390: loss=1.452153
  step 100/390: loss=1.570009
  step 200/390: loss=1.594097
  step 300/390: loss=1.535018
[pjrt_ffi] RESIDENT: @cifar8w_fwd holds 22 parameter tensors (1.4 MB) on 1 device; they stop crossing PCIe from here
Epoch 4/40: loss=1.563572 lr=0.100000
  epoch 4: test_acc = 4354/10000 = 43.540000%  top5 = 9118/10000 = 91.180000%  [95% CI 42.57–44.51]
  step 0/390: loss=1.437635
  step 1/390: loss=1.579493
  step 2/390: loss=1.602903
  step 100/390: loss=1.405677
  step 200/390: loss=1.334333
  step 300/390: loss=1.511391
[pjrt_ffi] RESIDENT: @cifar8w_fwd holds 22 parameter tensors (1.4 MB) on 1 device; they stop crossing PCIe from here
Epoch 5/40: loss=1.482462 lr=0.100000
  epoch 5: test_acc = 4904/10000 = 49.040000%  top5 = 9343/10000 = 93.430000%  [95% CI 48.06–50.02]
  step 0/390: loss=1.412856
  step 1/390: loss=1.427057
  step 2/390: loss=1.392537
  step 100/390: loss=1.345694
  step 200/390: loss=1.577431
  step 300/390: loss=1.221331
[pjrt_ffi] RESIDENT: @cifar8w_fwd holds 22 parameter tensors (1.4 MB) on 1 device; they stop crossing PCIe from here
Epoch 6/40: loss=1.400688 lr=0.100000
  epoch 6: test_acc = 5105/10000 = 51.050000%  top5 = 9375/10000 = 93.750000%  [95% CI 50.07–52.03]
  step 0/390: loss=1.238654
  step 1/390: loss=1.282195
  step 2/390: loss=1.239731
  step 100/390: loss=1.249357
  step 200/390: loss=1.397573
  step 300/390: loss=1.407522
[pjrt_ffi] RESIDENT: @cifar8w_fwd holds 22 parameter tensors (1.4 MB) on 1 device; they stop crossing PCIe from here
Epoch 7/40: loss=1.344316 lr=0.100000
  epoch 7: test_acc = 5308/10000 = 53.080000%  top5 = 9379/10000 = 93.790000%  [95% CI 52.10–54.06]
  step 0/390: loss=1.254477
  step 1/390: loss=1.404938
  step 2/390: loss=1.171277
  step 100/390: loss=1.314898
  step 200/390: loss=1.145374
  step 300/390: loss=1.420125
[pjrt_ffi] RESIDENT: @cifar8w_fwd holds 22 parameter tensors (1.4 MB) on 1 device; they stop crossing PCIe from here
Epoch 8/40: loss=1.285446 lr=0.100000
  epoch 8: test_acc = 5352/10000 = 53.520000%  top5 = 9428/10000 = 94.280000%  [95% CI 52.54–54.50]
  step 0/390: loss=1.252217
  step 1/390: loss=1.210299
  step 2/390: loss=1.105439
  step 100/390: loss=1.139259
  step 200/390: loss=1.118133
  step 300/390: loss=1.238624
[pjrt_ffi] RESIDENT: @cifar8w_fwd holds 22 parameter tensors (1.4 MB) on 1 device; they stop crossing PCIe from here
Epoch 9/40: loss=1.230102 lr=0.100000
  epoch 9: test_acc = 5215/10000 = 52.150000%  top5 = 9285/10000 = 92.850000%  [95% CI 51.17–53.13]
  step 0/390: loss=1.200194
  step 1/390: loss=1.340270
  step 2/390: loss=1.157714
  step 100/390: loss=1.230596
  step 200/390: loss=1.360198
  step 300/390: loss=1.218496
[pjrt_ffi] RESIDENT: @cifar8w_fwd holds 22 parameter tensors (1.4 MB) on 1 device; they stop crossing PCIe from here
Epoch 10/40: loss=1.201036 lr=0.100000
  epoch 10: test_acc = 5818/10000 = 58.180000%  top5 = 9490/10000 = 94.900000%  [95% CI 57.21–59.14]
  step 0/390: loss=1.040471
  step 1/390: loss=1.064230
  step 2/390: loss=1.360493
  step 100/390: loss=1.119153
  step 200/390: loss=1.025416
  step 300/390: loss=1.146466
[pjrt_ffi] RESIDENT: @cifar8w_fwd holds 22 parameter tensors (1.4 MB) on 1 device; they stop crossing PCIe from here
Epoch 11/40: loss=1.153784 lr=0.100000
  epoch 11: test_acc = 5884/10000 = 58.840000%  top5 = 9513/10000 = 95.130000%  [95% CI 57.87–59.80]
  step 0/390: loss=1.016623
  step 1/390: loss=1.018219
  step 2/390: loss=1.035829
  step 100/390: loss=1.073817
  step 200/390: loss=1.212914
  step 300/390: loss=1.153957
[pjrt_ffi] RESIDENT: @cifar8w_fwd holds 22 parameter tensors (1.4 MB) on 1 device; they stop crossing PCIe from here
Epoch 12/40: loss=1.122894 lr=0.100000
  epoch 12: test_acc = 5873/10000 = 58.730000%  top5 = 9519/10000 = 95.190000%  [95% CI 57.76–59.69]
  step 0/390: loss=1.156797
  step 1/390: loss=1.185153
  step 2/390: loss=1.037805
  step 100/390: loss=1.208456
  step 200/390: loss=0.999668
  step 300/390: loss=1.157711
[pjrt_ffi] RESIDENT: @cifar8w_fwd holds 22 parameter tensors (1.4 MB) on 1 device; they stop crossing PCIe from here
Epoch 13/40: loss=1.078982 lr=0.100000
  epoch 13: test_acc = 6017/10000 = 60.170000%  top5 = 9548/10000 = 95.480000%  [95% CI 59.21–61.13]
  step 0/390: loss=0.994262
  step 1/390: loss=1.088362
  step 2/390: loss=1.079040
  step 100/390: loss=0.954000
  step 200/390: loss=1.113916
  step 300/390: loss=0.921841
[pjrt_ffi] RESIDENT: @cifar8w_fwd holds 22 parameter tensors (1.4 MB) on 1 device; they stop crossing PCIe from here
Epoch 14/40: loss=1.053972 lr=0.100000
  epoch 14: test_acc = 5844/10000 = 58.440000%  top5 = 9437/10000 = 94.370000%  [95% CI 57.47–59.40]
  step 0/390: loss=0.886995
  step 1/390: loss=0.875752
  step 2/390: loss=0.999076
  step 100/390: loss=0.961406
  step 200/390: loss=0.995974
  step 300/390: loss=0.871262
[pjrt_ffi] RESIDENT: @cifar8w_fwd holds 22 parameter tensors (1.4 MB) on 1 device; they stop crossing PCIe from here
Epoch 15/40: loss=1.013069 lr=0.100000
  epoch 15: test_acc = 6090/10000 = 60.900000%  top5 = 9550/10000 = 95.500000%  [95% CI 59.94–61.85]
  step 0/390: loss=0.943760
  step 1/390: loss=0.867278
  step 2/390: loss=0.852177
  step 100/390: loss=0.988736
  step 200/390: loss=0.938028
  step 300/390: loss=0.999705
[pjrt_ffi] RESIDENT: @cifar8w_fwd holds 22 parameter tensors (1.4 MB) on 1 device; they stop crossing PCIe from here
Epoch 16/40: loss=0.990393 lr=0.100000
  epoch 16: test_acc = 6471/10000 = 64.710000%  top5 = 9630/10000 = 96.300000%  [95% CI 63.77–65.64]
  step 0/390: loss=0.868510
  step 1/390: loss=0.995744
  step 2/390: loss=1.064127
  step 100/390: loss=0.858366
  step 200/390: loss=1.086536
  step 300/390: loss=0.924825
[pjrt_ffi] RESIDENT: @cifar8w_fwd holds 22 parameter tensors (1.4 MB) on 1 device; they stop crossing PCIe from here
Epoch 17/40: loss=0.960382 lr=0.100000
  epoch 17: test_acc = 6103/10000 = 61.030000%  top5 = 9546/10000 = 95.460000%  [95% CI 60.07–61.98]
  step 0/390: loss=0.988856
  step 1/390: loss=0.934464
  step 2/390: loss=0.837126
  step 100/390: loss=0.775315
  step 200/390: loss=0.997532
  step 300/390: loss=0.849162
[pjrt_ffi] RESIDENT: @cifar8w_fwd holds 22 parameter tensors (1.4 MB) on 1 device; they stop crossing PCIe from here
Epoch 18/40: loss=0.923668 lr=0.100000
  epoch 18: test_acc = 6373/10000 = 63.730000%  top5 = 9578/10000 = 95.780000%  [95% CI 62.78–64.67]
  step 0/390: loss=0.971301
  step 1/390: loss=1.182449
  step 2/390: loss=0.870941
  step 100/390: loss=0.865623
  step 200/390: loss=0.802908
  step 300/390: loss=1.086874
[pjrt_ffi] RESIDENT: @cifar8w_fwd holds 22 parameter tensors (1.4 MB) on 1 device; they stop crossing PCIe from here
Epoch 19/40: loss=0.910494 lr=0.100000
  epoch 19: test_acc = 6730/10000 = 67.300000%  top5 = 9675/10000 = 96.750000%  [95% CI 66.37–68.21]
  step 0/390: loss=0.926178
  step 1/390: loss=0.918092
  step 2/390: loss=0.831922
  step 100/390: loss=0.891473
  step 200/390: loss=0.874698
  step 300/390: loss=0.894570
[pjrt_ffi] RESIDENT: @cifar8w_fwd holds 22 parameter tensors (1.4 MB) on 1 device; they stop crossing PCIe from here
Epoch 20/40: loss=0.882859 lr=0.100000
  epoch 20: test_acc = 6715/10000 = 67.150000%  top5 = 9654/10000 = 96.540000%  [95% CI 66.22–68.06]
  step 0/390: loss=0.875677
  step 1/390: loss=0.972570
  step 2/390: loss=0.956070
  step 100/390: loss=0.775418
  step 200/390: loss=0.797109
  step 300/390: loss=0.873768
[pjrt_ffi] RESIDENT: @cifar8w_fwd holds 22 parameter tensors (1.4 MB) on 1 device; they stop crossing PCIe from here
Epoch 21/40: loss=0.864685 lr=0.100000
  epoch 21: test_acc = 6640/10000 = 66.400000%  top5 = 9625/10000 = 96.250000%  [95% CI 65.47–67.32]
  step 0/390: loss=0.726589
  step 1/390: loss=0.937555
  step 2/390: loss=0.818246
  step 100/390: loss=0.986274
  step 200/390: loss=0.757630
  step 300/390: loss=0.734495
[pjrt_ffi] RESIDENT: @cifar8w_fwd holds 22 parameter tensors (1.4 MB) on 1 device; they stop crossing PCIe from here
Epoch 22/40: loss=0.839176 lr=0.100000
  epoch 22: test_acc = 6579/10000 = 65.790000%  top5 = 9671/10000 = 96.710000%  [95% CI 64.85–66.71]
  step 0/390: loss=0.793284
  step 1/390: loss=1.033399
  step 2/390: loss=0.689060
  step 100/390: loss=0.666251
  step 200/390: loss=0.860163
  step 300/390: loss=0.996877
[pjrt_ffi] RESIDENT: @cifar8w_fwd holds 22 parameter tensors (1.4 MB) on 1 device; they stop crossing PCIe from here
Epoch 23/40: loss=0.817646 lr=0.100000
  epoch 23: test_acc = 6721/10000 = 67.210000%  top5 = 9682/10000 = 96.820000%  [95% CI 66.28–68.12]
  step 0/390: loss=0.665969
  step 1/390: loss=0.773171
  step 2/390: loss=0.670277
  step 100/390: loss=0.665368
  step 200/390: loss=0.863344
  step 300/390: loss=0.979517
[pjrt_ffi] RESIDENT: @cifar8w_fwd holds 22 parameter tensors (1.4 MB) on 1 device; they stop crossing PCIe from here
Epoch 24/40: loss=0.799937 lr=0.100000
  epoch 24: test_acc = 6678/10000 = 66.780000%  top5 = 9640/10000 = 96.400000%  [95% CI 65.85–67.70]
  step 0/390: loss=0.824534
  step 1/390: loss=0.762648
  step 2/390: loss=0.644065
  step 100/390: loss=0.892401
  step 200/390: loss=0.757496
  step 300/390: loss=0.872752
[pjrt_ffi] RESIDENT: @cifar8w_fwd holds 22 parameter tensors (1.4 MB) on 1 device; they stop crossing PCIe from here
Epoch 25/40: loss=0.781816 lr=0.100000
  epoch 25: test_acc = 6626/10000 = 66.260000%  top5 = 9655/10000 = 96.550000%  [95% CI 65.33–67.18]
  step 0/390: loss=0.785718
  step 1/390: loss=0.782649
  step 2/390: loss=0.748790
  step 100/390: loss=0.625589
  step 200/390: loss=0.737374
  step 300/390: loss=0.773025
[pjrt_ffi] RESIDENT: @cifar8w_fwd holds 22 parameter tensors (1.4 MB) on 1 device; they stop crossing PCIe from here
Epoch 26/40: loss=0.769875 lr=0.100000
  epoch 26: test_acc = 6824/10000 = 68.240000%  top5 = 9686/10000 = 96.860000%  [95% CI 67.32–69.15]
  step 0/390: loss=0.639516
  step 1/390: loss=0.687799
  step 2/390: loss=0.808918
  step 100/390: loss=0.821661
  step 200/390: loss=0.826632
  step 300/390: loss=0.654430
[pjrt_ffi] RESIDENT: @cifar8w_fwd holds 22 parameter tensors (1.4 MB) on 1 device; they stop crossing PCIe from here
Epoch 27/40: loss=0.749183 lr=0.100000
  epoch 27: test_acc = 6653/10000 = 66.530000%  top5 = 9646/10000 = 96.460000%  [95% CI 65.60–67.45]
  step 0/390: loss=0.799222
  step 1/390: loss=0.805663
  step 2/390: loss=0.816902
  step 100/390: loss=0.792782
  step 200/390: loss=0.565925
  step 300/390: loss=0.862933
[pjrt_ffi] RESIDENT: @cifar8w_fwd holds 22 parameter tensors (1.4 MB) on 1 device; they stop crossing PCIe from here
Epoch 28/40: loss=0.742503 lr=0.100000
  epoch 28: test_acc = 6892/10000 = 68.920000%  top5 = 9711/10000 = 97.110000%  [95% CI 68.01–69.82]
  step 0/390: loss=0.694621
  step 1/390: loss=0.729185
  step 2/390: loss=0.665738
  step 100/390: loss=1.047906
  step 200/390: loss=0.681544
  step 300/390: loss=0.558259
[pjrt_ffi] RESIDENT: @cifar8w_fwd holds 22 parameter tensors (1.4 MB) on 1 device; they stop crossing PCIe from here
Epoch 29/40: loss=0.724224 lr=0.100000
  epoch 29: test_acc = 7012/10000 = 70.120000%  top5 = 9741/10000 = 97.410000%  [95% CI 69.22–71.01]
  step 0/390: loss=0.686966
  step 1/390: loss=0.846734
  step 2/390: loss=0.855265
  step 100/390: loss=0.600006
  step 200/390: loss=0.625688
  step 300/390: loss=0.711262
[pjrt_ffi] RESIDENT: @cifar8w_fwd holds 22 parameter tensors (1.4 MB) on 1 device; they stop crossing PCIe from here
Epoch 30/40: loss=0.712323 lr=0.100000
  epoch 30: test_acc = 6813/10000 = 68.130000%  top5 = 9650/10000 = 96.500000%  [95% CI 67.21–69.04]
  step 0/390: loss=0.720289
  step 1/390: loss=0.729931
  step 2/390: loss=0.644998
  step 100/390: loss=0.879295
  step 200/390: loss=0.788224
  step 300/390: loss=0.726387
[pjrt_ffi] RESIDENT: @cifar8w_fwd holds 22 parameter tensors (1.4 MB) on 1 device; they stop crossing PCIe from here
Epoch 31/40: loss=0.702708 lr=0.100000
  epoch 31: test_acc = 6962/10000 = 69.620000%  top5 = 9727/10000 = 97.270000%  [95% CI 68.71–70.51]
  step 0/390: loss=0.653275
  step 1/390: loss=0.642522
  step 2/390: loss=0.672615
  step 100/390: loss=0.642655
  step 200/390: loss=0.892570
  step 300/390: loss=0.740861
[pjrt_ffi] RESIDENT: @cifar8w_fwd holds 22 parameter tensors (1.4 MB) on 1 device; they stop crossing PCIe from here
Epoch 32/40: loss=0.685785 lr=0.100000
  epoch 32: test_acc = 6924/10000 = 69.240000%  top5 = 9702/10000 = 97.020000%  [95% CI 68.33–70.14]
  step 0/390: loss=0.648643
  step 1/390: loss=0.523354
  step 2/390: loss=0.720658
  step 100/390: loss=0.825316
  step 200/390: loss=0.689379
  step 300/390: loss=0.727925
[pjrt_ffi] RESIDENT: @cifar8w_fwd holds 22 parameter tensors (1.4 MB) on 1 device; they stop crossing PCIe from here
Epoch 33/40: loss=0.677264 lr=0.100000
  epoch 33: test_acc = 7089/10000 = 70.890000%  top5 = 9750/10000 = 97.500000%  [95% CI 69.99–71.77]
  step 0/390: loss=0.560391
  step 1/390: loss=0.571634
  step 2/390: loss=0.531371
  step 100/390: loss=0.655043
  step 200/390: loss=0.765500
  step 300/390: loss=0.800628
[pjrt_ffi] RESIDENT: @cifar8w_fwd holds 22 parameter tensors (1.4 MB) on 1 device; they stop crossing PCIe from here
Epoch 34/40: loss=0.670107 lr=0.100000
  epoch 34: test_acc = 6908/10000 = 69.080000%  top5 = 9692/10000 = 96.920000%  [95% CI 68.17–69.98]
  step 0/390: loss=0.662473
  step 1/390: loss=0.626758
  step 2/390: loss=0.699249
  step 100/390: loss=0.528736
  step 200/390: loss=0.729219
  step 300/390: loss=0.720347
[pjrt_ffi] RESIDENT: @cifar8w_fwd holds 22 parameter tensors (1.4 MB) on 1 device; they stop crossing PCIe from here
Epoch 35/40: loss=0.655441 lr=0.100000
  epoch 35: test_acc = 6594/10000 = 65.940000%  top5 = 9605/10000 = 96.050000%  [95% CI 65.01–66.86]
  step 0/390: loss=0.799988
  step 1/390: loss=0.544921
  step 2/390: loss=0.557931
  step 100/390: loss=0.535710
  step 200/390: loss=0.606858
  step 300/390: loss=0.806043
[pjrt_ffi] RESIDENT: @cifar8w_fwd holds 22 parameter tensors (1.4 MB) on 1 device; they stop crossing PCIe from here
Epoch 36/40: loss=0.647064 lr=0.100000
  epoch 36: test_acc = 7088/10000 = 70.880000%  top5 = 9738/10000 = 97.380000%  [95% CI 69.98–71.76]
  step 0/390: loss=0.567272
  step 1/390: loss=0.561131
  step 2/390: loss=0.768051
  step 100/390: loss=0.700861
  step 200/390: loss=0.693480
  step 300/390: loss=0.630257
[pjrt_ffi] RESIDENT: @cifar8w_fwd holds 22 parameter tensors (1.4 MB) on 1 device; they stop crossing PCIe from here
Epoch 37/40: loss=0.636536 lr=0.100000
  epoch 37: test_acc = 6838/10000 = 68.380000%  top5 = 9672/10000 = 96.720000%  [95% CI 67.46–69.28]
  step 0/390: loss=0.556146
  step 1/390: loss=0.629517
  step 2/390: loss=0.467907
  step 100/390: loss=0.725846
  step 200/390: loss=0.712619
  step 300/390: loss=0.848441
[pjrt_ffi] RESIDENT: @cifar8w_fwd holds 22 parameter tensors (1.4 MB) on 1 device; they stop crossing PCIe from here
Epoch 38/40: loss=0.633323 lr=0.100000
  epoch 38: test_acc = 6948/10000 = 69.480000%  top5 = 9698/10000 = 96.980000%  [95% CI 68.57–70.37]
  step 0/390: loss=0.697089
  step 1/390: loss=0.730784
  step 2/390: loss=0.541327
  step 100/390: loss=0.471653
  step 200/390: loss=0.723687
  step 300/390: loss=0.671834
[pjrt_ffi] RESIDENT: @cifar8w_fwd holds 22 parameter tensors (1.4 MB) on 1 device; they stop crossing PCIe from here
Epoch 39/40: loss=0.624658 lr=0.100000
  epoch 39: test_acc = 7015/10000 = 70.150000%  top5 = 9678/10000 = 96.780000%  [95% CI 69.25–71.04]
  step 0/390: loss=0.538202
  step 1/390: loss=0.583366
  step 2/390: loss=0.511586
  step 100/390: loss=0.577528
  step 200/390: loss=0.519996
  step 300/390: loss=0.669830
[pjrt_ffi] RESIDENT: @cifar8w_fwd holds 22 parameter tensors (1.4 MB) on 1 device; they stop crossing PCIe from here
Epoch 40/40: loss=0.613262 lr=0.100000
  epoch 40: test_acc = 6875/10000 = 68.750000%  top5 = 9698/10000 = 96.980000%  [95% CI 67.83–69.65]
I0901 13:51:17.365191  992051 se_gpu_pjrt_client.cc:1342] Using BFC allocator.
I0901 13:51:17.365569  992051 gpu_helpers.cc:162] XLA backend allocating 11.68GiB (12543066112 bytes) on device 0 for BFCAllocator.
[pjrt_ffi] XLA backend: PJRT 0.114, 1 device(s)
[pjrt_ffi] command buffers: enabled (CUDA default)
[pjrt_ffi] compiled verified_mlir/cifar8w_mom_train_step.mlir (@cifar8w_mom_train_step, 69 outputs, 1 replica) in 1390 ms
[pjrt_ffi] compiled verified_mlir/cifar8w_fwd.mlir (@cifar8w_fwd, 1 outputs, 1 replica) in 246 ms
done (trained CIFAR-CNN8-wide sgd + constant lr via packed threading).
════════ cifar8w (wide head) — Nesterov momentum (μ.9, lr 0.02) ════════
Deeper CIFAR-10 CNN, MNIST-style wide head (8 convs, [16,16,32,32], 4 pools 32→2 → 128→512→512→10) via the VERIFIED renderer → XLA/PJRT → GPU
  xla/pjrt verified_mlir/cifar8w_mom_train_step.mlir
  xla/pjrt verified_mlir/cifar8w_fwd.mlir
  train 50000, test 10000; bs 128, CIFAR-CNN8-wide mom (constant lr 0.020000), He init
[pjrt_ffi] RESIDENT: @cifar8w_mom_train_step holds 66 parameter tensors (4.3 MB) on 1 device; they stop crossing PCIe from here
  step 0/390: loss=2.315248
  step 1/390: loss=2.306070
  step 2/390: loss=2.304176
  step 100/390: loss=2.301493
  step 200/390: loss=2.305524
  step 300/390: loss=2.302447
[pjrt_ffi] RESIDENT: @cifar8w_fwd holds 22 parameter tensors (1.4 MB) on 1 device; they stop crossing PCIe from here
Epoch 1/40: loss=2.279144 lr=0.020000
  epoch 1: test_acc = 1176/10000 = 11.760000%  top5 = 5655/10000 = 56.550000%  [95% CI 11.14–12.41]
  step 0/390: loss=2.292145
  step 1/390: loss=2.299375
  step 2/390: loss=2.290241
  step 100/390: loss=2.308891
  step 200/390: loss=2.305773
  step 300/390: loss=2.303008
[pjrt_ffi] RESIDENT: @cifar8w_fwd holds 22 parameter tensors (1.4 MB) on 1 device; they stop crossing PCIe from here
Epoch 2/40: loss=2.300120 lr=0.020000
  epoch 2: test_acc = 1000/10000 = 10.000000%  top5 = 5000/10000 = 50.000000%  [95% CI 9.43–10.60]
  step 0/390: loss=2.302946
  step 1/390: loss=2.299273
  step 2/390: loss=2.302996
  step 100/390: loss=2.305173
  step 200/390: loss=2.283712
  step 300/390: loss=2.002884
[pjrt_ffi] RESIDENT: @cifar8w_fwd holds 22 parameter tensors (1.4 MB) on 1 device; they stop crossing PCIe from here
Epoch 3/40: loss=2.170689 lr=0.020000
  epoch 3: test_acc = 2957/10000 = 29.570000%  top5 = 8296/10000 = 82.960000%  [95% CI 28.68–30.47]
  step 0/390: loss=1.800194
  step 1/390: loss=1.783412
  step 2/390: loss=1.884684
  step 100/390: loss=1.804070
  step 200/390: loss=1.718805
  step 300/390: loss=1.578674
[pjrt_ffi] RESIDENT: @cifar8w_fwd holds 22 parameter tensors (1.4 MB) on 1 device; they stop crossing PCIe from here
Epoch 4/40: loss=1.754953 lr=0.020000
  epoch 4: test_acc = 4173/10000 = 41.730000%  top5 = 9012/10000 = 90.120000%  [95% CI 40.77–42.70]
  step 0/390: loss=1.460593
  step 1/390: loss=1.600543
  step 2/390: loss=1.611845
  step 100/390: loss=1.502801
  step 200/390: loss=1.416565
  step 300/390: loss=1.450440
[pjrt_ffi] RESIDENT: @cifar8w_fwd holds 22 parameter tensors (1.4 MB) on 1 device; they stop crossing PCIe from here
Epoch 5/40: loss=1.513333 lr=0.020000
  epoch 5: test_acc = 4853/10000 = 48.530000%  top5 = 9310/10000 = 93.100000%  [95% CI 47.55–49.51]
  step 0/390: loss=1.440944
  step 1/390: loss=1.369142
  step 2/390: loss=1.486061
  step 100/390: loss=1.324498
  step 200/390: loss=1.573030
  step 300/390: loss=1.253798
[pjrt_ffi] RESIDENT: @cifar8w_fwd holds 22 parameter tensors (1.4 MB) on 1 device; they stop crossing PCIe from here
Epoch 6/40: loss=1.387613 lr=0.020000
  epoch 6: test_acc = 5169/10000 = 51.690000%  top5 = 9417/10000 = 94.170000%  [95% CI 50.71–52.67]
  step 0/390: loss=1.194277
  step 1/390: loss=1.211063
  step 2/390: loss=1.349484
  step 100/390: loss=1.371881
  step 200/390: loss=1.308383
  step 300/390: loss=1.269558
[pjrt_ffi] RESIDENT: @cifar8w_fwd holds 22 parameter tensors (1.4 MB) on 1 device; they stop crossing PCIe from here
Epoch 7/40: loss=1.295135 lr=0.020000
  epoch 7: test_acc = 5497/10000 = 54.970000%  top5 = 9491/10000 = 94.910000%  [95% CI 53.99–55.94]
  step 0/390: loss=1.236201
  step 1/390: loss=1.330554
  step 2/390: loss=1.083309
  step 100/390: loss=1.182454
  step 200/390: loss=1.163535
  step 300/390: loss=1.417220
[pjrt_ffi] RESIDENT: @cifar8w_fwd holds 22 parameter tensors (1.4 MB) on 1 device; they stop crossing PCIe from here
Epoch 8/40: loss=1.209351 lr=0.020000
  epoch 8: test_acc = 5736/10000 = 57.360000%  top5 = 9537/10000 = 95.370000%  [95% CI 56.39–58.33]
  step 0/390: loss=1.062449
  step 1/390: loss=1.063126
  step 2/390: loss=0.973808
  step 100/390: loss=1.048184
  step 200/390: loss=1.098081
  step 300/390: loss=1.117894
[pjrt_ffi] RESIDENT: @cifar8w_fwd holds 22 parameter tensors (1.4 MB) on 1 device; they stop crossing PCIe from here
Epoch 9/40: loss=1.135815 lr=0.020000
  epoch 9: test_acc = 5381/10000 = 53.810000%  top5 = 9286/10000 = 92.860000%  [95% CI 52.83–54.79]
  step 0/390: loss=1.221955
  step 1/390: loss=1.280813
  step 2/390: loss=1.001590
  step 100/390: loss=1.141304
  step 200/390: loss=1.253119
  step 300/390: loss=0.964060
[pjrt_ffi] RESIDENT: @cifar8w_fwd holds 22 parameter tensors (1.4 MB) on 1 device; they stop crossing PCIe from here
Epoch 10/40: loss=1.080673 lr=0.020000
  epoch 10: test_acc = 6118/10000 = 61.180000%  top5 = 9626/10000 = 96.260000%  [95% CI 60.22–62.13]
  step 0/390: loss=0.835129
  step 1/390: loss=0.898545
  step 2/390: loss=1.118813
  step 100/390: loss=1.047992
  step 200/390: loss=0.910309
  step 300/390: loss=0.956061
[pjrt_ffi] RESIDENT: @cifar8w_fwd holds 22 parameter tensors (1.4 MB) on 1 device; they stop crossing PCIe from here
Epoch 11/40: loss=1.026075 lr=0.020000
  epoch 11: test_acc = 6421/10000 = 64.210000%  top5 = 9652/10000 = 96.520000%  [95% CI 63.27–65.14]
  step 0/390: loss=0.939758
  step 1/390: loss=1.017185
  step 2/390: loss=0.890495
  step 100/390: loss=1.078810
  step 200/390: loss=0.989374
  step 300/390: loss=1.125268
[pjrt_ffi] RESIDENT: @cifar8w_fwd holds 22 parameter tensors (1.4 MB) on 1 device; they stop crossing PCIe from here
Epoch 12/40: loss=0.975952 lr=0.020000
  epoch 12: test_acc = 6224/10000 = 62.240000%  top5 = 9530/10000 = 95.300000%  [95% CI 61.29–63.19]
  step 0/390: loss=1.049431
  step 1/390: loss=1.111235
  step 2/390: loss=0.803894
  step 100/390: loss=0.904202
  step 200/390: loss=0.937064
  step 300/390: loss=1.153422
[pjrt_ffi] RESIDENT: @cifar8w_fwd holds 22 parameter tensors (1.4 MB) on 1 device; they stop crossing PCIe from here
Epoch 13/40: loss=0.939921 lr=0.020000
  epoch 13: test_acc = 6582/10000 = 65.820000%  top5 = 9648/10000 = 96.480000%  [95% CI 64.88–66.74]
  step 0/390: loss=0.942020
  step 1/390: loss=0.914055
  step 2/390: loss=1.008620
  step 100/390: loss=0.799646
  step 200/390: loss=0.839392
  step 300/390: loss=0.807573
[pjrt_ffi] RESIDENT: @cifar8w_fwd holds 22 parameter tensors (1.4 MB) on 1 device; they stop crossing PCIe from here
Epoch 14/40: loss=0.895637 lr=0.020000
  epoch 14: test_acc = 6698/10000 = 66.980000%  top5 = 9688/10000 = 96.880000%  [95% CI 66.05–67.90]
  step 0/390: loss=0.682034
  step 1/390: loss=0.881468
  step 2/390: loss=0.954206
  step 100/390: loss=0.903335
  step 200/390: loss=0.858763
  step 300/390: loss=0.792168
[pjrt_ffi] RESIDENT: @cifar8w_fwd holds 22 parameter tensors (1.4 MB) on 1 device; they stop crossing PCIe from here
Epoch 15/40: loss=0.864109 lr=0.020000
  epoch 15: test_acc = 6563/10000 = 65.630000%  top5 = 9664/10000 = 96.640000%  [95% CI 64.69–66.55]
  step 0/390: loss=0.772232
  step 1/390: loss=0.799529
  step 2/390: loss=0.834974
  step 100/390: loss=0.949674
  step 200/390: loss=0.859899
  step 300/390: loss=0.825908
[pjrt_ffi] RESIDENT: @cifar8w_fwd holds 22 parameter tensors (1.4 MB) on 1 device; they stop crossing PCIe from here
Epoch 16/40: loss=0.832345 lr=0.020000
  epoch 16: test_acc = 6759/10000 = 67.590000%  top5 = 9698/10000 = 96.980000%  [95% CI 66.67–68.50]
  step 0/390: loss=0.880008
  step 1/390: loss=0.806785
  step 2/390: loss=0.898676
  step 100/390: loss=0.900003
  step 200/390: loss=0.790426
  step 300/390: loss=0.802874
[pjrt_ffi] RESIDENT: @cifar8w_fwd holds 22 parameter tensors (1.4 MB) on 1 device; they stop crossing PCIe from here
Epoch 17/40: loss=0.811568 lr=0.020000
  epoch 17: test_acc = 6903/10000 = 69.030000%  top5 = 9712/10000 = 97.120000%  [95% CI 68.12–69.93]
  step 0/390: loss=0.749449
  step 1/390: loss=0.819470
  step 2/390: loss=0.756465
  step 100/390: loss=0.640288
  step 200/390: loss=0.716770
  step 300/390: loss=0.658710
[pjrt_ffi] RESIDENT: @cifar8w_fwd holds 22 parameter tensors (1.4 MB) on 1 device; they stop crossing PCIe from here
Epoch 18/40: loss=0.789463 lr=0.020000
  epoch 18: test_acc = 6995/10000 = 69.950000%  top5 = 9723/10000 = 97.230000%  [95% CI 69.04–70.84]
  step 0/390: loss=0.820601
  step 1/390: loss=0.806390
  step 2/390: loss=0.726119
  step 100/390: loss=0.878060
  step 200/390: loss=0.607386
  step 300/390: loss=0.814916
[pjrt_ffi] RESIDENT: @cifar8w_fwd holds 22 parameter tensors (1.4 MB) on 1 device; they stop crossing PCIe from here
Epoch 19/40: loss=0.771397 lr=0.020000
  epoch 19: test_acc = 7012/10000 = 70.120000%  top5 = 9729/10000 = 97.290000%  [95% CI 69.22–71.01]
  step 0/390: loss=0.866313
  step 1/390: loss=0.772678
  step 2/390: loss=0.682049
  step 100/390: loss=0.680993
  step 200/390: loss=0.720091
  step 300/390: loss=0.853380
[pjrt_ffi] RESIDENT: @cifar8w_fwd holds 22 parameter tensors (1.4 MB) on 1 device; they stop crossing PCIe from here
Epoch 20/40: loss=0.747475 lr=0.020000
  epoch 20: test_acc = 7031/10000 = 70.310000%  top5 = 9764/10000 = 97.640000%  [95% CI 69.41–71.20]
  step 0/390: loss=0.722026
  step 1/390: loss=0.691079
  step 2/390: loss=0.631036
  step 100/390: loss=0.582760
  step 200/390: loss=0.685959
  step 300/390: loss=0.642563
[pjrt_ffi] RESIDENT: @cifar8w_fwd holds 22 parameter tensors (1.4 MB) on 1 device; they stop crossing PCIe from here
Epoch 21/40: loss=0.736610 lr=0.020000
  epoch 21: test_acc = 7071/10000 = 70.710000%  top5 = 9737/10000 = 97.370000%  [95% CI 69.81–71.59]
  step 0/390: loss=0.632445
  step 1/390: loss=0.713749
  step 2/390: loss=0.750541
  step 100/390: loss=0.803131
  step 200/390: loss=0.691187
  step 300/390: loss=0.722230
[pjrt_ffi] RESIDENT: @cifar8w_fwd holds 22 parameter tensors (1.4 MB) on 1 device; they stop crossing PCIe from here
Epoch 22/40: loss=0.731123 lr=0.020000
  epoch 22: test_acc = 7127/10000 = 71.270000%  top5 = 9758/10000 = 97.580000%  [95% CI 70.38–72.15]
  step 0/390: loss=0.522369
  step 1/390: loss=0.856402
  step 2/390: loss=0.620672
  step 100/390: loss=0.585856
  step 200/390: loss=0.776790
  step 300/390: loss=0.847578
[pjrt_ffi] RESIDENT: @cifar8w_fwd holds 22 parameter tensors (1.4 MB) on 1 device; they stop crossing PCIe from here
Epoch 23/40: loss=0.709477 lr=0.020000
  epoch 23: test_acc = 7160/10000 = 71.600000%  top5 = 9759/10000 = 97.590000%  [95% CI 70.71–72.48]
  step 0/390: loss=0.603848
  step 1/390: loss=0.591445
  step 2/390: loss=0.670824
  step 100/390: loss=0.570819
  step 200/390: loss=0.659185
  step 300/390: loss=0.780908
[pjrt_ffi] RESIDENT: @cifar8w_fwd holds 22 parameter tensors (1.4 MB) on 1 device; they stop crossing PCIe from here
Epoch 24/40: loss=0.699957 lr=0.020000
  epoch 24: test_acc = 7135/10000 = 71.350000%  top5 = 9759/10000 = 97.590000%  [95% CI 70.46–72.23]
  step 0/390: loss=0.564751
  step 1/390: loss=0.686439
  step 2/390: loss=0.584213
  step 100/390: loss=0.734725
  step 200/390: loss=0.713235
  step 300/390: loss=0.632739
[pjrt_ffi] RESIDENT: @cifar8w_fwd holds 22 parameter tensors (1.4 MB) on 1 device; they stop crossing PCIe from here
Epoch 25/40: loss=0.691195 lr=0.020000
  epoch 25: test_acc = 7232/10000 = 72.320000%  top5 = 9771/10000 = 97.710000%  [95% CI 71.43–73.19]
  step 0/390: loss=0.641933
  step 1/390: loss=0.857551
  step 2/390: loss=0.784654
  step 100/390: loss=0.411634
  step 200/390: loss=0.798252
  step 300/390: loss=0.621780
[pjrt_ffi] RESIDENT: @cifar8w_fwd holds 22 parameter tensors (1.4 MB) on 1 device; they stop crossing PCIe from here
Epoch 26/40: loss=0.678802 lr=0.020000
  epoch 26: test_acc = 7309/10000 = 73.090000%  top5 = 9777/10000 = 97.770000%  [95% CI 72.21–73.95]
  step 0/390: loss=0.491429
  step 1/390: loss=0.586077
  step 2/390: loss=0.885502
  step 100/390: loss=0.819332
  step 200/390: loss=0.719956
  step 300/390: loss=0.508108
[pjrt_ffi] RESIDENT: @cifar8w_fwd holds 22 parameter tensors (1.4 MB) on 1 device; they stop crossing PCIe from here
Epoch 27/40: loss=0.672926 lr=0.020000
  epoch 27: test_acc = 7274/10000 = 72.740000%  top5 = 9762/10000 = 97.620000%  [95% CI 71.86–73.60]
  step 0/390: loss=0.576597
  step 1/390: loss=0.722166
  step 2/390: loss=0.659944
  step 100/390: loss=0.752698
  step 200/390: loss=0.669113
  step 300/390: loss=0.842075
[pjrt_ffi] RESIDENT: @cifar8w_fwd holds 22 parameter tensors (1.4 MB) on 1 device; they stop crossing PCIe from here
Epoch 28/40: loss=0.672183 lr=0.020000
  epoch 28: test_acc = 7310/10000 = 73.100000%  top5 = 9763/10000 = 97.630000%  [95% CI 72.22–73.96]
  step 0/390: loss=0.645249
  step 1/390: loss=0.688321
  step 2/390: loss=0.613917
  step 100/390: loss=0.610099
  step 200/390: loss=0.629727
  step 300/390: loss=0.556675
[pjrt_ffi] RESIDENT: @cifar8w_fwd holds 22 parameter tensors (1.4 MB) on 1 device; they stop crossing PCIe from here
Epoch 29/40: loss=0.659672 lr=0.020000
  epoch 29: test_acc = 7183/10000 = 71.830000%  top5 = 9759/10000 = 97.590000%  [95% CI 70.94–72.70]
  step 0/390: loss=0.642562
  step 1/390: loss=0.850149
  step 2/390: loss=0.892122
  step 100/390: loss=0.494263
  step 200/390: loss=0.658221
  step 300/390: loss=0.532329
[pjrt_ffi] RESIDENT: @cifar8w_fwd holds 22 parameter tensors (1.4 MB) on 1 device; they stop crossing PCIe from here
Epoch 30/40: loss=0.656636 lr=0.020000
  epoch 30: test_acc = 7170/10000 = 71.700000%  top5 = 9768/10000 = 97.680000%  [95% CI 70.81–72.57]
  step 0/390: loss=0.667359
  step 1/390: loss=0.780625
  step 2/390: loss=0.632994
  step 100/390: loss=0.857684
  step 200/390: loss=0.660238
  step 300/390: loss=0.734507
[pjrt_ffi] RESIDENT: @cifar8w_fwd holds 22 parameter tensors (1.4 MB) on 1 device; they stop crossing PCIe from here
Epoch 31/40: loss=0.651029 lr=0.020000
  epoch 31: test_acc = 7300/10000 = 73.000000%  top5 = 9767/10000 = 97.670000%  [95% CI 72.12–73.86]
  step 0/390: loss=0.690394
  step 1/390: loss=0.487130
  step 2/390: loss=0.569090
  step 100/390: loss=0.466000
  step 200/390: loss=0.655974
  step 300/390: loss=0.703597
[pjrt_ffi] RESIDENT: @cifar8w_fwd holds 22 parameter tensors (1.4 MB) on 1 device; they stop crossing PCIe from here
Epoch 32/40: loss=0.649698 lr=0.020000
  epoch 32: test_acc = 7290/10000 = 72.900000%  top5 = 9746/10000 = 97.460000%  [95% CI 72.02–73.76]
  step 0/390: loss=0.515295
  step 1/390: loss=0.715679
  step 2/390: loss=0.664989
  step 100/390: loss=0.653709
  step 200/390: loss=0.593782
  step 300/390: loss=0.711071
[pjrt_ffi] RESIDENT: @cifar8w_fwd holds 22 parameter tensors (1.4 MB) on 1 device; they stop crossing PCIe from here
Epoch 33/40: loss=0.643087 lr=0.020000
  epoch 33: test_acc = 7355/10000 = 73.550000%  top5 = 9768/10000 = 97.680000%  [95% CI 72.68–74.41]
  step 0/390: loss=0.645612
  step 1/390: loss=0.630040
  step 2/390: loss=0.530680
  step 100/390: loss=0.593168
  step 200/390: loss=0.697911
  step 300/390: loss=0.674589
[pjrt_ffi] RESIDENT: @cifar8w_fwd holds 22 parameter tensors (1.4 MB) on 1 device; they stop crossing PCIe from here
Epoch 34/40: loss=0.634571 lr=0.020000
  epoch 34: test_acc = 7307/10000 = 73.070000%  top5 = 9754/10000 = 97.540000%  [95% CI 72.19–73.93]
  step 0/390: loss=0.698611
  step 1/390: loss=0.690303
  step 2/390: loss=0.594550
  step 100/390: loss=0.618678
  step 200/390: loss=0.518634
  step 300/390: loss=0.700867
[pjrt_ffi] RESIDENT: @cifar8w_fwd holds 22 parameter tensors (1.4 MB) on 1 device; they stop crossing PCIe from here
Epoch 35/40: loss=0.641537 lr=0.020000
  epoch 35: test_acc = 7307/10000 = 73.070000%  top5 = 9772/10000 = 97.720000%  [95% CI 72.19–73.93]
  step 0/390: loss=0.485846
  step 1/390: loss=0.582731
  step 2/390: loss=0.628692
  step 100/390: loss=0.597327
  step 200/390: loss=0.582872
  step 300/390: loss=0.578095
[pjrt_ffi] RESIDENT: @cifar8w_fwd holds 22 parameter tensors (1.4 MB) on 1 device; they stop crossing PCIe from here
Epoch 36/40: loss=0.630161 lr=0.020000
  epoch 36: test_acc = 7166/10000 = 71.660000%  top5 = 9746/10000 = 97.460000%  [95% CI 70.77–72.53]
  step 0/390: loss=0.645954
  step 1/390: loss=0.548521
  step 2/390: loss=0.731897
  step 100/390: loss=0.794133
  step 200/390: loss=0.740847
  step 300/390: loss=0.575722
[pjrt_ffi] RESIDENT: @cifar8w_fwd holds 22 parameter tensors (1.4 MB) on 1 device; they stop crossing PCIe from here
Epoch 37/40: loss=0.628259 lr=0.020000
  epoch 37: test_acc = 7416/10000 = 74.160000%  top5 = 9762/10000 = 97.620000%  [95% CI 73.29–75.01]
  step 0/390: loss=0.683421
  step 1/390: loss=0.641023
  step 2/390: loss=0.571053
  step 100/390: loss=0.712953
  step 200/390: loss=0.647978
  step 300/390: loss=0.719944
[pjrt_ffi] RESIDENT: @cifar8w_fwd holds 22 parameter tensors (1.4 MB) on 1 device; they stop crossing PCIe from here
Epoch 38/40: loss=0.619661 lr=0.020000
  epoch 38: test_acc = 7375/10000 = 73.750000%  top5 = 9788/10000 = 97.880000%  [95% CI 72.88–74.60]
  step 0/390: loss=0.525371
  step 1/390: loss=0.672727
  step 2/390: loss=0.563833
  step 100/390: loss=0.520574
  step 200/390: loss=0.605860
  step 300/390: loss=0.638429
[pjrt_ffi] RESIDENT: @cifar8w_fwd holds 22 parameter tensors (1.4 MB) on 1 device; they stop crossing PCIe from here
Epoch 39/40: loss=0.616873 lr=0.020000
  epoch 39: test_acc = 7205/10000 = 72.050000%  top5 = 9740/10000 = 97.400000%  [95% CI 71.16–72.92]
  step 0/390: loss=0.642626
  step 1/390: loss=0.496031
  step 2/390: loss=0.622097
  step 100/390: loss=0.484151
  step 200/390: loss=0.577446
  step 300/390: loss=0.581057
[pjrt_ffi] RESIDENT: @cifar8w_fwd holds 22 parameter tensors (1.4 MB) on 1 device; they stop crossing PCIe from here
Epoch 40/40: loss=0.627482 lr=0.020000
  epoch 40: test_acc = 7215/10000 = 72.150000%  top5 = 9744/10000 = 97.440000%  [95% CI 71.26–73.02]
I0901 13:52:08.236302  992051 se_gpu_pjrt_client.cc:1342] Using BFC allocator.
I0901 13:52:08.236868  992051 gpu_helpers.cc:162] XLA backend allocating 11.68GiB (12543066112 bytes) on device 0 for BFCAllocator.
[pjrt_ffi] XLA backend: PJRT 0.114, 1 device(s)
[pjrt_ffi] command buffers: enabled (CUDA default)
[pjrt_ffi] compiled verified_mlir/cifar8w_adam_train_step.mlir (@cifar8w_adam_train_step, 69 outputs, 1 replica) in 509 ms
[pjrt_ffi] compiled verified_mlir/cifar8w_fwd.mlir (@cifar8w_fwd, 1 outputs, 1 replica) in 214 ms
done (trained CIFAR-CNN8-wide mom + constant lr via packed threading).
════════ cifar8w (wide head) — AdamW (lr 1e-3) ════════
Deeper CIFAR-10 CNN, MNIST-style wide head (8 convs, [16,16,32,32], 4 pools 32→2 → 128→512→512→10) via the VERIFIED renderer → XLA/PJRT → GPU
  xla/pjrt verified_mlir/cifar8w_adam_train_step.mlir
  xla/pjrt verified_mlir/cifar8w_fwd.mlir
  train 50000, test 10000; bs 128, CIFAR-CNN8-wide adam (constant lr 0.001000), He init
[pjrt_ffi] RESIDENT: @cifar8w_adam_train_step holds 66 parameter tensors (4.3 MB) on 1 device; they stop crossing PCIe from here
  step 0/390: loss=2.315248
  step 1/390: loss=2.345148
  step 2/390: loss=2.304527
  step 100/390: loss=1.751163
  step 200/390: loss=1.614738
  step 300/390: loss=1.540057
[pjrt_ffi] RESIDENT: @cifar8w_fwd holds 22 parameter tensors (1.4 MB) on 1 device; they stop crossing PCIe from here
Epoch 1/40: loss=1.669917 lr=0.001000
  epoch 1: test_acc = 4864/10000 = 48.640000%  top5 = 9301/10000 = 93.010000%  [95% CI 47.66–49.62]
  step 0/390: loss=1.420999
  step 1/390: loss=1.402705
  step 2/390: loss=1.330925
  step 100/390: loss=1.270455
  step 200/390: loss=1.152660
  step 300/390: loss=1.286674
[pjrt_ffi] RESIDENT: @cifar8w_fwd holds 22 parameter tensors (1.4 MB) on 1 device; they stop crossing PCIe from here
Epoch 2/40: loss=1.331956 lr=0.001000
  epoch 2: test_acc = 5610/10000 = 56.100000%  top5 = 9526/10000 = 95.260000%  [95% CI 55.13–57.07]
  step 0/390: loss=1.225249
  step 1/390: loss=1.231903
  step 2/390: loss=1.108547
  step 100/390: loss=1.114954
  step 200/390: loss=1.258773
  step 300/390: loss=1.221062
[pjrt_ffi] RESIDENT: @cifar8w_fwd holds 22 parameter tensors (1.4 MB) on 1 device; they stop crossing PCIe from here
Epoch 3/40: loss=1.174174 lr=0.001000
  epoch 3: test_acc = 5908/10000 = 59.080000%  top5 = 9576/10000 = 95.760000%  [95% CI 58.11–60.04]
  step 0/390: loss=1.191701
  step 1/390: loss=1.068541
  step 2/390: loss=0.909356
  step 100/390: loss=1.029788
  step 200/390: loss=0.991849
  step 300/390: loss=1.097357
[pjrt_ffi] RESIDENT: @cifar8w_fwd holds 22 parameter tensors (1.4 MB) on 1 device; they stop crossing PCIe from here
Epoch 4/40: loss=1.067071 lr=0.001000
  epoch 4: test_acc = 6309/10000 = 63.090000%  top5 = 9586/10000 = 95.860000%  [95% CI 62.14–64.03]
  step 0/390: loss=0.985450
  step 1/390: loss=1.106276
  step 2/390: loss=0.952766
  step 100/390: loss=0.859773
  step 200/390: loss=0.942410
  step 300/390: loss=0.889603
[pjrt_ffi] RESIDENT: @cifar8w_fwd holds 22 parameter tensors (1.4 MB) on 1 device; they stop crossing PCIe from here
Epoch 5/40: loss=0.997604 lr=0.001000
  epoch 5: test_acc = 6301/10000 = 63.010000%  top5 = 9610/10000 = 96.100000%  [95% CI 62.06–63.95]
  step 0/390: loss=1.088126
  step 1/390: loss=0.773665
  step 2/390: loss=0.986807
  step 100/390: loss=0.919213
  step 200/390: loss=1.142390
  step 300/390: loss=0.967482
[pjrt_ffi] RESIDENT: @cifar8w_fwd holds 22 parameter tensors (1.4 MB) on 1 device; they stop crossing PCIe from here
Epoch 6/40: loss=0.950185 lr=0.001000
  epoch 6: test_acc = 6580/10000 = 65.800000%  top5 = 9704/10000 = 97.040000%  [95% CI 64.86–66.72]
  step 0/390: loss=0.852859
  step 1/390: loss=0.867490
  step 2/390: loss=0.834764
  step 100/390: loss=0.908935
  step 200/390: loss=0.801742
  step 300/390: loss=0.804881
[pjrt_ffi] RESIDENT: @cifar8w_fwd holds 22 parameter tensors (1.4 MB) on 1 device; they stop crossing PCIe from here
Epoch 7/40: loss=0.897871 lr=0.001000
  epoch 7: test_acc = 6777/10000 = 67.770000%  top5 = 9716/10000 = 97.160000%  [95% CI 66.85–68.68]
  step 0/390: loss=0.920574
  step 1/390: loss=0.786876
  step 2/390: loss=0.783428
  step 100/390: loss=0.734333
  step 200/390: loss=0.799798
  step 300/390: loss=0.920146
[pjrt_ffi] RESIDENT: @cifar8w_fwd holds 22 parameter tensors (1.4 MB) on 1 device; they stop crossing PCIe from here
Epoch 8/40: loss=0.859902 lr=0.001000
  epoch 8: test_acc = 6826/10000 = 68.260000%  top5 = 9714/10000 = 97.140000%  [95% CI 67.34–69.17]
  step 0/390: loss=0.799082
  step 1/390: loss=0.789756
  step 2/390: loss=0.765949
  step 100/390: loss=0.820772
  step 200/390: loss=0.820771
  step 300/390: loss=0.870355
[pjrt_ffi] RESIDENT: @cifar8w_fwd holds 22 parameter tensors (1.4 MB) on 1 device; they stop crossing PCIe from here
Epoch 9/40: loss=0.828831 lr=0.001000
  epoch 9: test_acc = 6823/10000 = 68.230000%  top5 = 9732/10000 = 97.320000%  [95% CI 67.31–69.14]
  step 0/390: loss=0.834331
  step 1/390: loss=0.909861
  step 2/390: loss=0.753682
  step 100/390: loss=0.838383
  step 200/390: loss=0.965410
  step 300/390: loss=0.643568
[pjrt_ffi] RESIDENT: @cifar8w_fwd holds 22 parameter tensors (1.4 MB) on 1 device; they stop crossing PCIe from here
Epoch 10/40: loss=0.798859 lr=0.001000
  epoch 10: test_acc = 6909/10000 = 69.090000%  top5 = 9730/10000 = 97.300000%  [95% CI 68.18–69.99]
  step 0/390: loss=0.738070
  step 1/390: loss=0.713108
  step 2/390: loss=0.742311
  step 100/390: loss=0.676465
  step 200/390: loss=0.857601
  step 300/390: loss=0.832322
[pjrt_ffi] RESIDENT: @cifar8w_fwd holds 22 parameter tensors (1.4 MB) on 1 device; they stop crossing PCIe from here
Epoch 11/40: loss=0.760762 lr=0.001000
  epoch 11: test_acc = 6825/10000 = 68.250000%  top5 = 9710/10000 = 97.100000%  [95% CI 67.33–69.16]
  step 0/390: loss=0.762283
  step 1/390: loss=0.707098
  step 2/390: loss=0.664253
  step 100/390: loss=0.721540
  step 200/390: loss=0.692485
  step 300/390: loss=0.719972
[pjrt_ffi] RESIDENT: @cifar8w_fwd holds 22 parameter tensors (1.4 MB) on 1 device; they stop crossing PCIe from here
Epoch 12/40: loss=0.750027 lr=0.001000
  epoch 12: test_acc = 6975/10000 = 69.750000%  top5 = 9722/10000 = 97.220000%  [95% CI 68.84–70.64]
  step 0/390: loss=0.782899
  step 1/390: loss=0.859382
  step 2/390: loss=0.613445
  step 100/390: loss=0.753363
  step 200/390: loss=0.722541
  step 300/390: loss=0.800037
[pjrt_ffi] RESIDENT: @cifar8w_fwd holds 22 parameter tensors (1.4 MB) on 1 device; they stop crossing PCIe from here
Epoch 13/40: loss=0.726824 lr=0.001000
  epoch 13: test_acc = 7065/10000 = 70.650000%  top5 = 9779/10000 = 97.790000%  [95% CI 69.75–71.53]
  step 0/390: loss=0.646757
  step 1/390: loss=0.678251
  step 2/390: loss=0.718236
  step 100/390: loss=0.699250
  step 200/390: loss=0.558048
  step 300/390: loss=0.796703
[pjrt_ffi] RESIDENT: @cifar8w_fwd holds 22 parameter tensors (1.4 MB) on 1 device; they stop crossing PCIe from here
Epoch 14/40: loss=0.697360 lr=0.001000
  epoch 14: test_acc = 7121/10000 = 71.210000%  top5 = 9777/10000 = 97.770000%  [95% CI 70.31–72.09]
  step 0/390: loss=0.556656
  step 1/390: loss=0.671233
  step 2/390: loss=0.822438
  step 100/390: loss=0.701497
  step 200/390: loss=0.877542
  step 300/390: loss=0.670539
[pjrt_ffi] RESIDENT: @cifar8w_fwd holds 22 parameter tensors (1.4 MB) on 1 device; they stop crossing PCIe from here
Epoch 15/40: loss=0.676136 lr=0.001000
  epoch 15: test_acc = 7114/10000 = 71.140000%  top5 = 9779/10000 = 97.790000%  [95% CI 70.24–72.02]
  step 0/390: loss=0.553779
  step 1/390: loss=0.649324
  step 2/390: loss=0.734102
  step 100/390: loss=0.581543
  step 200/390: loss=0.712246
  step 300/390: loss=0.610634
[pjrt_ffi] RESIDENT: @cifar8w_fwd holds 22 parameter tensors (1.4 MB) on 1 device; they stop crossing PCIe from here
Epoch 16/40: loss=0.657409 lr=0.001000
  epoch 16: test_acc = 7165/10000 = 71.650000%  top5 = 9744/10000 = 97.440000%  [95% CI 70.76–72.52]
  step 0/390: loss=0.600880
  step 1/390: loss=0.604854
  step 2/390: loss=0.712397
  step 100/390: loss=0.696645
  step 200/390: loss=0.671900
  step 300/390: loss=0.675750
[pjrt_ffi] RESIDENT: @cifar8w_fwd holds 22 parameter tensors (1.4 MB) on 1 device; they stop crossing PCIe from here
Epoch 17/40: loss=0.636474 lr=0.001000
  epoch 17: test_acc = 7220/10000 = 72.200000%  top5 = 9783/10000 = 97.830000%  [95% CI 71.31–73.07]
  step 0/390: loss=0.665700
  step 1/390: loss=0.608916
  step 2/390: loss=0.637107
  step 100/390: loss=0.499649
  step 200/390: loss=0.615609
  step 300/390: loss=0.641498
[pjrt_ffi] RESIDENT: @cifar8w_fwd holds 22 parameter tensors (1.4 MB) on 1 device; they stop crossing PCIe from here
Epoch 18/40: loss=0.617174 lr=0.001000
  epoch 18: test_acc = 7121/10000 = 71.210000%  top5 = 9780/10000 = 97.800000%  [95% CI 70.31–72.09]
  step 0/390: loss=0.691816
  step 1/390: loss=0.745317
  step 2/390: loss=0.612554
  step 100/390: loss=0.668815
  step 200/390: loss=0.554391
  step 300/390: loss=0.672114
[pjrt_ffi] RESIDENT: @cifar8w_fwd holds 22 parameter tensors (1.4 MB) on 1 device; they stop crossing PCIe from here
Epoch 19/40: loss=0.608506 lr=0.001000
  epoch 19: test_acc = 7337/10000 = 73.370000%  top5 = 9823/10000 = 98.230000%  [95% CI 72.49–74.23]
  step 0/390: loss=0.569670
  step 1/390: loss=0.544751
  step 2/390: loss=0.504889
  step 100/390: loss=0.635056
  step 200/390: loss=0.613572
  step 300/390: loss=0.505879
[pjrt_ffi] RESIDENT: @cifar8w_fwd holds 22 parameter tensors (1.4 MB) on 1 device; they stop crossing PCIe from here
Epoch 20/40: loss=0.582148 lr=0.001000
  epoch 20: test_acc = 7300/10000 = 73.000000%  top5 = 9797/10000 = 97.970000%  [95% CI 72.12–73.86]
  step 0/390: loss=0.561246
  step 1/390: loss=0.504339
  step 2/390: loss=0.429318
  step 100/390: loss=0.391482
  step 200/390: loss=0.583446
  step 300/390: loss=0.528297
[pjrt_ffi] RESIDENT: @cifar8w_fwd holds 22 parameter tensors (1.4 MB) on 1 device; they stop crossing PCIe from here
Epoch 21/40: loss=0.576424 lr=0.001000
  epoch 21: test_acc = 7277/10000 = 72.770000%  top5 = 9789/10000 = 97.890000%  [95% CI 71.89–73.63]
  step 0/390: loss=0.459962
  step 1/390: loss=0.460895
  step 2/390: loss=0.708768
  step 100/390: loss=0.618672
  step 200/390: loss=0.514062
  step 300/390: loss=0.566230
[pjrt_ffi] RESIDENT: @cifar8w_fwd holds 22 parameter tensors (1.4 MB) on 1 device; they stop crossing PCIe from here
Epoch 22/40: loss=0.555568 lr=0.001000
  epoch 22: test_acc = 7264/10000 = 72.640000%  top5 = 9790/10000 = 97.900000%  [95% CI 71.76–73.50]
  step 0/390: loss=0.456761
  step 1/390: loss=0.612141
  step 2/390: loss=0.477032
  step 100/390: loss=0.482139
  step 200/390: loss=0.576753
  step 300/390: loss=0.538192
[pjrt_ffi] RESIDENT: @cifar8w_fwd holds 22 parameter tensors (1.4 MB) on 1 device; they stop crossing PCIe from here
Epoch 23/40: loss=0.549749 lr=0.001000
  epoch 23: test_acc = 7272/10000 = 72.720000%  top5 = 9793/10000 = 97.930000%  [95% CI 71.84–73.58]
  step 0/390: loss=0.481279
  step 1/390: loss=0.511272
  step 2/390: loss=0.559292
  step 100/390: loss=0.471973
  step 200/390: loss=0.431249
  step 300/390: loss=0.740206
[pjrt_ffi] RESIDENT: @cifar8w_fwd holds 22 parameter tensors (1.4 MB) on 1 device; they stop crossing PCIe from here
Epoch 24/40: loss=0.529192 lr=0.001000
  epoch 24: test_acc = 7163/10000 = 71.630000%  top5 = 9779/10000 = 97.790000%  [95% CI 70.74–72.51]
  step 0/390: loss=0.524801
  step 1/390: loss=0.584202
  step 2/390: loss=0.488965
  step 100/390: loss=0.606857
  step 200/390: loss=0.479469
  step 300/390: loss=0.557034
[pjrt_ffi] RESIDENT: @cifar8w_fwd holds 22 parameter tensors (1.4 MB) on 1 device; they stop crossing PCIe from here
Epoch 25/40: loss=0.512898 lr=0.001000
  epoch 25: test_acc = 7233/10000 = 72.330000%  top5 = 9778/10000 = 97.780000%  [95% CI 71.44–73.20]
  step 0/390: loss=0.490342
  step 1/390: loss=0.690500
  step 2/390: loss=0.498982
  step 100/390: loss=0.397555
  step 200/390: loss=0.477528
  step 300/390: loss=0.438133
[pjrt_ffi] RESIDENT: @cifar8w_fwd holds 22 parameter tensors (1.4 MB) on 1 device; they stop crossing PCIe from here
Epoch 26/40: loss=0.502972 lr=0.001000
  epoch 26: test_acc = 7320/10000 = 73.200000%  top5 = 9756/10000 = 97.560000%  [95% CI 72.32–74.06]
  step 0/390: loss=0.396156
  step 1/390: loss=0.496621
  step 2/390: loss=0.454848
  step 100/390: loss=0.675036
  step 200/390: loss=0.659610
  step 300/390: loss=0.310663
[pjrt_ffi] RESIDENT: @cifar8w_fwd holds 22 parameter tensors (1.4 MB) on 1 device; they stop crossing PCIe from here
Epoch 27/40: loss=0.494356 lr=0.001000
  epoch 27: test_acc = 7296/10000 = 72.960000%  top5 = 9798/10000 = 97.980000%  [95% CI 72.08–73.82]
  step 0/390: loss=0.486977
  step 1/390: loss=0.435055
  step 2/390: loss=0.521220
  step 100/390: loss=0.379428
  step 200/390: loss=0.354956
  step 300/390: loss=0.610641
[pjrt_ffi] RESIDENT: @cifar8w_fwd holds 22 parameter tensors (1.4 MB) on 1 device; they stop crossing PCIe from here
Epoch 28/40: loss=0.472613 lr=0.001000
  epoch 28: test_acc = 7373/10000 = 73.730000%  top5 = 9776/10000 = 97.760000%  [95% CI 72.86–74.58]
  step 0/390: loss=0.486491
  step 1/390: loss=0.425066
  step 2/390: loss=0.572376
  step 100/390: loss=0.393206
  step 200/390: loss=0.405070
  step 300/390: loss=0.520299
[pjrt_ffi] RESIDENT: @cifar8w_fwd holds 22 parameter tensors (1.4 MB) on 1 device; they stop crossing PCIe from here
Epoch 29/40: loss=0.469245 lr=0.001000
  epoch 29: test_acc = 7284/10000 = 72.840000%  top5 = 9771/10000 = 97.710000%  [95% CI 71.96–73.70]
  step 0/390: loss=0.389807
  step 1/390: loss=0.472347
  step 2/390: loss=0.499080
  step 100/390: loss=0.348326
  step 200/390: loss=0.555675
  step 300/390: loss=0.479200
[pjrt_ffi] RESIDENT: @cifar8w_fwd holds 22 parameter tensors (1.4 MB) on 1 device; they stop crossing PCIe from here
Epoch 30/40: loss=0.450068 lr=0.001000
  epoch 30: test_acc = 7384/10000 = 73.840000%  top5 = 9798/10000 = 97.980000%  [95% CI 72.97–74.69]
  step 0/390: loss=0.385705
  step 1/390: loss=0.470871
  step 2/390: loss=0.342090
  step 100/390: loss=0.509023
  step 200/390: loss=0.464011
  step 300/390: loss=0.501619
[pjrt_ffi] RESIDENT: @cifar8w_fwd holds 22 parameter tensors (1.4 MB) on 1 device; they stop crossing PCIe from here
Epoch 31/40: loss=0.432541 lr=0.001000
  epoch 31: test_acc = 7271/10000 = 72.710000%  top5 = 9788/10000 = 97.880000%  [95% CI 71.83–73.57]
  step 0/390: loss=0.316499
  step 1/390: loss=0.349198
  step 2/390: loss=0.372257
  step 100/390: loss=0.335348
  step 200/390: loss=0.484192
  step 300/390: loss=0.346063
[pjrt_ffi] RESIDENT: @cifar8w_fwd holds 22 parameter tensors (1.4 MB) on 1 device; they stop crossing PCIe from here
Epoch 32/40: loss=0.434358 lr=0.001000
  epoch 32: test_acc = 7311/10000 = 73.110000%  top5 = 9798/10000 = 97.980000%  [95% CI 72.23–73.97]
  step 0/390: loss=0.426652
  step 1/390: loss=0.569776
  step 2/390: loss=0.515186
  step 100/390: loss=0.396263
  step 200/390: loss=0.410330
  step 300/390: loss=0.590680
[pjrt_ffi] RESIDENT: @cifar8w_fwd holds 22 parameter tensors (1.4 MB) on 1 device; they stop crossing PCIe from here
Epoch 33/40: loss=0.415838 lr=0.001000
  epoch 33: test_acc = 7352/10000 = 73.520000%  top5 = 9790/10000 = 97.900000%  [95% CI 72.65–74.38]
  step 0/390: loss=0.389385
  step 1/390: loss=0.313325
  step 2/390: loss=0.275760
  step 100/390: loss=0.403593
  step 200/390: loss=0.634652
  step 300/390: loss=0.471370
[pjrt_ffi] RESIDENT: @cifar8w_fwd holds 22 parameter tensors (1.4 MB) on 1 device; they stop crossing PCIe from here
Epoch 34/40: loss=0.413359 lr=0.001000
  epoch 34: test_acc = 7320/10000 = 73.200000%  top5 = 9803/10000 = 98.030000%  [95% CI 72.32–74.06]
  step 0/390: loss=0.319514
  step 1/390: loss=0.325853
  step 2/390: loss=0.427322
  step 100/390: loss=0.467539
  step 200/390: loss=0.311713
  step 300/390: loss=0.527245
[pjrt_ffi] RESIDENT: @cifar8w_fwd holds 22 parameter tensors (1.4 MB) on 1 device; they stop crossing PCIe from here
Epoch 35/40: loss=0.389236 lr=0.001000
  epoch 35: test_acc = 7178/10000 = 71.780000%  top5 = 9720/10000 = 97.200000%  [95% CI 70.89–72.65]
  step 0/390: loss=0.479226
  step 1/390: loss=0.334974
  step 2/390: loss=0.421098
  step 100/390: loss=0.331427
  step 200/390: loss=0.410827
  step 300/390: loss=0.350738
[pjrt_ffi] RESIDENT: @cifar8w_fwd holds 22 parameter tensors (1.4 MB) on 1 device; they stop crossing PCIe from here
Epoch 36/40: loss=0.382762 lr=0.001000
  epoch 36: test_acc = 7196/10000 = 71.960000%  top5 = 9763/10000 = 97.630000%  [95% CI 71.07–72.83]
  step 0/390: loss=0.338007
  step 1/390: loss=0.346318
  step 2/390: loss=0.546696
  step 100/390: loss=0.346471
  step 200/390: loss=0.377988
  step 300/390: loss=0.417617
[pjrt_ffi] RESIDENT: @cifar8w_fwd holds 22 parameter tensors (1.4 MB) on 1 device; they stop crossing PCIe from here
Epoch 37/40: loss=0.384184 lr=0.001000
  epoch 37: test_acc = 7347/10000 = 73.470000%  top5 = 9783/10000 = 97.830000%  [95% CI 72.60–74.33]
  step 0/390: loss=0.371748
  step 1/390: loss=0.505246
  step 2/390: loss=0.280007
  step 100/390: loss=0.482422
  step 200/390: loss=0.387133
  step 300/390: loss=0.367733
[pjrt_ffi] RESIDENT: @cifar8w_fwd holds 22 parameter tensors (1.4 MB) on 1 device; they stop crossing PCIe from here
Epoch 38/40: loss=0.369179 lr=0.001000
  epoch 38: test_acc = 7190/10000 = 71.900000%  top5 = 9755/10000 = 97.550000%  [95% CI 71.01–72.77]
  step 0/390: loss=0.334499
  step 1/390: loss=0.342414
  step 2/390: loss=0.422282
  step 100/390: loss=0.289219
  step 200/390: loss=0.414672
  step 300/390: loss=0.478441
[pjrt_ffi] RESIDENT: @cifar8w_fwd holds 22 parameter tensors (1.4 MB) on 1 device; they stop crossing PCIe from here
Epoch 39/40: loss=0.351109 lr=0.001000
  epoch 39: test_acc = 7221/10000 = 72.210000%  top5 = 9751/10000 = 97.510000%  [95% CI 71.32–73.08]
  step 0/390: loss=0.298095
  step 1/390: loss=0.330232
  step 2/390: loss=0.366139
  step 100/390: loss=0.338183
  step 200/390: loss=0.307046
  step 300/390: loss=0.389484
[pjrt_ffi] RESIDENT: @cifar8w_fwd holds 22 parameter tensors (1.4 MB) on 1 device; they stop crossing PCIe from here
Epoch 40/40: loss=0.357111 lr=0.001000
  epoch 40: test_acc = 7104/10000 = 71.040000%  top5 = 9726/10000 = 97.260000%  [95% CI 70.14–71.92]
done (trained CIFAR-CNN8-wide adam + constant lr via packed threading).
