1791165118.221547145	box=ares plugin=.venv/lib/python3.12/site-packages/jax_plugins/xla_cuda12/xla_cuda_plugin.so python=.venv/bin/python3
1791165119.808522941	[sup] 2026-10-05 01:51:59 START job=cnxb-default-emabf16-4gpu devs=0,1,2,3 epochs=300 rest_after=[none] temp_max=78 stall=3600s logs=runs/2026-10-05-cnxb-default-emabf16-4gpu
1791165119.810350577	[sup] 2026-10-05 01:51:59 cmd: .lake/build/bin/convnext-b-imagenet-verified data
1791165119.811765126	[sup] 2026-10-05 01:51:59 eta: bf16 ~253 h on 4x 4060 Ti (modelled from the 09-10 bf16 probes, pre-EMA, pre-64 rescope). ⚠ probe median + mean before launch; peak 9.53 GiB of the 11.68 default (compile probe 2026-09-29)
1791165119.813592842	[sup] 2026-10-05 01:51:59 ONCE — one foreground run, no restart policy
1791165120.485808002	I1005 01:52:00.484179  170014 service.cc:154] XLA service 0x74136c0517d0 initialized for platform CUDA (this does not guarantee that XLA will be used). Devices:
1791165120.487068762	I1005 01:52:00.484229  170014 service.cc:170]   StreamExecutor [0]: NVIDIA GeForce RTX 4060 Ti, Compute Capability 8.9 (Driver: 12.9.0[575.57.8]; Runtime: 12.9.0; Toolkit: 12.9.0; DNN: 9.23.2)
1791165120.488244883	I1005 01:52:00.484237  170014 service.cc:170]   StreamExecutor [1]: NVIDIA GeForce RTX 4060 Ti, Compute Capability 8.9 (Driver: 12.9.0[575.57.8]; Runtime: 12.9.0; Toolkit: 12.9.0; DNN: 9.23.2)
1791165120.489359969	I1005 01:52:00.484242  170014 service.cc:170]   StreamExecutor [2]: NVIDIA GeForce RTX 4060 Ti, Compute Capability 8.9 (Driver: 12.9.0[575.57.8]; Runtime: 12.9.0; Toolkit: 12.9.0; DNN: 9.23.2)
1791165120.490447413	I1005 01:52:00.484246  170014 service.cc:170]   StreamExecutor [3]: NVIDIA GeForce RTX 4060 Ti, Compute Capability 8.9 (Driver: 12.9.0[575.57.8]; Runtime: 12.9.0; Toolkit: 12.9.0; DNN: 9.23.2)
1791165120.491492047	I1005 01:52:00.487025  170014 se_gpu_pjrt_client.cc:1342] Using BFC allocator.
1791165120.492518587	I1005 01:52:00.487051  170014 gpu_helpers.cc:162] XLA backend allocating 11.68GiB (12543066112 bytes) on device 0 for BFCAllocator.
1791165120.493389965	I1005 01:52:00.487094  170014 gpu_helpers.cc:162] XLA backend allocating 11.68GiB (12543066112 bytes) on device 1 for BFCAllocator.
1791165120.494408590	I1005 01:52:00.487106  170014 gpu_helpers.cc:162] XLA backend allocating 11.68GiB (12543066112 bytes) on device 2 for BFCAllocator.
1791165120.495417868	I1005 01:52:00.487119  170014 gpu_helpers.cc:162] XLA backend allocating 11.68GiB (12543066112 bytes) on device 3 for BFCAllocator.
1791165120.498738260	I1005 01:52:00.497288  170014 cuda_dnn.cc:440] Loaded cuDNN version 92302
1791165120.505214355	[pjrt_ffi] XLA backend: PJRT 0.114, 4 device(s)
1791165120.506230816	[pjrt_ffi] command buffers: enabled (CUDA default)
1791165120.507450919	[pjrt_ffi] residency: on — parameters stay on the device between steps (default)
1791165132.896528882	I1005 01:52:12.893839  170092 subprocess_compilation.cc:349] ptxas warning : Registers are spilled to local memory in function 'gemm_fusion_dot_1', 8 bytes spill stores, 8 bytes spill loads
1791165132.898534824	
1791165133.204360563	I1005 01:52:13.202911  170072 subprocess_compilation.cc:349] ptxas warning : Registers are spilled to local memory in function 'gemm_fusion_dot_1', 132 bytes spill stores, 72 bytes spill loads
1791165133.205764864	
1791165136.012208877	E1005 01:52:16.010454  170069 cuda_timer.cc:88] Delay kernel timed out: measured time has sub-optimal accuracy. There may be a missing warmup execution, please investigate in Nsight Systems.
1791165137.101838443	I1005 01:52:17.100412  170086 subprocess_compilation.cc:349] ptxas warning : Registers are spilled to local memory in function 'gemm_fusion_dot', 120 bytes spill stores, 120 bytes spill loads
1791165137.103138587	
1791165137.474455372	I1005 01:52:17.472833  170069 subprocess_compilation.cc:349] ptxas warning : Registers are spilled to local memory in function 'gemm_fusion_dot', 10964 bytes spill stores, 10864 bytes spill loads
1791165137.475840597	
1791165143.548351603	I1005 01:52:23.547017  170072 subprocess_compilation.cc:349] ptxas warning : Registers are spilled to local memory in function 'fusion_857', 28 bytes spill stores, 28 bytes spill loads
1791165143.549450470	
1791165144.017617519	[pjrt_ffi] compiled verified_mlir/convnextbin_emadpwxclipdropbf16_train_step.mlir (@convnextbin_emadpwxclipdropbf16_train_step, 1417 outputs, 4 replicas) in 23506 ms
1791165145.521485150	E1005 01:52:25.519758  170079 cuda_timer.cc:88] Delay kernel timed out: measured time has sub-optimal accuracy. There may be a missing warmup execution, please investigate in Nsight Systems.
1791165146.187262067	E1005 01:52:26.185307  170092 cuda_timer.cc:88] Delay kernel timed out: measured time has sub-optimal accuracy. There may be a missing warmup execution, please investigate in Nsight Systems.
1791165146.517281003	E1005 01:52:26.515293  170071 cuda_timer.cc:88] Delay kernel timed out: measured time has sub-optimal accuracy. There may be a missing warmup execution, please investigate in Nsight Systems.
1791165147.150236904	[pjrt_ffi] compiled verified_mlir/convnextbin_fwd.mlir (@convnextbin_fwd, 1 outputs, 4 replicas, SHARDED — outputs gathered from every replica) in 3132 ms
1791165147.178493649	ConvNeXt-Base on full 1000-class ImageNet via the VERIFIED renderer → XLA/PJRT → GPU (ConvNeXt-S's [3,3,27,3] depth at [128,256,512,1024], 88.6M params)
1791165147.179678467	  xla/pjrt verified_mlir/convnextbin_emadpwxclipdropbf16_train_step.mlir
1791165147.180790418	  xla/pjrt verified_mlir/convnextbin_fwd.mlir  (eval, SHARDED over 4 replicas)
1791165147.181865400	  imagenet: val streams per pass (50,000 images at eval width 150528) — nothing is held
1791165147.182985456	  train 1281167, test 50000; bs 64, ConvNeXt-B (ImageNet-1k) emadpwxclipdropbf16 (cosine+warmup 20ep, baseLR 0.000250), He init
1791165147.184274460	  ▸ STOCHASTIC DEPTH: 36 drop sites, keeps #[1.000000, 0.986000, 0.971000, 0.957000, 0.943000, 0.929000, 0.914000, 0.900000, 0.886000, 0.871000, 0.857000, 0.843000, 0.829000, 0.814000, 0.800000, 0.786000, 0.771000, 0.757000, 0.743000, 0.729000, 0.714000, 0.700000, 0.686000, 0.671000, 0.657000, 0.643000, 0.629000, 0.614000, 0.600000, 0.586000, 0.571000, 0.557000, 0.543000, 0.529000, 0.514000, 0.500000] — host-drawn per step, 1/keep folded in, NOT on the resident path. Eval is the identity (drop-free forward).
1791165147.185217774	  ▸ EMA: region 3 of 4 [θ|m|v|ema], shadow starts AT the weights, decay min(0.999900, (1+t)/(10+t)) — TF warmup-corrected. EVAL AND CHECKPOINT SCORE THE SHADOW.
1791165147.186228956	  DATA-PARALLEL: 4 replicas x bs 64 = global batch 256, 5004 steps/epoch
1791165147.187307043	  EVAL SHARDED: 4 replicas x 64 = 256 test images per invoke, 196 invokes, last one 80 real + 176 pad
1791165149.040736144	WARNING: All log messages before absl::InitializeLog() is called are written to STDERR
1791165149.042435400	I0000 00:00:1791165149.038755  171650 cpu_feature_guard.cc:227] This TensorFlow binary is optimized to use available CPU instructions in performance-critical operations.
1791165149.044036230	To enable the following instructions: AVX2 FMA, in other operations, rebuild TensorFlow with the appropriate compiler flags.
1791165154.019376271	WARNING: All log messages before absl::InitializeLog() is called are written to STDERR
1791165154.020924242	I0000 00:00:1791165154.017990  171831 cpu_feature_guard.cc:227] This TensorFlow binary is optimized to use available CPU instructions in performance-critical operations.
1791165154.022236730	To enable the following instructions: AVX2 FMA, in other operations, rebuild TensorFlow with the appropriate compiler flags.
1791165154.346623412	I0000 00:00:1791165154.345231  171895 tf_record_dataset_op.cc:396] The default buffer size is 262144, which is overridden by the user specified `buffer_size` of 8388608
1791165160.196970095	WARNING: All log messages before absl::InitializeLog() is called are written to STDERR
1791165160.198046569	I0000 00:00:1791165160.195527  172149 cpu_feature_guard.cc:227] This TensorFlow binary is optimized to use available CPU instructions in performance-critical operations.
1791165160.199491577	To enable the following instructions: AVX2 FMA, in other operations, rebuild TensorFlow with the appropriate compiler flags.
1791165160.522009007	I0000 00:00:1791165160.520919  172216 tf_record_dataset_op.cc:396] The default buffer size is 262144, which is overridden by the user specified `buffer_size` of 8388608
1791165166.330935774	WARNING: All log messages before absl::InitializeLog() is called are written to STDERR
1791165166.332446796	I0000 00:00:1791165166.329536  172467 cpu_feature_guard.cc:227] This TensorFlow binary is optimized to use available CPU instructions in performance-critical operations.
1791165166.333617838	To enable the following instructions: AVX2 FMA, in other operations, rebuild TensorFlow with the appropriate compiler flags.
1791165166.655861818	I0000 00:00:1791165166.654567  172533 tf_record_dataset_op.cc:396] The default buffer size is 262144, which is overridden by the user specified `buffer_size` of 8388608
1791165173.684882105	I0000 00:00:1791165173.682162  172824 tf_record_dataset_op.cc:396] The default buffer size is 262144, which is overridden by the user specified `buffer_size` of 8388608
1791165176.472215613	[pjrt_ffi] RESIDENT: @convnextbin_emadpwxclipdropbf16_train_step holds 1376 parameter tensors (1351.8 MB) on 4 devices; they stop crossing PCIe from here
1791165177.370046180	I1005 01:52:57.368666  170049 cuda_dnn.cc:440] Loaded cuDNN version 92302
1791165177.371303666	I1005 01:52:57.368799  170055 cuda_dnn.cc:440] Loaded cuDNN version 92302
1791165177.372400609	I1005 01:52:57.368866  170052 cuda_dnn.cc:440] Loaded cuDNN version 92302
1791165180.086477932	  ▸ INIT: ConvNeXt _init_weights (σ=0.02 on every conv AND the head; biases 0, LN γ 1, LayerScale γ 1e-6)
1791165180.087884568	  ▸ MIXUP/CUTMIX: this net's recipe declares SHIM_MIX=both; ON (wire v2, soft float32 targets — the reference recipe). ⚠ λ is drawn from numpy's Generator, not jax.random — agreement with the reference is DISTRIBUTIONAL, never per-step.
1791165180.089167011	  imagenet shim: jax/.lake/build/generated_convnext_tiny_imagenet_shim.py — train split, batch 256, 150528 floats/img (seed 1), wire v4 soft targets [256x1000]
1791165180.090369402	  imagenet shim: jax/.lake/build/generated_convnext_tiny_imagenet_shim.py — train split, batch 256, 150528 floats/img (seed 2), wire v4 soft targets [256x1000]
1791165180.091444725	  imagenet shim: jax/.lake/build/generated_convnext_tiny_imagenet_shim.py — train split, batch 256, 150528 floats/img (seed 3), wire v4 soft targets [256x1000]
1791165180.092494449	  imagenet shim: jax/.lake/build/generated_convnext_tiny_imagenet_shim.py — train split, batch 256, 150528 floats/img (seed 4), wire v4 soft targets [256x1000]
1791165180.093533143	  imagenet shim: 4 sharded producers (round-robin over batches)
1791165180.094481277	  ▸ SHIM RESPAWN: one producer every 10 epoch(s), round-robin over 4 — no loader lives past 40 epochs.
1791165180.095735616	  ▸ SHIM PREFETCH: ON (depth 4 over 4 producer handle(s) — each step's read is issued before the previous step's invoke, one in flight PER HANDLE, so every producer drains during compute instead of blocking in write()). Measured 377 → 224 ms/step on R34/ImageNet 4×bs64 for depth 1. Batch buffers are allocated and freed on the main thread; the pool only fills them.
1791165180.096725498	  step 0/5004: loss=7.065854
1791165180.596710156	  step 1/5004: loss=7.117705
1791165181.107718822	  step 2/5004: loss=7.175698
1791165231.791041467	  step 100/5004: loss=7.092139
1791165283.723347456	  step 200/5004: loss=7.075536
1791165335.711252896	  step 300/5004: loss=6.998607
1791165387.593442030	  step 400/5004: loss=7.120501
1791165439.391826603	  step 500/5004: loss=7.101612
1791165491.291608054	  step 600/5004: loss=7.019893
1791165491.292992974	  PROBE: 518 ms/step (median of 400 steps 201..600, ConvNeXt-B (ImageNet-1k))
1791165491.294320767	  PROBE-SPREAD: min=507 med=518 p90=528 mean=518 ms/step (starvation wait = med-min = 11 ms)
